    Finished `test` profile [unoptimized + debuginfo] target(s) in 0.06s
     Running unittests src/lib.rs (target/debug/deps/intmax3_zkp-b772ecc932ff71d3)

running 1 test
generator: QuotientGeneratorExtension
generator: WireSplitGenerator
generator: WireSplitGenerator
generator: QuotientGeneratorExtension
generator: QuotientGeneratorExtension
generator: WireSplitGenerator
generator: QuotientGeneratorExtension
generator: QuotientGeneratorExtension
generator: WireSplitGenerator
generator: QuotientGeneratorExtension
generator: QuotientGeneratorExtension
generator: WireSplitGenerator
generator: QuotientGeneratorExtension
generator: QuotientGeneratorExtension
generator: WireSplitGenerator
generator: QuotientGeneratorExtension
generator: QuotientGeneratorExtension
generator: WireSplitGenerator
generator: QuotientGeneratorExtension
generator: QuotientGeneratorExtension
generator: WireSplitGenerator
generator: QuotientGeneratorExtension
generator: QuotientGeneratorExtension
generator: WireSplitGenerator
generator: QuotientGeneratorExtension
generator: QuotientGeneratorExtension
generator: WireSplitGenerator
generator: QuotientGeneratorExtension
generator: QuotientGeneratorExtension
generator: WireSplitGenerator
generator: QuotientGeneratorExtension
generator: QuotientGeneratorExtension
generator: WireSplitGenerator
generator: QuotientGeneratorExtension
generator: QuotientGeneratorExtension
generator: WireSplitGenerator
generator: QuotientGeneratorExtension
generator: QuotientGeneratorExtension
generator: WireSplitGenerator
generator: QuotientGeneratorExtension
generator: QuotientGeneratorExtension
generator: WireSplitGenerator
generator: QuotientGeneratorExtension
generator: QuotientGeneratorExtension
generator: WireSplitGenerator
generator: QuotientGeneratorExtension
generator: QuotientGeneratorExtension
generator: WireSplitGenerator
generator: QuotientGeneratorExtension
generator: QuotientGeneratorExtension
generator: WireSplitGenerator
generator: QuotientGeneratorExtension
generator: QuotientGeneratorExtension
generator: WireSplitGenerator
generator: QuotientGeneratorExtension
generator: QuotientGeneratorExtension
generator: WireSplitGenerator
generator: QuotientGeneratorExtension
generator: QuotientGeneratorExtension
generator: WireSplitGenerator
generator: QuotientGeneratorExtension
generator: QuotientGeneratorExtension
generator: WireSplitGenerator
generator: QuotientGeneratorExtension
generator: QuotientGeneratorExtension
generator: WireSplitGenerator
generator: QuotientGeneratorExtension
generator: QuotientGeneratorExtension
generator: WireSplitGenerator
generator: QuotientGeneratorExtension
generator: QuotientGeneratorExtension
generator: WireSplitGenerator
generator: QuotientGeneratorExtension
generator: QuotientGeneratorExtension
generator: WireSplitGenerator
generator: QuotientGeneratorExtension
generator: QuotientGeneratorExtension
generator: WireSplitGenerator
generator: QuotientGeneratorExtension
generator: QuotientGeneratorExtension
generator: WireSplitGenerator
generator: QuotientGeneratorExtension
generator: QuotientGeneratorExtension
generator: WireSplitGenerator
generator: QuotientGeneratorExtension
generator: QuotientGeneratorExtension
generator: QuotientGeneratorExtension
generator: WireSplitGenerator
generator: WireSplitGenerator
generator: QuotientGeneratorExtension
generator: QuotientGeneratorExtension
generator: WireSplitGenerator
generator: QuotientGeneratorExtension
generator: QuotientGeneratorExtension
generator: WireSplitGenerator
generator: QuotientGeneratorExtension
generator: QuotientGeneratorExtension
generator: WireSplitGenerator
generator: QuotientGeneratorExtension
generator: QuotientGeneratorExtension
generator: WireSplitGenerator
generator: QuotientGeneratorExtension
generator: QuotientGeneratorExtension
generator: WireSplitGenerator
generator: QuotientGeneratorExtension
generator: QuotientGeneratorExtension
generator: WireSplitGenerator
generator: QuotientGeneratorExtension
generator: QuotientGeneratorExtension
generator: WireSplitGenerator
generator: QuotientGeneratorExtension
generator: QuotientGeneratorExtension
generator: WireSplitGenerator
generator: QuotientGeneratorExtension
generator: QuotientGeneratorExtension
generator: WireSplitGenerator
generator: QuotientGeneratorExtension
generator: QuotientGeneratorExtension
generator: WireSplitGenerator
generator: QuotientGeneratorExtension
generator: QuotientGeneratorExtension
generator: WireSplitGenerator
generator: QuotientGeneratorExtension
generator: QuotientGeneratorExtension
generator: WireSplitGenerator
generator: QuotientGeneratorExtension
generator: QuotientGeneratorExtension
generator: WireSplitGenerator
generator: QuotientGeneratorExtension
generator: QuotientGeneratorExtension
generator: WireSplitGenerator
generator: QuotientGeneratorExtension
generator: QuotientGeneratorExtension
generator: WireSplitGenerator
generator: QuotientGeneratorExtension
generator: QuotientGeneratorExtension
generator: WireSplitGenerator
generator: QuotientGeneratorExtension
generator: QuotientGeneratorExtension
generator: WireSplitGenerator
generator: QuotientGeneratorExtension
generator: QuotientGeneratorExtension
generator: WireSplitGenerator
generator: QuotientGeneratorExtension
generator: QuotientGeneratorExtension
generator: WireSplitGenerator
generator: QuotientGeneratorExtension
generator: QuotientGeneratorExtension
generator: WireSplitGenerator
generator: QuotientGeneratorExtension
generator: QuotientGeneratorExtension
generator: WireSplitGenerator
generator: QuotientGeneratorExtension
generator: QuotientGeneratorExtension
generator: WireSplitGenerator
generator: QuotientGeneratorExtension
generator: QuotientGeneratorExtension
generator: WireSplitGenerator
generator: QuotientGeneratorExtension
generator: QuotientGeneratorExtension
generator: WireSplitGenerator
generator: QuotientGeneratorExtension
generator: QuotientGeneratorExtension
generator: WireSplitGenerator
generator: QuotientGeneratorExtension
generator: QuotientGeneratorExtension
generator: WireSplitGenerator
generator: QuotientGeneratorExtension
generator: QuotientGeneratorExtension
generator: WireSplitGenerator
generator: QuotientGeneratorExtension
generator: QuotientGeneratorExtension
generator: EqualityGenerator
generator: EqualityGenerator
generator: EqualityGenerator
generator: EqualityGenerator
generator: EqualityGenerator
generator: EqualityGenerator
generator: EqualityGenerator
generator: EqualityGenerator
generator: EqualityGenerator
generator: EqualityGenerator
generator: EqualityGenerator
generator: EqualityGenerator
generator: EqualityGenerator
generator: EqualityGenerator
generator: EqualityGenerator
generator: WireSplitGenerator
generator: EqualityGenerator
generator: EqualityGenerator
generator: EqualityGenerator
generator: EqualityGenerator
generator: EqualityGenerator
generator: EqualityGenerator
generator: EqualityGenerator
generator: EqualityGenerator
generator: EqualityGenerator
generator: EqualityGenerator
generator: EqualityGenerator
generator: EqualityGenerator
generator: EqualityGenerator
generator: EqualityGenerator
generator: EqualityGenerator
generator: WireSplitGenerator
generator: WireSplitGenerator
generator: WireSplitGenerator
generator: WireSplitGenerator
generator: WireSplitGenerator
generator: WireSplitGenerator
generator: WireSplitGenerator
generator: WireSplitGenerator
generator: WireSplitGenerator
generator: WireSplitGenerator
generator: WireSplitGenerator
generator: WireSplitGenerator
generator: WireSplitGenerator
generator: WireSplitGenerator
generator: WireSplitGenerator
generator: WireSplitGenerator
generator: WireSplitGenerator
generator: WireSplitGenerator
generator: WireSplitGenerator
generator: WireSplitGenerator
generator: WireSplitGenerator
generator: WireSplitGenerator
generator: WireSplitGenerator
generator: WireSplitGenerator
generator: WireSplitGenerator
generator: WireSplitGenerator
generator: WireSplitGenerator
generator: WireSplitGenerator
generator: WireSplitGenerator
generator: WireSplitGenerator
generator: WireSplitGenerator
generator: WireSplitGenerator
generator: WireSplitGenerator
generator: WireSplitGenerator
generator: WireSplitGenerator
generator: WireSplitGenerator
generator: WireSplitGenerator
generator: WireSplitGenerator
generator: QuotientGeneratorExtension
generator: WireSplitGenerator
generator: WireSplitGenerator
generator: QuotientGeneratorExtension
generator: QuotientGeneratorExtension
generator: WireSplitGenerator
generator: QuotientGeneratorExtension
generator: QuotientGeneratorExtension
generator: WireSplitGenerator
generator: QuotientGeneratorExtension
generator: QuotientGeneratorExtension
generator: WireSplitGenerator
generator: QuotientGeneratorExtension
generator: QuotientGeneratorExtension
generator: WireSplitGenerator
generator: QuotientGeneratorExtension
generator: QuotientGeneratorExtension
generator: WireSplitGenerator
generator: QuotientGeneratorExtension
generator: QuotientGeneratorExtension
generator: WireSplitGenerator
generator: QuotientGeneratorExtension
generator: QuotientGeneratorExtension
generator: WireSplitGenerator
generator: QuotientGeneratorExtension
generator: QuotientGeneratorExtension
generator: WireSplitGenerator
generator: QuotientGeneratorExtension
generator: QuotientGeneratorExtension
generator: WireSplitGenerator
generator: QuotientGeneratorExtension
generator: QuotientGeneratorExtension
generator: WireSplitGenerator
generator: QuotientGeneratorExtension
generator: QuotientGeneratorExtension
generator: WireSplitGenerator
generator: QuotientGeneratorExtension
generator: QuotientGeneratorExtension
generator: WireSplitGenerator
generator: QuotientGeneratorExtension
generator: QuotientGeneratorExtension
generator: WireSplitGenerator
generator: QuotientGeneratorExtension
generator: QuotientGeneratorExtension
generator: WireSplitGenerator
generator: QuotientGeneratorExtension
generator: QuotientGeneratorExtension
generator: WireSplitGenerator
generator: QuotientGeneratorExtension
generator: QuotientGeneratorExtension
generator: WireSplitGenerator
generator: QuotientGeneratorExtension
generator: QuotientGeneratorExtension
generator: WireSplitGenerator
generator: QuotientGeneratorExtension
generator: QuotientGeneratorExtension
generator: WireSplitGenerator
generator: QuotientGeneratorExtension
generator: QuotientGeneratorExtension
generator: WireSplitGenerator
generator: QuotientGeneratorExtension
generator: QuotientGeneratorExtension
generator: WireSplitGenerator
generator: QuotientGeneratorExtension
generator: QuotientGeneratorExtension
generator: WireSplitGenerator
generator: QuotientGeneratorExtension
generator: QuotientGeneratorExtension
generator: WireSplitGenerator
generator: QuotientGeneratorExtension
generator: QuotientGeneratorExtension
generator: WireSplitGenerator
generator: QuotientGeneratorExtension
generator: QuotientGeneratorExtension
generator: WireSplitGenerator
generator: QuotientGeneratorExtension
generator: QuotientGeneratorExtension
generator: WireSplitGenerator
generator: QuotientGeneratorExtension
generator: QuotientGeneratorExtension
generator: WireSplitGenerator
generator: QuotientGeneratorExtension
generator: QuotientGeneratorExtension
generator: WireSplitGenerator
generator: QuotientGeneratorExtension
generator: QuotientGeneratorExtension
generator: LowHighGenerator
generator: WireSplitGenerator
generator: WireSplitGenerator
generator: WireSplitGenerator
generator: WireSplitGenerator
generator: WireSplitGenerator
generator: WireSplitGenerator
generator: WireSplitGenerator
generator: WireSplitGenerator
generator: WireSplitGenerator
generator: WireSplitGenerator
generator: WireSplitGenerator
generator: WireSplitGenerator
generator: WireSplitGenerator
generator: WireSplitGenerator
generator: WireSplitGenerator
generator: WireSplitGenerator
generator: WireSplitGenerator
generator: WireSplitGenerator
generator: WireSplitGenerator
generator: WireSplitGenerator
generator: WireSplitGenerator
generator: WireSplitGenerator
generator: WireSplitGenerator
generator: WireSplitGenerator
generator: WireSplitGenerator
generator: WireSplitGenerator
generator: WireSplitGenerator
generator: WireSplitGenerator
generator: WireSplitGenerator
generator: WireSplitGenerator
generator: WireSplitGenerator
generator: WireSplitGenerator
generator: WireSplitGenerator
generator: WireSplitGenerator
generator: WireSplitGenerator
generator: WireSplitGenerator
generator: WireSplitGenerator
generator: WireSplitGenerator
generator: WireSplitGenerator
generator: WireSplitGenerator
generator: WireSplitGenerator
generator: WireSplitGenerator
generator: WireSplitGenerator
generator: WireSplitGenerator
generator: WireSplitGenerator
generator: WireSplitGenerator
generator: WireSplitGenerator
generator: WireSplitGenerator
generator: WireSplitGenerator
generator: WireSplitGenerator
generator: WireSplitGenerator
generator: WireSplitGenerator
generator: WireSplitGenerator
generator: WireSplitGenerator
generator: WireSplitGenerator
generator: WireSplitGenerator
generator: WireSplitGenerator
generator: WireSplitGenerator
generator: WireSplitGenerator
generator: WireSplitGenerator
generator: WireSplitGenerator
generator: WireSplitGenerator
generator: WireSplitGenerator
generator: WireSplitGenerator
generator: WireSplitGenerator
generator: WireSplitGenerator
generator: WireSplitGenerator
generator: WireSplitGenerator
generator: WireSplitGenerator
generator: WireSplitGenerator
generator: EqualityGenerator
generator: EqualityGenerator
generator: EqualityGenerator
generator: EqualityGenerator
generator: EqualityGenerator
generator: EqualityGenerator
generator: EqualityGenerator
generator: EqualityGenerator
generator: EqualityGenerator
generator: EqualityGenerator
generator: EqualityGenerator
generator: EqualityGenerator
generator: EqualityGenerator
generator: EqualityGenerator
generator: EqualityGenerator
generator: EqualityGenerator
generator: EqualityGenerator
generator: EqualityGenerator
generator: EqualityGenerator
generator: EqualityGenerator
generator: EqualityGenerator
generator: EqualityGenerator
generator: EqualityGenerator
generator: EqualityGenerator
generator: WireSplitGenerator
generator: WireSplitGenerator
generator: WireSplitGenerator
generator: WireSplitGenerator
generator: WireSplitGenerator
generator: WireSplitGenerator
generator: LowHighGenerator
generator: WireSplitGenerator
generator: WireSplitGenerator
generator: EqualityGenerator
generator: LowHighGenerator
generator: WireSplitGenerator
generator: WireSplitGenerator
generator: EqualityGenerator
generator: LowHighGenerator
generator: WireSplitGenerator
generator: WireSplitGenerator
generator: EqualityGenerator
generator: LowHighGenerator
generator: WireSplitGenerator
generator: WireSplitGenerator
generator: EqualityGenerator
generator: WireSplitGenerator
generator: WireSplitGenerator
generator: WireSplitGenerator
generator: WireSplitGenerator
generator: WireSplitGenerator
generator: WireSplitGenerator
generator: WireSplitGenerator
generator: WireSplitGenerator
generator: WireSplitGenerator
generator: WireSplitGenerator
generator: WireSplitGenerator
generator: WireSplitGenerator
generator: WireSplitGenerator
generator: WireSplitGenerator
generator: WireSplitGenerator
generator: WireSplitGenerator
generator: WireSplitGenerator
generator: WireSplitGenerator
generator: WireSplitGenerator
generator: WireSplitGenerator
generator: WireSplitGenerator
generator: WireSplitGenerator
generator: WireSplitGenerator
generator: WireSplitGenerator
generator: WireSplitGenerator
generator: WireSplitGenerator
generator: WireSplitGenerator
generator: WireSplitGenerator
generator: WireSplitGenerator
generator: WireSplitGenerator
generator: WireSplitGenerator
generator: WireSplitGenerator
generator: WireSplitGenerator
generator: WireSplitGenerator
generator: WireSplitGenerator
generator: WireSplitGenerator
generator: WireSplitGenerator
generator: WireSplitGenerator
generator: WireSplitGenerator
generator: WireSplitGenerator
generator: WireSplitGenerator
generator: WireSplitGenerator
generator: EqualityGenerator
generator: WireSplitGenerator
generator: WireSplitGenerator
generator: WireSplitGenerator
generator: LowHighGenerator
generator: WireSplitGenerator
generator: WireSplitGenerator
generator: EqualityGenerator
generator: LowHighGenerator
generator: WireSplitGenerator
generator: WireSplitGenerator
generator: EqualityGenerator
generator: LowHighGenerator
generator: WireSplitGenerator
generator: WireSplitGenerator
generator: EqualityGenerator
generator: LowHighGenerator
generator: WireSplitGenerator
generator: WireSplitGenerator
generator: EqualityGenerator
generator: RandomValueGenerator
generator: RandomValueGenerator
generator: RandomValueGenerator
generator: RandomValueGenerator
generator: RandomValueGenerator
generator: RandomValueGenerator
generator: RandomValueGenerator
generator: RandomValueGenerator
generator: RandomValueGenerator
generator: RandomValueGenerator
generator: RandomValueGenerator
generator: RandomValueGenerator
generator: RandomValueGenerator
generator: RandomValueGenerator
generator: RandomValueGenerator
generator: RandomValueGenerator
generator: RandomValueGenerator
generator: RandomValueGenerator
generator: RandomValueGenerator
generator: RandomValueGenerator
generator: RandomValueGenerator
generator: RandomValueGenerator
generator: RandomValueGenerator
generator: RandomValueGenerator
generator: RandomValueGenerator
generator: RandomValueGenerator
generator: RandomValueGenerator
generator: RandomValueGenerator
generator: RandomValueGenerator
generator: RandomValueGenerator
generator: RandomValueGenerator
generator: RandomValueGenerator
generator: RandomValueGenerator
generator: RandomValueGenerator
generator: RandomValueGenerator
generator: RandomValueGenerator
generator: RandomValueGenerator
generator: RandomValueGenerator
generator: RandomValueGenerator
generator: RandomValueGenerator
generator: RandomValueGenerator
generator: RandomValueGenerator
generator: RandomValueGenerator
generator: RandomValueGenerator
generator: RandomValueGenerator
generator: RandomValueGenerator
generator: RandomValueGenerator
generator: RandomValueGenerator
generator: RandomValueGenerator
generator: RandomValueGenerator
generator: RandomValueGenerator
generator: RandomValueGenerator
generator: RandomValueGenerator
generator: RandomValueGenerator
generator: RandomValueGenerator
generator: RandomValueGenerator
generator: RandomValueGenerator
generator: RandomValueGenerator
generator: RandomValueGenerator
generator: RandomValueGenerator
generator: RandomValueGenerator
generator: RandomValueGenerator
generator: RandomValueGenerator
generator: RandomValueGenerator
generator: RandomValueGenerator
generator: RandomValueGenerator
generator: RandomValueGenerator
generator: RandomValueGenerator
generator: RandomValueGenerator
generator: RandomValueGenerator
generator: RandomValueGenerator
generator: RandomValueGenerator
generator: RandomValueGenerator
generator: RandomValueGenerator
generator: RandomValueGenerator
generator: RandomValueGenerator
generator: RandomValueGenerator
generator: RandomValueGenerator
generator: RandomValueGenerator
generator: RandomValueGenerator
generator: RandomValueGenerator
generator: RandomValueGenerator
generator: RandomValueGenerator
generator: RandomValueGenerator
generator: RandomValueGenerator
generator: RandomValueGenerator
generator: RandomValueGenerator
generator: RandomValueGenerator
generator: RandomValueGenerator
generator: RandomValueGenerator
generator: RandomValueGenerator
generator: RandomValueGenerator
generator: RandomValueGenerator
generator: RandomValueGenerator
generator: RandomValueGenerator
generator: RandomValueGenerator
generator: RandomValueGenerator
generator: RandomValueGenerator
generator: RandomValueGenerator
generator: RandomValueGenerator
generator: RandomValueGenerator
generator: RandomValueGenerator
generator: RandomValueGenerator
generator: RandomValueGenerator
generator: RandomValueGenerator
generator: RandomValueGenerator
generator: RandomValueGenerator
generator: RandomValueGenerator
generator: RandomValueGenerator
generator: RandomValueGenerator
generator: RandomValueGenerator
generator: RandomValueGenerator
generator: RandomValueGenerator
generator: RandomValueGenerator
generator: RandomValueGenerator
generator: RandomValueGenerator
generator: RandomValueGenerator
generator: RandomValueGenerator
generator: RandomValueGenerator
generator: RandomValueGenerator
generator: RandomValueGenerator
generator: RandomValueGenerator
generator: RandomValueGenerator
generator: RandomValueGenerator
generator: RandomValueGenerator
generator: RandomValueGenerator
generator: RandomValueGenerator
generator: RandomValueGenerator
generator: RandomValueGenerator
generator: RandomValueGenerator
generator: RandomValueGenerator
generator: ConstantGenerator
generator: ConstantGenerator
generator: ConstantGenerator
generator: ConstantGenerator
generator: ConstantGenerator
generator: ConstantGenerator
generator: ConstantGenerator
generator: ConstantGenerator
generator: ConstantGenerator
generator: ConstantGenerator
generator: ConstantGenerator
generator: ConstantGenerator
generator: ConstantGenerator
generator: ConstantGenerator
generator: ConstantGenerator
generator: ConstantGenerator
generator: ConstantGenerator
generator: ConstantGenerator
generator: ConstantGenerator
generator: ConstantGenerator
generator: ConstantGenerator
generator: ConstantGenerator
generator: ConstantGenerator
generator: ConstantGenerator
generator: ConstantGenerator
generator: ConstantGenerator
generator: ConstantGenerator
generator: ConstantGenerator
generator: ConstantGenerator
generator: ConstantGenerator
generator: ConstantGenerator
generator: ConstantGenerator
generator: ConstantGenerator
generator: ConstantGenerator
generator: ConstantGenerator
generator: ConstantGenerator
generator: ConstantGenerator
generator: ConstantGenerator
generator: ConstantGenerator
generator: ConstantGenerator
generator: ConstantGenerator
generator: ConstantGenerator
generator: ConstantGenerator
generator: ConstantGenerator
generator: ConstantGenerator
generator: ConstantGenerator
generator: ConstantGenerator
generator: ConstantGenerator
generator: ConstantGenerator
generator: ConstantGenerator
generator: ConstantGenerator
generator: ConstantGenerator
generator: ConstantGenerator
generator: ConstantGenerator
generator: ConstantGenerator
generator: ConstantGenerator
generator: ConstantGenerator
generator: ConstantGenerator
generator: ConstantGenerator
generator: ConstantGenerator
generator: ConstantGenerator
generator: ConstantGenerator
generator: ConstantGenerator
generator: ConstantGenerator
generator: ConstantGenerator
generator: ConstantGenerator
generator: ConstantGenerator
generator: ConstantGenerator
generator: ConstantGenerator
generator: ConstantGenerator
generator: ConstantGenerator
generator: ConstantGenerator
generator: ConstantGenerator
generator: ConstantGenerator
generator: ConstantGenerator
generator: ConstantGenerator
generator: ConstantGenerator
generator: ConstantGenerator
generator: ConstantGenerator
generator: ConstantGenerator
generator: ConstantGenerator
generator: ConstantGenerator
generator: ConstantGenerator
generator: ConstantGenerator
generator: ConstantGenerator
generator: ConstantGenerator
generator: ConstantGenerator
generator: ConstantGenerator
generator: ConstantGenerator
generator: ConstantGenerator
generator: ConstantGenerator
generator: ConstantGenerator
generator: ConstantGenerator
generator: ConstantGenerator
generator: ConstantGenerator
generator: ConstantGenerator
generator: ConstantGenerator
generator: ConstantGenerator
generator: ConstantGenerator
generator: ConstantGenerator
generator: ConstantGenerator
generator: ConstantGenerator
generator: ConstantGenerator
generator: ConstantGenerator
generator: ConstantGenerator
generator: ConstantGenerator
generator: ConstantGenerator
generator: ConstantGenerator
generator: ConstantGenerator
generator: ConstantGenerator
generator: ConstantGenerator
generator: ConstantGenerator
generator: ConstantGenerator
generator: ConstantGenerator
generator: ConstantGenerator
generator: ConstantGenerator
generator: ConstantGenerator
generator: ConstantGenerator
generator: ConstantGenerator
generator: ConstantGenerator
generator: ConstantGenerator
generator: ConstantGenerator
generator: ConstantGenerator
generator: ConstantGenerator
generator: ConstantGenerator
generator: ConstantGenerator
generator: ConstantGenerator
generator: ConstantGenerator
generator: ConstantGenerator
generator: ConstantGenerator
generator: ConstantGenerator
generator: ConstantGenerator
generator: ConstantGenerator
generator: ConstantGenerator
generator: ConstantGenerator
generator: ConstantGenerator
generator: ConstantGenerator
generator: ConstantGenerator
generator: ConstantGenerator
generator: ConstantGenerator
generator: ConstantGenerator
generator: ConstantGenerator
generator: ConstantGenerator
generator: ConstantGenerator
generator: ConstantGenerator
generator: ConstantGenerator
generator: ConstantGenerator
generator: ConstantGenerator
generator: ConstantGenerator
generator: ConstantGenerator
generator: ConstantGenerator
generator: ConstantGenerator
generator: ConstantGenerator
generator: ConstantGenerator
generator: ConstantGenerator
generator: ConstantGenerator
generator: ConstantGenerator
generator: ConstantGenerator
generator: ConstantGenerator
generator: ConstantGenerator
generator: ConstantGenerator
generator: ConstantGenerator
generator: ConstantGenerator
generator: ConstantGenerator
generator: ConstantGenerator
generator: ConstantGenerator
generator: ConstantGenerator
generator: ConstantGenerator
generator: ConstantGenerator
generator: ConstantGenerator
generator: ConstantGenerator
generator: ConstantGenerator
generator: ConstantGenerator
generator: ConstantGenerator
generator: ConstantGenerator
generator: ConstantGenerator
generator: ConstantGenerator
generator: ConstantGenerator
generator: ConstantGenerator
generator: ConstantGenerator
generator: ConstantGenerator
generator: ConstantGenerator
generator: ConstantGenerator
generator: ConstantGenerator
generator: ConstantGenerator
generator: ConstantGenerator
generator: ConstantGenerator
generator: ConstantGenerator
generator: ConstantGenerator
generator: ConstantGenerator
generator: ConstantGenerator
generator: ConstantGenerator
generator: ConstantGenerator
generator: ConstantGenerator
generator: ConstantGenerator
generator: ConstantGenerator
generator: ConstantGenerator
generator: ConstantGenerator
generator: ConstantGenerator
generator: ConstantGenerator
generator: ConstantGenerator
generator: ConstantGenerator
generator: ConstantGenerator
generator: ConstantGenerator
generator: ConstantGenerator
generator: ConstantGenerator
generator: ConstantGenerator
generator: ConstantGenerator
generator: ConstantGenerator
generator: ConstantGenerator
generator: ConstantGenerator
generator: ConstantGenerator
generator: ConstantGenerator
generator: ConstantGenerator
generator: ConstantGenerator
generator: ConstantGenerator
generator: ConstantGenerator
generator: ConstantGenerator
generator: ConstantGenerator
generator: ConstantGenerator
generator: ConstantGenerator
generator: ConstantGenerator
generator: ConstantGenerator
generator: ConstantGenerator
generator: ConstantGenerator
generator: ConstantGenerator
generator: ConstantGenerator
generator: ConstantGenerator
generator: ConstantGenerator
generator: ConstantGenerator
generator: ConstantGenerator
generator: ConstantGenerator
generator: ConstantGenerator
generator: ConstantGenerator
generator: ConstantGenerator
generator: ConstantGenerator
generator: ConstantGenerator
generator: ConstantGenerator
generator: ConstantGenerator
generator: ConstantGenerator
generator: ConstantGenerator
generator: ConstantGenerator
generator: ConstantGenerator
generator: ConstantGenerator
generator: ConstantGenerator
generator: ConstantGenerator
generator: ConstantGenerator
generator: ConstantGenerator
generator: ConstantGenerator
generator: ConstantGenerator
generator: ConstantGenerator
generator: ConstantGenerator
generator: ConstantGenerator
generator: ConstantGenerator
generator: ConstantGenerator
generator: ConstantGenerator
generator: ConstantGenerator
generator: ConstantGenerator
generator: ConstantGenerator
generator: ConstantGenerator
generator: ConstantGenerator
generator: ConstantGenerator
generator: ConstantGenerator
generator: ConstantGenerator
generator: ConstantGenerator
generator: ConstantGenerator
generator: ConstantGenerator
generator: ConstantGenerator
generator: ConstantGenerator
generator: ConstantGenerator
generator: ConstantGenerator
generator: ConstantGenerator
generator: ConstantGenerator
generator: ConstantGenerator
generator: ConstantGenerator
generator: ConstantGenerator
generator: ConstantGenerator
generator: ConstantGenerator
generator: ConstantGenerator
generator: ConstantGenerator
generator: ConstantGenerator
generator: ConstantGenerator
generator: ConstantGenerator
generator: ConstantGenerator
generator: ConstantGenerator
generator: ConstantGenerator
generator: ConstantGenerator
generator: ConstantGenerator
generator: ConstantGenerator
generator: ConstantGenerator
generator: ConstantGenerator
generator: ConstantGenerator
generator: ConstantGenerator
generator: ConstantGenerator
generator: ConstantGenerator
generator: ConstantGenerator
generator: ConstantGenerator
generator: ConstantGenerator
generator: ConstantGenerator
generator: ConstantGenerator
generator: ConstantGenerator
generator: ConstantGenerator
generator: ConstantGenerator
generator: ConstantGenerator
generator: ConstantGenerator
generator: ConstantGenerator
generator: ConstantGenerator
generator: ConstantGenerator
generator: ConstantGenerator
generator: ConstantGenerator
generator: ConstantGenerator
generator: ConstantGenerator
generator: ConstantGenerator
generator: ConstantGenerator
generator: ConstantGenerator
generator: ConstantGenerator
generator: ConstantGenerator
generator: ConstantGenerator
generator: ConstantGenerator
generator: ConstantGenerator
generator: ConstantGenerator
generator: ConstantGenerator
generator: ConstantGenerator
generator: ConstantGenerator
generator: ConstantGenerator
generator: ConstantGenerator
generator: ConstantGenerator
generator: ConstantGenerator
generator: ConstantGenerator
generator: ConstantGenerator
generator: ConstantGenerator
generator: ConstantGenerator
generator: ConstantGenerator
generator: ConstantGenerator
generator: ConstantGenerator
generator: ConstantGenerator
generator: ConstantGenerator
generator: ConstantGenerator
generator: ConstantGenerator
generator: ConstantGenerator
generator: ConstantGenerator
generator: ConstantGenerator
generator: ConstantGenerator
generator: ConstantGenerator
generator: ConstantGenerator
generator: ConstantGenerator
generator: ConstantGenerator
generator: ConstantGenerator
generator: ConstantGenerator
generator: ConstantGenerator
generator: ConstantGenerator
generator: ConstantGenerator
generator: ConstantGenerator
generator: ConstantGenerator
generator: ConstantGenerator
generator: ConstantGenerator
generator: ConstantGenerator
generator: ConstantGenerator
generator: ConstantGenerator
generator: ConstantGenerator
generator: ConstantGenerator
generator: ConstantGenerator
generator: ConstantGenerator
generator: ConstantGenerator
generator: ConstantGenerator
generator: ConstantGenerator
generator: ConstantGenerator
generator: ConstantGenerator
generator: ConstantGenerator
generator: ConstantGenerator
generator: ConstantGenerator
generator: ConstantGenerator
generator: ConstantGenerator
generator: ConstantGenerator
generator: ConstantGenerator
generator: ConstantGenerator
generator: ConstantGenerator
generator: ConstantGenerator
generator: ConstantGenerator
generator: ConstantGenerator
generator: ConstantGenerator
generator: ConstantGenerator
generator: ConstantGenerator
generator: ConstantGenerator
generator: ConstantGenerator
generator: ConstantGenerator
generator: ConstantGenerator
generator: ConstantGenerator
generator: ConstantGenerator
generator: ConstantGenerator
generator: ConstantGenerator
generator: ConstantGenerator
generator: ConstantGenerator
generator: ConstantGenerator
generator: ConstantGenerator
generator: ConstantGenerator
generator: ConstantGenerator
generator: ConstantGenerator
generator: ConstantGenerator
generator: ConstantGenerator
generator: ConstantGenerator
generator: ConstantGenerator
generator: ConstantGenerator
generator: ConstantGenerator
generator: ConstantGenerator
generator: ConstantGenerator
generator: ConstantGenerator
generator: ConstantGenerator
generator: ConstantGenerator
generator: ConstantGenerator
generator: ConstantGenerator
generator: ConstantGenerator
generator: ConstantGenerator
generator: ConstantGenerator
generator: ConstantGenerator
generator: ConstantGenerator
generator: ConstantGenerator
generator: ConstantGenerator
generator: ConstantGenerator
generator: ConstantGenerator
generator: ConstantGenerator
generator: ConstantGenerator
generator: ConstantGenerator
generator: ConstantGenerator
generator: ConstantGenerator
generator: ConstantGenerator
generator: ConstantGenerator
generator: ConstantGenerator
generator: ConstantGenerator
generator: ConstantGenerator
generator: ConstantGenerator
generator: ConstantGenerator
generator: ConstantGenerator
generator: ConstantGenerator
generator: ConstantGenerator
generator: ConstantGenerator
generator: ConstantGenerator
generator: ConstantGenerator
generator: ConstantGenerator
generator: ConstantGenerator
generator: ConstantGenerator
generator: ConstantGenerator
generator: ConstantGenerator
generator: ConstantGenerator
generator: ConstantGenerator
generator: ConstantGenerator
generator: ConstantGenerator
generator: ConstantGenerator
generator: ConstantGenerator
generator: ConstantGenerator
generator: ConstantGenerator
generator: ConstantGenerator
generator: ConstantGenerator
generator: ConstantGenerator
generator: ConstantGenerator
generator: ConstantGenerator
generator: ConstantGenerator
generator: ConstantGenerator
generator: ConstantGenerator
generator: ConstantGenerator
generator: ConstantGenerator
generator: ConstantGenerator
generator: ConstantGenerator
generator: ConstantGenerator
generator: ConstantGenerator
generator: ConstantGenerator
generator: ConstantGenerator
generator: ConstantGenerator
generator: ConstantGenerator
generator: ConstantGenerator
generator: ConstantGenerator
generator: ConstantGenerator
generator: ConstantGenerator
generator: ConstantGenerator
generator: ConstantGenerator
generator: ConstantGenerator
generator: ConstantGenerator
generator: ConstantGenerator
generator: ConstantGenerator
generator: ConstantGenerator
generator: ConstantGenerator
generator: ConstantGenerator
generator: ConstantGenerator
generator: ConstantGenerator
generator: ConstantGenerator
generator: ConstantGenerator
generator: ConstantGenerator
generator: ConstantGenerator
generator: ConstantGenerator
generator: ConstantGenerator
generator: ConstantGenerator
generator: ConstantGenerator
generator: ConstantGenerator
generator: ConstantGenerator
generator: ConstantGenerator
generator: ConstantGenerator
generator: ConstantGenerator
generator: ConstantGenerator
generator: ConstantGenerator
generator: ConstantGenerator
generator: ConstantGenerator
generator: ConstantGenerator
generator: ConstantGenerator
generator: ConstantGenerator
generator: ConstantGenerator
generator: ConstantGenerator
generator: ConstantGenerator
generator: ConstantGenerator
generator: ConstantGenerator
generator: ConstantGenerator
generator: ConstantGenerator
generator: ConstantGenerator
generator: ConstantGenerator
generator: ConstantGenerator
generator: ConstantGenerator
generator: ConstantGenerator
generator: ConstantGenerator
generator: ConstantGenerator
generator: ConstantGenerator
generator: ConstantGenerator
generator: ConstantGenerator
generator: ConstantGenerator
generator: ConstantGenerator
generator: ConstantGenerator
generator: ConstantGenerator
generator: ConstantGenerator
generator: ConstantGenerator
generator: ConstantGenerator
generator: ConstantGenerator
generator: ConstantGenerator
generator: ConstantGenerator
generator: ConstantGenerator
generator: ConstantGenerator
generator: ConstantGenerator
generator: ConstantGenerator
generator: ConstantGenerator
generator: ConstantGenerator
generator: ConstantGenerator
generator: ConstantGenerator
generator: ConstantGenerator
generator: ConstantGenerator
generator: ConstantGenerator
generator: ConstantGenerator
generator: ConstantGenerator
generator: ConstantGenerator
generator: ConstantGenerator
generator: ConstantGenerator
generator: ConstantGenerator
generator: ConstantGenerator
generator: ConstantGenerator
generator: ConstantGenerator
generator: ConstantGenerator
generator: ConstantGenerator
generator: ConstantGenerator
generator: ConstantGenerator
generator: ConstantGenerator
generator: ConstantGenerator
generator: ConstantGenerator
generator: ConstantGenerator
generator: ConstantGenerator
generator: ConstantGenerator
generator: ConstantGenerator
generator: ConstantGenerator
generator: ConstantGenerator
generator: ConstantGenerator
generator: ConstantGenerator
generator: ConstantGenerator
generator: ConstantGenerator
generator: ConstantGenerator
generator: PoseidonGenerator
generator: PoseidonGenerator
generator: PoseidonGenerator
generator: PoseidonGenerator
generator: PoseidonGenerator
generator: PoseidonGenerator
generator: PoseidonGenerator
generator: PoseidonGenerator
generator: PoseidonGenerator
generator: PoseidonGenerator
generator: PoseidonGenerator
generator: PoseidonGenerator
generator: PoseidonGenerator
generator: PoseidonGenerator
generator: PoseidonGenerator
generator: PoseidonGenerator
generator: PoseidonGenerator
generator: PoseidonGenerator
generator: PoseidonGenerator
generator: PoseidonGenerator
generator: PoseidonGenerator
generator: PoseidonGenerator
generator: PoseidonGenerator
generator: PoseidonGenerator
generator: PoseidonGenerator
generator: PoseidonGenerator
generator: PoseidonGenerator
generator: PoseidonGenerator
generator: PoseidonGenerator
generator: PoseidonGenerator
generator: PoseidonGenerator
generator: PoseidonGenerator
generator: PoseidonGenerator
generator: PoseidonGenerator
generator: PoseidonGenerator
generator: PoseidonGenerator
generator: PoseidonGenerator
generator: PoseidonGenerator
generator: PoseidonGenerator
generator: PoseidonGenerator
generator: PoseidonGenerator
generator: PoseidonGenerator
generator: PoseidonGenerator
generator: PoseidonGenerator
generator: PoseidonGenerator
generator: PoseidonGenerator
generator: PoseidonGenerator
generator: PoseidonGenerator
generator: PoseidonGenerator
generator: PoseidonGenerator
generator: PoseidonGenerator
generator: PoseidonGenerator
generator: PoseidonGenerator
generator: PoseidonGenerator
generator: PoseidonGenerator
generator: PoseidonGenerator
generator: PoseidonGenerator
generator: PoseidonGenerator
generator: PoseidonGenerator
generator: PoseidonGenerator
generator: PoseidonGenerator
generator: PoseidonGenerator
generator: PoseidonGenerator
generator: PoseidonGenerator
generator: PoseidonGenerator
generator: PoseidonGenerator
generator: PoseidonGenerator
generator: PoseidonGenerator
generator: PoseidonGenerator
generator: PoseidonGenerator
generator: PoseidonGenerator
generator: PoseidonGenerator
generator: PoseidonGenerator
generator: PoseidonGenerator
generator: PoseidonGenerator
generator: PoseidonGenerator
generator: PoseidonGenerator
generator: PoseidonGenerator
generator: PoseidonGenerator
generator: PoseidonGenerator
generator: PoseidonGenerator
generator: PoseidonGenerator
generator: PoseidonGenerator
generator: PoseidonGenerator
generator: PoseidonGenerator
generator: PoseidonGenerator
generator: PoseidonGenerator
generator: PoseidonGenerator
generator: PoseidonGenerator
generator: PoseidonGenerator
generator: PoseidonGenerator
generator: PoseidonGenerator
generator: PoseidonGenerator
generator: PoseidonGenerator
generator: PoseidonGenerator
generator: PoseidonGenerator
generator: PoseidonGenerator
generator: PoseidonGenerator
generator: PoseidonGenerator
generator: PoseidonGenerator
generator: PoseidonGenerator
generator: PoseidonGenerator
generator: PoseidonGenerator
generator: PoseidonGenerator
generator: PoseidonGenerator
generator: PoseidonGenerator
generator: PoseidonGenerator
generator: PoseidonGenerator
generator: PoseidonGenerator
generator: PoseidonGenerator
generator: PoseidonGenerator
generator: PoseidonGenerator
generator: PoseidonGenerator
generator: PoseidonGenerator
generator: PoseidonGenerator
generator: PoseidonGenerator
generator: PoseidonGenerator
generator: PoseidonGenerator
generator: PoseidonGenerator
generator: PoseidonGenerator
generator: PoseidonGenerator
generator: PoseidonGenerator
generator: PoseidonGenerator
generator: PoseidonGenerator
generator: PoseidonGenerator
generator: PoseidonGenerator
generator: PoseidonGenerator
generator: PoseidonGenerator
generator: PoseidonGenerator
generator: PoseidonGenerator
generator: MulExtensionGenerator
generator: MulExtensionGenerator
generator: MulExtensionGenerator
generator: MulExtensionGenerator
generator: MulExtensionGenerator
generator: MulExtensionGenerator
generator: MulExtensionGenerator
generator: MulExtensionGenerator
generator: MulExtensionGenerator
generator: MulExtensionGenerator
generator: MulExtensionGenerator
generator: MulExtensionGenerator
generator: MulExtensionGenerator
generator: ArithmeticExtensionGenerator
generator: ArithmeticExtensionGenerator
generator: ArithmeticExtensionGenerator
generator: ArithmeticExtensionGenerator
generator: ArithmeticExtensionGenerator
generator: ArithmeticExtensionGenerator
generator: ArithmeticExtensionGenerator
generator: ArithmeticExtensionGenerator
generator: ArithmeticExtensionGenerator
generator: ArithmeticExtensionGenerator
generator: MulExtensionGenerator
generator: MulExtensionGenerator
generator: MulExtensionGenerator
generator: MulExtensionGenerator
generator: MulExtensionGenerator
generator: MulExtensionGenerator
generator: MulExtensionGenerator
generator: MulExtensionGenerator
generator: MulExtensionGenerator
generator: MulExtensionGenerator
generator: MulExtensionGenerator
generator: MulExtensionGenerator
generator: MulExtensionGenerator
generator: MulExtensionGenerator
generator: MulExtensionGenerator
generator: MulExtensionGenerator
generator: MulExtensionGenerator
generator: MulExtensionGenerator
generator: MulExtensionGenerator
generator: MulExtensionGenerator
generator: MulExtensionGenerator
generator: MulExtensionGenerator
generator: MulExtensionGenerator
generator: MulExtensionGenerator
generator: MulExtensionGenerator
generator: MulExtensionGenerator
generator: ArithmeticExtensionGenerator
generator: ArithmeticExtensionGenerator
generator: ArithmeticExtensionGenerator
generator: ArithmeticExtensionGenerator
generator: ArithmeticExtensionGenerator
generator: ArithmeticExtensionGenerator
generator: ArithmeticExtensionGenerator
generator: ArithmeticExtensionGenerator
generator: ArithmeticExtensionGenerator
generator: ArithmeticExtensionGenerator
generator: ArithmeticExtensionGenerator
generator: ArithmeticExtensionGenerator
generator: ArithmeticExtensionGenerator
generator: ArithmeticExtensionGenerator
generator: ArithmeticExtensionGenerator
generator: ArithmeticExtensionGenerator
generator: ArithmeticExtensionGenerator
generator: ArithmeticExtensionGenerator
generator: ArithmeticExtensionGenerator
generator: ArithmeticExtensionGenerator
generator: ArithmeticExtensionGenerator
generator: ArithmeticExtensionGenerator
generator: ArithmeticExtensionGenerator
generator: ArithmeticExtensionGenerator
generator: ArithmeticExtensionGenerator
generator: ArithmeticExtensionGenerator
generator: ArithmeticExtensionGenerator
generator: ArithmeticExtensionGenerator
generator: ArithmeticExtensionGenerator
generator: ArithmeticExtensionGenerator
generator: ArithmeticExtensionGenerator
generator: ArithmeticExtensionGenerator
generator: ArithmeticExtensionGenerator
generator: ArithmeticExtensionGenerator
generator: ArithmeticExtensionGenerator
generator: ArithmeticExtensionGenerator
generator: ArithmeticExtensionGenerator
generator: ArithmeticExtensionGenerator
generator: ArithmeticExtensionGenerator
generator: ArithmeticExtensionGenerator
generator: ArithmeticExtensionGenerator
generator: ArithmeticExtensionGenerator
generator: ArithmeticExtensionGenerator
generator: ArithmeticExtensionGenerator
generator: ArithmeticExtensionGenerator
generator: ArithmeticExtensionGenerator
generator: ArithmeticExtensionGenerator
generator: ArithmeticExtensionGenerator
generator: ArithmeticExtensionGenerator
generator: ArithmeticExtensionGenerator
generator: ArithmeticExtensionGenerator
generator: ArithmeticExtensionGenerator
generator: ArithmeticExtensionGenerator
generator: ArithmeticExtensionGenerator
generator: ArithmeticExtensionGenerator
generator: ArithmeticExtensionGenerator
generator: ArithmeticExtensionGenerator
generator: ArithmeticExtensionGenerator
generator: ArithmeticExtensionGenerator
generator: ArithmeticExtensionGenerator
generator: ArithmeticExtensionGenerator
generator: ArithmeticExtensionGenerator
generator: ArithmeticExtensionGenerator
generator: ArithmeticExtensionGenerator
generator: ArithmeticExtensionGenerator
generator: ArithmeticExtensionGenerator
generator: ArithmeticExtensionGenerator
generator: ArithmeticExtensionGenerator
generator: ArithmeticExtensionGenerator
generator: ArithmeticExtensionGenerator
generator: MulExtensionGenerator
generator: MulExtensionGenerator
generator: MulExtensionGenerator
generator: MulExtensionGenerator
generator: MulExtensionGenerator
generator: MulExtensionGenerator
generator: MulExtensionGenerator
generator: MulExtensionGenerator
generator: MulExtensionGenerator
generator: MulExtensionGenerator
generator: MulExtensionGenerator
generator: MulExtensionGenerator
generator: MulExtensionGenerator
generator: ArithmeticExtensionGenerator
generator: ArithmeticExtensionGenerator
generator: ArithmeticExtensionGenerator
generator: ArithmeticExtensionGenerator
generator: ArithmeticExtensionGenerator
generator: ArithmeticExtensionGenerator
generator: ArithmeticExtensionGenerator
generator: ArithmeticExtensionGenerator
generator: ArithmeticExtensionGenerator
generator: ArithmeticExtensionGenerator
generator: ArithmeticExtensionGenerator
generator: ArithmeticExtensionGenerator
generator: ArithmeticExtensionGenerator
generator: ArithmeticExtensionGenerator
generator: ArithmeticExtensionGenerator
generator: ArithmeticExtensionGenerator
generator: ArithmeticExtensionGenerator
generator: ArithmeticExtensionGenerator
generator: ArithmeticExtensionGenerator
generator: ArithmeticExtensionGenerator
generator: ArithmeticExtensionGenerator
generator: ArithmeticExtensionGenerator
generator: ArithmeticExtensionGenerator
generator: ArithmeticExtensionGenerator
generator: ArithmeticExtensionGenerator
generator: ArithmeticExtensionGenerator
generator: ArithmeticExtensionGenerator
generator: ArithmeticExtensionGenerator
generator: ArithmeticExtensionGenerator
generator: ArithmeticExtensionGenerator
generator: ArithmeticExtensionGenerator
generator: ArithmeticExtensionGenerator
generator: ArithmeticExtensionGenerator
generator: ArithmeticExtensionGenerator
generator: ArithmeticExtensionGenerator
generator: ArithmeticExtensionGenerator
generator: ArithmeticExtensionGenerator
generator: ArithmeticExtensionGenerator
generator: ArithmeticExtensionGenerator
generator: ArithmeticExtensionGenerator
generator: ArithmeticExtensionGenerator
generator: ArithmeticExtensionGenerator
generator: ArithmeticExtensionGenerator
generator: ArithmeticExtensionGenerator
generator: ArithmeticExtensionGenerator
generator: ArithmeticExtensionGenerator
generator: ArithmeticExtensionGenerator
generator: ArithmeticExtensionGenerator
generator: ArithmeticExtensionGenerator
generator: ArithmeticExtensionGenerator
generator: ArithmeticExtensionGenerator
generator: ArithmeticExtensionGenerator
generator: ArithmeticExtensionGenerator
generator: ArithmeticExtensionGenerator
generator: ArithmeticExtensionGenerator
generator: ArithmeticExtensionGenerator
generator: ArithmeticExtensionGenerator
generator: ArithmeticExtensionGenerator
generator: ArithmeticExtensionGenerator
generator: ArithmeticExtensionGenerator
generator: ArithmeticExtensionGenerator
generator: ArithmeticExtensionGenerator
generator: ArithmeticExtensionGenerator
generator: ArithmeticExtensionGenerator
generator: ArithmeticExtensionGenerator
generator: ArithmeticExtensionGenerator
generator: ArithmeticExtensionGenerator
generator: ArithmeticExtensionGenerator
generator: ArithmeticExtensionGenerator
generator: ArithmeticExtensionGenerator
generator: ArithmeticExtensionGenerator
generator: ArithmeticExtensionGenerator
generator: ArithmeticExtensionGenerator
generator: ArithmeticExtensionGenerator
generator: ArithmeticExtensionGenerator
generator: ArithmeticExtensionGenerator
generator: ArithmeticExtensionGenerator
generator: ArithmeticExtensionGenerator
generator: ArithmeticExtensionGenerator
generator: ArithmeticExtensionGenerator
generator: ArithmeticExtensionGenerator
generator: ArithmeticExtensionGenerator
generator: ArithmeticExtensionGenerator
generator: ArithmeticExtensionGenerator
generator: ArithmeticExtensionGenerator
generator: ArithmeticExtensionGenerator
generator: ArithmeticExtensionGenerator
generator: ArithmeticExtensionGenerator
generator: ArithmeticExtensionGenerator
generator: ArithmeticExtensionGenerator
generator: ArithmeticExtensionGenerator
generator: ArithmeticExtensionGenerator
generator: ArithmeticExtensionGenerator
generator: ArithmeticExtensionGenerator
generator: ArithmeticExtensionGenerator
generator: ArithmeticExtensionGenerator
generator: ArithmeticExtensionGenerator
generator: ArithmeticExtensionGenerator
generator: ArithmeticExtensionGenerator
generator: ArithmeticExtensionGenerator
generator: ArithmeticExtensionGenerator
generator: ArithmeticExtensionGenerator
generator: ArithmeticExtensionGenerator
generator: ArithmeticExtensionGenerator
generator: ArithmeticExtensionGenerator
generator: ArithmeticExtensionGenerator
generator: ArithmeticExtensionGenerator
generator: ArithmeticExtensionGenerator
generator: ArithmeticExtensionGenerator
generator: ArithmeticExtensionGenerator
generator: ArithmeticExtensionGenerator
generator: ArithmeticExtensionGenerator
generator: ArithmeticExtensionGenerator
generator: ArithmeticExtensionGenerator
generator: ArithmeticExtensionGenerator
generator: ArithmeticExtensionGenerator
generator: ArithmeticExtensionGenerator
generator: ArithmeticExtensionGenerator
generator: ArithmeticExtensionGenerator
generator: ArithmeticExtensionGenerator
generator: ArithmeticExtensionGenerator
generator: ArithmeticExtensionGenerator
generator: ArithmeticExtensionGenerator
generator: ArithmeticExtensionGenerator
generator: ArithmeticExtensionGenerator
generator: ArithmeticExtensionGenerator
generator: ArithmeticExtensionGenerator
generator: ArithmeticExtensionGenerator
generator: ArithmeticExtensionGenerator
generator: ArithmeticExtensionGenerator
generator: MulExtensionGenerator
generator: MulExtensionGenerator
generator: MulExtensionGenerator
generator: MulExtensionGenerator
generator: MulExtensionGenerator
generator: MulExtensionGenerator
generator: MulExtensionGenerator
generator: MulExtensionGenerator
generator: MulExtensionGenerator
generator: MulExtensionGenerator
generator: MulExtensionGenerator
generator: MulExtensionGenerator
generator: MulExtensionGenerator
generator: ArithmeticExtensionGenerator
generator: ArithmeticExtensionGenerator
generator: ArithmeticExtensionGenerator
generator: ArithmeticExtensionGenerator
generator: ArithmeticExtensionGenerator
generator: ArithmeticExtensionGenerator
generator: ArithmeticExtensionGenerator
generator: ArithmeticExtensionGenerator
generator: ArithmeticExtensionGenerator
generator: ArithmeticExtensionGenerator
generator: ArithmeticExtensionGenerator
generator: ArithmeticExtensionGenerator
generator: ArithmeticExtensionGenerator
generator: ArithmeticExtensionGenerator
generator: ArithmeticExtensionGenerator
generator: ArithmeticExtensionGenerator
generator: ArithmeticExtensionGenerator
generator: ArithmeticExtensionGenerator
generator: ArithmeticExtensionGenerator
generator: ArithmeticExtensionGenerator
generator: ArithmeticExtensionGenerator
generator: ArithmeticExtensionGenerator
generator: ArithmeticExtensionGenerator
generator: ArithmeticExtensionGenerator
generator: ArithmeticExtensionGenerator
generator: ArithmeticExtensionGenerator
generator: ArithmeticExtensionGenerator
generator: ArithmeticExtensionGenerator
generator: ArithmeticExtensionGenerator
generator: ArithmeticExtensionGenerator
generator: ArithmeticExtensionGenerator
generator: ArithmeticExtensionGenerator
generator: ArithmeticExtensionGenerator
generator: ArithmeticExtensionGenerator
generator: ArithmeticExtensionGenerator
generator: ArithmeticExtensionGenerator
generator: ArithmeticExtensionGenerator
generator: ArithmeticExtensionGenerator
generator: ArithmeticExtensionGenerator
generator: ArithmeticExtensionGenerator
generator: ArithmeticExtensionGenerator
generator: ArithmeticExtensionGenerator
generator: ArithmeticExtensionGenerator
generator: ArithmeticExtensionGenerator
generator: ArithmeticExtensionGenerator
generator: ArithmeticExtensionGenerator
generator: ArithmeticExtensionGenerator
generator: ArithmeticExtensionGenerator
generator: ArithmeticExtensionGenerator
generator: ArithmeticExtensionGenerator
generator: ArithmeticExtensionGenerator
generator: ArithmeticExtensionGenerator
generator: ArithmeticExtensionGenerator
generator: ArithmeticExtensionGenerator
generator: ArithmeticExtensionGenerator
generator: ArithmeticExtensionGenerator
generator: ArithmeticExtensionGenerator
generator: ArithmeticExtensionGenerator
generator: ArithmeticExtensionGenerator
generator: ArithmeticExtensionGenerator
generator: ArithmeticExtensionGenerator
generator: ArithmeticExtensionGenerator
generator: ArithmeticExtensionGenerator
generator: ArithmeticExtensionGenerator
generator: ArithmeticExtensionGenerator
generator: ArithmeticExtensionGenerator
generator: ArithmeticExtensionGenerator
generator: ArithmeticExtensionGenerator
generator: ArithmeticExtensionGenerator
generator: ArithmeticExtensionGenerator
generator: ArithmeticExtensionGenerator
generator: ArithmeticExtensionGenerator
generator: ArithmeticExtensionGenerator
generator: ArithmeticExtensionGenerator
generator: ArithmeticExtensionGenerator
generator: ArithmeticExtensionGenerator
generator: ArithmeticExtensionGenerator
generator: ArithmeticExtensionGenerator
generator: ArithmeticExtensionGenerator
generator: ArithmeticExtensionGenerator
generator: ArithmeticExtensionGenerator
generator: ArithmeticExtensionGenerator
generator: ArithmeticExtensionGenerator
generator: ArithmeticExtensionGenerator
generator: ArithmeticExtensionGenerator
generator: ArithmeticExtensionGenerator
generator: ArithmeticExtensionGenerator
generator: ArithmeticExtensionGenerator
generator: ArithmeticExtensionGenerator
generator: ArithmeticExtensionGenerator
generator: ArithmeticExtensionGenerator
generator: ArithmeticExtensionGenerator
generator: ArithmeticExtensionGenerator
generator: ArithmeticExtensionGenerator
generator: ArithmeticExtensionGenerator
generator: ArithmeticExtensionGenerator
generator: ArithmeticExtensionGenerator
generator: ArithmeticExtensionGenerator
generator: ArithmeticExtensionGenerator
generator: ArithmeticExtensionGenerator
generator: MulExtensionGenerator
generator: MulExtensionGenerator
generator: MulExtensionGenerator
generator: MulExtensionGenerator
generator: MulExtensionGenerator
generator: MulExtensionGenerator
generator: MulExtensionGenerator
generator: MulExtensionGenerator
generator: MulExtensionGenerator
generator: MulExtensionGenerator
generator: MulExtensionGenerator
generator: MulExtensionGenerator
generator: MulExtensionGenerator
generator: MulExtensionGenerator
generator: MulExtensionGenerator
generator: MulExtensionGenerator
generator: MulExtensionGenerator
generator: MulExtensionGenerator
generator: MulExtensionGenerator
generator: MulExtensionGenerator
generator: MulExtensionGenerator
generator: MulExtensionGenerator
generator: MulExtensionGenerator
generator: MulExtensionGenerator
generator: MulExtensionGenerator
generator: MulExtensionGenerator
generator: ArithmeticExtensionGenerator
generator: ArithmeticExtensionGenerator
generator: ArithmeticExtensionGenerator
generator: ArithmeticExtensionGenerator
generator: ArithmeticExtensionGenerator
generator: ArithmeticExtensionGenerator
generator: ArithmeticExtensionGenerator
generator: ArithmeticExtensionGenerator
generator: ArithmeticExtensionGenerator
generator: ArithmeticExtensionGenerator
generator: ReducingExtensionGenerator
generator: ReducingExtensionGenerator
generator: ArithmeticExtensionGenerator
generator: ArithmeticExtensionGenerator
generator: ArithmeticExtensionGenerator
generator: ArithmeticExtensionGenerator
generator: ArithmeticExtensionGenerator
generator: ArithmeticExtensionGenerator
generator: ArithmeticExtensionGenerator
generator: ArithmeticExtensionGenerator
generator: ArithmeticExtensionGenerator
generator: ArithmeticExtensionGenerator
generator: ArithmeticExtensionGenerator
generator: ArithmeticExtensionGenerator
generator: ArithmeticExtensionGenerator
generator: ArithmeticExtensionGenerator
generator: ArithmeticExtensionGenerator
generator: ArithmeticExtensionGenerator
generator: ArithmeticExtensionGenerator
generator: ArithmeticExtensionGenerator
generator: ArithmeticExtensionGenerator
generator: ArithmeticExtensionGenerator
generator: ArithmeticExtensionGenerator
generator: ArithmeticExtensionGenerator
generator: ArithmeticExtensionGenerator
generator: ArithmeticExtensionGenerator
generator: ArithmeticExtensionGenerator
generator: ArithmeticExtensionGenerator
generator: ArithmeticExtensionGenerator
generator: ArithmeticExtensionGenerator
generator: ArithmeticExtensionGenerator
generator: ArithmeticExtensionGenerator
generator: ArithmeticExtensionGenerator
generator: ArithmeticExtensionGenerator
generator: ArithmeticExtensionGenerator
generator: ArithmeticExtensionGenerator
generator: ArithmeticExtensionGenerator
generator: ArithmeticExtensionGenerator
generator: ArithmeticExtensionGenerator
generator: ArithmeticExtensionGenerator
generator: ArithmeticExtensionGenerator
generator: ArithmeticExtensionGenerator
generator: ArithmeticExtensionGenerator
generator: ArithmeticExtensionGenerator
generator: ArithmeticExtensionGenerator
generator: ArithmeticExtensionGenerator
generator: ArithmeticExtensionGenerator
generator: ArithmeticExtensionGenerator
generator: ArithmeticExtensionGenerator
generator: ArithmeticExtensionGenerator
generator: ArithmeticExtensionGenerator
generator: ArithmeticExtensionGenerator
generator: ArithmeticExtensionGenerator
generator: ArithmeticExtensionGenerator
generator: ArithmeticExtensionGenerator
generator: ArithmeticExtensionGenerator
generator: ArithmeticExtensionGenerator
generator: ArithmeticExtensionGenerator
generator: ArithmeticExtensionGenerator
generator: ArithmeticExtensionGenerator
generator: ArithmeticExtensionGenerator
generator: ArithmeticExtensionGenerator
generator: ArithmeticExtensionGenerator
generator: ArithmeticExtensionGenerator
generator: ArithmeticExtensionGenerator
generator: ArithmeticExtensionGenerator
generator: ArithmeticExtensionGenerator
generator: ArithmeticExtensionGenerator
generator: ArithmeticExtensionGenerator
generator: ArithmeticExtensionGenerator
generator: ArithmeticExtensionGenerator
generator: ArithmeticExtensionGenerator
generator: ArithmeticExtensionGenerator
generator: ArithmeticExtensionGenerator
generator: ArithmeticExtensionGenerator
generator: ArithmeticExtensionGenerator
generator: ArithmeticExtensionGenerator
generator: ArithmeticExtensionGenerator
generator: ArithmeticExtensionGenerator
generator: ArithmeticExtensionGenerator
generator: ArithmeticExtensionGenerator
generator: ArithmeticExtensionGenerator
generator: ArithmeticExtensionGenerator
generator: ArithmeticExtensionGenerator
generator: ArithmeticExtensionGenerator
generator: ArithmeticExtensionGenerator
generator: ArithmeticExtensionGenerator
generator: ArithmeticExtensionGenerator
generator: ArithmeticExtensionGenerator
generator: ArithmeticExtensionGenerator
generator: ArithmeticExtensionGenerator
generator: ArithmeticExtensionGenerator
generator: MulExtensionGenerator
generator: MulExtensionGenerator
generator: MulExtensionGenerator
generator: MulExtensionGenerator
generator: MulExtensionGenerator
generator: MulExtensionGenerator
generator: MulExtensionGenerator
generator: MulExtensionGenerator
generator: MulExtensionGenerator
generator: MulExtensionGenerator
generator: MulExtensionGenerator
generator: MulExtensionGenerator
generator: MulExtensionGenerator
generator: MulExtensionGenerator
generator: MulExtensionGenerator
generator: MulExtensionGenerator
generator: MulExtensionGenerator
generator: MulExtensionGenerator
generator: MulExtensionGenerator
generator: MulExtensionGenerator
generator: MulExtensionGenerator
generator: MulExtensionGenerator
generator: MulExtensionGenerator
generator: MulExtensionGenerator
generator: MulExtensionGenerator
generator: MulExtensionGenerator
generator: MulExtensionGenerator
generator: MulExtensionGenerator
generator: MulExtensionGenerator
generator: MulExtensionGenerator
generator: MulExtensionGenerator
generator: MulExtensionGenerator
generator: MulExtensionGenerator
generator: MulExtensionGenerator
generator: MulExtensionGenerator
generator: MulExtensionGenerator
generator: MulExtensionGenerator
generator: MulExtensionGenerator
generator: MulExtensionGenerator
generator: MulExtensionGenerator
generator: MulExtensionGenerator
generator: MulExtensionGenerator
generator: MulExtensionGenerator
generator: MulExtensionGenerator
generator: MulExtensionGenerator
generator: MulExtensionGenerator
generator: MulExtensionGenerator
generator: MulExtensionGenerator
generator: MulExtensionGenerator
generator: MulExtensionGenerator
generator: MulExtensionGenerator
generator: MulExtensionGenerator
generator: ArithmeticExtensionGenerator
generator: ArithmeticExtensionGenerator
generator: ArithmeticExtensionGenerator
generator: ArithmeticExtensionGenerator
generator: ArithmeticExtensionGenerator
generator: ArithmeticExtensionGenerator
generator: ArithmeticExtensionGenerator
generator: ArithmeticExtensionGenerator
generator: ArithmeticExtensionGenerator
generator: ArithmeticExtensionGenerator
generator: ArithmeticExtensionGenerator
generator: ArithmeticExtensionGenerator
generator: ArithmeticExtensionGenerator
generator: ArithmeticExtensionGenerator
generator: ArithmeticExtensionGenerator
generator: ArithmeticExtensionGenerator
generator: ArithmeticExtensionGenerator
generator: ArithmeticExtensionGenerator
generator: ArithmeticExtensionGenerator
generator: ArithmeticExtensionGenerator
generator: ArithmeticExtensionGenerator
generator: ArithmeticExtensionGenerator
generator: ArithmeticExtensionGenerator
generator: ArithmeticExtensionGenerator
generator: ArithmeticExtensionGenerator
generator: ArithmeticExtensionGenerator
generator: ArithmeticExtensionGenerator
generator: ArithmeticExtensionGenerator
generator: ArithmeticExtensionGenerator
generator: ArithmeticExtensionGenerator
generator: ArithmeticExtensionGenerator
generator: ArithmeticExtensionGenerator
generator: ArithmeticExtensionGenerator
generator: ArithmeticExtensionGenerator
generator: ArithmeticExtensionGenerator
generator: ArithmeticExtensionGenerator
generator: ArithmeticExtensionGenerator
generator: ArithmeticExtensionGenerator
generator: ArithmeticExtensionGenerator
generator: ArithmeticExtensionGenerator
generator: ArithmeticExtensionGenerator
generator: ArithmeticExtensionGenerator
generator: ArithmeticExtensionGenerator
generator: ArithmeticExtensionGenerator
generator: ArithmeticExtensionGenerator
generator: ArithmeticExtensionGenerator
generator: ArithmeticExtensionGenerator
generator: ArithmeticExtensionGenerator
generator: ArithmeticExtensionGenerator
generator: ArithmeticExtensionGenerator
generator: ArithmeticExtensionGenerator
generator: ArithmeticExtensionGenerator
generator: ArithmeticExtensionGenerator
generator: ArithmeticExtensionGenerator
generator: ArithmeticExtensionGenerator
generator: ArithmeticExtensionGenerator
generator: ArithmeticExtensionGenerator
generator: ArithmeticExtensionGenerator
generator: ArithmeticExtensionGenerator
generator: ArithmeticExtensionGenerator
generator: ArithmeticExtensionGenerator
generator: ArithmeticExtensionGenerator
generator: ArithmeticExtensionGenerator
generator: ArithmeticExtensionGenerator
generator: ArithmeticExtensionGenerator
generator: ArithmeticExtensionGenerator
generator: ArithmeticExtensionGenerator
generator: ArithmeticExtensionGenerator
generator: ArithmeticExtensionGenerator
generator: ArithmeticExtensionGenerator
generator: ArithmeticExtensionGenerator
generator: ArithmeticExtensionGenerator
generator: ArithmeticExtensionGenerator
generator: ArithmeticExtensionGenerator
generator: ArithmeticExtensionGenerator
generator: ArithmeticExtensionGenerator
generator: ArithmeticExtensionGenerator
generator: ArithmeticExtensionGenerator
generator: ArithmeticExtensionGenerator
generator: ArithmeticExtensionGenerator
generator: ArithmeticExtensionGenerator
generator: ArithmeticExtensionGenerator
generator: ArithmeticExtensionGenerator
generator: ArithmeticExtensionGenerator
generator: ArithmeticExtensionGenerator
generator: ArithmeticExtensionGenerator
generator: ArithmeticExtensionGenerator
generator: ArithmeticExtensionGenerator
generator: ArithmeticExtensionGenerator
generator: ArithmeticExtensionGenerator
generator: ArithmeticExtensionGenerator
generator: ArithmeticExtensionGenerator
generator: ArithmeticExtensionGenerator
generator: ArithmeticExtensionGenerator
generator: ArithmeticExtensionGenerator
generator: ArithmeticExtensionGenerator
generator: ArithmeticExtensionGenerator
generator: ArithmeticExtensionGenerator
generator: ArithmeticExtensionGenerator
generator: ArithmeticExtensionGenerator
generator: ArithmeticExtensionGenerator
generator: ArithmeticExtensionGenerator
generator: ArithmeticExtensionGenerator
generator: ArithmeticExtensionGenerator
generator: ArithmeticExtensionGenerator
generator: ArithmeticExtensionGenerator
generator: ArithmeticExtensionGenerator
generator: ArithmeticExtensionGenerator
generator: ArithmeticExtensionGenerator
generator: ArithmeticExtensionGenerator
generator: ArithmeticExtensionGenerator
generator: ArithmeticExtensionGenerator
generator: ArithmeticExtensionGenerator
generator: ArithmeticExtensionGenerator
generator: ArithmeticExtensionGenerator
generator: ArithmeticExtensionGenerator
generator: ArithmeticExtensionGenerator
generator: ArithmeticExtensionGenerator
generator: ArithmeticExtensionGenerator
generator: ArithmeticExtensionGenerator
generator: ArithmeticExtensionGenerator
generator: ArithmeticExtensionGenerator
generator: ArithmeticExtensionGenerator
generator: ArithmeticExtensionGenerator
generator: ArithmeticExtensionGenerator
generator: ArithmeticExtensionGenerator
generator: ArithmeticExtensionGenerator
generator: ArithmeticExtensionGenerator
generator: ArithmeticExtensionGenerator
generator: ArithmeticExtensionGenerator
generator: ArithmeticExtensionGenerator
generator: ArithmeticExtensionGenerator
generator: ArithmeticExtensionGenerator
generator: ArithmeticExtensionGenerator
generator: ArithmeticExtensionGenerator
generator: ArithmeticExtensionGenerator
generator: ArithmeticExtensionGenerator
generator: ArithmeticExtensionGenerator
generator: ArithmeticExtensionGenerator
generator: ArithmeticExtensionGenerator
generator: ArithmeticExtensionGenerator
generator: ArithmeticExtensionGenerator
generator: ArithmeticExtensionGenerator
generator: ArithmeticExtensionGenerator
generator: ArithmeticExtensionGenerator
generator: ArithmeticExtensionGenerator
generator: ArithmeticExtensionGenerator
generator: ArithmeticExtensionGenerator
generator: ArithmeticExtensionGenerator
generator: ArithmeticExtensionGenerator
generator: ArithmeticExtensionGenerator
generator: ArithmeticExtensionGenerator
generator: ArithmeticExtensionGenerator
generator: ArithmeticExtensionGenerator
generator: ArithmeticExtensionGenerator
generator: ArithmeticExtensionGenerator
generator: ArithmeticExtensionGenerator
generator: ArithmeticExtensionGenerator
generator: ArithmeticExtensionGenerator
generator: ArithmeticExtensionGenerator
generator: ArithmeticExtensionGenerator
generator: ArithmeticExtensionGenerator
generator: ArithmeticExtensionGenerator
generator: ArithmeticExtensionGenerator
generator: ArithmeticExtensionGenerator
generator: ArithmeticExtensionGenerator
generator: ArithmeticExtensionGenerator
generator: ArithmeticExtensionGenerator
generator: ArithmeticExtensionGenerator
generator: ArithmeticExtensionGenerator
generator: ArithmeticExtensionGenerator
generator: ArithmeticExtensionGenerator
generator: ArithmeticExtensionGenerator
generator: ArithmeticExtensionGenerator
generator: ArithmeticExtensionGenerator
generator: ArithmeticExtensionGenerator
generator: ArithmeticExtensionGenerator
generator: ArithmeticExtensionGenerator
generator: ArithmeticExtensionGenerator
generator: ArithmeticExtensionGenerator
generator: ArithmeticExtensionGenerator
generator: ArithmeticExtensionGenerator
generator: ArithmeticExtensionGenerator
generator: ArithmeticExtensionGenerator
generator: ArithmeticExtensionGenerator
generator: ArithmeticExtensionGenerator
generator: ArithmeticExtensionGenerator
generator: ArithmeticExtensionGenerator
generator: ArithmeticExtensionGenerator
generator: ArithmeticExtensionGenerator
generator: ArithmeticExtensionGenerator
generator: ArithmeticExtensionGenerator
generator: ArithmeticExtensionGenerator
generator: ArithmeticExtensionGenerator
generator: ArithmeticExtensionGenerator
generator: ArithmeticExtensionGenerator
generator: ArithmeticExtensionGenerator
generator: ArithmeticExtensionGenerator
generator: ArithmeticExtensionGenerator
generator: ArithmeticExtensionGenerator
generator: ArithmeticExtensionGenerator
generator: ArithmeticExtensionGenerator
generator: ArithmeticExtensionGenerator
generator: ArithmeticExtensionGenerator
generator: ArithmeticExtensionGenerator
generator: ArithmeticExtensionGenerator
generator: ArithmeticExtensionGenerator
generator: ArithmeticExtensionGenerator
generator: ArithmeticExtensionGenerator
generator: ArithmeticExtensionGenerator
generator: ArithmeticExtensionGenerator
generator: ArithmeticExtensionGenerator
generator: ArithmeticExtensionGenerator
generator: ArithmeticExtensionGenerator
generator: ArithmeticExtensionGenerator
generator: ArithmeticExtensionGenerator
generator: ArithmeticExtensionGenerator
generator: ArithmeticExtensionGenerator
generator: ArithmeticExtensionGenerator
generator: ArithmeticExtensionGenerator
generator: ArithmeticExtensionGenerator
generator: ArithmeticExtensionGenerator
generator: ArithmeticExtensionGenerator
generator: ArithmeticExtensionGenerator
generator: ArithmeticExtensionGenerator
generator: ArithmeticExtensionGenerator
generator: ArithmeticExtensionGenerator
generator: ArithmeticExtensionGenerator
generator: ArithmeticExtensionGenerator
generator: ArithmeticExtensionGenerator
generator: ArithmeticExtensionGenerator
generator: ArithmeticExtensionGenerator
generator: ArithmeticExtensionGenerator
generator: ArithmeticExtensionGenerator
generator: ArithmeticExtensionGenerator
generator: ArithmeticExtensionGenerator
generator: ArithmeticExtensionGenerator
generator: ArithmeticExtensionGenerator
generator: ArithmeticExtensionGenerator
generator: ArithmeticExtensionGenerator
generator: ArithmeticExtensionGenerator
generator: ArithmeticExtensionGenerator
generator: ArithmeticExtensionGenerator
generator: ArithmeticExtensionGenerator
generator: ArithmeticExtensionGenerator
generator: ArithmeticExtensionGenerator
generator: ArithmeticExtensionGenerator
generator: ArithmeticExtensionGenerator
generator: ArithmeticExtensionGenerator
generator: ArithmeticExtensionGenerator
generator: ArithmeticExtensionGenerator
generator: ArithmeticExtensionGenerator
generator: ArithmeticExtensionGenerator
generator: ArithmeticExtensionGenerator
generator: ArithmeticExtensionGenerator
generator: ArithmeticExtensionGenerator
generator: ArithmeticExtensionGenerator
generator: ArithmeticExtensionGenerator
generator: ArithmeticExtensionGenerator
generator: ArithmeticExtensionGenerator
generator: ArithmeticExtensionGenerator
generator: ArithmeticExtensionGenerator
generator: ArithmeticExtensionGenerator
generator: ArithmeticExtensionGenerator
generator: ArithmeticExtensionGenerator
generator: ArithmeticExtensionGenerator
generator: ArithmeticExtensionGenerator
generator: ArithmeticExtensionGenerator
generator: ArithmeticExtensionGenerator
generator: ArithmeticExtensionGenerator
generator: ArithmeticExtensionGenerator
generator: ArithmeticExtensionGenerator
generator: ArithmeticExtensionGenerator
generator: ArithmeticExtensionGenerator
generator: ArithmeticExtensionGenerator
generator: ArithmeticExtensionGenerator
generator: ArithmeticExtensionGenerator
generator: ArithmeticExtensionGenerator
generator: ArithmeticExtensionGenerator
generator: ArithmeticExtensionGenerator
generator: ArithmeticExtensionGenerator
generator: ArithmeticExtensionGenerator
generator: ArithmeticExtensionGenerator
generator: ArithmeticExtensionGenerator
generator: ArithmeticExtensionGenerator
generator: ArithmeticExtensionGenerator
generator: ArithmeticExtensionGenerator
generator: ArithmeticExtensionGenerator
generator: ArithmeticExtensionGenerator
generator: ArithmeticExtensionGenerator
generator: ArithmeticExtensionGenerator
generator: ArithmeticExtensionGenerator
generator: ArithmeticExtensionGenerator
generator: ArithmeticExtensionGenerator
generator: ArithmeticExtensionGenerator
generator: ArithmeticExtensionGenerator
generator: ArithmeticExtensionGenerator
generator: ArithmeticExtensionGenerator
generator: ArithmeticExtensionGenerator
generator: ArithmeticExtensionGenerator
generator: ArithmeticExtensionGenerator
generator: ArithmeticExtensionGenerator
generator: ArithmeticExtensionGenerator
generator: ArithmeticExtensionGenerator
generator: ArithmeticExtensionGenerator
generator: ArithmeticExtensionGenerator
generator: ArithmeticExtensionGenerator
generator: ArithmeticExtensionGenerator
generator: ArithmeticExtensionGenerator
generator: ArithmeticExtensionGenerator
generator: MulExtensionGenerator
generator: MulExtensionGenerator
generator: MulExtensionGenerator
generator: MulExtensionGenerator
generator: MulExtensionGenerator
generator: MulExtensionGenerator
generator: MulExtensionGenerator
generator: MulExtensionGenerator
generator: MulExtensionGenerator
generator: MulExtensionGenerator
generator: MulExtensionGenerator
generator: MulExtensionGenerator
generator: MulExtensionGenerator
generator: ArithmeticExtensionGenerator
generator: ArithmeticExtensionGenerator
generator: ArithmeticExtensionGenerator
generator: ArithmeticExtensionGenerator
generator: ArithmeticExtensionGenerator
generator: ArithmeticExtensionGenerator
generator: ArithmeticExtensionGenerator
generator: ArithmeticExtensionGenerator
generator: ArithmeticExtensionGenerator
generator: ArithmeticExtensionGenerator
generator: ArithmeticExtensionGenerator
generator: ArithmeticExtensionGenerator
generator: ArithmeticExtensionGenerator
generator: ArithmeticExtensionGenerator
generator: ArithmeticExtensionGenerator
generator: ArithmeticExtensionGenerator
generator: ArithmeticExtensionGenerator
generator: ArithmeticExtensionGenerator
generator: ArithmeticExtensionGenerator
generator: ArithmeticExtensionGenerator
generator: ArithmeticExtensionGenerator
generator: ArithmeticExtensionGenerator
generator: ArithmeticExtensionGenerator
generator: ArithmeticExtensionGenerator
generator: ArithmeticExtensionGenerator
generator: ArithmeticExtensionGenerator
generator: ArithmeticExtensionGenerator
generator: ArithmeticExtensionGenerator
generator: ArithmeticExtensionGenerator
generator: ArithmeticExtensionGenerator
generator: ArithmeticExtensionGenerator
generator: ArithmeticExtensionGenerator
generator: ArithmeticExtensionGenerator
generator: ArithmeticExtensionGenerator
generator: ArithmeticExtensionGenerator
generator: ArithmeticExtensionGenerator
generator: ArithmeticExtensionGenerator
generator: ArithmeticExtensionGenerator
generator: ArithmeticExtensionGenerator
generator: ArithmeticExtensionGenerator
generator: ArithmeticExtensionGenerator
generator: ArithmeticExtensionGenerator
generator: ArithmeticExtensionGenerator
generator: ArithmeticExtensionGenerator
generator: ArithmeticExtensionGenerator
generator: ArithmeticExtensionGenerator
generator: ArithmeticExtensionGenerator
generator: ArithmeticExtensionGenerator
generator: ArithmeticExtensionGenerator
generator: ArithmeticExtensionGenerator
generator: ArithmeticExtensionGenerator
generator: ArithmeticExtensionGenerator
generator: ArithmeticExtensionGenerator
generator: ArithmeticExtensionGenerator
generator: ArithmeticExtensionGenerator
generator: ArithmeticExtensionGenerator
generator: ArithmeticExtensionGenerator
generator: ArithmeticExtensionGenerator
generator: ArithmeticExtensionGenerator
generator: ArithmeticExtensionGenerator
generator: ArithmeticExtensionGenerator
generator: ArithmeticExtensionGenerator
generator: ArithmeticExtensionGenerator
generator: ArithmeticExtensionGenerator
generator: ArithmeticExtensionGenerator
generator: ArithmeticExtensionGenerator
generator: ArithmeticExtensionGenerator
generator: ArithmeticExtensionGenerator
generator: ArithmeticExtensionGenerator
generator: ArithmeticExtensionGenerator
generator: MulExtensionGenerator
generator: MulExtensionGenerator
generator: MulExtensionGenerator
generator: MulExtensionGenerator
generator: MulExtensionGenerator
generator: MulExtensionGenerator
generator: MulExtensionGenerator
generator: MulExtensionGenerator
generator: MulExtensionGenerator
generator: MulExtensionGenerator
generator: MulExtensionGenerator
generator: MulExtensionGenerator
generator: MulExtensionGenerator
generator: ArithmeticExtensionGenerator
generator: ArithmeticExtensionGenerator
generator: ArithmeticExtensionGenerator
generator: ArithmeticExtensionGenerator
generator: ArithmeticExtensionGenerator
generator: ArithmeticExtensionGenerator
generator: ArithmeticExtensionGenerator
generator: ArithmeticExtensionGenerator
generator: ArithmeticExtensionGenerator
generator: ArithmeticExtensionGenerator
generator: ArithmeticExtensionGenerator
generator: ArithmeticExtensionGenerator
generator: ArithmeticExtensionGenerator
generator: ArithmeticExtensionGenerator
generator: ArithmeticExtensionGenerator
generator: ArithmeticExtensionGenerator
generator: ArithmeticExtensionGenerator
generator: ArithmeticExtensionGenerator
generator: ArithmeticExtensionGenerator
generator: ArithmeticExtensionGenerator
generator: ArithmeticExtensionGenerator
generator: ArithmeticExtensionGenerator
generator: ArithmeticExtensionGenerator
generator: ArithmeticExtensionGenerator
generator: ArithmeticExtensionGenerator
generator: ArithmeticExtensionGenerator
generator: ArithmeticExtensionGenerator
generator: ArithmeticExtensionGenerator
generator: ArithmeticExtensionGenerator
generator: ArithmeticExtensionGenerator
generator: ArithmeticExtensionGenerator
generator: ArithmeticExtensionGenerator
generator: ArithmeticExtensionGenerator
generator: ArithmeticExtensionGenerator
generator: ArithmeticExtensionGenerator
generator: ArithmeticExtensionGenerator
generator: ArithmeticExtensionGenerator
generator: ArithmeticExtensionGenerator
generator: ArithmeticExtensionGenerator
generator: ArithmeticExtensionGenerator
generator: ArithmeticExtensionGenerator
generator: ArithmeticExtensionGenerator
generator: ArithmeticExtensionGenerator
generator: ArithmeticExtensionGenerator
generator: ArithmeticExtensionGenerator
generator: ArithmeticExtensionGenerator
generator: ArithmeticExtensionGenerator
generator: ArithmeticExtensionGenerator
generator: ArithmeticExtensionGenerator
generator: ArithmeticExtensionGenerator
generator: MulExtensionGenerator
generator: MulExtensionGenerator
generator: MulExtensionGenerator
generator: MulExtensionGenerator
generator: MulExtensionGenerator
generator: MulExtensionGenerator
generator: MulExtensionGenerator
generator: MulExtensionGenerator
generator: MulExtensionGenerator
generator: MulExtensionGenerator
generator: MulExtensionGenerator
generator: MulExtensionGenerator
generator: MulExtensionGenerator
generator: ArithmeticExtensionGenerator
generator: ArithmeticExtensionGenerator
generator: ArithmeticExtensionGenerator
generator: ArithmeticExtensionGenerator
generator: ArithmeticExtensionGenerator
generator: ArithmeticExtensionGenerator
generator: ArithmeticExtensionGenerator
generator: ArithmeticExtensionGenerator
generator: ArithmeticExtensionGenerator
generator: ArithmeticExtensionGenerator
generator: ArithmeticExtensionGenerator
generator: ArithmeticExtensionGenerator
generator: ArithmeticExtensionGenerator
generator: ArithmeticExtensionGenerator
generator: ArithmeticExtensionGenerator
generator: ArithmeticExtensionGenerator
generator: ArithmeticExtensionGenerator
generator: ArithmeticExtensionGenerator
generator: ArithmeticExtensionGenerator
generator: ArithmeticExtensionGenerator
generator: ArithmeticExtensionGenerator
generator: ArithmeticExtensionGenerator
generator: ArithmeticExtensionGenerator
generator: ArithmeticExtensionGenerator
generator: ArithmeticExtensionGenerator
generator: ArithmeticExtensionGenerator
generator: ArithmeticExtensionGenerator
generator: ArithmeticExtensionGenerator
generator: ArithmeticExtensionGenerator
generator: ArithmeticExtensionGenerator
generator: ArithmeticExtensionGenerator
generator: ArithmeticExtensionGenerator
generator: ArithmeticExtensionGenerator
generator: ArithmeticExtensionGenerator
generator: ArithmeticExtensionGenerator
generator: ArithmeticExtensionGenerator
generator: ArithmeticExtensionGenerator
generator: ArithmeticExtensionGenerator
generator: ArithmeticExtensionGenerator
generator: ArithmeticExtensionGenerator
generator: ArithmeticExtensionGenerator
generator: ArithmeticExtensionGenerator
generator: ArithmeticExtensionGenerator
generator: ArithmeticExtensionGenerator
generator: ArithmeticExtensionGenerator
generator: ArithmeticExtensionGenerator
generator: ArithmeticExtensionGenerator
generator: ArithmeticExtensionGenerator
generator: ArithmeticExtensionGenerator
generator: ArithmeticExtensionGenerator
generator: ArithmeticExtensionGenerator
generator: ArithmeticExtensionGenerator
generator: ArithmeticExtensionGenerator
generator: ArithmeticExtensionGenerator
generator: ArithmeticExtensionGenerator
generator: ArithmeticExtensionGenerator
generator: ArithmeticExtensionGenerator
generator: ArithmeticExtensionGenerator
generator: ArithmeticExtensionGenerator
generator: ArithmeticExtensionGenerator
generator: ArithmeticExtensionGenerator
generator: ArithmeticExtensionGenerator
generator: ArithmeticExtensionGenerator
generator: ArithmeticExtensionGenerator
generator: ArithmeticExtensionGenerator
generator: ArithmeticExtensionGenerator
generator: ArithmeticExtensionGenerator
generator: ArithmeticExtensionGenerator
generator: ArithmeticExtensionGenerator
generator: ArithmeticExtensionGenerator
generator: ArithmeticExtensionGenerator
generator: ArithmeticExtensionGenerator
generator: ArithmeticExtensionGenerator
generator: ArithmeticExtensionGenerator
generator: ArithmeticExtensionGenerator
generator: ArithmeticExtensionGenerator
generator: ArithmeticExtensionGenerator
generator: ArithmeticExtensionGenerator
generator: ArithmeticExtensionGenerator
generator: ArithmeticExtensionGenerator
generator: ArithmeticExtensionGenerator
generator: ArithmeticExtensionGenerator
generator: ArithmeticExtensionGenerator
generator: ArithmeticExtensionGenerator
generator: ArithmeticExtensionGenerator
generator: ArithmeticExtensionGenerator
generator: ArithmeticExtensionGenerator
generator: ArithmeticExtensionGenerator
generator: ArithmeticExtensionGenerator
generator: ArithmeticExtensionGenerator
generator: ArithmeticExtensionGenerator
generator: ArithmeticExtensionGenerator
generator: ArithmeticExtensionGenerator
generator: ArithmeticExtensionGenerator
generator: ArithmeticExtensionGenerator
generator: ArithmeticExtensionGenerator
generator: ArithmeticExtensionGenerator
generator: ArithmeticExtensionGenerator
generator: ArithmeticExtensionGenerator
generator: ArithmeticExtensionGenerator
generator: ArithmeticExtensionGenerator
generator: ArithmeticExtensionGenerator
generator: ArithmeticExtensionGenerator
generator: ArithmeticExtensionGenerator
generator: ArithmeticExtensionGenerator
generator: ArithmeticExtensionGenerator
generator: ArithmeticExtensionGenerator
generator: ArithmeticExtensionGenerator
generator: ArithmeticExtensionGenerator
generator: ArithmeticExtensionGenerator
generator: MulExtensionGenerator
generator: MulExtensionGenerator
generator: MulExtensionGenerator
generator: MulExtensionGenerator
generator: MulExtensionGenerator
generator: MulExtensionGenerator
generator: MulExtensionGenerator
generator: MulExtensionGenerator
generator: MulExtensionGenerator
generator: MulExtensionGenerator
generator: MulExtensionGenerator
generator: MulExtensionGenerator
generator: MulExtensionGenerator
generator: MulExtensionGenerator
generator: MulExtensionGenerator
generator: MulExtensionGenerator
generator: MulExtensionGenerator
generator: MulExtensionGenerator
generator: MulExtensionGenerator
generator: MulExtensionGenerator
generator: MulExtensionGenerator
generator: MulExtensionGenerator
generator: MulExtensionGenerator
generator: MulExtensionGenerator
generator: MulExtensionGenerator
generator: MulExtensionGenerator
generator: MulExtensionGenerator
generator: MulExtensionGenerator
generator: MulExtensionGenerator
generator: MulExtensionGenerator
generator: MulExtensionGenerator
generator: MulExtensionGenerator
generator: MulExtensionGenerator
generator: MulExtensionGenerator
generator: MulExtensionGenerator
generator: MulExtensionGenerator
generator: MulExtensionGenerator
generator: MulExtensionGenerator
generator: MulExtensionGenerator
generator: ArithmeticExtensionGenerator
generator: ArithmeticExtensionGenerator
generator: ArithmeticExtensionGenerator
generator: ArithmeticExtensionGenerator
generator: ArithmeticExtensionGenerator
generator: ArithmeticExtensionGenerator
generator: ArithmeticExtensionGenerator
generator: ArithmeticExtensionGenerator
generator: ArithmeticExtensionGenerator
generator: ArithmeticExtensionGenerator
generator: MulExtensionGenerator
generator: MulExtensionGenerator
generator: MulExtensionGenerator
generator: MulExtensionGenerator
generator: MulExtensionGenerator
generator: MulExtensionGenerator
generator: MulExtensionGenerator
generator: MulExtensionGenerator
generator: MulExtensionGenerator
generator: MulExtensionGenerator
generator: MulExtensionGenerator
generator: MulExtensionGenerator
generator: MulExtensionGenerator
generator: ArithmeticExtensionGenerator
generator: ArithmeticExtensionGenerator
generator: ArithmeticExtensionGenerator
generator: ArithmeticExtensionGenerator
generator: ArithmeticExtensionGenerator
generator: ArithmeticExtensionGenerator
generator: ArithmeticExtensionGenerator
generator: ArithmeticExtensionGenerator
generator: ArithmeticExtensionGenerator
generator: ArithmeticExtensionGenerator
generator: ArithmeticExtensionGenerator
generator: ArithmeticExtensionGenerator
generator: ArithmeticExtensionGenerator
generator: ArithmeticExtensionGenerator
generator: ArithmeticExtensionGenerator
generator: ArithmeticExtensionGenerator
generator: ArithmeticExtensionGenerator
generator: ArithmeticExtensionGenerator
generator: ArithmeticExtensionGenerator
generator: ArithmeticExtensionGenerator
generator: ArithmeticExtensionGenerator
generator: ArithmeticExtensionGenerator
generator: ArithmeticExtensionGenerator
generator: ArithmeticExtensionGenerator
generator: ArithmeticExtensionGenerator
generator: ArithmeticExtensionGenerator
generator: ArithmeticExtensionGenerator
generator: ArithmeticExtensionGenerator
generator: ArithmeticExtensionGenerator
generator: ArithmeticExtensionGenerator
generator: MulExtensionGenerator
generator: MulExtensionGenerator
generator: MulExtensionGenerator
generator: MulExtensionGenerator
generator: MulExtensionGenerator
generator: MulExtensionGenerator
generator: MulExtensionGenerator
generator: MulExtensionGenerator
generator: MulExtensionGenerator
generator: MulExtensionGenerator
generator: MulExtensionGenerator
generator: MulExtensionGenerator
generator: MulExtensionGenerator
generator: ArithmeticExtensionGenerator
generator: ArithmeticExtensionGenerator
generator: ArithmeticExtensionGenerator
generator: ArithmeticExtensionGenerator
generator: ArithmeticExtensionGenerator
generator: ArithmeticExtensionGenerator
generator: ArithmeticExtensionGenerator
generator: ArithmeticExtensionGenerator
generator: ArithmeticExtensionGenerator
generator: ArithmeticExtensionGenerator
generator: ArithmeticExtensionGenerator
generator: ArithmeticExtensionGenerator
generator: ArithmeticExtensionGenerator
generator: ArithmeticExtensionGenerator
generator: ArithmeticExtensionGenerator
generator: ArithmeticExtensionGenerator
generator: ArithmeticExtensionGenerator
generator: ArithmeticExtensionGenerator
generator: ArithmeticExtensionGenerator
generator: ArithmeticExtensionGenerator
generator: ArithmeticExtensionGenerator
generator: ArithmeticExtensionGenerator
generator: ArithmeticExtensionGenerator
generator: ArithmeticExtensionGenerator
generator: ArithmeticExtensionGenerator
generator: ArithmeticExtensionGenerator
generator: ArithmeticExtensionGenerator
generator: ArithmeticExtensionGenerator
generator: ArithmeticExtensionGenerator
generator: ArithmeticExtensionGenerator
generator: ArithmeticExtensionGenerator
generator: ArithmeticExtensionGenerator
generator: ArithmeticExtensionGenerator
generator: ArithmeticExtensionGenerator
generator: ArithmeticExtensionGenerator
generator: ArithmeticExtensionGenerator
generator: ArithmeticExtensionGenerator
generator: ArithmeticExtensionGenerator
generator: ArithmeticExtensionGenerator
generator: ArithmeticExtensionGenerator
generator: MulExtensionGenerator
generator: MulExtensionGenerator
generator: MulExtensionGenerator
generator: MulExtensionGenerator
generator: MulExtensionGenerator
generator: MulExtensionGenerator
generator: MulExtensionGenerator
generator: MulExtensionGenerator
generator: MulExtensionGenerator
generator: MulExtensionGenerator
generator: MulExtensionGenerator
generator: MulExtensionGenerator
generator: MulExtensionGenerator
generator: ArithmeticExtensionGenerator
generator: ArithmeticExtensionGenerator
generator: ArithmeticExtensionGenerator
generator: ArithmeticExtensionGenerator
generator: ArithmeticExtensionGenerator
generator: ArithmeticExtensionGenerator
generator: ArithmeticExtensionGenerator
generator: ArithmeticExtensionGenerator
generator: ArithmeticExtensionGenerator
generator: ArithmeticExtensionGenerator
generator: ArithmeticExtensionGenerator
generator: ArithmeticExtensionGenerator
generator: ArithmeticExtensionGenerator
generator: ArithmeticExtensionGenerator
generator: ArithmeticExtensionGenerator
generator: ArithmeticExtensionGenerator
generator: ArithmeticExtensionGenerator
generator: ArithmeticExtensionGenerator
generator: ArithmeticExtensionGenerator
generator: ArithmeticExtensionGenerator
generator: MulExtensionGenerator
generator: MulExtensionGenerator
generator: MulExtensionGenerator
generator: MulExtensionGenerator
generator: MulExtensionGenerator
generator: MulExtensionGenerator
generator: MulExtensionGenerator
generator: MulExtensionGenerator
generator: MulExtensionGenerator
generator: MulExtensionGenerator
generator: MulExtensionGenerator
generator: MulExtensionGenerator
generator: MulExtensionGenerator
generator: MulExtensionGenerator
generator: MulExtensionGenerator
generator: MulExtensionGenerator
generator: MulExtensionGenerator
generator: MulExtensionGenerator
generator: MulExtensionGenerator
generator: MulExtensionGenerator
generator: MulExtensionGenerator
generator: MulExtensionGenerator
generator: MulExtensionGenerator
generator: MulExtensionGenerator
generator: MulExtensionGenerator
generator: MulExtensionGenerator
generator: ArithmeticExtensionGenerator
generator: ArithmeticExtensionGenerator
generator: ArithmeticExtensionGenerator
generator: ArithmeticExtensionGenerator
generator: ArithmeticExtensionGenerator
generator: ArithmeticExtensionGenerator
generator: ArithmeticExtensionGenerator
generator: ArithmeticExtensionGenerator
generator: ArithmeticExtensionGenerator
generator: ArithmeticExtensionGenerator
generator: ArithmeticExtensionGenerator
generator: ArithmeticExtensionGenerator
generator: ArithmeticExtensionGenerator
generator: ArithmeticExtensionGenerator
generator: ArithmeticExtensionGenerator
generator: ArithmeticExtensionGenerator
generator: ArithmeticExtensionGenerator
generator: ArithmeticExtensionGenerator
generator: ArithmeticExtensionGenerator
generator: ArithmeticExtensionGenerator
generator: MulExtensionGenerator
generator: MulExtensionGenerator
generator: MulExtensionGenerator
generator: MulExtensionGenerator
generator: MulExtensionGenerator
generator: MulExtensionGenerator
generator: MulExtensionGenerator
generator: MulExtensionGenerator
generator: MulExtensionGenerator
generator: MulExtensionGenerator
generator: MulExtensionGenerator
generator: MulExtensionGenerator
generator: MulExtensionGenerator
generator: ArithmeticExtensionGenerator
generator: ArithmeticExtensionGenerator
generator: ArithmeticExtensionGenerator
generator: ArithmeticExtensionGenerator
generator: ArithmeticExtensionGenerator
generator: ArithmeticExtensionGenerator
generator: ArithmeticExtensionGenerator
generator: ArithmeticExtensionGenerator
generator: ArithmeticExtensionGenerator
generator: ArithmeticExtensionGenerator
generator: ArithmeticExtensionGenerator
generator: ArithmeticExtensionGenerator
generator: ArithmeticExtensionGenerator
generator: ArithmeticExtensionGenerator
generator: ArithmeticExtensionGenerator
generator: ArithmeticExtensionGenerator
generator: ArithmeticExtensionGenerator
generator: ArithmeticExtensionGenerator
generator: ArithmeticExtensionGenerator
generator: ArithmeticExtensionGenerator
generator: ArithmeticExtensionGenerator
generator: ArithmeticExtensionGenerator
generator: ArithmeticExtensionGenerator
generator: ArithmeticExtensionGenerator
generator: ArithmeticExtensionGenerator
generator: ArithmeticExtensionGenerator
generator: ArithmeticExtensionGenerator
generator: ArithmeticExtensionGenerator
generator: ArithmeticExtensionGenerator
generator: ArithmeticExtensionGenerator
generator: ArithmeticExtensionGenerator
generator: ArithmeticExtensionGenerator
generator: ArithmeticExtensionGenerator
generator: ArithmeticExtensionGenerator
generator: ArithmeticExtensionGenerator
generator: ArithmeticExtensionGenerator
generator: ArithmeticExtensionGenerator
generator: ArithmeticExtensionGenerator
generator: ArithmeticExtensionGenerator
generator: ArithmeticExtensionGenerator
generator: MulExtensionGenerator
generator: MulExtensionGenerator
generator: MulExtensionGenerator
generator: MulExtensionGenerator
generator: MulExtensionGenerator
generator: MulExtensionGenerator
generator: MulExtensionGenerator
generator: MulExtensionGenerator
generator: MulExtensionGenerator
generator: MulExtensionGenerator
generator: MulExtensionGenerator
generator: MulExtensionGenerator
generator: MulExtensionGenerator
generator: MulExtensionGenerator
generator: MulExtensionGenerator
generator: MulExtensionGenerator
generator: MulExtensionGenerator
generator: MulExtensionGenerator
generator: MulExtensionGenerator
generator: MulExtensionGenerator
generator: MulExtensionGenerator
generator: MulExtensionGenerator
generator: MulExtensionGenerator
generator: MulExtensionGenerator
generator: MulExtensionGenerator
generator: MulExtensionGenerator
generator: ArithmeticExtensionGenerator
generator: ArithmeticExtensionGenerator
generator: ArithmeticExtensionGenerator
generator: ArithmeticExtensionGenerator
generator: ArithmeticExtensionGenerator
generator: ArithmeticExtensionGenerator
generator: ArithmeticExtensionGenerator
generator: ArithmeticExtensionGenerator
generator: ArithmeticExtensionGenerator
generator: ArithmeticExtensionGenerator
generator: ArithmeticExtensionGenerator
generator: ArithmeticExtensionGenerator
generator: ArithmeticExtensionGenerator
generator: ArithmeticExtensionGenerator
generator: ArithmeticExtensionGenerator
generator: ArithmeticExtensionGenerator
generator: ArithmeticExtensionGenerator
generator: ArithmeticExtensionGenerator
generator: ArithmeticExtensionGenerator
generator: ArithmeticExtensionGenerator
generator: MulExtensionGenerator
generator: MulExtensionGenerator
generator: MulExtensionGenerator
generator: MulExtensionGenerator
generator: MulExtensionGenerator
generator: MulExtensionGenerator
generator: MulExtensionGenerator
generator: MulExtensionGenerator
generator: MulExtensionGenerator
generator: MulExtensionGenerator
generator: MulExtensionGenerator
generator: MulExtensionGenerator
generator: MulExtensionGenerator
generator: ArithmeticExtensionGenerator
generator: ArithmeticExtensionGenerator
generator: ArithmeticExtensionGenerator
generator: ArithmeticExtensionGenerator
generator: ArithmeticExtensionGenerator
generator: ArithmeticExtensionGenerator
generator: ArithmeticExtensionGenerator
generator: ArithmeticExtensionGenerator
generator: ArithmeticExtensionGenerator
generator: ArithmeticExtensionGenerator
generator: ArithmeticExtensionGenerator
generator: ArithmeticExtensionGenerator
generator: ArithmeticExtensionGenerator
generator: ArithmeticExtensionGenerator
generator: ArithmeticExtensionGenerator
generator: ArithmeticExtensionGenerator
generator: ArithmeticExtensionGenerator
generator: ArithmeticExtensionGenerator
generator: ArithmeticExtensionGenerator
generator: ArithmeticExtensionGenerator
generator: ArithmeticExtensionGenerator
generator: ArithmeticExtensionGenerator
generator: ArithmeticExtensionGenerator
generator: ArithmeticExtensionGenerator
generator: ArithmeticExtensionGenerator
generator: ArithmeticExtensionGenerator
generator: ArithmeticExtensionGenerator
generator: ArithmeticExtensionGenerator
generator: ArithmeticExtensionGenerator
generator: ArithmeticExtensionGenerator
generator: ArithmeticExtensionGenerator
generator: ArithmeticExtensionGenerator
generator: ArithmeticExtensionGenerator
generator: ArithmeticExtensionGenerator
generator: ArithmeticExtensionGenerator
generator: ArithmeticExtensionGenerator
generator: ArithmeticExtensionGenerator
generator: ArithmeticExtensionGenerator
generator: ArithmeticExtensionGenerator
generator: ArithmeticExtensionGenerator
generator: ArithmeticExtensionGenerator
generator: ArithmeticExtensionGenerator
generator: ArithmeticExtensionGenerator
generator: ArithmeticExtensionGenerator
generator: ArithmeticExtensionGenerator
generator: ArithmeticExtensionGenerator
generator: ArithmeticExtensionGenerator
generator: ArithmeticExtensionGenerator
generator: ArithmeticExtensionGenerator
generator: ArithmeticExtensionGenerator
generator: ArithmeticExtensionGenerator
generator: ArithmeticExtensionGenerator
generator: ArithmeticExtensionGenerator
generator: ArithmeticExtensionGenerator
generator: ArithmeticExtensionGenerator
generator: ArithmeticExtensionGenerator
generator: ArithmeticExtensionGenerator
generator: ArithmeticExtensionGenerator
generator: ArithmeticExtensionGenerator
generator: ArithmeticExtensionGenerator
generator: ArithmeticExtensionGenerator
generator: ArithmeticExtensionGenerator
generator: ArithmeticExtensionGenerator
generator: ArithmeticExtensionGenerator
generator: ArithmeticExtensionGenerator
generator: ArithmeticExtensionGenerator
generator: ArithmeticExtensionGenerator
generator: ArithmeticExtensionGenerator
generator: ArithmeticExtensionGenerator
generator: ArithmeticExtensionGenerator
generator: ArithmeticExtensionGenerator
generator: ArithmeticExtensionGenerator
generator: ArithmeticExtensionGenerator
generator: ArithmeticExtensionGenerator
generator: ArithmeticExtensionGenerator
generator: ArithmeticExtensionGenerator
generator: ArithmeticExtensionGenerator
generator: ArithmeticExtensionGenerator
generator: ArithmeticExtensionGenerator
generator: ArithmeticExtensionGenerator
generator: ArithmeticExtensionGenerator
generator: ArithmeticExtensionGenerator
generator: ArithmeticExtensionGenerator
generator: ArithmeticExtensionGenerator
generator: ArithmeticExtensionGenerator
generator: ArithmeticExtensionGenerator
generator: ArithmeticExtensionGenerator
generator: ArithmeticExtensionGenerator
generator: ArithmeticExtensionGenerator
generator: ArithmeticExtensionGenerator
generator: ArithmeticExtensionGenerator
generator: ArithmeticExtensionGenerator
generator: ArithmeticExtensionGenerator
generator: ArithmeticExtensionGenerator
generator: ArithmeticExtensionGenerator
generator: ArithmeticExtensionGenerator
generator: ArithmeticExtensionGenerator
generator: ArithmeticExtensionGenerator
generator: ArithmeticExtensionGenerator
generator: ArithmeticExtensionGenerator
generator: ArithmeticExtensionGenerator
generator: ArithmeticExtensionGenerator
generator: ArithmeticExtensionGenerator
generator: ArithmeticExtensionGenerator
generator: ArithmeticExtensionGenerator
generator: ArithmeticExtensionGenerator
generator: ArithmeticExtensionGenerator
generator: ArithmeticExtensionGenerator
generator: ArithmeticExtensionGenerator
generator: ArithmeticExtensionGenerator
generator: ArithmeticExtensionGenerator
generator: ArithmeticExtensionGenerator
generator: ArithmeticExtensionGenerator
generator: ArithmeticExtensionGenerator
generator: ArithmeticExtensionGenerator
generator: ArithmeticExtensionGenerator
generator: ArithmeticExtensionGenerator
generator: ArithmeticExtensionGenerator
generator: ArithmeticExtensionGenerator
generator: ArithmeticExtensionGenerator
generator: ArithmeticExtensionGenerator
generator: ArithmeticExtensionGenerator
generator: ArithmeticExtensionGenerator
generator: ArithmeticExtensionGenerator
generator: ArithmeticExtensionGenerator
generator: ArithmeticExtensionGenerator
generator: ArithmeticExtensionGenerator
generator: ArithmeticExtensionGenerator
generator: ArithmeticExtensionGenerator
generator: ArithmeticExtensionGenerator
generator: ArithmeticExtensionGenerator
generator: ArithmeticExtensionGenerator
generator: ArithmeticExtensionGenerator
generator: ArithmeticExtensionGenerator
generator: ArithmeticExtensionGenerator
generator: ArithmeticExtensionGenerator
generator: ArithmeticExtensionGenerator
generator: ArithmeticExtensionGenerator
generator: ArithmeticExtensionGenerator
generator: ArithmeticExtensionGenerator
generator: ArithmeticExtensionGenerator
generator: ArithmeticExtensionGenerator
generator: ArithmeticExtensionGenerator
generator: ArithmeticExtensionGenerator
generator: ArithmeticExtensionGenerator
generator: ArithmeticExtensionGenerator
generator: ArithmeticExtensionGenerator
generator: ArithmeticExtensionGenerator
generator: ArithmeticExtensionGenerator
generator: ArithmeticExtensionGenerator
generator: ArithmeticExtensionGenerator
generator: ArithmeticExtensionGenerator
generator: ArithmeticExtensionGenerator
generator: ArithmeticExtensionGenerator
generator: ArithmeticExtensionGenerator
generator: ArithmeticExtensionGenerator
generator: ArithmeticExtensionGenerator
generator: ArithmeticExtensionGenerator
generator: ArithmeticExtensionGenerator
generator: ArithmeticExtensionGenerator
generator: ArithmeticExtensionGenerator
generator: ArithmeticExtensionGenerator
generator: ArithmeticExtensionGenerator
generator: ArithmeticExtensionGenerator
generator: ArithmeticExtensionGenerator
generator: ArithmeticExtensionGenerator
generator: ArithmeticExtensionGenerator
generator: ArithmeticExtensionGenerator
generator: ArithmeticExtensionGenerator
generator: ArithmeticExtensionGenerator
generator: ArithmeticExtensionGenerator
generator: ArithmeticExtensionGenerator
generator: ArithmeticExtensionGenerator
generator: ArithmeticExtensionGenerator
generator: ArithmeticExtensionGenerator
generator: ArithmeticExtensionGenerator
generator: ArithmeticExtensionGenerator
generator: ArithmeticExtensionGenerator
generator: ArithmeticExtensionGenerator
generator: ArithmeticExtensionGenerator
generator: ArithmeticExtensionGenerator
generator: ArithmeticExtensionGenerator
generator: ArithmeticExtensionGenerator
generator: ArithmeticExtensionGenerator
generator: ArithmeticExtensionGenerator
generator: ArithmeticExtensionGenerator
generator: ArithmeticExtensionGenerator
generator: ArithmeticExtensionGenerator
generator: ArithmeticExtensionGenerator
generator: ArithmeticExtensionGenerator
generator: ArithmeticExtensionGenerator
generator: ArithmeticExtensionGenerator
generator: ArithmeticExtensionGenerator
generator: ArithmeticExtensionGenerator
generator: ArithmeticExtensionGenerator
generator: ArithmeticExtensionGenerator
generator: ArithmeticExtensionGenerator
generator: ArithmeticExtensionGenerator
generator: ArithmeticExtensionGenerator
generator: ArithmeticExtensionGenerator
generator: ArithmeticExtensionGenerator
generator: ArithmeticExtensionGenerator
generator: ArithmeticExtensionGenerator
generator: ArithmeticExtensionGenerator
generator: ArithmeticExtensionGenerator
generator: ArithmeticExtensionGenerator
generator: ArithmeticExtensionGenerator
generator: ArithmeticExtensionGenerator
generator: ArithmeticExtensionGenerator
generator: ArithmeticExtensionGenerator
generator: ArithmeticExtensionGenerator
generator: ArithmeticExtensionGenerator
generator: ArithmeticExtensionGenerator
generator: ArithmeticExtensionGenerator
generator: ArithmeticExtensionGenerator
generator: ArithmeticExtensionGenerator
generator: ArithmeticExtensionGenerator
generator: ArithmeticExtensionGenerator
generator: ArithmeticExtensionGenerator
generator: ArithmeticExtensionGenerator
generator: MulExtensionGenerator
generator: MulExtensionGenerator
generator: MulExtensionGenerator
generator: MulExtensionGenerator
generator: MulExtensionGenerator
generator: MulExtensionGenerator
generator: MulExtensionGenerator
generator: MulExtensionGenerator
generator: MulExtensionGenerator
generator: MulExtensionGenerator
generator: MulExtensionGenerator
generator: MulExtensionGenerator
generator: MulExtensionGenerator
generator: ArithmeticExtensionGenerator
generator: ArithmeticExtensionGenerator
generator: ArithmeticExtensionGenerator
generator: ArithmeticExtensionGenerator
generator: ArithmeticExtensionGenerator
generator: ArithmeticExtensionGenerator
generator: ArithmeticExtensionGenerator
generator: ArithmeticExtensionGenerator
generator: ArithmeticExtensionGenerator
generator: ArithmeticExtensionGenerator
generator: ArithmeticExtensionGenerator
generator: ArithmeticExtensionGenerator
generator: ArithmeticExtensionGenerator
generator: ArithmeticExtensionGenerator
generator: ArithmeticExtensionGenerator
generator: ArithmeticExtensionGenerator
generator: ArithmeticExtensionGenerator
generator: ArithmeticExtensionGenerator
generator: ArithmeticExtensionGenerator
generator: ArithmeticExtensionGenerator
generator: ArithmeticExtensionGenerator
generator: ArithmeticExtensionGenerator
generator: ArithmeticExtensionGenerator
generator: ArithmeticExtensionGenerator
generator: ArithmeticExtensionGenerator
generator: ArithmeticExtensionGenerator
generator: ArithmeticExtensionGenerator
generator: ArithmeticExtensionGenerator
generator: ArithmeticExtensionGenerator
generator: ArithmeticExtensionGenerator
generator: MulExtensionGenerator
generator: MulExtensionGenerator
generator: MulExtensionGenerator
generator: MulExtensionGenerator
generator: MulExtensionGenerator
generator: MulExtensionGenerator
generator: MulExtensionGenerator
generator: MulExtensionGenerator
generator: MulExtensionGenerator
generator: MulExtensionGenerator
generator: MulExtensionGenerator
generator: MulExtensionGenerator
generator: MulExtensionGenerator
generator: MulExtensionGenerator
generator: MulExtensionGenerator
generator: MulExtensionGenerator
generator: MulExtensionGenerator
generator: MulExtensionGenerator
generator: MulExtensionGenerator
generator: MulExtensionGenerator
generator: MulExtensionGenerator
generator: MulExtensionGenerator
generator: MulExtensionGenerator
generator: MulExtensionGenerator
generator: MulExtensionGenerator
generator: MulExtensionGenerator
generator: ArithmeticExtensionGenerator
generator: ArithmeticExtensionGenerator
generator: ArithmeticExtensionGenerator
generator: ArithmeticExtensionGenerator
generator: ArithmeticExtensionGenerator
generator: ArithmeticExtensionGenerator
generator: ArithmeticExtensionGenerator
generator: ArithmeticExtensionGenerator
generator: ArithmeticExtensionGenerator
generator: ArithmeticExtensionGenerator
generator: ArithmeticExtensionGenerator
generator: ArithmeticExtensionGenerator
generator: ArithmeticExtensionGenerator
generator: ArithmeticExtensionGenerator
generator: ArithmeticExtensionGenerator
generator: ArithmeticExtensionGenerator
generator: ArithmeticExtensionGenerator
generator: ArithmeticExtensionGenerator
generator: ArithmeticExtensionGenerator
generator: ArithmeticExtensionGenerator
generator: ArithmeticExtensionGenerator
generator: ArithmeticExtensionGenerator
generator: ArithmeticExtensionGenerator
generator: ArithmeticExtensionGenerator
generator: ArithmeticExtensionGenerator
generator: ArithmeticExtensionGenerator
generator: ArithmeticExtensionGenerator
generator: ArithmeticExtensionGenerator
generator: ArithmeticExtensionGenerator
generator: ArithmeticExtensionGenerator
generator: ArithmeticExtensionGenerator
generator: ArithmeticExtensionGenerator
generator: ArithmeticExtensionGenerator
generator: ArithmeticExtensionGenerator
generator: ArithmeticExtensionGenerator
generator: ArithmeticExtensionGenerator
generator: ArithmeticExtensionGenerator
generator: ArithmeticExtensionGenerator
generator: ArithmeticExtensionGenerator
generator: ArithmeticExtensionGenerator
generator: MulExtensionGenerator
generator: MulExtensionGenerator
generator: MulExtensionGenerator
generator: MulExtensionGenerator
generator: MulExtensionGenerator
generator: MulExtensionGenerator
generator: MulExtensionGenerator
generator: MulExtensionGenerator
generator: MulExtensionGenerator
generator: MulExtensionGenerator
generator: MulExtensionGenerator
generator: MulExtensionGenerator
generator: MulExtensionGenerator
generator: ArithmeticExtensionGenerator
generator: ArithmeticExtensionGenerator
generator: ArithmeticExtensionGenerator
generator: ArithmeticExtensionGenerator
generator: ArithmeticExtensionGenerator
generator: ArithmeticExtensionGenerator
generator: ArithmeticExtensionGenerator
generator: ArithmeticExtensionGenerator
generator: ArithmeticExtensionGenerator
generator: ArithmeticExtensionGenerator
generator: ArithmeticExtensionGenerator
generator: ArithmeticExtensionGenerator
generator: ArithmeticExtensionGenerator
generator: ArithmeticExtensionGenerator
generator: ArithmeticExtensionGenerator
generator: ArithmeticExtensionGenerator
generator: ArithmeticExtensionGenerator
generator: ArithmeticExtensionGenerator
generator: ArithmeticExtensionGenerator
generator: ArithmeticExtensionGenerator
generator: ArithmeticExtensionGenerator
generator: ArithmeticExtensionGenerator
generator: ArithmeticExtensionGenerator
generator: ArithmeticExtensionGenerator
generator: ArithmeticExtensionGenerator
generator: ArithmeticExtensionGenerator
generator: ArithmeticExtensionGenerator
generator: ArithmeticExtensionGenerator
generator: ArithmeticExtensionGenerator
generator: ArithmeticExtensionGenerator
generator: MulExtensionGenerator
generator: MulExtensionGenerator
generator: MulExtensionGenerator
generator: MulExtensionGenerator
generator: MulExtensionGenerator
generator: MulExtensionGenerator
generator: MulExtensionGenerator
generator: MulExtensionGenerator
generator: MulExtensionGenerator
generator: MulExtensionGenerator
generator: MulExtensionGenerator
generator: MulExtensionGenerator
generator: MulExtensionGenerator
generator: MulExtensionGenerator
generator: MulExtensionGenerator
generator: MulExtensionGenerator
generator: MulExtensionGenerator
generator: MulExtensionGenerator
generator: MulExtensionGenerator
generator: MulExtensionGenerator
generator: MulExtensionGenerator
generator: MulExtensionGenerator
generator: MulExtensionGenerator
generator: MulExtensionGenerator
generator: MulExtensionGenerator
generator: MulExtensionGenerator
generator: ArithmeticExtensionGenerator
generator: ArithmeticExtensionGenerator
generator: ArithmeticExtensionGenerator
generator: ArithmeticExtensionGenerator
generator: ArithmeticExtensionGenerator
generator: ArithmeticExtensionGenerator
generator: ArithmeticExtensionGenerator
generator: ArithmeticExtensionGenerator
generator: ArithmeticExtensionGenerator
generator: ArithmeticExtensionGenerator
generator: ArithmeticExtensionGenerator
generator: ArithmeticExtensionGenerator
generator: ArithmeticExtensionGenerator
generator: ArithmeticExtensionGenerator
generator: ArithmeticExtensionGenerator
generator: ArithmeticExtensionGenerator
generator: ArithmeticExtensionGenerator
generator: ArithmeticExtensionGenerator
generator: ArithmeticExtensionGenerator
generator: ArithmeticExtensionGenerator
generator: ArithmeticExtensionGenerator
generator: ArithmeticExtensionGenerator
generator: ArithmeticExtensionGenerator
generator: ArithmeticExtensionGenerator
generator: ArithmeticExtensionGenerator
generator: ArithmeticExtensionGenerator
generator: ArithmeticExtensionGenerator
generator: ArithmeticExtensionGenerator
generator: ArithmeticExtensionGenerator
generator: ArithmeticExtensionGenerator
generator: MulExtensionGenerator
generator: MulExtensionGenerator
generator: MulExtensionGenerator
generator: MulExtensionGenerator
generator: MulExtensionGenerator
generator: MulExtensionGenerator
generator: MulExtensionGenerator
generator: MulExtensionGenerator
generator: MulExtensionGenerator
generator: MulExtensionGenerator
generator: MulExtensionGenerator
generator: MulExtensionGenerator
generator: MulExtensionGenerator
generator: ArithmeticExtensionGenerator
generator: ArithmeticExtensionGenerator
generator: ArithmeticExtensionGenerator
generator: ArithmeticExtensionGenerator
generator: ArithmeticExtensionGenerator
generator: ArithmeticExtensionGenerator
generator: ArithmeticExtensionGenerator
generator: ArithmeticExtensionGenerator
generator: ArithmeticExtensionGenerator
generator: ArithmeticExtensionGenerator
generator: ArithmeticExtensionGenerator
generator: ArithmeticExtensionGenerator
generator: ArithmeticExtensionGenerator
generator: ArithmeticExtensionGenerator
generator: ArithmeticExtensionGenerator
generator: ArithmeticExtensionGenerator
generator: ArithmeticExtensionGenerator
generator: ArithmeticExtensionGenerator
generator: ArithmeticExtensionGenerator
generator: ArithmeticExtensionGenerator
generator: ArithmeticExtensionGenerator
generator: ArithmeticExtensionGenerator
generator: ArithmeticExtensionGenerator
generator: ArithmeticExtensionGenerator
generator: ArithmeticExtensionGenerator
generator: ArithmeticExtensionGenerator
generator: ArithmeticExtensionGenerator
generator: ArithmeticExtensionGenerator
generator: ArithmeticExtensionGenerator
generator: ArithmeticExtensionGenerator
generator: ArithmeticExtensionGenerator
generator: ArithmeticExtensionGenerator
generator: ArithmeticExtensionGenerator
generator: ArithmeticExtensionGenerator
generator: ArithmeticExtensionGenerator
generator: ArithmeticExtensionGenerator
generator: ArithmeticExtensionGenerator
generator: ArithmeticExtensionGenerator
generator: ArithmeticExtensionGenerator
generator: ArithmeticExtensionGenerator
generator: ArithmeticExtensionGenerator
generator: ArithmeticExtensionGenerator
generator: ArithmeticExtensionGenerator
generator: ArithmeticExtensionGenerator
generator: ArithmeticExtensionGenerator
generator: ArithmeticExtensionGenerator
generator: ArithmeticExtensionGenerator
generator: ArithmeticExtensionGenerator
generator: ArithmeticExtensionGenerator
generator: ArithmeticExtensionGenerator
generator: MulExtensionGenerator
generator: MulExtensionGenerator
generator: MulExtensionGenerator
generator: MulExtensionGenerator
generator: MulExtensionGenerator
generator: MulExtensionGenerator
generator: MulExtensionGenerator
generator: MulExtensionGenerator
generator: MulExtensionGenerator
generator: MulExtensionGenerator
generator: MulExtensionGenerator
generator: MulExtensionGenerator
generator: MulExtensionGenerator
generator: MulExtensionGenerator
generator: MulExtensionGenerator
generator: MulExtensionGenerator
generator: MulExtensionGenerator
generator: MulExtensionGenerator
generator: MulExtensionGenerator
generator: MulExtensionGenerator
generator: MulExtensionGenerator
generator: MulExtensionGenerator
generator: MulExtensionGenerator
generator: MulExtensionGenerator
generator: MulExtensionGenerator
generator: MulExtensionGenerator
generator: MulExtensionGenerator
generator: MulExtensionGenerator
generator: MulExtensionGenerator
generator: MulExtensionGenerator
generator: MulExtensionGenerator
generator: MulExtensionGenerator
generator: MulExtensionGenerator
generator: MulExtensionGenerator
generator: MulExtensionGenerator
generator: MulExtensionGenerator
generator: MulExtensionGenerator
generator: MulExtensionGenerator
generator: MulExtensionGenerator
generator: MulExtensionGenerator
generator: MulExtensionGenerator
generator: MulExtensionGenerator
generator: MulExtensionGenerator
generator: MulExtensionGenerator
generator: MulExtensionGenerator
generator: MulExtensionGenerator
generator: MulExtensionGenerator
generator: MulExtensionGenerator
generator: MulExtensionGenerator
generator: MulExtensionGenerator
generator: MulExtensionGenerator
generator: MulExtensionGenerator
generator: PoseidonMdsGenerator
generator: ArithmeticExtensionGenerator
generator: ArithmeticExtensionGenerator
generator: ArithmeticExtensionGenerator
generator: ArithmeticExtensionGenerator
generator: ArithmeticExtensionGenerator
generator: ArithmeticExtensionGenerator
generator: ArithmeticExtensionGenerator
generator: ArithmeticExtensionGenerator
generator: ArithmeticExtensionGenerator
generator: ArithmeticExtensionGenerator
generator: ArithmeticExtensionGenerator
generator: ArithmeticExtensionGenerator
generator: ArithmeticExtensionGenerator
generator: ArithmeticExtensionGenerator
generator: ArithmeticExtensionGenerator
generator: ArithmeticExtensionGenerator
generator: ArithmeticExtensionGenerator
generator: ArithmeticExtensionGenerator
generator: ArithmeticExtensionGenerator
generator: ArithmeticExtensionGenerator
generator: ArithmeticExtensionGenerator
generator: ArithmeticExtensionGenerator
generator: ArithmeticExtensionGenerator
generator: ArithmeticExtensionGenerator
generator: ArithmeticExtensionGenerator
generator: ArithmeticExtensionGenerator
generator: ArithmeticExtensionGenerator
generator: ArithmeticExtensionGenerator
generator: ArithmeticExtensionGenerator
generator: ArithmeticExtensionGenerator
generator: MulExtensionGenerator
generator: MulExtensionGenerator
generator: MulExtensionGenerator
generator: MulExtensionGenerator
generator: MulExtensionGenerator
generator: MulExtensionGenerator
generator: MulExtensionGenerator
generator: MulExtensionGenerator
generator: MulExtensionGenerator
generator: MulExtensionGenerator
generator: MulExtensionGenerator
generator: MulExtensionGenerator
generator: MulExtensionGenerator
generator: MulExtensionGenerator
generator: MulExtensionGenerator
generator: MulExtensionGenerator
generator: MulExtensionGenerator
generator: MulExtensionGenerator
generator: MulExtensionGenerator
generator: MulExtensionGenerator
generator: MulExtensionGenerator
generator: MulExtensionGenerator
generator: MulExtensionGenerator
generator: MulExtensionGenerator
generator: MulExtensionGenerator
generator: MulExtensionGenerator
generator: MulExtensionGenerator
generator: MulExtensionGenerator
generator: MulExtensionGenerator
generator: MulExtensionGenerator
generator: MulExtensionGenerator
generator: MulExtensionGenerator
generator: MulExtensionGenerator
generator: MulExtensionGenerator
generator: MulExtensionGenerator
generator: MulExtensionGenerator
generator: MulExtensionGenerator
generator: MulExtensionGenerator
generator: MulExtensionGenerator
generator: PoseidonMdsGenerator
generator: ArithmeticExtensionGenerator
generator: ArithmeticExtensionGenerator
generator: ArithmeticExtensionGenerator
generator: ArithmeticExtensionGenerator
generator: ArithmeticExtensionGenerator
generator: ArithmeticExtensionGenerator
generator: ArithmeticExtensionGenerator
generator: ArithmeticExtensionGenerator
generator: ArithmeticExtensionGenerator
generator: ArithmeticExtensionGenerator
generator: ArithmeticExtensionGenerator
generator: ArithmeticExtensionGenerator
generator: ArithmeticExtensionGenerator
generator: ArithmeticExtensionGenerator
generator: ArithmeticExtensionGenerator
generator: ArithmeticExtensionGenerator
generator: ArithmeticExtensionGenerator
generator: ArithmeticExtensionGenerator
generator: ArithmeticExtensionGenerator
generator: ArithmeticExtensionGenerator
generator: MulExtensionGenerator
generator: MulExtensionGenerator
generator: MulExtensionGenerator
generator: MulExtensionGenerator
generator: MulExtensionGenerator
generator: MulExtensionGenerator
generator: MulExtensionGenerator
generator: MulExtensionGenerator
generator: MulExtensionGenerator
generator: MulExtensionGenerator
generator: MulExtensionGenerator
generator: MulExtensionGenerator
generator: MulExtensionGenerator
generator: MulExtensionGenerator
generator: MulExtensionGenerator
generator: MulExtensionGenerator
generator: MulExtensionGenerator
generator: MulExtensionGenerator
generator: MulExtensionGenerator
generator: MulExtensionGenerator
generator: MulExtensionGenerator
generator: MulExtensionGenerator
generator: MulExtensionGenerator
generator: MulExtensionGenerator
generator: MulExtensionGenerator
generator: MulExtensionGenerator
generator: MulExtensionGenerator
generator: MulExtensionGenerator
generator: MulExtensionGenerator
generator: MulExtensionGenerator
generator: MulExtensionGenerator
generator: MulExtensionGenerator
generator: MulExtensionGenerator
generator: MulExtensionGenerator
generator: MulExtensionGenerator
generator: MulExtensionGenerator
generator: MulExtensionGenerator
generator: MulExtensionGenerator
generator: MulExtensionGenerator
generator: MulExtensionGenerator
generator: MulExtensionGenerator
generator: MulExtensionGenerator
generator: MulExtensionGenerator
generator: MulExtensionGenerator
generator: MulExtensionGenerator
generator: MulExtensionGenerator
generator: MulExtensionGenerator
generator: MulExtensionGenerator
generator: MulExtensionGenerator
generator: MulExtensionGenerator
generator: MulExtensionGenerator
generator: MulExtensionGenerator
generator: PoseidonMdsGenerator
generator: ArithmeticExtensionGenerator
generator: ArithmeticExtensionGenerator
generator: ArithmeticExtensionGenerator
generator: ArithmeticExtensionGenerator
generator: ArithmeticExtensionGenerator
generator: ArithmeticExtensionGenerator
generator: ArithmeticExtensionGenerator
generator: ArithmeticExtensionGenerator
generator: ArithmeticExtensionGenerator
generator: ArithmeticExtensionGenerator
generator: ArithmeticExtensionGenerator
generator: ArithmeticExtensionGenerator
generator: ArithmeticExtensionGenerator
generator: ArithmeticExtensionGenerator
generator: ArithmeticExtensionGenerator
generator: ArithmeticExtensionGenerator
generator: ArithmeticExtensionGenerator
generator: ArithmeticExtensionGenerator
generator: ArithmeticExtensionGenerator
generator: ArithmeticExtensionGenerator
generator: MulExtensionGenerator
generator: MulExtensionGenerator
generator: MulExtensionGenerator
generator: MulExtensionGenerator
generator: MulExtensionGenerator
generator: MulExtensionGenerator
generator: MulExtensionGenerator
generator: MulExtensionGenerator
generator: MulExtensionGenerator
generator: MulExtensionGenerator
generator: MulExtensionGenerator
generator: MulExtensionGenerator
generator: MulExtensionGenerator
generator: MulExtensionGenerator
generator: MulExtensionGenerator
generator: MulExtensionGenerator
generator: MulExtensionGenerator
generator: MulExtensionGenerator
generator: MulExtensionGenerator
generator: MulExtensionGenerator
generator: MulExtensionGenerator
generator: MulExtensionGenerator
generator: MulExtensionGenerator
generator: MulExtensionGenerator
generator: MulExtensionGenerator
generator: MulExtensionGenerator
generator: MulExtensionGenerator
generator: MulExtensionGenerator
generator: MulExtensionGenerator
generator: MulExtensionGenerator
generator: MulExtensionGenerator
generator: MulExtensionGenerator
generator: MulExtensionGenerator
generator: MulExtensionGenerator
generator: MulExtensionGenerator
generator: MulExtensionGenerator
generator: MulExtensionGenerator
generator: MulExtensionGenerator
generator: MulExtensionGenerator
generator: MulExtensionGenerator
generator: MulExtensionGenerator
generator: MulExtensionGenerator
generator: MulExtensionGenerator
generator: MulExtensionGenerator
generator: MulExtensionGenerator
generator: MulExtensionGenerator
generator: MulExtensionGenerator
generator: MulExtensionGenerator
generator: MulExtensionGenerator
generator: MulExtensionGenerator
generator: MulExtensionGenerator
generator: MulExtensionGenerator
generator: PoseidonMdsGenerator
generator: ArithmeticExtensionGenerator
generator: ArithmeticExtensionGenerator
generator: ArithmeticExtensionGenerator
generator: ArithmeticExtensionGenerator
generator: ArithmeticExtensionGenerator
generator: ArithmeticExtensionGenerator
generator: ArithmeticExtensionGenerator
generator: ArithmeticExtensionGenerator
generator: ArithmeticExtensionGenerator
generator: ArithmeticExtensionGenerator
generator: PoseidonMdsGenerator
generator: ArithmeticExtensionGenerator
generator: ArithmeticExtensionGenerator
generator: ArithmeticExtensionGenerator
generator: ArithmeticExtensionGenerator
generator: ArithmeticExtensionGenerator
generator: ArithmeticExtensionGenerator
generator: ArithmeticExtensionGenerator
generator: ArithmeticExtensionGenerator
generator: ArithmeticExtensionGenerator
generator: ArithmeticExtensionGenerator
generator: ArithmeticExtensionGenerator
generator: ArithmeticExtensionGenerator
generator: ArithmeticExtensionGenerator
generator: ArithmeticExtensionGenerator
generator: ArithmeticExtensionGenerator
generator: ArithmeticExtensionGenerator
generator: ArithmeticExtensionGenerator
generator: ArithmeticExtensionGenerator
generator: ArithmeticExtensionGenerator
generator: ArithmeticExtensionGenerator
generator: PoseidonMdsGenerator
generator: ArithmeticExtensionGenerator
generator: ArithmeticExtensionGenerator
generator: ArithmeticExtensionGenerator
generator: ArithmeticExtensionGenerator
generator: ArithmeticExtensionGenerator
generator: ArithmeticExtensionGenerator
generator: ArithmeticExtensionGenerator
generator: ArithmeticExtensionGenerator
generator: ArithmeticExtensionGenerator
generator: ArithmeticExtensionGenerator
generator: MulExtensionGenerator
generator: MulExtensionGenerator
generator: MulExtensionGenerator
generator: MulExtensionGenerator
generator: MulExtensionGenerator
generator: MulExtensionGenerator
generator: MulExtensionGenerator
generator: MulExtensionGenerator
generator: MulExtensionGenerator
generator: MulExtensionGenerator
generator: MulExtensionGenerator
generator: MulExtensionGenerator
generator: MulExtensionGenerator
generator: PoseidonMdsGenerator
generator: ArithmeticExtensionGenerator
generator: ArithmeticExtensionGenerator
generator: ArithmeticExtensionGenerator
generator: ArithmeticExtensionGenerator
generator: ArithmeticExtensionGenerator
generator: ArithmeticExtensionGenerator
generator: ArithmeticExtensionGenerator
generator: ArithmeticExtensionGenerator
generator: ArithmeticExtensionGenerator
generator: ArithmeticExtensionGenerator
generator: PoseidonMdsGenerator
generator: ArithmeticExtensionGenerator
generator: ArithmeticExtensionGenerator
generator: ArithmeticExtensionGenerator
generator: ArithmeticExtensionGenerator
generator: ArithmeticExtensionGenerator
generator: ArithmeticExtensionGenerator
generator: ArithmeticExtensionGenerator
generator: ArithmeticExtensionGenerator
generator: ArithmeticExtensionGenerator
generator: ArithmeticExtensionGenerator
generator: ArithmeticExtensionGenerator
generator: ArithmeticExtensionGenerator
generator: ArithmeticExtensionGenerator
generator: ArithmeticExtensionGenerator
generator: ArithmeticExtensionGenerator
generator: ArithmeticExtensionGenerator
generator: ArithmeticExtensionGenerator
generator: ArithmeticExtensionGenerator
generator: ArithmeticExtensionGenerator
generator: ArithmeticExtensionGenerator
generator: PoseidonMdsGenerator
generator: ArithmeticExtensionGenerator
generator: ArithmeticExtensionGenerator
generator: ArithmeticExtensionGenerator
generator: ArithmeticExtensionGenerator
generator: ArithmeticExtensionGenerator
generator: ArithmeticExtensionGenerator
generator: ArithmeticExtensionGenerator
generator: ArithmeticExtensionGenerator
generator: ArithmeticExtensionGenerator
generator: ArithmeticExtensionGenerator
generator: MulExtensionGenerator
generator: MulExtensionGenerator
generator: MulExtensionGenerator
generator: MulExtensionGenerator
generator: MulExtensionGenerator
generator: MulExtensionGenerator
generator: MulExtensionGenerator
generator: MulExtensionGenerator
generator: MulExtensionGenerator
generator: MulExtensionGenerator
generator: MulExtensionGenerator
generator: MulExtensionGenerator
generator: MulExtensionGenerator
generator: PoseidonMdsGenerator
generator: ArithmeticExtensionGenerator
generator: ArithmeticExtensionGenerator
generator: ArithmeticExtensionGenerator
generator: ArithmeticExtensionGenerator
generator: ArithmeticExtensionGenerator
generator: ArithmeticExtensionGenerator
generator: ArithmeticExtensionGenerator
generator: ArithmeticExtensionGenerator
generator: ArithmeticExtensionGenerator
generator: ArithmeticExtensionGenerator
generator: ArithmeticExtensionGenerator
generator: ArithmeticExtensionGenerator
generator: ArithmeticExtensionGenerator
generator: ArithmeticExtensionGenerator
generator: ArithmeticExtensionGenerator
generator: ArithmeticExtensionGenerator
generator: ArithmeticExtensionGenerator
generator: ArithmeticExtensionGenerator
generator: ArithmeticExtensionGenerator
generator: ArithmeticExtensionGenerator
generator: PoseidonMdsGenerator
generator: ArithmeticExtensionGenerator
generator: ArithmeticExtensionGenerator
generator: ArithmeticExtensionGenerator
generator: ArithmeticExtensionGenerator
generator: ArithmeticExtensionGenerator
generator: ArithmeticExtensionGenerator
generator: ArithmeticExtensionGenerator
generator: ArithmeticExtensionGenerator
generator: ArithmeticExtensionGenerator
generator: ArithmeticExtensionGenerator
generator: PoseidonMdsGenerator
generator: ArithmeticExtensionGenerator
generator: ArithmeticExtensionGenerator
generator: ArithmeticExtensionGenerator
generator: ArithmeticExtensionGenerator
generator: ArithmeticExtensionGenerator
generator: ArithmeticExtensionGenerator
generator: ArithmeticExtensionGenerator
generator: ArithmeticExtensionGenerator
generator: ArithmeticExtensionGenerator
generator: ArithmeticExtensionGenerator
generator: MulExtensionGenerator
generator: MulExtensionGenerator
generator: MulExtensionGenerator
generator: MulExtensionGenerator
generator: MulExtensionGenerator
generator: MulExtensionGenerator
generator: MulExtensionGenerator
generator: MulExtensionGenerator
generator: MulExtensionGenerator
generator: MulExtensionGenerator
generator: MulExtensionGenerator
generator: MulExtensionGenerator
generator: MulExtensionGenerator
generator: PoseidonMdsGenerator
generator: ArithmeticExtensionGenerator
generator: ArithmeticExtensionGenerator
generator: ArithmeticExtensionGenerator
generator: ArithmeticExtensionGenerator
generator: ArithmeticExtensionGenerator
generator: ArithmeticExtensionGenerator
generator: ArithmeticExtensionGenerator
generator: ArithmeticExtensionGenerator
generator: ArithmeticExtensionGenerator
generator: ArithmeticExtensionGenerator
generator: PoseidonMdsGenerator
generator: ArithmeticExtensionGenerator
generator: ArithmeticExtensionGenerator
generator: ArithmeticExtensionGenerator
generator: ArithmeticExtensionGenerator
generator: ArithmeticExtensionGenerator
generator: ArithmeticExtensionGenerator
generator: ArithmeticExtensionGenerator
generator: ArithmeticExtensionGenerator
generator: ArithmeticExtensionGenerator
generator: ArithmeticExtensionGenerator
generator: PoseidonMdsGenerator
generator: ArithmeticExtensionGenerator
generator: ArithmeticExtensionGenerator
generator: ArithmeticExtensionGenerator
generator: ArithmeticExtensionGenerator
generator: ArithmeticExtensionGenerator
generator: ArithmeticExtensionGenerator
generator: ArithmeticExtensionGenerator
generator: ArithmeticExtensionGenerator
generator: ArithmeticExtensionGenerator
generator: ArithmeticExtensionGenerator
generator: ArithmeticExtensionGenerator
generator: ArithmeticExtensionGenerator
generator: ArithmeticExtensionGenerator
generator: ArithmeticExtensionGenerator
generator: ArithmeticExtensionGenerator
generator: ArithmeticExtensionGenerator
generator: ArithmeticExtensionGenerator
generator: ArithmeticExtensionGenerator
generator: ArithmeticExtensionGenerator
generator: ArithmeticExtensionGenerator
generator: PoseidonMdsGenerator
generator: ArithmeticExtensionGenerator
generator: ArithmeticExtensionGenerator
generator: ArithmeticExtensionGenerator
generator: ArithmeticExtensionGenerator
generator: ArithmeticExtensionGenerator
generator: ArithmeticExtensionGenerator
generator: ArithmeticExtensionGenerator
generator: ArithmeticExtensionGenerator
generator: ArithmeticExtensionGenerator
generator: ArithmeticExtensionGenerator
generator: MulExtensionGenerator
generator: MulExtensionGenerator
generator: MulExtensionGenerator
generator: MulExtensionGenerator
generator: MulExtensionGenerator
generator: MulExtensionGenerator
generator: MulExtensionGenerator
generator: MulExtensionGenerator
generator: MulExtensionGenerator
generator: MulExtensionGenerator
generator: MulExtensionGenerator
generator: MulExtensionGenerator
generator: MulExtensionGenerator
generator: PoseidonMdsGenerator
generator: ArithmeticExtensionGenerator
generator: ArithmeticExtensionGenerator
generator: ArithmeticExtensionGenerator
generator: ArithmeticExtensionGenerator
generator: ArithmeticExtensionGenerator
generator: ArithmeticExtensionGenerator
generator: ArithmeticExtensionGenerator
generator: ArithmeticExtensionGenerator
generator: ArithmeticExtensionGenerator
generator: ArithmeticExtensionGenerator
generator: PoseidonMdsGenerator
generator: ArithmeticExtensionGenerator
generator: ArithmeticExtensionGenerator
generator: ArithmeticExtensionGenerator
generator: ArithmeticExtensionGenerator
generator: ArithmeticExtensionGenerator
generator: ArithmeticExtensionGenerator
generator: ArithmeticExtensionGenerator
generator: ArithmeticExtensionGenerator
generator: ArithmeticExtensionGenerator
generator: ArithmeticExtensionGenerator
generator: ArithmeticExtensionGenerator
generator: ArithmeticExtensionGenerator
generator: ArithmeticExtensionGenerator
generator: ArithmeticExtensionGenerator
generator: ArithmeticExtensionGenerator
generator: ArithmeticExtensionGenerator
generator: ArithmeticExtensionGenerator
generator: ArithmeticExtensionGenerator
generator: ArithmeticExtensionGenerator
generator: ArithmeticExtensionGenerator
generator: PoseidonMdsGenerator
generator: ArithmeticExtensionGenerator
generator: ArithmeticExtensionGenerator
generator: ArithmeticExtensionGenerator
generator: ArithmeticExtensionGenerator
generator: ArithmeticExtensionGenerator
generator: ArithmeticExtensionGenerator
generator: ArithmeticExtensionGenerator
generator: ArithmeticExtensionGenerator
generator: ArithmeticExtensionGenerator
generator: ArithmeticExtensionGenerator
generator: MulExtensionGenerator
generator: MulExtensionGenerator
generator: MulExtensionGenerator
generator: MulExtensionGenerator
generator: MulExtensionGenerator
generator: MulExtensionGenerator
generator: MulExtensionGenerator
generator: MulExtensionGenerator
generator: MulExtensionGenerator
generator: MulExtensionGenerator
generator: MulExtensionGenerator
generator: MulExtensionGenerator
generator: MulExtensionGenerator
generator: PoseidonMdsGenerator
generator: ArithmeticExtensionGenerator
generator: ArithmeticExtensionGenerator
generator: ArithmeticExtensionGenerator
generator: ArithmeticExtensionGenerator
generator: ArithmeticExtensionGenerator
generator: ArithmeticExtensionGenerator
generator: ArithmeticExtensionGenerator
generator: ArithmeticExtensionGenerator
generator: ArithmeticExtensionGenerator
generator: ArithmeticExtensionGenerator
generator: ArithmeticExtensionGenerator
generator: ArithmeticExtensionGenerator
generator: ArithmeticExtensionGenerator
generator: ArithmeticExtensionGenerator
generator: ArithmeticExtensionGenerator
generator: ArithmeticExtensionGenerator
generator: ArithmeticExtensionGenerator
generator: ArithmeticExtensionGenerator
generator: ArithmeticExtensionGenerator
generator: ArithmeticExtensionGenerator
generator: PoseidonMdsGenerator
generator: ArithmeticExtensionGenerator
generator: ArithmeticExtensionGenerator
generator: ArithmeticExtensionGenerator
generator: ArithmeticExtensionGenerator
generator: ArithmeticExtensionGenerator
generator: ArithmeticExtensionGenerator
generator: ArithmeticExtensionGenerator
generator: ArithmeticExtensionGenerator
generator: ArithmeticExtensionGenerator
generator: ArithmeticExtensionGenerator
generator: PoseidonMdsGenerator
generator: ArithmeticExtensionGenerator
generator: ArithmeticExtensionGenerator
generator: ArithmeticExtensionGenerator
generator: ArithmeticExtensionGenerator
generator: ArithmeticExtensionGenerator
generator: ArithmeticExtensionGenerator
generator: ArithmeticExtensionGenerator
generator: ArithmeticExtensionGenerator
generator: ArithmeticExtensionGenerator
generator: ArithmeticExtensionGenerator
generator: MulExtensionGenerator
generator: MulExtensionGenerator
generator: MulExtensionGenerator
generator: MulExtensionGenerator
generator: MulExtensionGenerator
generator: MulExtensionGenerator
generator: MulExtensionGenerator
generator: MulExtensionGenerator
generator: MulExtensionGenerator
generator: MulExtensionGenerator
generator: MulExtensionGenerator
generator: MulExtensionGenerator
generator: MulExtensionGenerator
generator: PoseidonMdsGenerator
generator: ArithmeticExtensionGenerator
generator: ArithmeticExtensionGenerator
generator: ArithmeticExtensionGenerator
generator: ArithmeticExtensionGenerator
generator: ArithmeticExtensionGenerator
generator: ArithmeticExtensionGenerator
generator: ArithmeticExtensionGenerator
generator: ArithmeticExtensionGenerator
generator: ArithmeticExtensionGenerator
generator: ArithmeticExtensionGenerator
generator: PoseidonMdsGenerator
generator: ArithmeticExtensionGenerator
generator: ArithmeticExtensionGenerator
generator: ArithmeticExtensionGenerator
generator: ArithmeticExtensionGenerator
generator: ArithmeticExtensionGenerator
generator: ArithmeticExtensionGenerator
generator: ArithmeticExtensionGenerator
generator: ArithmeticExtensionGenerator
generator: ArithmeticExtensionGenerator
generator: ArithmeticExtensionGenerator
generator: PoseidonMdsGenerator
generator: ArithmeticExtensionGenerator
generator: ArithmeticExtensionGenerator
generator: ArithmeticExtensionGenerator
generator: ArithmeticExtensionGenerator
generator: ArithmeticExtensionGenerator
generator: ArithmeticExtensionGenerator
generator: ArithmeticExtensionGenerator
generator: ArithmeticExtensionGenerator
generator: ArithmeticExtensionGenerator
generator: ArithmeticExtensionGenerator
generator: ArithmeticExtensionGenerator
generator: ArithmeticExtensionGenerator
generator: ArithmeticExtensionGenerator
generator: ArithmeticExtensionGenerator
generator: ArithmeticExtensionGenerator
generator: ArithmeticExtensionGenerator
generator: ArithmeticExtensionGenerator
generator: ArithmeticExtensionGenerator
generator: ArithmeticExtensionGenerator
generator: ArithmeticExtensionGenerator
generator: MulExtensionGenerator
generator: MulExtensionGenerator
generator: MulExtensionGenerator
generator: MulExtensionGenerator
generator: MulExtensionGenerator
generator: MulExtensionGenerator
generator: MulExtensionGenerator
generator: MulExtensionGenerator
generator: MulExtensionGenerator
generator: MulExtensionGenerator
generator: MulExtensionGenerator
generator: MulExtensionGenerator
generator: MulExtensionGenerator
generator: PoseidonMdsGenerator
generator: ArithmeticExtensionGenerator
generator: ArithmeticExtensionGenerator
generator: ArithmeticExtensionGenerator
generator: ArithmeticExtensionGenerator
generator: ArithmeticExtensionGenerator
generator: ArithmeticExtensionGenerator
generator: ArithmeticExtensionGenerator
generator: ArithmeticExtensionGenerator
generator: ArithmeticExtensionGenerator
generator: ArithmeticExtensionGenerator
generator: ArithmeticExtensionGenerator
generator: ArithmeticExtensionGenerator
generator: ArithmeticExtensionGenerator
generator: ArithmeticExtensionGenerator
generator: ArithmeticExtensionGenerator
generator: ArithmeticExtensionGenerator
generator: ArithmeticExtensionGenerator
generator: ArithmeticExtensionGenerator
generator: ArithmeticExtensionGenerator
generator: ArithmeticExtensionGenerator
generator: MulExtensionGenerator
generator: MulExtensionGenerator
generator: MulExtensionGenerator
generator: MulExtensionGenerator
generator: MulExtensionGenerator
generator: MulExtensionGenerator
generator: MulExtensionGenerator
generator: MulExtensionGenerator
generator: MulExtensionGenerator
generator: MulExtensionGenerator
generator: MulExtensionGenerator
generator: MulExtensionGenerator
generator: MulExtensionGenerator
generator: MulExtensionGenerator
generator: MulExtensionGenerator
generator: MulExtensionGenerator
generator: MulExtensionGenerator
generator: MulExtensionGenerator
generator: MulExtensionGenerator
generator: MulExtensionGenerator
generator: MulExtensionGenerator
generator: MulExtensionGenerator
generator: MulExtensionGenerator
generator: MulExtensionGenerator
generator: MulExtensionGenerator
generator: MulExtensionGenerator
generator: MulExtensionGenerator
generator: MulExtensionGenerator
generator: MulExtensionGenerator
generator: MulExtensionGenerator
generator: MulExtensionGenerator
generator: MulExtensionGenerator
generator: MulExtensionGenerator
generator: MulExtensionGenerator
generator: MulExtensionGenerator
generator: MulExtensionGenerator
generator: MulExtensionGenerator
generator: MulExtensionGenerator
generator: MulExtensionGenerator
generator: PoseidonMdsGenerator
generator: ArithmeticExtensionGenerator
generator: ArithmeticExtensionGenerator
generator: ArithmeticExtensionGenerator
generator: ArithmeticExtensionGenerator
generator: ArithmeticExtensionGenerator
generator: ArithmeticExtensionGenerator
generator: ArithmeticExtensionGenerator
generator: ArithmeticExtensionGenerator
generator: ArithmeticExtensionGenerator
generator: ArithmeticExtensionGenerator
generator: ArithmeticExtensionGenerator
generator: ArithmeticExtensionGenerator
generator: ArithmeticExtensionGenerator
generator: ArithmeticExtensionGenerator
generator: ArithmeticExtensionGenerator
generator: ArithmeticExtensionGenerator
generator: ArithmeticExtensionGenerator
generator: ArithmeticExtensionGenerator
generator: ArithmeticExtensionGenerator
generator: ArithmeticExtensionGenerator
generator: ArithmeticExtensionGenerator
generator: ArithmeticExtensionGenerator
generator: ArithmeticExtensionGenerator
generator: ArithmeticExtensionGenerator
generator: ArithmeticExtensionGenerator
generator: ArithmeticExtensionGenerator
generator: ArithmeticExtensionGenerator
generator: ArithmeticExtensionGenerator
generator: ArithmeticExtensionGenerator
generator: ArithmeticExtensionGenerator
generator: MulExtensionGenerator
generator: MulExtensionGenerator
generator: MulExtensionGenerator
generator: MulExtensionGenerator
generator: MulExtensionGenerator
generator: MulExtensionGenerator
generator: MulExtensionGenerator
generator: MulExtensionGenerator
generator: MulExtensionGenerator
generator: MulExtensionGenerator
generator: MulExtensionGenerator
generator: MulExtensionGenerator
generator: MulExtensionGenerator
generator: MulExtensionGenerator
generator: MulExtensionGenerator
generator: MulExtensionGenerator
generator: MulExtensionGenerator
generator: MulExtensionGenerator
generator: MulExtensionGenerator
generator: MulExtensionGenerator
generator: MulExtensionGenerator
generator: MulExtensionGenerator
generator: MulExtensionGenerator
generator: MulExtensionGenerator
generator: MulExtensionGenerator
generator: MulExtensionGenerator
generator: MulExtensionGenerator
generator: MulExtensionGenerator
generator: MulExtensionGenerator
generator: MulExtensionGenerator
generator: MulExtensionGenerator
generator: MulExtensionGenerator
generator: MulExtensionGenerator
generator: MulExtensionGenerator
generator: MulExtensionGenerator
generator: MulExtensionGenerator
generator: MulExtensionGenerator
generator: MulExtensionGenerator
generator: MulExtensionGenerator
generator: MulExtensionGenerator
generator: MulExtensionGenerator
generator: MulExtensionGenerator
generator: MulExtensionGenerator
generator: MulExtensionGenerator
generator: MulExtensionGenerator
generator: MulExtensionGenerator
generator: MulExtensionGenerator
generator: MulExtensionGenerator
generator: MulExtensionGenerator
generator: MulExtensionGenerator
generator: MulExtensionGenerator
generator: MulExtensionGenerator
generator: PoseidonMdsGenerator
generator: ArithmeticExtensionGenerator
generator: ArithmeticExtensionGenerator
generator: ArithmeticExtensionGenerator
generator: ArithmeticExtensionGenerator
generator: ArithmeticExtensionGenerator
generator: ArithmeticExtensionGenerator
generator: ArithmeticExtensionGenerator
generator: ArithmeticExtensionGenerator
generator: ArithmeticExtensionGenerator
generator: ArithmeticExtensionGenerator
generator: ArithmeticExtensionGenerator
generator: ArithmeticExtensionGenerator
generator: ArithmeticExtensionGenerator
generator: ArithmeticExtensionGenerator
generator: ArithmeticExtensionGenerator
generator: ArithmeticExtensionGenerator
generator: ArithmeticExtensionGenerator
generator: ArithmeticExtensionGenerator
generator: ArithmeticExtensionGenerator
generator: ArithmeticExtensionGenerator
generator: MulExtensionGenerator
generator: MulExtensionGenerator
generator: MulExtensionGenerator
generator: MulExtensionGenerator
generator: MulExtensionGenerator
generator: MulExtensionGenerator
generator: MulExtensionGenerator
generator: MulExtensionGenerator
generator: MulExtensionGenerator
generator: MulExtensionGenerator
generator: MulExtensionGenerator
generator: MulExtensionGenerator
generator: MulExtensionGenerator
generator: MulExtensionGenerator
generator: MulExtensionGenerator
generator: MulExtensionGenerator
generator: MulExtensionGenerator
generator: MulExtensionGenerator
generator: MulExtensionGenerator
generator: MulExtensionGenerator
generator: MulExtensionGenerator
generator: MulExtensionGenerator
generator: MulExtensionGenerator
generator: MulExtensionGenerator
generator: MulExtensionGenerator
generator: MulExtensionGenerator
generator: MulExtensionGenerator
generator: MulExtensionGenerator
generator: MulExtensionGenerator
generator: MulExtensionGenerator
generator: MulExtensionGenerator
generator: MulExtensionGenerator
generator: MulExtensionGenerator
generator: MulExtensionGenerator
generator: MulExtensionGenerator
generator: MulExtensionGenerator
generator: MulExtensionGenerator
generator: MulExtensionGenerator
generator: MulExtensionGenerator
generator: MulExtensionGenerator
generator: MulExtensionGenerator
generator: MulExtensionGenerator
generator: MulExtensionGenerator
generator: MulExtensionGenerator
generator: MulExtensionGenerator
generator: MulExtensionGenerator
generator: MulExtensionGenerator
generator: MulExtensionGenerator
generator: MulExtensionGenerator
generator: MulExtensionGenerator
generator: MulExtensionGenerator
generator: MulExtensionGenerator
generator: PoseidonMdsGenerator
generator: ArithmeticExtensionGenerator
generator: ArithmeticExtensionGenerator
generator: ArithmeticExtensionGenerator
generator: ArithmeticExtensionGenerator
generator: ArithmeticExtensionGenerator
generator: ArithmeticExtensionGenerator
generator: ArithmeticExtensionGenerator
generator: ArithmeticExtensionGenerator
generator: ArithmeticExtensionGenerator
generator: ArithmeticExtensionGenerator
generator: ArithmeticExtensionGenerator
generator: ArithmeticExtensionGenerator
generator: ArithmeticExtensionGenerator
generator: ArithmeticExtensionGenerator
generator: ArithmeticExtensionGenerator
generator: ArithmeticExtensionGenerator
generator: ArithmeticExtensionGenerator
generator: ArithmeticExtensionGenerator
generator: ArithmeticExtensionGenerator
generator: ArithmeticExtensionGenerator
generator: MulExtensionGenerator
generator: MulExtensionGenerator
generator: MulExtensionGenerator
generator: MulExtensionGenerator
generator: MulExtensionGenerator
generator: MulExtensionGenerator
generator: MulExtensionGenerator
generator: MulExtensionGenerator
generator: MulExtensionGenerator
generator: MulExtensionGenerator
generator: MulExtensionGenerator
generator: MulExtensionGenerator
generator: MulExtensionGenerator
generator: MulExtensionGenerator
generator: MulExtensionGenerator
generator: MulExtensionGenerator
generator: MulExtensionGenerator
generator: MulExtensionGenerator
generator: MulExtensionGenerator
generator: MulExtensionGenerator
generator: MulExtensionGenerator
generator: MulExtensionGenerator
generator: MulExtensionGenerator
generator: MulExtensionGenerator
generator: MulExtensionGenerator
generator: MulExtensionGenerator
generator: MulExtensionGenerator
generator: MulExtensionGenerator
generator: MulExtensionGenerator
generator: MulExtensionGenerator
generator: MulExtensionGenerator
generator: MulExtensionGenerator
generator: MulExtensionGenerator
generator: MulExtensionGenerator
generator: MulExtensionGenerator
generator: MulExtensionGenerator
generator: MulExtensionGenerator
generator: MulExtensionGenerator
generator: MulExtensionGenerator
generator: PoseidonMdsGenerator
generator: ArithmeticExtensionGenerator
generator: ArithmeticExtensionGenerator
generator: ArithmeticExtensionGenerator
generator: ArithmeticExtensionGenerator
generator: ArithmeticExtensionGenerator
generator: ArithmeticExtensionGenerator
generator: ArithmeticExtensionGenerator
generator: ArithmeticExtensionGenerator
generator: ArithmeticExtensionGenerator
generator: ArithmeticExtensionGenerator
generator: ArithmeticExtensionGenerator
generator: ArithmeticExtensionGenerator
generator: ArithmeticExtensionGenerator
generator: ArithmeticExtensionGenerator
generator: ArithmeticExtensionGenerator
generator: ArithmeticExtensionGenerator
generator: ArithmeticExtensionGenerator
generator: ArithmeticExtensionGenerator
generator: ArithmeticExtensionGenerator
generator: ArithmeticExtensionGenerator
generator: ArithmeticExtensionGenerator
generator: ArithmeticExtensionGenerator
generator: ArithmeticExtensionGenerator
generator: ArithmeticExtensionGenerator
generator: ArithmeticExtensionGenerator
generator: ArithmeticExtensionGenerator
generator: ArithmeticExtensionGenerator
generator: ArithmeticExtensionGenerator
generator: ArithmeticExtensionGenerator
generator: ArithmeticExtensionGenerator
generator: ArithmeticExtensionGenerator
generator: ArithmeticExtensionGenerator
generator: ArithmeticExtensionGenerator
generator: ArithmeticExtensionGenerator
generator: ArithmeticExtensionGenerator
generator: ArithmeticExtensionGenerator
generator: ArithmeticExtensionGenerator
generator: ArithmeticExtensionGenerator
generator: ArithmeticExtensionGenerator
generator: ArithmeticExtensionGenerator
generator: ArithmeticExtensionGenerator
generator: ArithmeticExtensionGenerator
generator: ArithmeticExtensionGenerator
generator: ArithmeticExtensionGenerator
generator: ArithmeticExtensionGenerator
generator: ArithmeticExtensionGenerator
generator: ArithmeticExtensionGenerator
generator: ArithmeticExtensionGenerator
generator: ArithmeticExtensionGenerator
generator: ArithmeticExtensionGenerator
generator: ArithmeticExtensionGenerator
generator: ArithmeticExtensionGenerator
generator: ArithmeticExtensionGenerator
generator: ArithmeticExtensionGenerator
generator: ArithmeticExtensionGenerator
generator: ArithmeticExtensionGenerator
generator: ArithmeticExtensionGenerator
generator: ArithmeticExtensionGenerator
generator: ArithmeticExtensionGenerator
generator: ArithmeticExtensionGenerator
generator: ArithmeticExtensionGenerator
generator: ArithmeticExtensionGenerator
generator: ArithmeticExtensionGenerator
generator: ArithmeticExtensionGenerator
generator: ArithmeticExtensionGenerator
generator: ArithmeticExtensionGenerator
generator: ArithmeticExtensionGenerator
generator: ArithmeticExtensionGenerator
generator: ArithmeticExtensionGenerator
generator: ArithmeticExtensionGenerator
generator: ArithmeticExtensionGenerator
generator: ArithmeticExtensionGenerator
generator: ArithmeticExtensionGenerator
generator: ArithmeticExtensionGenerator
generator: ArithmeticExtensionGenerator
generator: ArithmeticExtensionGenerator
generator: ArithmeticExtensionGenerator
generator: ArithmeticExtensionGenerator
generator: ArithmeticExtensionGenerator
generator: ArithmeticExtensionGenerator
generator: ArithmeticExtensionGenerator
generator: ArithmeticExtensionGenerator
generator: ArithmeticExtensionGenerator
generator: ArithmeticExtensionGenerator
generator: ArithmeticExtensionGenerator
generator: ArithmeticExtensionGenerator
generator: ArithmeticExtensionGenerator
generator: ArithmeticExtensionGenerator
generator: ArithmeticExtensionGenerator
generator: ArithmeticExtensionGenerator
generator: ArithmeticExtensionGenerator
generator: ArithmeticExtensionGenerator
generator: ArithmeticExtensionGenerator
generator: ArithmeticExtensionGenerator
generator: ArithmeticExtensionGenerator
generator: ArithmeticExtensionGenerator
generator: ArithmeticExtensionGenerator
generator: ArithmeticExtensionGenerator
generator: ArithmeticExtensionGenerator
generator: ArithmeticExtensionGenerator
generator: MulExtensionGenerator
generator: MulExtensionGenerator
generator: MulExtensionGenerator
generator: MulExtensionGenerator
generator: MulExtensionGenerator
generator: MulExtensionGenerator
generator: MulExtensionGenerator
generator: MulExtensionGenerator
generator: MulExtensionGenerator
generator: MulExtensionGenerator
generator: MulExtensionGenerator
generator: MulExtensionGenerator
generator: MulExtensionGenerator
generator: MulExtensionGenerator
generator: MulExtensionGenerator
generator: MulExtensionGenerator
generator: MulExtensionGenerator
generator: MulExtensionGenerator
generator: MulExtensionGenerator
generator: MulExtensionGenerator
generator: MulExtensionGenerator
generator: MulExtensionGenerator
generator: MulExtensionGenerator
generator: MulExtensionGenerator
generator: MulExtensionGenerator
generator: MulExtensionGenerator
generator: MulExtensionGenerator
generator: MulExtensionGenerator
generator: MulExtensionGenerator
generator: MulExtensionGenerator
generator: MulExtensionGenerator
generator: MulExtensionGenerator
generator: MulExtensionGenerator
generator: MulExtensionGenerator
generator: MulExtensionGenerator
generator: MulExtensionGenerator
generator: MulExtensionGenerator
generator: MulExtensionGenerator
generator: MulExtensionGenerator
generator: ArithmeticExtensionGenerator
generator: ArithmeticExtensionGenerator
generator: ArithmeticExtensionGenerator
generator: MulExtensionGenerator
generator: MulExtensionGenerator
generator: MulExtensionGenerator
generator: MulExtensionGenerator
generator: MulExtensionGenerator
generator: MulExtensionGenerator
generator: MulExtensionGenerator
generator: MulExtensionGenerator
generator: MulExtensionGenerator
generator: MulExtensionGenerator
generator: MulExtensionGenerator
generator: MulExtensionGenerator
generator: MulExtensionGenerator
generator: MulExtensionGenerator
generator: MulExtensionGenerator
generator: MulExtensionGenerator
generator: MulExtensionGenerator
generator: MulExtensionGenerator
generator: MulExtensionGenerator
generator: MulExtensionGenerator
generator: MulExtensionGenerator
generator: MulExtensionGenerator
generator: MulExtensionGenerator
generator: MulExtensionGenerator
generator: MulExtensionGenerator
generator: MulExtensionGenerator
generator: MulExtensionGenerator
generator: MulExtensionGenerator
generator: MulExtensionGenerator
generator: MulExtensionGenerator
generator: MulExtensionGenerator
generator: MulExtensionGenerator
generator: MulExtensionGenerator
generator: MulExtensionGenerator
generator: MulExtensionGenerator
generator: MulExtensionGenerator
generator: MulExtensionGenerator
generator: MulExtensionGenerator
generator: MulExtensionGenerator
generator: MulExtensionGenerator
generator: MulExtensionGenerator
generator: MulExtensionGenerator
generator: MulExtensionGenerator
generator: MulExtensionGenerator
generator: MulExtensionGenerator
generator: MulExtensionGenerator
generator: MulExtensionGenerator
generator: MulExtensionGenerator
generator: MulExtensionGenerator
generator: MulExtensionGenerator
generator: MulExtensionGenerator
generator: MulExtensionGenerator
generator: MulExtensionGenerator
generator: MulExtensionGenerator
generator: MulExtensionGenerator
generator: MulExtensionGenerator
generator: MulExtensionGenerator
generator: MulExtensionGenerator
generator: MulExtensionGenerator
generator: MulExtensionGenerator
generator: MulExtensionGenerator
generator: MulExtensionGenerator
generator: MulExtensionGenerator
generator: MulExtensionGenerator
generator: MulExtensionGenerator
generator: MulExtensionGenerator
generator: MulExtensionGenerator
generator: MulExtensionGenerator
generator: MulExtensionGenerator
generator: MulExtensionGenerator
generator: MulExtensionGenerator
generator: MulExtensionGenerator
generator: MulExtensionGenerator
generator: MulExtensionGenerator
generator: MulExtensionGenerator
generator: MulExtensionGenerator
generator: MulExtensionGenerator
generator: MulExtensionGenerator
generator: ArithmeticExtensionGenerator
generator: ArithmeticExtensionGenerator
generator: ArithmeticExtensionGenerator
generator: ArithmeticExtensionGenerator
generator: ArithmeticExtensionGenerator
generator: ArithmeticExtensionGenerator
generator: ArithmeticExtensionGenerator
generator: ArithmeticExtensionGenerator
generator: ArithmeticExtensionGenerator
generator: ArithmeticExtensionGenerator
generator: ArithmeticExtensionGenerator
generator: ArithmeticExtensionGenerator
generator: ArithmeticExtensionGenerator
generator: ArithmeticExtensionGenerator
generator: ArithmeticExtensionGenerator
generator: ArithmeticExtensionGenerator
generator: ArithmeticExtensionGenerator
generator: ArithmeticExtensionGenerator
generator: ArithmeticExtensionGenerator
generator: ArithmeticExtensionGenerator
generator: ArithmeticExtensionGenerator
generator: ArithmeticExtensionGenerator
generator: ArithmeticExtensionGenerator
generator: ArithmeticExtensionGenerator
generator: ArithmeticExtensionGenerator
generator: ArithmeticExtensionGenerator
generator: ArithmeticExtensionGenerator
generator: ArithmeticExtensionGenerator
generator: ArithmeticExtensionGenerator
generator: ArithmeticExtensionGenerator
generator: ArithmeticExtensionGenerator
generator: ArithmeticExtensionGenerator
generator: ArithmeticExtensionGenerator
generator: ArithmeticExtensionGenerator
generator: ArithmeticExtensionGenerator
generator: ArithmeticExtensionGenerator
generator: ArithmeticExtensionGenerator
generator: ArithmeticExtensionGenerator
generator: ArithmeticExtensionGenerator
generator: ArithmeticExtensionGenerator
generator: ArithmeticExtensionGenerator
generator: ArithmeticExtensionGenerator
generator: ArithmeticExtensionGenerator
generator: ArithmeticExtensionGenerator
generator: ArithmeticExtensionGenerator
generator: ArithmeticExtensionGenerator
generator: ArithmeticExtensionGenerator
generator: ArithmeticExtensionGenerator
generator: ArithmeticExtensionGenerator
generator: ArithmeticExtensionGenerator
generator: ArithmeticExtensionGenerator
generator: ArithmeticExtensionGenerator
generator: ArithmeticExtensionGenerator
generator: ArithmeticExtensionGenerator
generator: ArithmeticExtensionGenerator
generator: ArithmeticExtensionGenerator
generator: ArithmeticExtensionGenerator
generator: ArithmeticExtensionGenerator
generator: ArithmeticExtensionGenerator
generator: ArithmeticExtensionGenerator
generator: ArithmeticExtensionGenerator
generator: ArithmeticExtensionGenerator
generator: ArithmeticExtensionGenerator
generator: ArithmeticExtensionGenerator
generator: ArithmeticExtensionGenerator
generator: ArithmeticExtensionGenerator
generator: ArithmeticExtensionGenerator
generator: ArithmeticExtensionGenerator
generator: ArithmeticExtensionGenerator
generator: ArithmeticExtensionGenerator
generator: ArithmeticExtensionGenerator
generator: ArithmeticExtensionGenerator
generator: ArithmeticExtensionGenerator
generator: ArithmeticExtensionGenerator
generator: ArithmeticExtensionGenerator
generator: ArithmeticExtensionGenerator
generator: ArithmeticExtensionGenerator
generator: ArithmeticExtensionGenerator
generator: ArithmeticExtensionGenerator
generator: ArithmeticExtensionGenerator
generator: ArithmeticExtensionGenerator
generator: ArithmeticExtensionGenerator
generator: ArithmeticExtensionGenerator
generator: ArithmeticExtensionGenerator
generator: ArithmeticExtensionGenerator
generator: ArithmeticExtensionGenerator
generator: ArithmeticExtensionGenerator
generator: ArithmeticExtensionGenerator
generator: ArithmeticExtensionGenerator
generator: ArithmeticExtensionGenerator
generator: ArithmeticExtensionGenerator
generator: ArithmeticExtensionGenerator
generator: ArithmeticExtensionGenerator
generator: ArithmeticExtensionGenerator
generator: ArithmeticExtensionGenerator
generator: ArithmeticExtensionGenerator
generator: ArithmeticExtensionGenerator
generator: ArithmeticExtensionGenerator
generator: ArithmeticExtensionGenerator
generator: ArithmeticExtensionGenerator
generator: ArithmeticExtensionGenerator
generator: ArithmeticExtensionGenerator
generator: ArithmeticExtensionGenerator
generator: ArithmeticExtensionGenerator
generator: ArithmeticExtensionGenerator
generator: ArithmeticExtensionGenerator
generator: ArithmeticExtensionGenerator
generator: ArithmeticExtensionGenerator
generator: ArithmeticExtensionGenerator
generator: ArithmeticExtensionGenerator
generator: ArithmeticExtensionGenerator
generator: ArithmeticExtensionGenerator
generator: ArithmeticExtensionGenerator
generator: ArithmeticExtensionGenerator
generator: ArithmeticExtensionGenerator
generator: ArithmeticExtensionGenerator
generator: ArithmeticExtensionGenerator
generator: ArithmeticExtensionGenerator
generator: ArithmeticExtensionGenerator
generator: ArithmeticExtensionGenerator
generator: ArithmeticExtensionGenerator
generator: ArithmeticExtensionGenerator
generator: ArithmeticExtensionGenerator
generator: ArithmeticExtensionGenerator
generator: ArithmeticExtensionGenerator
generator: ArithmeticExtensionGenerator
generator: ArithmeticExtensionGenerator
generator: ArithmeticExtensionGenerator
generator: ArithmeticExtensionGenerator
generator: ArithmeticExtensionGenerator
generator: ArithmeticExtensionGenerator
generator: ArithmeticExtensionGenerator
generator: ArithmeticExtensionGenerator
generator: ArithmeticExtensionGenerator
generator: ArithmeticExtensionGenerator
generator: ArithmeticExtensionGenerator
generator: ArithmeticExtensionGenerator
generator: ArithmeticExtensionGenerator
generator: ArithmeticExtensionGenerator
generator: ArithmeticExtensionGenerator
generator: ArithmeticExtensionGenerator
generator: ArithmeticExtensionGenerator
generator: ArithmeticExtensionGenerator
generator: ArithmeticExtensionGenerator
generator: ArithmeticExtensionGenerator
generator: ArithmeticExtensionGenerator
generator: ArithmeticExtensionGenerator
generator: ArithmeticExtensionGenerator
generator: ArithmeticExtensionGenerator
generator: ArithmeticExtensionGenerator
generator: ArithmeticExtensionGenerator
generator: ArithmeticExtensionGenerator
generator: ArithmeticExtensionGenerator
generator: ArithmeticExtensionGenerator
generator: ArithmeticExtensionGenerator
generator: ArithmeticExtensionGenerator
generator: ArithmeticExtensionGenerator
generator: ArithmeticExtensionGenerator
generator: ArithmeticExtensionGenerator
generator: ArithmeticExtensionGenerator
generator: ArithmeticExtensionGenerator
generator: ArithmeticExtensionGenerator
generator: ArithmeticExtensionGenerator
generator: ArithmeticExtensionGenerator
generator: ArithmeticExtensionGenerator
generator: ArithmeticExtensionGenerator
generator: ArithmeticExtensionGenerator
generator: ArithmeticExtensionGenerator
generator: ArithmeticExtensionGenerator
generator: ArithmeticExtensionGenerator
generator: ArithmeticExtensionGenerator
generator: ArithmeticExtensionGenerator
generator: ArithmeticExtensionGenerator
generator: ArithmeticExtensionGenerator
generator: ArithmeticExtensionGenerator
generator: ArithmeticExtensionGenerator
generator: ArithmeticExtensionGenerator
generator: ArithmeticExtensionGenerator
generator: ArithmeticExtensionGenerator
generator: ArithmeticExtensionGenerator
generator: ArithmeticExtensionGenerator
generator: ArithmeticExtensionGenerator
generator: ArithmeticExtensionGenerator
generator: ArithmeticExtensionGenerator
generator: ArithmeticExtensionGenerator
generator: ArithmeticExtensionGenerator
generator: ArithmeticExtensionGenerator
generator: ArithmeticExtensionGenerator
generator: ArithmeticExtensionGenerator
generator: ArithmeticExtensionGenerator
generator: ArithmeticExtensionGenerator
generator: ArithmeticExtensionGenerator
generator: ArithmeticExtensionGenerator
generator: ArithmeticExtensionGenerator
generator: ArithmeticExtensionGenerator
generator: ArithmeticExtensionGenerator
generator: ArithmeticExtensionGenerator
generator: ArithmeticExtensionGenerator
generator: ArithmeticExtensionGenerator
generator: ArithmeticExtensionGenerator
generator: ArithmeticExtensionGenerator
generator: ArithmeticExtensionGenerator
generator: ArithmeticExtensionGenerator
generator: ArithmeticExtensionGenerator
generator: ArithmeticExtensionGenerator
generator: ArithmeticExtensionGenerator
generator: ArithmeticExtensionGenerator
generator: ArithmeticExtensionGenerator
generator: ArithmeticExtensionGenerator
generator: ArithmeticExtensionGenerator
generator: ArithmeticExtensionGenerator
generator: ArithmeticExtensionGenerator
generator: ArithmeticExtensionGenerator
generator: ArithmeticExtensionGenerator
generator: ArithmeticExtensionGenerator
generator: ArithmeticExtensionGenerator
generator: ArithmeticExtensionGenerator
generator: ArithmeticExtensionGenerator
generator: ArithmeticExtensionGenerator
generator: ArithmeticExtensionGenerator
generator: ArithmeticExtensionGenerator
generator: ArithmeticExtensionGenerator
generator: ArithmeticExtensionGenerator
generator: ArithmeticExtensionGenerator
generator: ArithmeticExtensionGenerator
generator: ArithmeticExtensionGenerator
generator: ArithmeticExtensionGenerator
generator: ArithmeticExtensionGenerator
generator: ArithmeticExtensionGenerator
generator: ArithmeticExtensionGenerator
generator: ArithmeticExtensionGenerator
generator: ArithmeticExtensionGenerator
generator: ArithmeticExtensionGenerator
generator: ArithmeticExtensionGenerator
generator: ArithmeticExtensionGenerator
generator: ArithmeticExtensionGenerator
generator: ArithmeticExtensionGenerator
generator: ArithmeticExtensionGenerator
generator: ArithmeticExtensionGenerator
generator: ArithmeticExtensionGenerator
generator: MulExtensionGenerator
generator: MulExtensionGenerator
generator: MulExtensionGenerator
generator: MulExtensionGenerator
generator: MulExtensionGenerator
generator: MulExtensionGenerator
generator: MulExtensionGenerator
generator: MulExtensionGenerator
generator: MulExtensionGenerator
generator: MulExtensionGenerator
generator: MulExtensionGenerator
generator: MulExtensionGenerator
generator: MulExtensionGenerator
generator: MulExtensionGenerator
generator: MulExtensionGenerator
generator: MulExtensionGenerator
generator: MulExtensionGenerator
generator: MulExtensionGenerator
generator: MulExtensionGenerator
generator: MulExtensionGenerator
generator: MulExtensionGenerator
generator: MulExtensionGenerator
generator: MulExtensionGenerator
generator: MulExtensionGenerator
generator: MulExtensionGenerator
generator: MulExtensionGenerator
generator: ArithmeticExtensionGenerator
generator: ArithmeticExtensionGenerator
generator: ArithmeticExtensionGenerator
generator: ArithmeticExtensionGenerator
generator: ArithmeticExtensionGenerator
generator: ArithmeticExtensionGenerator
generator: ArithmeticExtensionGenerator
generator: ArithmeticExtensionGenerator
generator: ArithmeticExtensionGenerator
generator: ArithmeticExtensionGenerator
generator: MulExtensionGenerator
generator: MulExtensionGenerator
generator: MulExtensionGenerator
generator: MulExtensionGenerator
generator: MulExtensionGenerator
generator: MulExtensionGenerator
generator: MulExtensionGenerator
generator: MulExtensionGenerator
generator: MulExtensionGenerator
generator: MulExtensionGenerator
generator: MulExtensionGenerator
generator: MulExtensionGenerator
generator: MulExtensionGenerator
generator: MulExtensionGenerator
generator: MulExtensionGenerator
generator: MulExtensionGenerator
generator: MulExtensionGenerator
generator: MulExtensionGenerator
generator: MulExtensionGenerator
generator: MulExtensionGenerator
generator: MulExtensionGenerator
generator: MulExtensionGenerator
generator: MulExtensionGenerator
generator: MulExtensionGenerator
generator: MulExtensionGenerator
generator: MulExtensionGenerator
generator: MulExtensionGenerator
generator: MulExtensionGenerator
generator: MulExtensionGenerator
generator: MulExtensionGenerator
generator: MulExtensionGenerator
generator: MulExtensionGenerator
generator: MulExtensionGenerator
generator: MulExtensionGenerator
generator: MulExtensionGenerator
generator: MulExtensionGenerator
generator: MulExtensionGenerator
generator: MulExtensionGenerator
generator: MulExtensionGenerator
generator: MulExtensionGenerator
generator: MulExtensionGenerator
generator: MulExtensionGenerator
generator: MulExtensionGenerator
generator: MulExtensionGenerator
generator: MulExtensionGenerator
generator: MulExtensionGenerator
generator: MulExtensionGenerator
generator: MulExtensionGenerator
generator: MulExtensionGenerator
generator: MulExtensionGenerator
generator: MulExtensionGenerator
generator: MulExtensionGenerator
generator: MulExtensionGenerator
generator: MulExtensionGenerator
generator: MulExtensionGenerator
generator: MulExtensionGenerator
generator: MulExtensionGenerator
generator: MulExtensionGenerator
generator: MulExtensionGenerator
generator: MulExtensionGenerator
generator: MulExtensionGenerator
generator: MulExtensionGenerator
generator: MulExtensionGenerator
generator: MulExtensionGenerator
generator: MulExtensionGenerator
generator: MulExtensionGenerator
generator: MulExtensionGenerator
generator: MulExtensionGenerator
generator: MulExtensionGenerator
generator: MulExtensionGenerator
generator: MulExtensionGenerator
generator: MulExtensionGenerator
generator: MulExtensionGenerator
generator: MulExtensionGenerator
generator: MulExtensionGenerator
generator: MulExtensionGenerator
generator: MulExtensionGenerator
generator: MulExtensionGenerator
generator: MulExtensionGenerator
generator: MulExtensionGenerator
generator: MulExtensionGenerator
generator: MulExtensionGenerator
generator: MulExtensionGenerator
generator: MulExtensionGenerator
generator: MulExtensionGenerator
generator: MulExtensionGenerator
generator: MulExtensionGenerator
generator: MulExtensionGenerator
generator: MulExtensionGenerator
generator: MulExtensionGenerator
generator: MulExtensionGenerator
generator: MulExtensionGenerator
generator: MulExtensionGenerator
generator: MulExtensionGenerator
generator: MulExtensionGenerator
generator: MulExtensionGenerator
generator: MulExtensionGenerator
generator: MulExtensionGenerator
generator: MulExtensionGenerator
generator: MulExtensionGenerator
generator: MulExtensionGenerator
generator: MulExtensionGenerator
generator: MulExtensionGenerator
generator: MulExtensionGenerator
generator: MulExtensionGenerator
generator: MulExtensionGenerator
generator: MulExtensionGenerator
generator: MulExtensionGenerator
generator: MulExtensionGenerator
generator: MulExtensionGenerator
generator: MulExtensionGenerator
generator: MulExtensionGenerator
generator: MulExtensionGenerator
generator: MulExtensionGenerator
generator: MulExtensionGenerator
generator: MulExtensionGenerator
generator: MulExtensionGenerator
generator: MulExtensionGenerator
generator: MulExtensionGenerator
generator: MulExtensionGenerator
generator: MulExtensionGenerator
generator: MulExtensionGenerator
generator: MulExtensionGenerator
generator: MulExtensionGenerator
generator: MulExtensionGenerator
generator: MulExtensionGenerator
generator: MulExtensionGenerator
generator: MulExtensionGenerator
generator: MulExtensionGenerator
generator: MulExtensionGenerator
generator: ArithmeticExtensionGenerator
generator: ArithmeticExtensionGenerator
generator: ArithmeticExtensionGenerator
generator: ArithmeticExtensionGenerator
generator: ArithmeticExtensionGenerator
generator: ArithmeticExtensionGenerator
generator: ArithmeticExtensionGenerator
generator: ArithmeticExtensionGenerator
generator: ArithmeticExtensionGenerator
generator: ArithmeticExtensionGenerator
generator: ArithmeticExtensionGenerator
generator: ArithmeticExtensionGenerator
generator: ArithmeticExtensionGenerator
generator: ArithmeticExtensionGenerator
generator: ArithmeticExtensionGenerator
generator: ArithmeticExtensionGenerator
generator: ArithmeticExtensionGenerator
generator: ArithmeticExtensionGenerator
generator: ArithmeticExtensionGenerator
generator: ArithmeticExtensionGenerator
generator: ArithmeticExtensionGenerator
generator: ArithmeticExtensionGenerator
generator: ArithmeticExtensionGenerator
generator: ArithmeticExtensionGenerator
generator: ArithmeticExtensionGenerator
generator: ArithmeticExtensionGenerator
generator: ArithmeticExtensionGenerator
generator: ArithmeticExtensionGenerator
generator: ArithmeticExtensionGenerator
generator: ArithmeticExtensionGenerator
generator: ArithmeticExtensionGenerator
generator: ArithmeticExtensionGenerator
generator: ArithmeticExtensionGenerator
generator: ArithmeticExtensionGenerator
generator: ArithmeticExtensionGenerator
generator: ArithmeticExtensionGenerator
generator: ArithmeticExtensionGenerator
generator: ArithmeticExtensionGenerator
generator: ArithmeticExtensionGenerator
generator: ArithmeticExtensionGenerator
generator: ArithmeticExtensionGenerator
generator: ArithmeticExtensionGenerator
generator: ArithmeticExtensionGenerator
generator: ArithmeticExtensionGenerator
generator: ArithmeticExtensionGenerator
generator: ArithmeticExtensionGenerator
generator: ArithmeticExtensionGenerator
generator: ArithmeticExtensionGenerator
generator: ArithmeticExtensionGenerator
generator: ArithmeticExtensionGenerator
generator: ArithmeticExtensionGenerator
generator: ArithmeticExtensionGenerator
generator: ArithmeticExtensionGenerator
generator: ArithmeticExtensionGenerator
generator: ArithmeticExtensionGenerator
generator: ArithmeticExtensionGenerator
generator: ArithmeticExtensionGenerator
generator: ArithmeticExtensionGenerator
generator: ArithmeticExtensionGenerator
generator: ArithmeticExtensionGenerator
generator: ArithmeticExtensionGenerator
generator: ArithmeticExtensionGenerator
generator: ArithmeticExtensionGenerator
generator: ArithmeticExtensionGenerator
generator: ArithmeticExtensionGenerator
generator: ArithmeticExtensionGenerator
generator: ArithmeticExtensionGenerator
generator: ArithmeticExtensionGenerator
generator: ArithmeticExtensionGenerator
generator: ArithmeticExtensionGenerator
generator: ArithmeticExtensionGenerator
generator: ArithmeticExtensionGenerator
generator: ArithmeticExtensionGenerator
generator: ArithmeticExtensionGenerator
generator: ArithmeticExtensionGenerator
generator: ArithmeticExtensionGenerator
generator: ArithmeticExtensionGenerator
generator: ArithmeticExtensionGenerator
generator: ArithmeticExtensionGenerator
generator: ArithmeticExtensionGenerator
generator: ArithmeticExtensionGenerator
generator: ArithmeticExtensionGenerator
generator: ArithmeticExtensionGenerator
generator: ArithmeticExtensionGenerator
generator: ArithmeticExtensionGenerator
generator: ArithmeticExtensionGenerator
generator: ArithmeticExtensionGenerator
generator: ArithmeticExtensionGenerator
generator: ArithmeticExtensionGenerator
generator: ArithmeticExtensionGenerator
generator: ArithmeticExtensionGenerator
generator: ArithmeticExtensionGenerator
generator: ArithmeticExtensionGenerator
generator: ArithmeticExtensionGenerator
generator: ArithmeticExtensionGenerator
generator: ArithmeticExtensionGenerator
generator: ArithmeticExtensionGenerator
generator: ArithmeticExtensionGenerator
generator: ArithmeticExtensionGenerator
generator: ArithmeticExtensionGenerator
generator: ArithmeticExtensionGenerator
generator: ArithmeticExtensionGenerator
generator: ArithmeticExtensionGenerator
generator: ArithmeticExtensionGenerator
generator: ArithmeticExtensionGenerator
generator: ArithmeticExtensionGenerator
generator: ArithmeticExtensionGenerator
generator: ArithmeticExtensionGenerator
generator: ArithmeticExtensionGenerator
generator: ArithmeticExtensionGenerator
generator: ArithmeticExtensionGenerator
generator: ArithmeticExtensionGenerator
generator: ArithmeticExtensionGenerator
generator: ArithmeticExtensionGenerator
generator: ArithmeticExtensionGenerator
generator: ArithmeticExtensionGenerator
generator: ArithmeticExtensionGenerator
generator: ArithmeticExtensionGenerator
generator: ArithmeticExtensionGenerator
generator: ArithmeticExtensionGenerator
generator: ArithmeticExtensionGenerator
generator: ArithmeticExtensionGenerator
generator: ArithmeticExtensionGenerator
generator: ArithmeticExtensionGenerator
generator: ArithmeticExtensionGenerator
generator: ArithmeticExtensionGenerator
generator: ArithmeticExtensionGenerator
generator: ArithmeticExtensionGenerator
generator: ArithmeticExtensionGenerator
generator: ArithmeticExtensionGenerator
generator: ArithmeticExtensionGenerator
generator: ArithmeticExtensionGenerator
generator: ArithmeticExtensionGenerator
generator: ArithmeticExtensionGenerator
generator: ArithmeticExtensionGenerator
generator: ArithmeticExtensionGenerator
generator: ArithmeticExtensionGenerator
generator: ArithmeticExtensionGenerator
generator: ArithmeticExtensionGenerator
generator: ArithmeticExtensionGenerator
generator: ArithmeticExtensionGenerator
generator: ArithmeticExtensionGenerator
generator: ArithmeticExtensionGenerator
generator: ArithmeticExtensionGenerator
generator: ArithmeticExtensionGenerator
generator: ArithmeticExtensionGenerator
generator: ArithmeticExtensionGenerator
generator: ArithmeticExtensionGenerator
generator: ArithmeticExtensionGenerator
generator: ArithmeticExtensionGenerator
generator: ArithmeticExtensionGenerator
generator: ArithmeticExtensionGenerator
generator: ArithmeticExtensionGenerator
generator: ArithmeticExtensionGenerator
generator: ArithmeticExtensionGenerator
generator: ArithmeticExtensionGenerator
generator: ArithmeticExtensionGenerator
generator: ArithmeticExtensionGenerator
generator: ArithmeticExtensionGenerator
generator: ArithmeticExtensionGenerator
generator: ArithmeticExtensionGenerator
generator: ArithmeticExtensionGenerator
generator: ArithmeticExtensionGenerator
generator: ArithmeticExtensionGenerator
generator: ArithmeticExtensionGenerator
generator: ArithmeticExtensionGenerator
generator: ArithmeticExtensionGenerator
generator: ArithmeticExtensionGenerator
generator: ArithmeticExtensionGenerator
generator: ArithmeticExtensionGenerator
generator: ArithmeticExtensionGenerator
generator: ArithmeticExtensionGenerator
generator: ArithmeticExtensionGenerator
generator: ArithmeticExtensionGenerator
generator: ArithmeticExtensionGenerator
generator: ArithmeticExtensionGenerator
generator: ArithmeticExtensionGenerator
generator: ArithmeticExtensionGenerator
generator: ArithmeticExtensionGenerator
generator: ArithmeticExtensionGenerator
generator: ArithmeticExtensionGenerator
generator: ArithmeticExtensionGenerator
generator: ArithmeticExtensionGenerator
generator: ArithmeticExtensionGenerator
generator: ArithmeticExtensionGenerator
generator: ArithmeticExtensionGenerator
generator: ArithmeticExtensionGenerator
generator: ArithmeticExtensionGenerator
generator: ArithmeticExtensionGenerator
generator: ArithmeticExtensionGenerator
generator: ArithmeticExtensionGenerator
generator: ArithmeticExtensionGenerator
generator: ArithmeticExtensionGenerator
generator: ArithmeticExtensionGenerator
generator: ArithmeticExtensionGenerator
generator: ArithmeticExtensionGenerator
generator: ArithmeticExtensionGenerator
generator: ArithmeticExtensionGenerator
generator: ArithmeticExtensionGenerator
generator: ArithmeticExtensionGenerator
generator: ArithmeticExtensionGenerator
generator: ArithmeticExtensionGenerator
generator: ArithmeticExtensionGenerator
generator: ArithmeticExtensionGenerator
generator: ArithmeticExtensionGenerator
generator: ArithmeticExtensionGenerator
generator: ArithmeticExtensionGenerator
generator: ArithmeticExtensionGenerator
generator: ArithmeticExtensionGenerator
generator: ArithmeticExtensionGenerator
generator: ArithmeticExtensionGenerator
generator: ArithmeticExtensionGenerator
generator: ArithmeticExtensionGenerator
generator: ArithmeticExtensionGenerator
generator: ArithmeticExtensionGenerator
generator: ArithmeticExtensionGenerator
generator: ArithmeticExtensionGenerator
generator: ArithmeticExtensionGenerator
generator: ArithmeticExtensionGenerator
generator: ArithmeticExtensionGenerator
generator: ArithmeticExtensionGenerator
generator: ArithmeticExtensionGenerator
generator: ArithmeticExtensionGenerator
generator: ArithmeticExtensionGenerator
generator: ArithmeticExtensionGenerator
generator: ArithmeticExtensionGenerator
generator: ArithmeticExtensionGenerator
generator: ArithmeticExtensionGenerator
generator: ArithmeticExtensionGenerator
generator: ArithmeticExtensionGenerator
generator: ArithmeticExtensionGenerator
generator: ArithmeticExtensionGenerator
generator: ArithmeticExtensionGenerator
generator: ArithmeticExtensionGenerator
generator: ArithmeticExtensionGenerator
generator: ArithmeticExtensionGenerator
generator: ArithmeticExtensionGenerator
generator: ArithmeticExtensionGenerator
generator: ArithmeticExtensionGenerator
generator: ArithmeticExtensionGenerator
generator: ArithmeticExtensionGenerator
generator: ArithmeticExtensionGenerator
generator: ArithmeticExtensionGenerator
generator: ArithmeticExtensionGenerator
generator: ArithmeticExtensionGenerator
generator: ArithmeticExtensionGenerator
generator: ArithmeticExtensionGenerator
generator: ArithmeticExtensionGenerator
generator: ArithmeticExtensionGenerator
generator: ArithmeticExtensionGenerator
generator: MulExtensionGenerator
generator: MulExtensionGenerator
generator: MulExtensionGenerator
generator: MulExtensionGenerator
generator: MulExtensionGenerator
generator: MulExtensionGenerator
generator: MulExtensionGenerator
generator: MulExtensionGenerator
generator: MulExtensionGenerator
generator: MulExtensionGenerator
generator: MulExtensionGenerator
generator: MulExtensionGenerator
generator: MulExtensionGenerator
generator: MulExtensionGenerator
generator: MulExtensionGenerator
generator: MulExtensionGenerator
generator: MulExtensionGenerator
generator: MulExtensionGenerator
generator: MulExtensionGenerator
generator: MulExtensionGenerator
generator: MulExtensionGenerator
generator: MulExtensionGenerator
generator: MulExtensionGenerator
generator: MulExtensionGenerator
generator: MulExtensionGenerator
generator: MulExtensionGenerator
generator: MulExtensionGenerator
generator: MulExtensionGenerator
generator: MulExtensionGenerator
generator: MulExtensionGenerator
generator: MulExtensionGenerator
generator: MulExtensionGenerator
generator: MulExtensionGenerator
generator: MulExtensionGenerator
generator: MulExtensionGenerator
generator: MulExtensionGenerator
generator: MulExtensionGenerator
generator: MulExtensionGenerator
generator: MulExtensionGenerator
generator: MulExtensionGenerator
generator: MulExtensionGenerator
generator: MulExtensionGenerator
generator: MulExtensionGenerator
generator: MulExtensionGenerator
generator: MulExtensionGenerator
generator: MulExtensionGenerator
generator: MulExtensionGenerator
generator: MulExtensionGenerator
generator: MulExtensionGenerator
generator: MulExtensionGenerator
generator: MulExtensionGenerator
generator: MulExtensionGenerator
generator: MulExtensionGenerator
generator: MulExtensionGenerator
generator: MulExtensionGenerator
generator: MulExtensionGenerator
generator: MulExtensionGenerator
generator: MulExtensionGenerator
generator: MulExtensionGenerator
generator: MulExtensionGenerator
generator: MulExtensionGenerator
generator: MulExtensionGenerator
generator: MulExtensionGenerator
generator: MulExtensionGenerator
generator: MulExtensionGenerator
generator: MulExtensionGenerator
generator: MulExtensionGenerator
generator: MulExtensionGenerator
generator: MulExtensionGenerator
generator: MulExtensionGenerator
generator: MulExtensionGenerator
generator: MulExtensionGenerator
generator: MulExtensionGenerator
generator: MulExtensionGenerator
generator: MulExtensionGenerator
generator: MulExtensionGenerator
generator: MulExtensionGenerator
generator: MulExtensionGenerator
generator: MulExtensionGenerator
generator: MulExtensionGenerator
generator: MulExtensionGenerator
generator: MulExtensionGenerator
generator: MulExtensionGenerator
generator: MulExtensionGenerator
generator: MulExtensionGenerator
generator: MulExtensionGenerator
generator: MulExtensionGenerator
generator: MulExtensionGenerator
generator: MulExtensionGenerator
generator: MulExtensionGenerator
generator: MulExtensionGenerator
generator: MulExtensionGenerator
generator: MulExtensionGenerator
generator: MulExtensionGenerator
generator: MulExtensionGenerator
generator: MulExtensionGenerator
generator: MulExtensionGenerator
generator: MulExtensionGenerator
generator: MulExtensionGenerator
generator: MulExtensionGenerator
generator: MulExtensionGenerator
generator: MulExtensionGenerator
generator: MulExtensionGenerator
generator: MulExtensionGenerator
generator: MulExtensionGenerator
generator: MulExtensionGenerator
generator: MulExtensionGenerator
generator: MulExtensionGenerator
generator: MulExtensionGenerator
generator: MulExtensionGenerator
generator: MulExtensionGenerator
generator: MulExtensionGenerator
generator: MulExtensionGenerator
generator: MulExtensionGenerator
generator: MulExtensionGenerator
generator: MulExtensionGenerator
generator: MulExtensionGenerator
generator: MulExtensionGenerator
generator: MulExtensionGenerator
generator: MulExtensionGenerator
generator: MulExtensionGenerator
generator: MulExtensionGenerator
generator: MulExtensionGenerator
generator: MulExtensionGenerator
generator: MulExtensionGenerator
generator: MulExtensionGenerator
generator: MulExtensionGenerator
generator: MulExtensionGenerator
generator: MulExtensionGenerator
generator: MulExtensionGenerator
generator: MulExtensionGenerator
generator: MulExtensionGenerator
generator: MulExtensionGenerator
generator: MulExtensionGenerator
generator: MulExtensionGenerator
generator: MulExtensionGenerator
generator: MulExtensionGenerator
generator: MulExtensionGenerator
generator: MulExtensionGenerator
generator: MulExtensionGenerator
generator: MulExtensionGenerator
generator: MulExtensionGenerator
generator: MulExtensionGenerator
generator: ArithmeticExtensionGenerator
generator: ArithmeticExtensionGenerator
generator: ArithmeticExtensionGenerator
generator: ArithmeticExtensionGenerator
generator: ArithmeticExtensionGenerator
generator: ArithmeticExtensionGenerator
generator: ArithmeticExtensionGenerator
generator: ArithmeticExtensionGenerator
generator: ArithmeticExtensionGenerator
generator: ArithmeticExtensionGenerator
generator: ReducingExtensionGenerator
generator: ReducingExtensionGenerator
generator: ReducingExtensionGenerator
generator: ReducingExtensionGenerator
generator: ReducingExtensionGenerator
generator: ReducingExtensionGenerator
generator: ReducingExtensionGenerator
generator: ReducingExtensionGenerator
generator: ReducingExtensionGenerator
generator: ReducingExtensionGenerator
generator: ArithmeticExtensionGenerator
generator: ArithmeticExtensionGenerator
generator: ArithmeticExtensionGenerator
generator: ArithmeticExtensionGenerator
generator: ArithmeticExtensionGenerator
generator: ArithmeticExtensionGenerator
generator: ArithmeticExtensionGenerator
generator: ArithmeticExtensionGenerator
generator: ArithmeticExtensionGenerator
generator: ArithmeticExtensionGenerator
generator: MulExtensionGenerator
generator: MulExtensionGenerator
generator: MulExtensionGenerator
generator: MulExtensionGenerator
generator: MulExtensionGenerator
generator: MulExtensionGenerator
generator: MulExtensionGenerator
generator: MulExtensionGenerator
generator: MulExtensionGenerator
generator: MulExtensionGenerator
generator: MulExtensionGenerator
generator: MulExtensionGenerator
generator: MulExtensionGenerator
generator: BaseSplitGenerator + Base: 2
generator: ReducingExtensionGenerator
generator: ReducingExtensionGenerator
generator: ReducingExtensionGenerator
generator: ReducingExtensionGenerator
generator: ReducingExtensionGenerator
generator: ReducingExtensionGenerator
generator: ReducingExtensionGenerator
generator: ReducingExtensionGenerator
generator: ArithmeticExtensionGenerator
generator: ArithmeticExtensionGenerator
generator: ArithmeticExtensionGenerator
generator: ArithmeticExtensionGenerator
generator: ArithmeticExtensionGenerator
generator: ArithmeticExtensionGenerator
generator: ArithmeticExtensionGenerator
generator: ArithmeticExtensionGenerator
generator: ArithmeticExtensionGenerator
generator: ArithmeticExtensionGenerator
generator: BaseSplitGenerator + Base: 2
generator: BaseSplitGenerator + Base: 2
generator: ArithmeticBaseGenerator
generator: ArithmeticBaseGenerator
generator: ArithmeticBaseGenerator
generator: ArithmeticBaseGenerator
generator: ArithmeticBaseGenerator
generator: ArithmeticBaseGenerator
generator: ArithmeticBaseGenerator
generator: ArithmeticBaseGenerator
generator: ArithmeticBaseGenerator
generator: ArithmeticBaseGenerator
generator: ArithmeticBaseGenerator
generator: ArithmeticBaseGenerator
generator: ArithmeticBaseGenerator
generator: ArithmeticBaseGenerator
generator: ArithmeticBaseGenerator
generator: ArithmeticBaseGenerator
generator: ArithmeticBaseGenerator
generator: ArithmeticBaseGenerator
generator: ArithmeticBaseGenerator
generator: ArithmeticBaseGenerator
generator: PoseidonGenerator
generator: PoseidonGenerator
generator: PoseidonGenerator
generator: PoseidonGenerator
generator: PoseidonGenerator
generator: PoseidonGenerator
generator: PoseidonGenerator
generator: PoseidonGenerator
generator: PoseidonGenerator
generator: PoseidonGenerator
generator: PoseidonGenerator
generator: PoseidonGenerator
generator: PoseidonGenerator
generator: PoseidonGenerator
generator: PoseidonGenerator
generator: PoseidonGenerator
generator: PoseidonGenerator
generator: PoseidonGenerator
generator: PoseidonGenerator
generator: PoseidonGenerator
generator: PoseidonGenerator
generator: PoseidonGenerator
generator: PoseidonGenerator
generator: RandomAccessGenerator
generator: RandomAccessGenerator
generator: RandomAccessGenerator
generator: RandomAccessGenerator
generator: PoseidonGenerator
generator: PoseidonGenerator
generator: PoseidonGenerator
generator: PoseidonGenerator
generator: PoseidonGenerator
generator: PoseidonGenerator
generator: PoseidonGenerator
generator: PoseidonGenerator
generator: PoseidonGenerator
generator: PoseidonGenerator
generator: PoseidonGenerator
generator: PoseidonGenerator
generator: PoseidonGenerator
generator: PoseidonGenerator
generator: PoseidonGenerator
generator: PoseidonGenerator
generator: PoseidonGenerator
generator: PoseidonGenerator
generator: PoseidonGenerator
generator: PoseidonGenerator
generator: PoseidonGenerator
generator: PoseidonGenerator
generator: PoseidonGenerator
generator: PoseidonGenerator
generator: PoseidonGenerator
generator: PoseidonGenerator
generator: PoseidonGenerator
generator: PoseidonGenerator
generator: PoseidonGenerator
generator: RandomAccessGenerator
generator: RandomAccessGenerator
generator: RandomAccessGenerator
generator: RandomAccessGenerator
generator: PoseidonGenerator
generator: PoseidonGenerator
generator: PoseidonGenerator
generator: PoseidonGenerator
generator: PoseidonGenerator
generator: PoseidonGenerator
generator: PoseidonGenerator
generator: PoseidonGenerator
generator: PoseidonGenerator
generator: PoseidonGenerator
generator: PoseidonGenerator
generator: PoseidonGenerator
generator: PoseidonGenerator
generator: PoseidonGenerator
generator: PoseidonGenerator
generator: RandomAccessGenerator
generator: RandomAccessGenerator
generator: RandomAccessGenerator
generator: RandomAccessGenerator
generator: PoseidonGenerator
generator: PoseidonGenerator
generator: PoseidonGenerator
generator: PoseidonGenerator
generator: PoseidonGenerator
generator: PoseidonGenerator
generator: PoseidonGenerator
generator: PoseidonGenerator
generator: PoseidonGenerator
generator: PoseidonGenerator
generator: PoseidonGenerator
generator: PoseidonGenerator
generator: PoseidonGenerator
generator: PoseidonGenerator
generator: RandomAccessGenerator
generator: RandomAccessGenerator
generator: RandomAccessGenerator
generator: RandomAccessGenerator
generator: ArithmeticBaseGenerator
generator: ArithmeticBaseGenerator
generator: ArithmeticBaseGenerator
generator: ArithmeticBaseGenerator
generator: ArithmeticBaseGenerator
generator: ArithmeticBaseGenerator
generator: ArithmeticBaseGenerator
generator: ArithmeticBaseGenerator
generator: ArithmeticBaseGenerator
generator: ArithmeticBaseGenerator
generator: ArithmeticBaseGenerator
generator: ArithmeticBaseGenerator
generator: ArithmeticBaseGenerator
generator: ArithmeticBaseGenerator
generator: ArithmeticBaseGenerator
generator: ArithmeticBaseGenerator
generator: ArithmeticBaseGenerator
generator: ArithmeticBaseGenerator
generator: ArithmeticBaseGenerator
generator: ArithmeticBaseGenerator
generator: ArithmeticBaseGenerator
generator: ArithmeticBaseGenerator
generator: ArithmeticBaseGenerator
generator: ArithmeticBaseGenerator
generator: ArithmeticBaseGenerator
generator: ArithmeticBaseGenerator
generator: ArithmeticBaseGenerator
generator: ArithmeticBaseGenerator
generator: ArithmeticBaseGenerator
generator: ArithmeticBaseGenerator
generator: ArithmeticBaseGenerator
generator: ArithmeticBaseGenerator
generator: ArithmeticBaseGenerator
generator: ArithmeticBaseGenerator
generator: ArithmeticBaseGenerator
generator: ArithmeticBaseGenerator
generator: ArithmeticBaseGenerator
generator: ArithmeticBaseGenerator
generator: ArithmeticBaseGenerator
generator: ArithmeticBaseGenerator
generator: ArithmeticBaseGenerator
generator: ArithmeticBaseGenerator
generator: ArithmeticBaseGenerator
generator: ArithmeticBaseGenerator
generator: ArithmeticBaseGenerator
generator: ArithmeticBaseGenerator
generator: ArithmeticBaseGenerator
generator: ArithmeticBaseGenerator
generator: ArithmeticBaseGenerator
generator: ArithmeticBaseGenerator
generator: ArithmeticBaseGenerator
generator: ArithmeticBaseGenerator
generator: ArithmeticBaseGenerator
generator: ArithmeticBaseGenerator
generator: ArithmeticBaseGenerator
generator: ArithmeticBaseGenerator
generator: ArithmeticBaseGenerator
generator: ArithmeticBaseGenerator
generator: ArithmeticBaseGenerator
generator: ArithmeticBaseGenerator
generator: ArithmeticBaseGenerator
generator: ArithmeticBaseGenerator
generator: ArithmeticBaseGenerator
generator: ArithmeticBaseGenerator
generator: ArithmeticBaseGenerator
generator: ArithmeticBaseGenerator
generator: ArithmeticBaseGenerator
generator: ArithmeticBaseGenerator
generator: ArithmeticBaseGenerator
generator: ArithmeticBaseGenerator
generator: ArithmeticBaseGenerator
generator: ArithmeticBaseGenerator
generator: ArithmeticBaseGenerator
generator: ArithmeticBaseGenerator
generator: ArithmeticBaseGenerator
generator: ArithmeticBaseGenerator
generator: ArithmeticBaseGenerator
generator: ArithmeticBaseGenerator
generator: ArithmeticBaseGenerator
generator: ArithmeticBaseGenerator
generator: ArithmeticBaseGenerator
generator: ArithmeticBaseGenerator
generator: ArithmeticBaseGenerator
generator: ArithmeticBaseGenerator
generator: ArithmeticBaseGenerator
generator: ArithmeticBaseGenerator
generator: ArithmeticBaseGenerator
generator: ArithmeticBaseGenerator
generator: ArithmeticBaseGenerator
generator: ArithmeticBaseGenerator
generator: ArithmeticBaseGenerator
generator: ArithmeticBaseGenerator
generator: ArithmeticBaseGenerator
generator: ArithmeticBaseGenerator
generator: ArithmeticBaseGenerator
generator: ArithmeticBaseGenerator
generator: ArithmeticBaseGenerator
generator: ArithmeticBaseGenerator
generator: ArithmeticBaseGenerator
generator: ArithmeticBaseGenerator
generator: ArithmeticBaseGenerator
generator: ArithmeticBaseGenerator
generator: ArithmeticBaseGenerator
generator: ArithmeticBaseGenerator
generator: ArithmeticBaseGenerator
generator: ArithmeticBaseGenerator
generator: ArithmeticBaseGenerator
generator: ArithmeticBaseGenerator
generator: ArithmeticBaseGenerator
generator: ArithmeticBaseGenerator
generator: ArithmeticBaseGenerator
generator: ArithmeticBaseGenerator
generator: ArithmeticBaseGenerator
generator: ArithmeticBaseGenerator
generator: ArithmeticBaseGenerator
generator: ArithmeticBaseGenerator
generator: ArithmeticBaseGenerator
generator: ArithmeticBaseGenerator
generator: ArithmeticBaseGenerator
generator: ArithmeticBaseGenerator
generator: ArithmeticBaseGenerator
generator: ArithmeticBaseGenerator
generator: ArithmeticBaseGenerator
generator: ArithmeticBaseGenerator
generator: ArithmeticBaseGenerator
generator: ArithmeticBaseGenerator
generator: ArithmeticBaseGenerator
generator: ArithmeticBaseGenerator
generator: ArithmeticBaseGenerator
generator: ArithmeticBaseGenerator
generator: ArithmeticBaseGenerator
generator: ArithmeticBaseGenerator
generator: ArithmeticBaseGenerator
generator: ArithmeticBaseGenerator
generator: ArithmeticBaseGenerator
generator: ArithmeticBaseGenerator
generator: ArithmeticBaseGenerator
generator: ArithmeticBaseGenerator
generator: ArithmeticBaseGenerator
generator: ArithmeticBaseGenerator
generator: ArithmeticBaseGenerator
generator: ArithmeticBaseGenerator
generator: ArithmeticBaseGenerator
generator: ArithmeticBaseGenerator
generator: ArithmeticBaseGenerator
generator: ArithmeticBaseGenerator
generator: ArithmeticBaseGenerator
generator: ArithmeticBaseGenerator
generator: ArithmeticBaseGenerator
generator: ArithmeticBaseGenerator
generator: ArithmeticBaseGenerator
generator: ArithmeticBaseGenerator
generator: ArithmeticBaseGenerator
generator: ArithmeticBaseGenerator
generator: ArithmeticBaseGenerator
generator: ArithmeticBaseGenerator
generator: ArithmeticBaseGenerator
generator: ArithmeticBaseGenerator
generator: ArithmeticBaseGenerator
generator: ArithmeticBaseGenerator
generator: ArithmeticBaseGenerator
generator: ArithmeticBaseGenerator
generator: ArithmeticBaseGenerator
generator: ArithmeticBaseGenerator
generator: ArithmeticBaseGenerator
generator: ArithmeticBaseGenerator
generator: ArithmeticBaseGenerator
generator: ArithmeticBaseGenerator
generator: ArithmeticBaseGenerator
generator: ArithmeticBaseGenerator
generator: ArithmeticBaseGenerator
generator: ArithmeticBaseGenerator
generator: ArithmeticBaseGenerator
generator: ArithmeticBaseGenerator
generator: ArithmeticBaseGenerator
generator: ArithmeticBaseGenerator
generator: ArithmeticBaseGenerator
generator: ArithmeticBaseGenerator
generator: ArithmeticBaseGenerator
generator: ArithmeticBaseGenerator
generator: ArithmeticBaseGenerator
generator: ArithmeticBaseGenerator
generator: ArithmeticBaseGenerator
generator: ArithmeticBaseGenerator
generator: ArithmeticBaseGenerator
generator: ArithmeticBaseGenerator
generator: ArithmeticBaseGenerator
generator: ArithmeticBaseGenerator
generator: ArithmeticBaseGenerator
generator: ArithmeticBaseGenerator
generator: ArithmeticBaseGenerator
generator: ArithmeticBaseGenerator
generator: ArithmeticBaseGenerator
generator: ArithmeticBaseGenerator
generator: ArithmeticBaseGenerator
generator: ArithmeticBaseGenerator
generator: ArithmeticBaseGenerator
generator: ArithmeticBaseGenerator
generator: ArithmeticBaseGenerator
generator: ArithmeticBaseGenerator
generator: ArithmeticBaseGenerator
generator: ArithmeticBaseGenerator
generator: ArithmeticBaseGenerator
generator: ArithmeticBaseGenerator
generator: ArithmeticBaseGenerator
generator: ArithmeticBaseGenerator
generator: ArithmeticBaseGenerator
generator: ArithmeticBaseGenerator
generator: ArithmeticBaseGenerator
generator: ArithmeticBaseGenerator
generator: ArithmeticBaseGenerator
generator: ArithmeticBaseGenerator
generator: ArithmeticBaseGenerator
generator: ArithmeticBaseGenerator
generator: ArithmeticBaseGenerator
generator: ArithmeticBaseGenerator
generator: ArithmeticBaseGenerator
generator: ArithmeticBaseGenerator
generator: ArithmeticBaseGenerator
generator: ArithmeticBaseGenerator
generator: ArithmeticBaseGenerator
generator: ArithmeticBaseGenerator
generator: ArithmeticBaseGenerator
generator: ArithmeticBaseGenerator
generator: ArithmeticBaseGenerator
generator: ArithmeticBaseGenerator
generator: ArithmeticBaseGenerator
generator: ArithmeticBaseGenerator
generator: ArithmeticBaseGenerator
generator: ArithmeticBaseGenerator
generator: ArithmeticBaseGenerator
generator: ArithmeticBaseGenerator
generator: ArithmeticBaseGenerator
generator: ArithmeticBaseGenerator
generator: ArithmeticBaseGenerator
generator: ArithmeticBaseGenerator
generator: ArithmeticBaseGenerator
generator: ArithmeticBaseGenerator
generator: ArithmeticBaseGenerator
generator: ArithmeticBaseGenerator
generator: ArithmeticBaseGenerator
generator: ArithmeticBaseGenerator
generator: ArithmeticBaseGenerator
generator: ArithmeticBaseGenerator
generator: ArithmeticBaseGenerator
generator: ArithmeticBaseGenerator
generator: ArithmeticBaseGenerator
generator: ArithmeticBaseGenerator
generator: ArithmeticBaseGenerator
generator: ArithmeticBaseGenerator
generator: ArithmeticBaseGenerator
generator: ArithmeticBaseGenerator
generator: ArithmeticBaseGenerator
generator: ArithmeticBaseGenerator
generator: ArithmeticBaseGenerator
generator: ArithmeticBaseGenerator
generator: ArithmeticBaseGenerator
generator: ArithmeticBaseGenerator
generator: ArithmeticBaseGenerator
generator: ArithmeticBaseGenerator
generator: ArithmeticBaseGenerator
generator: ArithmeticBaseGenerator
generator: ArithmeticBaseGenerator
generator: ArithmeticBaseGenerator
generator: ArithmeticBaseGenerator
generator: ArithmeticBaseGenerator
generator: ArithmeticBaseGenerator
generator: ArithmeticBaseGenerator
generator: ArithmeticBaseGenerator
generator: ArithmeticBaseGenerator
generator: ArithmeticBaseGenerator
generator: ArithmeticBaseGenerator
generator: ArithmeticBaseGenerator
generator: ArithmeticBaseGenerator
generator: ArithmeticBaseGenerator
generator: ArithmeticBaseGenerator
generator: ArithmeticBaseGenerator
generator: ArithmeticBaseGenerator
generator: ArithmeticBaseGenerator
generator: ArithmeticBaseGenerator
generator: ArithmeticBaseGenerator
generator: ArithmeticBaseGenerator
generator: ArithmeticBaseGenerator
generator: ArithmeticBaseGenerator
generator: ArithmeticBaseGenerator
generator: ArithmeticBaseGenerator
generator: ArithmeticBaseGenerator
generator: ArithmeticBaseGenerator
generator: ArithmeticBaseGenerator
generator: ArithmeticBaseGenerator
generator: ArithmeticBaseGenerator
generator: ArithmeticBaseGenerator
generator: ArithmeticBaseGenerator
generator: ArithmeticBaseGenerator
generator: ArithmeticBaseGenerator
generator: ArithmeticBaseGenerator
generator: ArithmeticBaseGenerator
generator: ArithmeticBaseGenerator
generator: ArithmeticBaseGenerator
generator: ArithmeticBaseGenerator
generator: ArithmeticBaseGenerator
generator: ArithmeticBaseGenerator
generator: ArithmeticBaseGenerator
generator: ArithmeticBaseGenerator
generator: ArithmeticBaseGenerator
generator: ArithmeticBaseGenerator
generator: ArithmeticBaseGenerator
generator: ArithmeticBaseGenerator
generator: ArithmeticBaseGenerator
generator: ArithmeticBaseGenerator
generator: ArithmeticBaseGenerator
generator: ArithmeticBaseGenerator
generator: ArithmeticBaseGenerator
generator: ArithmeticBaseGenerator
generator: ArithmeticBaseGenerator
generator: ArithmeticBaseGenerator
generator: ArithmeticBaseGenerator
generator: ArithmeticBaseGenerator
generator: ArithmeticBaseGenerator
generator: ArithmeticBaseGenerator
generator: ArithmeticBaseGenerator
generator: ArithmeticBaseGenerator
generator: ArithmeticBaseGenerator
generator: ArithmeticBaseGenerator
generator: ArithmeticBaseGenerator
generator: ArithmeticBaseGenerator
generator: ArithmeticBaseGenerator
generator: ArithmeticBaseGenerator
generator: ArithmeticBaseGenerator
generator: ArithmeticBaseGenerator
generator: ArithmeticBaseGenerator
generator: ArithmeticBaseGenerator
generator: ArithmeticBaseGenerator
generator: ArithmeticBaseGenerator
generator: ArithmeticBaseGenerator
generator: ArithmeticBaseGenerator
generator: ArithmeticBaseGenerator
generator: ArithmeticBaseGenerator
generator: ArithmeticBaseGenerator
generator: ArithmeticBaseGenerator
generator: ReducingGenerator
generator: ReducingGenerator
generator: ReducingGenerator
generator: ReducingGenerator
generator: ReducingGenerator
generator: ReducingGenerator
generator: RandomAccessGenerator
generator: RandomAccessGenerator
generator: RandomAccessGenerator
generator: RandomAccessGenerator
generator: ArithmeticBaseGenerator
generator: ArithmeticBaseGenerator
generator: ArithmeticBaseGenerator
generator: ArithmeticBaseGenerator
generator: ArithmeticBaseGenerator
generator: ArithmeticBaseGenerator
generator: ArithmeticBaseGenerator
generator: ArithmeticBaseGenerator
generator: ArithmeticBaseGenerator
generator: ArithmeticBaseGenerator
generator: ArithmeticBaseGenerator
generator: ArithmeticBaseGenerator
generator: ArithmeticBaseGenerator
generator: ArithmeticBaseGenerator
generator: ArithmeticBaseGenerator
generator: ArithmeticBaseGenerator
generator: ArithmeticBaseGenerator
generator: ArithmeticBaseGenerator
generator: ArithmeticBaseGenerator
generator: ArithmeticBaseGenerator
generator: ArithmeticBaseGenerator
generator: ArithmeticBaseGenerator
generator: ArithmeticBaseGenerator
generator: ArithmeticBaseGenerator
generator: ArithmeticBaseGenerator
generator: ArithmeticBaseGenerator
generator: ArithmeticBaseGenerator
generator: ArithmeticBaseGenerator
generator: ArithmeticBaseGenerator
generator: ArithmeticBaseGenerator
generator: ArithmeticBaseGenerator
generator: ArithmeticBaseGenerator
generator: ArithmeticBaseGenerator
generator: ArithmeticBaseGenerator
generator: ArithmeticBaseGenerator
generator: ArithmeticBaseGenerator
generator: ArithmeticBaseGenerator
generator: ArithmeticBaseGenerator
generator: ArithmeticBaseGenerator
generator: ArithmeticBaseGenerator
generator: ArithmeticBaseGenerator
generator: ArithmeticBaseGenerator
generator: ArithmeticBaseGenerator
generator: ArithmeticBaseGenerator
generator: ArithmeticBaseGenerator
generator: ArithmeticBaseGenerator
generator: ArithmeticBaseGenerator
generator: ArithmeticBaseGenerator
generator: ArithmeticBaseGenerator
generator: ArithmeticBaseGenerator
generator: ArithmeticBaseGenerator
generator: ArithmeticBaseGenerator
generator: ArithmeticBaseGenerator
generator: ArithmeticBaseGenerator
generator: ArithmeticBaseGenerator
generator: ArithmeticBaseGenerator
generator: ArithmeticBaseGenerator
generator: ArithmeticBaseGenerator
generator: ArithmeticBaseGenerator
generator: ArithmeticBaseGenerator
generator: InterpolationGenerator
generator: PoseidonGenerator
generator: PoseidonGenerator
generator: PoseidonGenerator
generator: PoseidonGenerator
generator: PoseidonGenerator
generator: PoseidonGenerator
generator: PoseidonGenerator
generator: PoseidonGenerator
generator: PoseidonGenerator
generator: PoseidonGenerator
generator: PoseidonGenerator
generator: PoseidonGenerator
generator: RandomAccessGenerator
generator: RandomAccessGenerator
generator: RandomAccessGenerator
generator: RandomAccessGenerator
generator: InterpolationGenerator
generator: PoseidonGenerator
generator: PoseidonGenerator
generator: PoseidonGenerator
generator: PoseidonGenerator
generator: PoseidonGenerator
generator: PoseidonGenerator
generator: PoseidonGenerator
generator: PoseidonGenerator
generator: RandomAccessGenerator
generator: RandomAccessGenerator
generator: RandomAccessGenerator
generator: RandomAccessGenerator
generator: ReducingExtensionGenerator
generator: BaseSplitGenerator + Base: 2
generator: BaseSplitGenerator + Base: 2
generator: PoseidonGenerator
generator: PoseidonGenerator
generator: PoseidonGenerator
generator: PoseidonGenerator
generator: PoseidonGenerator
generator: PoseidonGenerator
generator: PoseidonGenerator
generator: PoseidonGenerator
generator: PoseidonGenerator
generator: PoseidonGenerator
generator: PoseidonGenerator
generator: PoseidonGenerator
generator: PoseidonGenerator
generator: PoseidonGenerator
generator: PoseidonGenerator
generator: PoseidonGenerator
generator: PoseidonGenerator
generator: PoseidonGenerator
generator: PoseidonGenerator
generator: PoseidonGenerator
generator: PoseidonGenerator
generator: PoseidonGenerator
generator: PoseidonGenerator
generator: RandomAccessGenerator
generator: RandomAccessGenerator
generator: RandomAccessGenerator
generator: RandomAccessGenerator
generator: PoseidonGenerator
generator: PoseidonGenerator
generator: PoseidonGenerator
generator: PoseidonGenerator
generator: PoseidonGenerator
generator: PoseidonGenerator
generator: PoseidonGenerator
generator: PoseidonGenerator
generator: PoseidonGenerator
generator: PoseidonGenerator
generator: PoseidonGenerator
generator: PoseidonGenerator
generator: PoseidonGenerator
generator: PoseidonGenerator
generator: PoseidonGenerator
generator: PoseidonGenerator
generator: PoseidonGenerator
generator: PoseidonGenerator
generator: PoseidonGenerator
generator: PoseidonGenerator
generator: PoseidonGenerator
generator: PoseidonGenerator
generator: PoseidonGenerator
generator: PoseidonGenerator
generator: PoseidonGenerator
generator: PoseidonGenerator
generator: PoseidonGenerator
generator: PoseidonGenerator
generator: PoseidonGenerator
generator: RandomAccessGenerator
generator: RandomAccessGenerator
generator: RandomAccessGenerator
generator: RandomAccessGenerator
generator: PoseidonGenerator
generator: PoseidonGenerator
generator: PoseidonGenerator
generator: PoseidonGenerator
generator: PoseidonGenerator
generator: PoseidonGenerator
generator: PoseidonGenerator
generator: PoseidonGenerator
generator: PoseidonGenerator
generator: PoseidonGenerator
generator: PoseidonGenerator
generator: PoseidonGenerator
generator: PoseidonGenerator
generator: PoseidonGenerator
generator: PoseidonGenerator
generator: RandomAccessGenerator
generator: RandomAccessGenerator
generator: RandomAccessGenerator
generator: RandomAccessGenerator
generator: PoseidonGenerator
generator: PoseidonGenerator
generator: PoseidonGenerator
generator: PoseidonGenerator
generator: PoseidonGenerator
generator: PoseidonGenerator
generator: PoseidonGenerator
generator: PoseidonGenerator
generator: PoseidonGenerator
generator: PoseidonGenerator
generator: PoseidonGenerator
generator: PoseidonGenerator
generator: PoseidonGenerator
generator: PoseidonGenerator
generator: RandomAccessGenerator
generator: RandomAccessGenerator
generator: RandomAccessGenerator
generator: RandomAccessGenerator
generator: ReducingGenerator
generator: ReducingGenerator
generator: ReducingGenerator
generator: ReducingGenerator
generator: ReducingGenerator
generator: ReducingGenerator
generator: RandomAccessGenerator
generator: RandomAccessGenerator
generator: RandomAccessGenerator
generator: RandomAccessGenerator
generator: InterpolationGenerator
generator: PoseidonGenerator
generator: PoseidonGenerator
generator: PoseidonGenerator
generator: PoseidonGenerator
generator: PoseidonGenerator
generator: PoseidonGenerator
generator: PoseidonGenerator
generator: PoseidonGenerator
generator: PoseidonGenerator
generator: PoseidonGenerator
generator: PoseidonGenerator
generator: PoseidonGenerator
generator: RandomAccessGenerator
generator: RandomAccessGenerator
generator: RandomAccessGenerator
generator: RandomAccessGenerator
generator: InterpolationGenerator
generator: PoseidonGenerator
generator: PoseidonGenerator
generator: PoseidonGenerator
generator: PoseidonGenerator
generator: PoseidonGenerator
generator: PoseidonGenerator
generator: PoseidonGenerator
generator: PoseidonGenerator
generator: RandomAccessGenerator
generator: RandomAccessGenerator
generator: RandomAccessGenerator
generator: RandomAccessGenerator
generator: ArithmeticBaseGenerator
generator: ArithmeticBaseGenerator
generator: ArithmeticBaseGenerator
generator: ArithmeticBaseGenerator
generator: ArithmeticBaseGenerator
generator: ArithmeticBaseGenerator
generator: ArithmeticBaseGenerator
generator: ArithmeticBaseGenerator
generator: ArithmeticBaseGenerator
generator: ArithmeticBaseGenerator
generator: ArithmeticBaseGenerator
generator: ArithmeticBaseGenerator
generator: ArithmeticBaseGenerator
generator: ArithmeticBaseGenerator
generator: ArithmeticBaseGenerator
generator: ArithmeticBaseGenerator
generator: ArithmeticBaseGenerator
generator: ArithmeticBaseGenerator
generator: ArithmeticBaseGenerator
generator: ArithmeticBaseGenerator
generator: ReducingExtensionGenerator
generator: BaseSplitGenerator + Base: 2
generator: BaseSplitGenerator + Base: 2
generator: ArithmeticBaseGenerator
generator: ArithmeticBaseGenerator
generator: ArithmeticBaseGenerator
generator: ArithmeticBaseGenerator
generator: ArithmeticBaseGenerator
generator: ArithmeticBaseGenerator
generator: ArithmeticBaseGenerator
generator: ArithmeticBaseGenerator
generator: ArithmeticBaseGenerator
generator: ArithmeticBaseGenerator
generator: ArithmeticBaseGenerator
generator: ArithmeticBaseGenerator
generator: ArithmeticBaseGenerator
generator: ArithmeticBaseGenerator
generator: ArithmeticBaseGenerator
generator: ArithmeticBaseGenerator
generator: ArithmeticBaseGenerator
generator: ArithmeticBaseGenerator
generator: ArithmeticBaseGenerator
generator: ArithmeticBaseGenerator
generator: PoseidonGenerator
generator: PoseidonGenerator
generator: PoseidonGenerator
generator: PoseidonGenerator
generator: PoseidonGenerator
generator: PoseidonGenerator
generator: PoseidonGenerator
generator: PoseidonGenerator
generator: PoseidonGenerator
generator: PoseidonGenerator
generator: PoseidonGenerator
generator: PoseidonGenerator
generator: PoseidonGenerator
generator: PoseidonGenerator
generator: PoseidonGenerator
generator: PoseidonGenerator
generator: PoseidonGenerator
generator: PoseidonGenerator
generator: PoseidonGenerator
generator: PoseidonGenerator
generator: PoseidonGenerator
generator: PoseidonGenerator
generator: PoseidonGenerator
generator: RandomAccessGenerator
generator: RandomAccessGenerator
generator: RandomAccessGenerator
generator: RandomAccessGenerator
generator: PoseidonGenerator
generator: PoseidonGenerator
generator: PoseidonGenerator
generator: PoseidonGenerator
generator: PoseidonGenerator
generator: PoseidonGenerator
generator: PoseidonGenerator
generator: PoseidonGenerator
generator: PoseidonGenerator
generator: PoseidonGenerator
generator: PoseidonGenerator
generator: PoseidonGenerator
generator: PoseidonGenerator
generator: PoseidonGenerator
generator: PoseidonGenerator
generator: PoseidonGenerator
generator: PoseidonGenerator
generator: PoseidonGenerator
generator: PoseidonGenerator
generator: PoseidonGenerator
generator: PoseidonGenerator
generator: PoseidonGenerator
generator: PoseidonGenerator
generator: PoseidonGenerator
generator: PoseidonGenerator
generator: PoseidonGenerator
generator: PoseidonGenerator
generator: PoseidonGenerator
generator: PoseidonGenerator
generator: RandomAccessGenerator
generator: RandomAccessGenerator
generator: RandomAccessGenerator
generator: RandomAccessGenerator
generator: PoseidonGenerator
generator: PoseidonGenerator
generator: PoseidonGenerator
generator: PoseidonGenerator
generator: PoseidonGenerator
generator: PoseidonGenerator
generator: PoseidonGenerator
generator: PoseidonGenerator
generator: PoseidonGenerator
generator: PoseidonGenerator
generator: PoseidonGenerator
generator: PoseidonGenerator
generator: PoseidonGenerator
generator: PoseidonGenerator
generator: PoseidonGenerator
generator: RandomAccessGenerator
generator: RandomAccessGenerator
generator: RandomAccessGenerator
generator: RandomAccessGenerator
generator: PoseidonGenerator
generator: PoseidonGenerator
generator: PoseidonGenerator
generator: PoseidonGenerator
generator: PoseidonGenerator
generator: PoseidonGenerator
generator: PoseidonGenerator
generator: PoseidonGenerator
generator: PoseidonGenerator
generator: PoseidonGenerator
generator: PoseidonGenerator
generator: PoseidonGenerator
generator: PoseidonGenerator
generator: PoseidonGenerator
generator: RandomAccessGenerator
generator: RandomAccessGenerator
generator: RandomAccessGenerator
generator: RandomAccessGenerator
generator: ReducingGenerator
generator: ReducingGenerator
generator: ReducingGenerator
generator: ReducingGenerator
generator: ReducingGenerator
generator: ReducingGenerator
generator: ArithmeticExtensionGenerator
generator: ArithmeticExtensionGenerator
generator: ArithmeticExtensionGenerator
generator: ArithmeticExtensionGenerator
generator: ArithmeticExtensionGenerator
generator: ArithmeticExtensionGenerator
generator: ArithmeticExtensionGenerator
generator: ArithmeticExtensionGenerator
generator: ArithmeticExtensionGenerator
generator: ArithmeticExtensionGenerator
generator: MulExtensionGenerator
generator: MulExtensionGenerator
generator: MulExtensionGenerator
generator: MulExtensionGenerator
generator: MulExtensionGenerator
generator: MulExtensionGenerator
generator: MulExtensionGenerator
generator: MulExtensionGenerator
generator: MulExtensionGenerator
generator: MulExtensionGenerator
generator: MulExtensionGenerator
generator: MulExtensionGenerator
generator: MulExtensionGenerator
generator: RandomAccessGenerator
generator: RandomAccessGenerator
generator: RandomAccessGenerator
generator: RandomAccessGenerator
generator: InterpolationGenerator
generator: PoseidonGenerator
generator: PoseidonGenerator
generator: PoseidonGenerator
generator: PoseidonGenerator
generator: PoseidonGenerator
generator: PoseidonGenerator
generator: PoseidonGenerator
generator: PoseidonGenerator
generator: PoseidonGenerator
generator: PoseidonGenerator
generator: PoseidonGenerator
generator: PoseidonGenerator
generator: RandomAccessGenerator
generator: RandomAccessGenerator
generator: RandomAccessGenerator
generator: RandomAccessGenerator
generator: InterpolationGenerator
generator: PoseidonGenerator
generator: PoseidonGenerator
generator: PoseidonGenerator
generator: PoseidonGenerator
generator: PoseidonGenerator
generator: PoseidonGenerator
generator: PoseidonGenerator
generator: PoseidonGenerator
generator: RandomAccessGenerator
generator: RandomAccessGenerator
generator: RandomAccessGenerator
generator: RandomAccessGenerator
generator: ReducingExtensionGenerator
generator: BaseSplitGenerator + Base: 2
generator: BaseSplitGenerator + Base: 2
generator: PoseidonGenerator
generator: PoseidonGenerator
generator: PoseidonGenerator
generator: PoseidonGenerator
generator: PoseidonGenerator
generator: PoseidonGenerator
generator: PoseidonGenerator
generator: PoseidonGenerator
generator: PoseidonGenerator
generator: PoseidonGenerator
generator: PoseidonGenerator
generator: PoseidonGenerator
generator: PoseidonGenerator
generator: PoseidonGenerator
generator: PoseidonGenerator
generator: PoseidonGenerator
generator: PoseidonGenerator
generator: PoseidonGenerator
generator: PoseidonGenerator
generator: PoseidonGenerator
generator: PoseidonGenerator
generator: PoseidonGenerator
generator: PoseidonGenerator
generator: RandomAccessGenerator
generator: RandomAccessGenerator
generator: RandomAccessGenerator
generator: RandomAccessGenerator
generator: PoseidonGenerator
generator: PoseidonGenerator
generator: PoseidonGenerator
generator: PoseidonGenerator
generator: PoseidonGenerator
generator: PoseidonGenerator
generator: PoseidonGenerator
generator: PoseidonGenerator
generator: PoseidonGenerator
generator: PoseidonGenerator
generator: PoseidonGenerator
generator: PoseidonGenerator
generator: PoseidonGenerator
generator: PoseidonGenerator
generator: PoseidonGenerator
generator: PoseidonGenerator
generator: PoseidonGenerator
generator: PoseidonGenerator
generator: PoseidonGenerator
generator: PoseidonGenerator
generator: PoseidonGenerator
generator: PoseidonGenerator
generator: PoseidonGenerator
generator: PoseidonGenerator
generator: PoseidonGenerator
generator: PoseidonGenerator
generator: PoseidonGenerator
generator: PoseidonGenerator
generator: PoseidonGenerator
generator: RandomAccessGenerator
generator: RandomAccessGenerator
generator: RandomAccessGenerator
generator: RandomAccessGenerator
generator: PoseidonGenerator
generator: PoseidonGenerator
generator: PoseidonGenerator
generator: PoseidonGenerator
generator: PoseidonGenerator
generator: PoseidonGenerator
generator: PoseidonGenerator
generator: PoseidonGenerator
generator: PoseidonGenerator
generator: PoseidonGenerator
generator: PoseidonGenerator
generator: PoseidonGenerator
generator: PoseidonGenerator
generator: PoseidonGenerator
generator: PoseidonGenerator
generator: RandomAccessGenerator
generator: RandomAccessGenerator
generator: RandomAccessGenerator
generator: RandomAccessGenerator
generator: PoseidonGenerator
generator: PoseidonGenerator
generator: PoseidonGenerator
generator: PoseidonGenerator
generator: PoseidonGenerator
generator: PoseidonGenerator
generator: PoseidonGenerator
generator: PoseidonGenerator
generator: PoseidonGenerator
generator: PoseidonGenerator
generator: PoseidonGenerator
generator: PoseidonGenerator
generator: PoseidonGenerator
generator: PoseidonGenerator
generator: RandomAccessGenerator
generator: RandomAccessGenerator
generator: RandomAccessGenerator
generator: RandomAccessGenerator
generator: ReducingGenerator
generator: ReducingGenerator
generator: ReducingGenerator
generator: ReducingGenerator
generator: ReducingGenerator
generator: ReducingGenerator
generator: RandomAccessGenerator
generator: RandomAccessGenerator
generator: RandomAccessGenerator
generator: RandomAccessGenerator
generator: InterpolationGenerator
generator: PoseidonGenerator
generator: PoseidonGenerator
generator: PoseidonGenerator
generator: PoseidonGenerator
generator: PoseidonGenerator
generator: PoseidonGenerator
generator: PoseidonGenerator
generator: PoseidonGenerator
generator: PoseidonGenerator
generator: PoseidonGenerator
generator: PoseidonGenerator
generator: PoseidonGenerator
generator: RandomAccessGenerator
generator: RandomAccessGenerator
generator: RandomAccessGenerator
generator: RandomAccessGenerator
generator: InterpolationGenerator
generator: PoseidonGenerator
generator: PoseidonGenerator
generator: PoseidonGenerator
generator: PoseidonGenerator
generator: PoseidonGenerator
generator: PoseidonGenerator
generator: PoseidonGenerator
generator: PoseidonGenerator
generator: RandomAccessGenerator
generator: RandomAccessGenerator
generator: RandomAccessGenerator
generator: RandomAccessGenerator
generator: ArithmeticBaseGenerator
generator: ArithmeticBaseGenerator
generator: ArithmeticBaseGenerator
generator: ArithmeticBaseGenerator
generator: ArithmeticBaseGenerator
generator: ArithmeticBaseGenerator
generator: ArithmeticBaseGenerator
generator: ArithmeticBaseGenerator
generator: ArithmeticBaseGenerator
generator: ArithmeticBaseGenerator
generator: ArithmeticBaseGenerator
generator: ArithmeticBaseGenerator
generator: ArithmeticBaseGenerator
generator: ArithmeticBaseGenerator
generator: ArithmeticBaseGenerator
generator: ArithmeticBaseGenerator
generator: ArithmeticBaseGenerator
generator: ArithmeticBaseGenerator
generator: ArithmeticBaseGenerator
generator: ArithmeticBaseGenerator
generator: ReducingExtensionGenerator
generator: BaseSplitGenerator + Base: 2
generator: BaseSplitGenerator + Base: 2
generator: ArithmeticBaseGenerator
generator: ArithmeticBaseGenerator
generator: ArithmeticBaseGenerator
generator: ArithmeticBaseGenerator
generator: ArithmeticBaseGenerator
generator: ArithmeticBaseGenerator
generator: ArithmeticBaseGenerator
generator: ArithmeticBaseGenerator
generator: ArithmeticBaseGenerator
generator: ArithmeticBaseGenerator
generator: ArithmeticBaseGenerator
generator: ArithmeticBaseGenerator
generator: ArithmeticBaseGenerator
generator: ArithmeticBaseGenerator
generator: ArithmeticBaseGenerator
generator: ArithmeticBaseGenerator
generator: ArithmeticBaseGenerator
generator: ArithmeticBaseGenerator
generator: ArithmeticBaseGenerator
generator: ArithmeticBaseGenerator
generator: PoseidonGenerator
generator: PoseidonGenerator
generator: PoseidonGenerator
generator: PoseidonGenerator
generator: PoseidonGenerator
generator: PoseidonGenerator
generator: PoseidonGenerator
generator: PoseidonGenerator
generator: PoseidonGenerator
generator: PoseidonGenerator
generator: PoseidonGenerator
generator: PoseidonGenerator
generator: PoseidonGenerator
generator: PoseidonGenerator
generator: PoseidonGenerator
generator: PoseidonGenerator
generator: PoseidonGenerator
generator: PoseidonGenerator
generator: PoseidonGenerator
generator: PoseidonGenerator
generator: PoseidonGenerator
generator: PoseidonGenerator
generator: PoseidonGenerator
generator: RandomAccessGenerator
generator: RandomAccessGenerator
generator: RandomAccessGenerator
generator: RandomAccessGenerator
generator: PoseidonGenerator
generator: PoseidonGenerator
generator: PoseidonGenerator
generator: PoseidonGenerator
generator: PoseidonGenerator
generator: PoseidonGenerator
generator: PoseidonGenerator
generator: PoseidonGenerator
generator: PoseidonGenerator
generator: PoseidonGenerator
generator: PoseidonGenerator
generator: PoseidonGenerator
generator: PoseidonGenerator
generator: PoseidonGenerator
generator: PoseidonGenerator
generator: PoseidonGenerator
generator: PoseidonGenerator
generator: PoseidonGenerator
generator: PoseidonGenerator
generator: PoseidonGenerator
generator: PoseidonGenerator
generator: PoseidonGenerator
generator: PoseidonGenerator
generator: PoseidonGenerator
generator: PoseidonGenerator
generator: PoseidonGenerator
generator: PoseidonGenerator
generator: PoseidonGenerator
generator: PoseidonGenerator
generator: RandomAccessGenerator
generator: RandomAccessGenerator
generator: RandomAccessGenerator
generator: RandomAccessGenerator
generator: PoseidonGenerator
generator: PoseidonGenerator
generator: PoseidonGenerator
generator: PoseidonGenerator
generator: PoseidonGenerator
generator: PoseidonGenerator
generator: PoseidonGenerator
generator: PoseidonGenerator
generator: PoseidonGenerator
generator: PoseidonGenerator
generator: PoseidonGenerator
generator: PoseidonGenerator
generator: PoseidonGenerator
generator: PoseidonGenerator
generator: PoseidonGenerator
generator: RandomAccessGenerator
generator: RandomAccessGenerator
generator: RandomAccessGenerator
generator: RandomAccessGenerator
generator: PoseidonGenerator
generator: PoseidonGenerator
generator: PoseidonGenerator
generator: PoseidonGenerator
generator: PoseidonGenerator
generator: PoseidonGenerator
generator: PoseidonGenerator
generator: PoseidonGenerator
generator: PoseidonGenerator
generator: PoseidonGenerator
generator: PoseidonGenerator
generator: PoseidonGenerator
generator: PoseidonGenerator
generator: PoseidonGenerator
generator: RandomAccessGenerator
generator: RandomAccessGenerator
generator: RandomAccessGenerator
generator: RandomAccessGenerator
generator: ReducingGenerator
generator: ReducingGenerator
generator: ReducingGenerator
generator: ReducingGenerator
generator: ReducingGenerator
generator: ReducingGenerator
generator: ArithmeticExtensionGenerator
generator: ArithmeticExtensionGenerator
generator: ArithmeticExtensionGenerator
generator: ArithmeticExtensionGenerator
generator: ArithmeticExtensionGenerator
generator: ArithmeticExtensionGenerator
generator: ArithmeticExtensionGenerator
generator: ArithmeticExtensionGenerator
generator: ArithmeticExtensionGenerator
generator: ArithmeticExtensionGenerator
generator: ArithmeticExtensionGenerator
generator: ArithmeticExtensionGenerator
generator: ArithmeticExtensionGenerator
generator: ArithmeticExtensionGenerator
generator: ArithmeticExtensionGenerator
generator: ArithmeticExtensionGenerator
generator: ArithmeticExtensionGenerator
generator: ArithmeticExtensionGenerator
generator: ArithmeticExtensionGenerator
generator: ArithmeticExtensionGenerator
generator: RandomAccessGenerator
generator: RandomAccessGenerator
generator: RandomAccessGenerator
generator: RandomAccessGenerator
generator: InterpolationGenerator
generator: PoseidonGenerator
generator: PoseidonGenerator
generator: PoseidonGenerator
generator: PoseidonGenerator
generator: PoseidonGenerator
generator: PoseidonGenerator
generator: PoseidonGenerator
generator: PoseidonGenerator
generator: PoseidonGenerator
generator: PoseidonGenerator
generator: PoseidonGenerator
generator: PoseidonGenerator
generator: RandomAccessGenerator
generator: RandomAccessGenerator
generator: RandomAccessGenerator
generator: RandomAccessGenerator
generator: InterpolationGenerator
generator: PoseidonGenerator
generator: PoseidonGenerator
generator: PoseidonGenerator
generator: PoseidonGenerator
generator: PoseidonGenerator
generator: PoseidonGenerator
generator: PoseidonGenerator
generator: PoseidonGenerator
generator: RandomAccessGenerator
generator: RandomAccessGenerator
generator: RandomAccessGenerator
generator: RandomAccessGenerator
generator: ReducingExtensionGenerator
generator: BaseSplitGenerator + Base: 2
generator: BaseSplitGenerator + Base: 2
generator: PoseidonGenerator
generator: PoseidonGenerator
generator: PoseidonGenerator
generator: PoseidonGenerator
generator: PoseidonGenerator
generator: PoseidonGenerator
generator: PoseidonGenerator
generator: PoseidonGenerator
generator: PoseidonGenerator
generator: PoseidonGenerator
generator: PoseidonGenerator
generator: PoseidonGenerator
generator: PoseidonGenerator
generator: PoseidonGenerator
generator: PoseidonGenerator
generator: PoseidonGenerator
generator: PoseidonGenerator
generator: PoseidonGenerator
generator: PoseidonGenerator
generator: PoseidonGenerator
generator: PoseidonGenerator
generator: PoseidonGenerator
generator: PoseidonGenerator
generator: RandomAccessGenerator
generator: RandomAccessGenerator
generator: RandomAccessGenerator
generator: RandomAccessGenerator
generator: PoseidonGenerator
generator: PoseidonGenerator
generator: PoseidonGenerator
generator: PoseidonGenerator
generator: PoseidonGenerator
generator: PoseidonGenerator
generator: PoseidonGenerator
generator: PoseidonGenerator
generator: PoseidonGenerator
generator: PoseidonGenerator
generator: PoseidonGenerator
generator: PoseidonGenerator
generator: PoseidonGenerator
generator: PoseidonGenerator
generator: PoseidonGenerator
generator: PoseidonGenerator
generator: PoseidonGenerator
generator: PoseidonGenerator
generator: PoseidonGenerator
generator: PoseidonGenerator
generator: PoseidonGenerator
generator: PoseidonGenerator
generator: PoseidonGenerator
generator: PoseidonGenerator
generator: PoseidonGenerator
generator: PoseidonGenerator
generator: PoseidonGenerator
generator: PoseidonGenerator
generator: PoseidonGenerator
generator: RandomAccessGenerator
generator: RandomAccessGenerator
generator: RandomAccessGenerator
generator: RandomAccessGenerator
generator: PoseidonGenerator
generator: PoseidonGenerator
generator: PoseidonGenerator
generator: PoseidonGenerator
generator: PoseidonGenerator
generator: PoseidonGenerator
generator: PoseidonGenerator
generator: PoseidonGenerator
generator: PoseidonGenerator
generator: PoseidonGenerator
generator: PoseidonGenerator
generator: PoseidonGenerator
generator: PoseidonGenerator
generator: PoseidonGenerator
generator: PoseidonGenerator
generator: RandomAccessGenerator
generator: RandomAccessGenerator
generator: RandomAccessGenerator
generator: RandomAccessGenerator
generator: PoseidonGenerator
generator: PoseidonGenerator
generator: PoseidonGenerator
generator: PoseidonGenerator
generator: PoseidonGenerator
generator: PoseidonGenerator
generator: PoseidonGenerator
generator: PoseidonGenerator
generator: PoseidonGenerator
generator: PoseidonGenerator
generator: PoseidonGenerator
generator: PoseidonGenerator
generator: PoseidonGenerator
generator: PoseidonGenerator
generator: RandomAccessGenerator
generator: RandomAccessGenerator
generator: RandomAccessGenerator
generator: RandomAccessGenerator
generator: ReducingGenerator
generator: ReducingGenerator
generator: ReducingGenerator
generator: ReducingGenerator
generator: ReducingGenerator
generator: ReducingGenerator
generator: MulExtensionGenerator
generator: MulExtensionGenerator
generator: MulExtensionGenerator
generator: MulExtensionGenerator
generator: MulExtensionGenerator
generator: MulExtensionGenerator
generator: MulExtensionGenerator
generator: MulExtensionGenerator
generator: MulExtensionGenerator
generator: MulExtensionGenerator
generator: MulExtensionGenerator
generator: MulExtensionGenerator
generator: MulExtensionGenerator
generator: RandomAccessGenerator
generator: RandomAccessGenerator
generator: RandomAccessGenerator
generator: RandomAccessGenerator
generator: InterpolationGenerator
generator: PoseidonGenerator
generator: PoseidonGenerator
generator: PoseidonGenerator
generator: PoseidonGenerator
generator: PoseidonGenerator
generator: PoseidonGenerator
generator: PoseidonGenerator
generator: PoseidonGenerator
generator: PoseidonGenerator
generator: PoseidonGenerator
generator: PoseidonGenerator
generator: PoseidonGenerator
generator: RandomAccessGenerator
generator: RandomAccessGenerator
generator: RandomAccessGenerator
generator: RandomAccessGenerator
generator: ArithmeticBaseGenerator
generator: ArithmeticBaseGenerator
generator: ArithmeticBaseGenerator
generator: ArithmeticBaseGenerator
generator: ArithmeticBaseGenerator
generator: ArithmeticBaseGenerator
generator: ArithmeticBaseGenerator
generator: ArithmeticBaseGenerator
generator: ArithmeticBaseGenerator
generator: ArithmeticBaseGenerator
generator: ArithmeticBaseGenerator
generator: ArithmeticBaseGenerator
generator: ArithmeticBaseGenerator
generator: ArithmeticBaseGenerator
generator: ArithmeticBaseGenerator
generator: ArithmeticBaseGenerator
generator: ArithmeticBaseGenerator
generator: ArithmeticBaseGenerator
generator: ArithmeticBaseGenerator
generator: ArithmeticBaseGenerator
generator: InterpolationGenerator
generator: PoseidonGenerator
generator: PoseidonGenerator
generator: PoseidonGenerator
generator: PoseidonGenerator
generator: PoseidonGenerator
generator: PoseidonGenerator
generator: PoseidonGenerator
generator: PoseidonGenerator
generator: RandomAccessGenerator
generator: RandomAccessGenerator
generator: RandomAccessGenerator
generator: RandomAccessGenerator
generator: ReducingExtensionGenerator
generator: BaseSplitGenerator + Base: 2
generator: BaseSplitGenerator + Base: 2
generator: ArithmeticBaseGenerator
generator: ArithmeticBaseGenerator
generator: ArithmeticBaseGenerator
generator: ArithmeticBaseGenerator
generator: ArithmeticBaseGenerator
generator: ArithmeticBaseGenerator
generator: ArithmeticBaseGenerator
generator: ArithmeticBaseGenerator
generator: ArithmeticBaseGenerator
generator: ArithmeticBaseGenerator
generator: ArithmeticBaseGenerator
generator: ArithmeticBaseGenerator
generator: ArithmeticBaseGenerator
generator: ArithmeticBaseGenerator
generator: ArithmeticBaseGenerator
generator: ArithmeticBaseGenerator
generator: ArithmeticBaseGenerator
generator: ArithmeticBaseGenerator
generator: ArithmeticBaseGenerator
generator: ArithmeticBaseGenerator
generator: PoseidonGenerator
generator: PoseidonGenerator
generator: PoseidonGenerator
generator: PoseidonGenerator
generator: PoseidonGenerator
generator: PoseidonGenerator
generator: PoseidonGenerator
generator: PoseidonGenerator
generator: PoseidonGenerator
generator: PoseidonGenerator
generator: PoseidonGenerator
generator: PoseidonGenerator
generator: PoseidonGenerator
generator: PoseidonGenerator
generator: PoseidonGenerator
generator: PoseidonGenerator
generator: PoseidonGenerator
generator: PoseidonGenerator
generator: PoseidonGenerator
generator: PoseidonGenerator
generator: PoseidonGenerator
generator: PoseidonGenerator
generator: PoseidonGenerator
generator: RandomAccessGenerator
generator: RandomAccessGenerator
generator: RandomAccessGenerator
generator: RandomAccessGenerator
generator: PoseidonGenerator
generator: PoseidonGenerator
generator: PoseidonGenerator
generator: PoseidonGenerator
generator: PoseidonGenerator
generator: PoseidonGenerator
generator: PoseidonGenerator
generator: PoseidonGenerator
generator: PoseidonGenerator
generator: PoseidonGenerator
generator: PoseidonGenerator
generator: PoseidonGenerator
generator: PoseidonGenerator
generator: PoseidonGenerator
generator: PoseidonGenerator
generator: PoseidonGenerator
generator: PoseidonGenerator
generator: PoseidonGenerator
generator: PoseidonGenerator
generator: PoseidonGenerator
generator: PoseidonGenerator
generator: PoseidonGenerator
generator: PoseidonGenerator
generator: PoseidonGenerator
generator: PoseidonGenerator
generator: PoseidonGenerator
generator: PoseidonGenerator
generator: PoseidonGenerator
generator: PoseidonGenerator
generator: RandomAccessGenerator
generator: RandomAccessGenerator
generator: RandomAccessGenerator
generator: RandomAccessGenerator
generator: PoseidonGenerator
generator: PoseidonGenerator
generator: PoseidonGenerator
generator: PoseidonGenerator
generator: PoseidonGenerator
generator: PoseidonGenerator
generator: PoseidonGenerator
generator: PoseidonGenerator
generator: PoseidonGenerator
generator: PoseidonGenerator
generator: PoseidonGenerator
generator: PoseidonGenerator
generator: PoseidonGenerator
generator: PoseidonGenerator
generator: PoseidonGenerator
generator: RandomAccessGenerator
generator: RandomAccessGenerator
generator: RandomAccessGenerator
generator: RandomAccessGenerator
generator: PoseidonGenerator
generator: PoseidonGenerator
generator: PoseidonGenerator
generator: PoseidonGenerator
generator: PoseidonGenerator
generator: PoseidonGenerator
generator: PoseidonGenerator
generator: PoseidonGenerator
generator: PoseidonGenerator
generator: PoseidonGenerator
generator: PoseidonGenerator
generator: PoseidonGenerator
generator: PoseidonGenerator
generator: PoseidonGenerator
generator: RandomAccessGenerator
generator: RandomAccessGenerator
generator: RandomAccessGenerator
generator: RandomAccessGenerator
generator: ReducingGenerator
generator: ReducingGenerator
generator: ReducingGenerator
generator: ReducingGenerator
generator: ReducingGenerator
generator: ReducingGenerator
generator: RandomAccessGenerator
generator: RandomAccessGenerator
generator: RandomAccessGenerator
generator: RandomAccessGenerator
generator: InterpolationGenerator
generator: PoseidonGenerator
generator: PoseidonGenerator
generator: PoseidonGenerator
generator: PoseidonGenerator
generator: PoseidonGenerator
generator: PoseidonGenerator
generator: PoseidonGenerator
generator: PoseidonGenerator
generator: PoseidonGenerator
generator: PoseidonGenerator
generator: PoseidonGenerator
generator: PoseidonGenerator
generator: RandomAccessGenerator
generator: RandomAccessGenerator
generator: RandomAccessGenerator
generator: RandomAccessGenerator
generator: ArithmeticBaseGenerator
generator: ArithmeticBaseGenerator
generator: ArithmeticBaseGenerator
generator: ArithmeticBaseGenerator
generator: ArithmeticBaseGenerator
generator: ArithmeticBaseGenerator
generator: ArithmeticBaseGenerator
generator: ArithmeticBaseGenerator
generator: ArithmeticBaseGenerator
generator: ArithmeticBaseGenerator
generator: ArithmeticBaseGenerator
generator: ArithmeticBaseGenerator
generator: ArithmeticBaseGenerator
generator: ArithmeticBaseGenerator
generator: ArithmeticBaseGenerator
generator: ArithmeticBaseGenerator
generator: ArithmeticBaseGenerator
generator: ArithmeticBaseGenerator
generator: ArithmeticBaseGenerator
generator: ArithmeticBaseGenerator
generator: InterpolationGenerator
generator: PoseidonGenerator
generator: PoseidonGenerator
generator: PoseidonGenerator
generator: PoseidonGenerator
generator: PoseidonGenerator
generator: PoseidonGenerator
generator: PoseidonGenerator
generator: PoseidonGenerator
generator: RandomAccessGenerator
generator: RandomAccessGenerator
generator: RandomAccessGenerator
generator: RandomAccessGenerator
generator: ReducingExtensionGenerator
generator: BaseSplitGenerator + Base: 2
generator: BaseSplitGenerator + Base: 2
generator: PoseidonGenerator
generator: PoseidonGenerator
generator: PoseidonGenerator
generator: PoseidonGenerator
generator: PoseidonGenerator
generator: PoseidonGenerator
generator: PoseidonGenerator
generator: PoseidonGenerator
generator: PoseidonGenerator
generator: PoseidonGenerator
generator: PoseidonGenerator
generator: PoseidonGenerator
generator: PoseidonGenerator
generator: PoseidonGenerator
generator: PoseidonGenerator
generator: PoseidonGenerator
generator: PoseidonGenerator
generator: PoseidonGenerator
generator: PoseidonGenerator
generator: PoseidonGenerator
generator: PoseidonGenerator
generator: PoseidonGenerator
generator: PoseidonGenerator
generator: RandomAccessGenerator
generator: RandomAccessGenerator
generator: RandomAccessGenerator
generator: RandomAccessGenerator
generator: PoseidonGenerator
generator: PoseidonGenerator
generator: PoseidonGenerator
generator: PoseidonGenerator
generator: PoseidonGenerator
generator: PoseidonGenerator
generator: PoseidonGenerator
generator: PoseidonGenerator
generator: PoseidonGenerator
generator: PoseidonGenerator
generator: PoseidonGenerator
generator: PoseidonGenerator
generator: PoseidonGenerator
generator: PoseidonGenerator
generator: PoseidonGenerator
generator: PoseidonGenerator
generator: PoseidonGenerator
generator: PoseidonGenerator
generator: PoseidonGenerator
generator: PoseidonGenerator
generator: PoseidonGenerator
generator: PoseidonGenerator
generator: PoseidonGenerator
generator: PoseidonGenerator
generator: PoseidonGenerator
generator: PoseidonGenerator
generator: PoseidonGenerator
generator: PoseidonGenerator
generator: PoseidonGenerator
generator: RandomAccessGenerator
generator: RandomAccessGenerator
generator: RandomAccessGenerator
generator: RandomAccessGenerator
generator: PoseidonGenerator
generator: PoseidonGenerator
generator: PoseidonGenerator
generator: PoseidonGenerator
generator: PoseidonGenerator
generator: PoseidonGenerator
generator: PoseidonGenerator
generator: PoseidonGenerator
generator: PoseidonGenerator
generator: PoseidonGenerator
generator: PoseidonGenerator
generator: PoseidonGenerator
generator: PoseidonGenerator
generator: PoseidonGenerator
generator: PoseidonGenerator
generator: RandomAccessGenerator
generator: RandomAccessGenerator
generator: RandomAccessGenerator
generator: RandomAccessGenerator
generator: PoseidonGenerator
generator: PoseidonGenerator
generator: PoseidonGenerator
generator: PoseidonGenerator
generator: PoseidonGenerator
generator: PoseidonGenerator
generator: PoseidonGenerator
generator: PoseidonGenerator
generator: PoseidonGenerator
generator: PoseidonGenerator
generator: PoseidonGenerator
generator: PoseidonGenerator
generator: PoseidonGenerator
generator: PoseidonGenerator
generator: RandomAccessGenerator
generator: RandomAccessGenerator
generator: RandomAccessGenerator
generator: RandomAccessGenerator
generator: ReducingGenerator
generator: ReducingGenerator
generator: ReducingGenerator
generator: ReducingGenerator
generator: ReducingGenerator
generator: ReducingGenerator
generator: ArithmeticExtensionGenerator
generator: ArithmeticExtensionGenerator
generator: ArithmeticExtensionGenerator
generator: ArithmeticExtensionGenerator
generator: ArithmeticExtensionGenerator
generator: ArithmeticExtensionGenerator
generator: ArithmeticExtensionGenerator
generator: ArithmeticExtensionGenerator
generator: ArithmeticExtensionGenerator
generator: ArithmeticExtensionGenerator
generator: RandomAccessGenerator
generator: RandomAccessGenerator
generator: RandomAccessGenerator
generator: RandomAccessGenerator
generator: InterpolationGenerator
generator: PoseidonGenerator
generator: PoseidonGenerator
generator: PoseidonGenerator
generator: PoseidonGenerator
generator: PoseidonGenerator
generator: PoseidonGenerator
generator: PoseidonGenerator
generator: PoseidonGenerator
generator: PoseidonGenerator
generator: PoseidonGenerator
generator: PoseidonGenerator
generator: PoseidonGenerator
generator: RandomAccessGenerator
generator: RandomAccessGenerator
generator: RandomAccessGenerator
generator: RandomAccessGenerator
generator: ArithmeticBaseGenerator
generator: ArithmeticBaseGenerator
generator: ArithmeticBaseGenerator
generator: ArithmeticBaseGenerator
generator: ArithmeticBaseGenerator
generator: ArithmeticBaseGenerator
generator: ArithmeticBaseGenerator
generator: ArithmeticBaseGenerator
generator: ArithmeticBaseGenerator
generator: ArithmeticBaseGenerator
generator: ArithmeticBaseGenerator
generator: ArithmeticBaseGenerator
generator: ArithmeticBaseGenerator
generator: ArithmeticBaseGenerator
generator: ArithmeticBaseGenerator
generator: ArithmeticBaseGenerator
generator: ArithmeticBaseGenerator
generator: ArithmeticBaseGenerator
generator: ArithmeticBaseGenerator
generator: ArithmeticBaseGenerator
generator: InterpolationGenerator
generator: PoseidonGenerator
generator: PoseidonGenerator
generator: PoseidonGenerator
generator: PoseidonGenerator
generator: PoseidonGenerator
generator: PoseidonGenerator
generator: PoseidonGenerator
generator: PoseidonGenerator
generator: RandomAccessGenerator
generator: RandomAccessGenerator
generator: RandomAccessGenerator
generator: RandomAccessGenerator
generator: ReducingExtensionGenerator
generator: BaseSplitGenerator + Base: 2
generator: BaseSplitGenerator + Base: 2
generator: ArithmeticBaseGenerator
generator: ArithmeticBaseGenerator
generator: ArithmeticBaseGenerator
generator: ArithmeticBaseGenerator
generator: ArithmeticBaseGenerator
generator: ArithmeticBaseGenerator
generator: ArithmeticBaseGenerator
generator: ArithmeticBaseGenerator
generator: ArithmeticBaseGenerator
generator: ArithmeticBaseGenerator
generator: ArithmeticBaseGenerator
generator: ArithmeticBaseGenerator
generator: ArithmeticBaseGenerator
generator: ArithmeticBaseGenerator
generator: ArithmeticBaseGenerator
generator: ArithmeticBaseGenerator
generator: ArithmeticBaseGenerator
generator: ArithmeticBaseGenerator
generator: ArithmeticBaseGenerator
generator: ArithmeticBaseGenerator
generator: PoseidonGenerator
generator: PoseidonGenerator
generator: PoseidonGenerator
generator: PoseidonGenerator
generator: PoseidonGenerator
generator: PoseidonGenerator
generator: PoseidonGenerator
generator: PoseidonGenerator
generator: PoseidonGenerator
generator: PoseidonGenerator
generator: PoseidonGenerator
generator: PoseidonGenerator
generator: PoseidonGenerator
generator: PoseidonGenerator
generator: PoseidonGenerator
generator: PoseidonGenerator
generator: PoseidonGenerator
generator: PoseidonGenerator
generator: PoseidonGenerator
generator: PoseidonGenerator
generator: PoseidonGenerator
generator: PoseidonGenerator
generator: PoseidonGenerator
generator: RandomAccessGenerator
generator: RandomAccessGenerator
generator: RandomAccessGenerator
generator: RandomAccessGenerator
generator: PoseidonGenerator
generator: PoseidonGenerator
generator: PoseidonGenerator
generator: PoseidonGenerator
generator: PoseidonGenerator
generator: PoseidonGenerator
generator: PoseidonGenerator
generator: PoseidonGenerator
generator: PoseidonGenerator
generator: PoseidonGenerator
generator: PoseidonGenerator
generator: PoseidonGenerator
generator: PoseidonGenerator
generator: PoseidonGenerator
generator: PoseidonGenerator
generator: PoseidonGenerator
generator: PoseidonGenerator
generator: PoseidonGenerator
generator: PoseidonGenerator
generator: PoseidonGenerator
generator: PoseidonGenerator
generator: PoseidonGenerator
generator: PoseidonGenerator
generator: PoseidonGenerator
generator: PoseidonGenerator
generator: PoseidonGenerator
generator: PoseidonGenerator
generator: PoseidonGenerator
generator: PoseidonGenerator
generator: RandomAccessGenerator
generator: RandomAccessGenerator
generator: RandomAccessGenerator
generator: RandomAccessGenerator
generator: PoseidonGenerator
generator: PoseidonGenerator
generator: PoseidonGenerator
generator: PoseidonGenerator
generator: PoseidonGenerator
generator: PoseidonGenerator
generator: PoseidonGenerator
generator: PoseidonGenerator
generator: PoseidonGenerator
generator: PoseidonGenerator
generator: PoseidonGenerator
generator: PoseidonGenerator
generator: PoseidonGenerator
generator: PoseidonGenerator
generator: PoseidonGenerator
generator: RandomAccessGenerator
generator: RandomAccessGenerator
generator: RandomAccessGenerator
generator: RandomAccessGenerator
generator: PoseidonGenerator
generator: PoseidonGenerator
generator: PoseidonGenerator
generator: PoseidonGenerator
generator: PoseidonGenerator
generator: PoseidonGenerator
generator: PoseidonGenerator
generator: PoseidonGenerator
generator: PoseidonGenerator
generator: PoseidonGenerator
generator: PoseidonGenerator
generator: PoseidonGenerator
generator: PoseidonGenerator
generator: PoseidonGenerator
generator: RandomAccessGenerator
generator: RandomAccessGenerator
generator: RandomAccessGenerator
generator: RandomAccessGenerator
generator: ReducingGenerator
generator: ReducingGenerator
generator: ReducingGenerator
generator: ReducingGenerator
generator: ReducingGenerator
generator: ReducingGenerator
generator: MulExtensionGenerator
generator: MulExtensionGenerator
generator: MulExtensionGenerator
generator: MulExtensionGenerator
generator: MulExtensionGenerator
generator: MulExtensionGenerator
generator: MulExtensionGenerator
generator: MulExtensionGenerator
generator: MulExtensionGenerator
generator: MulExtensionGenerator
generator: MulExtensionGenerator
generator: MulExtensionGenerator
generator: MulExtensionGenerator
generator: RandomAccessGenerator
generator: RandomAccessGenerator
generator: RandomAccessGenerator
generator: RandomAccessGenerator
generator: InterpolationGenerator
generator: PoseidonGenerator
generator: PoseidonGenerator
generator: PoseidonGenerator
generator: PoseidonGenerator
generator: PoseidonGenerator
generator: PoseidonGenerator
generator: PoseidonGenerator
generator: PoseidonGenerator
generator: PoseidonGenerator
generator: PoseidonGenerator
generator: PoseidonGenerator
generator: PoseidonGenerator
generator: RandomAccessGenerator
generator: RandomAccessGenerator
generator: RandomAccessGenerator
generator: RandomAccessGenerator
generator: InterpolationGenerator
generator: PoseidonGenerator
generator: PoseidonGenerator
generator: PoseidonGenerator
generator: PoseidonGenerator
generator: PoseidonGenerator
generator: PoseidonGenerator
generator: PoseidonGenerator
generator: PoseidonGenerator
generator: RandomAccessGenerator
generator: RandomAccessGenerator
generator: RandomAccessGenerator
generator: RandomAccessGenerator
generator: ReducingExtensionGenerator
generator: BaseSplitGenerator + Base: 2
generator: BaseSplitGenerator + Base: 2
generator: PoseidonGenerator
generator: PoseidonGenerator
generator: PoseidonGenerator
generator: PoseidonGenerator
generator: PoseidonGenerator
generator: PoseidonGenerator
generator: PoseidonGenerator
generator: PoseidonGenerator
generator: PoseidonGenerator
generator: PoseidonGenerator
generator: PoseidonGenerator
generator: PoseidonGenerator
generator: PoseidonGenerator
generator: PoseidonGenerator
generator: PoseidonGenerator
generator: PoseidonGenerator
generator: PoseidonGenerator
generator: PoseidonGenerator
generator: PoseidonGenerator
generator: PoseidonGenerator
generator: PoseidonGenerator
generator: PoseidonGenerator
generator: PoseidonGenerator
generator: RandomAccessGenerator
generator: RandomAccessGenerator
generator: RandomAccessGenerator
generator: RandomAccessGenerator
generator: PoseidonGenerator
generator: PoseidonGenerator
generator: PoseidonGenerator
generator: PoseidonGenerator
generator: PoseidonGenerator
generator: PoseidonGenerator
generator: PoseidonGenerator
generator: PoseidonGenerator
generator: PoseidonGenerator
generator: PoseidonGenerator
generator: PoseidonGenerator
generator: PoseidonGenerator
generator: PoseidonGenerator
generator: PoseidonGenerator
generator: PoseidonGenerator
generator: PoseidonGenerator
generator: PoseidonGenerator
generator: PoseidonGenerator
generator: PoseidonGenerator
generator: PoseidonGenerator
generator: PoseidonGenerator
generator: PoseidonGenerator
generator: PoseidonGenerator
generator: PoseidonGenerator
generator: PoseidonGenerator
generator: PoseidonGenerator
generator: PoseidonGenerator
generator: PoseidonGenerator
generator: PoseidonGenerator
generator: RandomAccessGenerator
generator: RandomAccessGenerator
generator: RandomAccessGenerator
generator: RandomAccessGenerator
generator: PoseidonGenerator
generator: PoseidonGenerator
generator: PoseidonGenerator
generator: PoseidonGenerator
generator: PoseidonGenerator
generator: PoseidonGenerator
generator: PoseidonGenerator
generator: PoseidonGenerator
generator: PoseidonGenerator
generator: PoseidonGenerator
generator: PoseidonGenerator
generator: PoseidonGenerator
generator: PoseidonGenerator
generator: PoseidonGenerator
generator: PoseidonGenerator
generator: RandomAccessGenerator
generator: RandomAccessGenerator
generator: RandomAccessGenerator
generator: RandomAccessGenerator
generator: PoseidonGenerator
generator: PoseidonGenerator
generator: PoseidonGenerator
generator: PoseidonGenerator
generator: PoseidonGenerator
generator: PoseidonGenerator
generator: PoseidonGenerator
generator: PoseidonGenerator
generator: PoseidonGenerator
generator: PoseidonGenerator
generator: PoseidonGenerator
generator: PoseidonGenerator
generator: PoseidonGenerator
generator: PoseidonGenerator
generator: RandomAccessGenerator
generator: RandomAccessGenerator
generator: RandomAccessGenerator
generator: RandomAccessGenerator
generator: ReducingGenerator
generator: ReducingGenerator
generator: ReducingGenerator
generator: ReducingGenerator
generator: ReducingGenerator
generator: ReducingGenerator
generator: ArithmeticExtensionGenerator
generator: ArithmeticExtensionGenerator
generator: ArithmeticExtensionGenerator
generator: ArithmeticExtensionGenerator
generator: ArithmeticExtensionGenerator
generator: ArithmeticExtensionGenerator
generator: ArithmeticExtensionGenerator
generator: ArithmeticExtensionGenerator
generator: ArithmeticExtensionGenerator
generator: ArithmeticExtensionGenerator
generator: ArithmeticExtensionGenerator
generator: ArithmeticExtensionGenerator
generator: ArithmeticExtensionGenerator
generator: ArithmeticExtensionGenerator
generator: ArithmeticExtensionGenerator
generator: ArithmeticExtensionGenerator
generator: ArithmeticExtensionGenerator
generator: ArithmeticExtensionGenerator
generator: ArithmeticExtensionGenerator
generator: ArithmeticExtensionGenerator
generator: RandomAccessGenerator
generator: RandomAccessGenerator
generator: RandomAccessGenerator
generator: RandomAccessGenerator
generator: ArithmeticBaseGenerator
generator: ArithmeticBaseGenerator
generator: ArithmeticBaseGenerator
generator: ArithmeticBaseGenerator
generator: ArithmeticBaseGenerator
generator: ArithmeticBaseGenerator
generator: ArithmeticBaseGenerator
generator: ArithmeticBaseGenerator
generator: ArithmeticBaseGenerator
generator: ArithmeticBaseGenerator
generator: ArithmeticBaseGenerator
generator: ArithmeticBaseGenerator
generator: ArithmeticBaseGenerator
generator: ArithmeticBaseGenerator
generator: ArithmeticBaseGenerator
generator: ArithmeticBaseGenerator
generator: ArithmeticBaseGenerator
generator: ArithmeticBaseGenerator
generator: ArithmeticBaseGenerator
generator: ArithmeticBaseGenerator
generator: InterpolationGenerator
generator: PoseidonGenerator
generator: PoseidonGenerator
generator: PoseidonGenerator
generator: PoseidonGenerator
generator: PoseidonGenerator
generator: PoseidonGenerator
generator: PoseidonGenerator
generator: PoseidonGenerator
generator: PoseidonGenerator
generator: PoseidonGenerator
generator: PoseidonGenerator
generator: PoseidonGenerator
generator: RandomAccessGenerator
generator: RandomAccessGenerator
generator: RandomAccessGenerator
generator: RandomAccessGenerator
generator: InterpolationGenerator
generator: PoseidonGenerator
generator: PoseidonGenerator
generator: PoseidonGenerator
generator: PoseidonGenerator
generator: PoseidonGenerator
generator: PoseidonGenerator
generator: PoseidonGenerator
generator: PoseidonGenerator
generator: RandomAccessGenerator
generator: RandomAccessGenerator
generator: RandomAccessGenerator
generator: RandomAccessGenerator
generator: ReducingExtensionGenerator
generator: BaseSplitGenerator + Base: 2
generator: BaseSplitGenerator + Base: 2
generator: ArithmeticBaseGenerator
generator: ArithmeticBaseGenerator
generator: ArithmeticBaseGenerator
generator: ArithmeticBaseGenerator
generator: ArithmeticBaseGenerator
generator: ArithmeticBaseGenerator
generator: ArithmeticBaseGenerator
generator: ArithmeticBaseGenerator
generator: ArithmeticBaseGenerator
generator: ArithmeticBaseGenerator
generator: ArithmeticBaseGenerator
generator: ArithmeticBaseGenerator
generator: ArithmeticBaseGenerator
generator: ArithmeticBaseGenerator
generator: ArithmeticBaseGenerator
generator: ArithmeticBaseGenerator
generator: ArithmeticBaseGenerator
generator: ArithmeticBaseGenerator
generator: ArithmeticBaseGenerator
generator: ArithmeticBaseGenerator
generator: PoseidonGenerator
generator: PoseidonGenerator
generator: PoseidonGenerator
generator: PoseidonGenerator
generator: PoseidonGenerator
generator: PoseidonGenerator
generator: PoseidonGenerator
generator: PoseidonGenerator
generator: PoseidonGenerator
generator: PoseidonGenerator
generator: PoseidonGenerator
generator: PoseidonGenerator
generator: PoseidonGenerator
generator: PoseidonGenerator
generator: PoseidonGenerator
generator: PoseidonGenerator
generator: PoseidonGenerator
generator: PoseidonGenerator
generator: PoseidonGenerator
generator: PoseidonGenerator
generator: PoseidonGenerator
generator: PoseidonGenerator
generator: PoseidonGenerator
generator: RandomAccessGenerator
generator: RandomAccessGenerator
generator: RandomAccessGenerator
generator: RandomAccessGenerator
generator: PoseidonGenerator
generator: PoseidonGenerator
generator: PoseidonGenerator
generator: PoseidonGenerator
generator: PoseidonGenerator
generator: PoseidonGenerator
generator: PoseidonGenerator
generator: PoseidonGenerator
generator: PoseidonGenerator
generator: PoseidonGenerator
generator: PoseidonGenerator
generator: PoseidonGenerator
generator: PoseidonGenerator
generator: PoseidonGenerator
generator: PoseidonGenerator
generator: PoseidonGenerator
generator: PoseidonGenerator
generator: PoseidonGenerator
generator: PoseidonGenerator
generator: PoseidonGenerator
generator: PoseidonGenerator
generator: PoseidonGenerator
generator: PoseidonGenerator
generator: PoseidonGenerator
generator: PoseidonGenerator
generator: PoseidonGenerator
generator: PoseidonGenerator
generator: PoseidonGenerator
generator: PoseidonGenerator
generator: RandomAccessGenerator
generator: RandomAccessGenerator
generator: RandomAccessGenerator
generator: RandomAccessGenerator
generator: PoseidonGenerator
generator: PoseidonGenerator
generator: PoseidonGenerator
generator: PoseidonGenerator
generator: PoseidonGenerator
generator: PoseidonGenerator
generator: PoseidonGenerator
generator: PoseidonGenerator
generator: PoseidonGenerator
generator: PoseidonGenerator
generator: PoseidonGenerator
generator: PoseidonGenerator
generator: PoseidonGenerator
generator: PoseidonGenerator
generator: PoseidonGenerator
generator: RandomAccessGenerator
generator: RandomAccessGenerator
generator: RandomAccessGenerator
generator: RandomAccessGenerator
generator: PoseidonGenerator
generator: PoseidonGenerator
generator: PoseidonGenerator
generator: PoseidonGenerator
generator: PoseidonGenerator
generator: PoseidonGenerator
generator: PoseidonGenerator
generator: PoseidonGenerator
generator: PoseidonGenerator
generator: PoseidonGenerator
generator: PoseidonGenerator
generator: PoseidonGenerator
generator: PoseidonGenerator
generator: PoseidonGenerator
generator: RandomAccessGenerator
generator: RandomAccessGenerator
generator: RandomAccessGenerator
generator: RandomAccessGenerator
generator: ReducingGenerator
generator: ReducingGenerator
generator: ReducingGenerator
generator: ReducingGenerator
generator: ReducingGenerator
generator: ReducingGenerator
generator: RandomAccessGenerator
generator: RandomAccessGenerator
generator: RandomAccessGenerator
generator: RandomAccessGenerator
generator: ArithmeticBaseGenerator
generator: ArithmeticBaseGenerator
generator: ArithmeticBaseGenerator
generator: ArithmeticBaseGenerator
generator: ArithmeticBaseGenerator
generator: ArithmeticBaseGenerator
generator: ArithmeticBaseGenerator
generator: ArithmeticBaseGenerator
generator: ArithmeticBaseGenerator
generator: ArithmeticBaseGenerator
generator: ArithmeticBaseGenerator
generator: ArithmeticBaseGenerator
generator: ArithmeticBaseGenerator
generator: ArithmeticBaseGenerator
generator: ArithmeticBaseGenerator
generator: ArithmeticBaseGenerator
generator: ArithmeticBaseGenerator
generator: ArithmeticBaseGenerator
generator: ArithmeticBaseGenerator
generator: ArithmeticBaseGenerator
generator: ArithmeticBaseGenerator
generator: ArithmeticBaseGenerator
generator: ArithmeticBaseGenerator
generator: ArithmeticBaseGenerator
generator: ArithmeticBaseGenerator
generator: ArithmeticBaseGenerator
generator: ArithmeticBaseGenerator
generator: ArithmeticBaseGenerator
generator: ArithmeticBaseGenerator
generator: ArithmeticBaseGenerator
generator: ArithmeticBaseGenerator
generator: ArithmeticBaseGenerator
generator: ArithmeticBaseGenerator
generator: ArithmeticBaseGenerator
generator: ArithmeticBaseGenerator
generator: ArithmeticBaseGenerator
generator: ArithmeticBaseGenerator
generator: ArithmeticBaseGenerator
generator: ArithmeticBaseGenerator
generator: ArithmeticBaseGenerator
generator: ArithmeticBaseGenerator
generator: ArithmeticBaseGenerator
generator: ArithmeticBaseGenerator
generator: ArithmeticBaseGenerator
generator: ArithmeticBaseGenerator
generator: ArithmeticBaseGenerator
generator: ArithmeticBaseGenerator
generator: ArithmeticBaseGenerator
generator: ArithmeticBaseGenerator
generator: ArithmeticBaseGenerator
generator: ArithmeticBaseGenerator
generator: ArithmeticBaseGenerator
generator: ArithmeticBaseGenerator
generator: ArithmeticBaseGenerator
generator: ArithmeticBaseGenerator
generator: ArithmeticBaseGenerator
generator: ArithmeticBaseGenerator
generator: ArithmeticBaseGenerator
generator: ArithmeticBaseGenerator
generator: ArithmeticBaseGenerator
generator: InterpolationGenerator
generator: PoseidonGenerator
generator: PoseidonGenerator
generator: PoseidonGenerator
generator: PoseidonGenerator
generator: PoseidonGenerator
generator: PoseidonGenerator
generator: PoseidonGenerator
generator: PoseidonGenerator
generator: PoseidonGenerator
generator: PoseidonGenerator
generator: PoseidonGenerator
generator: PoseidonGenerator
generator: RandomAccessGenerator
generator: RandomAccessGenerator
generator: RandomAccessGenerator
generator: RandomAccessGenerator
generator: InterpolationGenerator
generator: PoseidonGenerator
generator: PoseidonGenerator
generator: PoseidonGenerator
generator: PoseidonGenerator
generator: PoseidonGenerator
generator: PoseidonGenerator
generator: PoseidonGenerator
generator: PoseidonGenerator
generator: RandomAccessGenerator
generator: RandomAccessGenerator
generator: RandomAccessGenerator
generator: RandomAccessGenerator
generator: ArithmeticBaseGenerator
generator: ArithmeticBaseGenerator
generator: ArithmeticBaseGenerator
generator: ArithmeticBaseGenerator
generator: ArithmeticBaseGenerator
generator: ArithmeticBaseGenerator
generator: ArithmeticBaseGenerator
generator: ArithmeticBaseGenerator
generator: ArithmeticBaseGenerator
generator: ArithmeticBaseGenerator
generator: ArithmeticBaseGenerator
generator: ArithmeticBaseGenerator
generator: ArithmeticBaseGenerator
generator: ArithmeticBaseGenerator
generator: ArithmeticBaseGenerator
generator: ArithmeticBaseGenerator
generator: ArithmeticBaseGenerator
generator: ArithmeticBaseGenerator
generator: ArithmeticBaseGenerator
generator: ArithmeticBaseGenerator
generator: ReducingExtensionGenerator
generator: BaseSplitGenerator + Base: 2
generator: BaseSplitGenerator + Base: 2
generator: PoseidonGenerator
generator: PoseidonGenerator
generator: PoseidonGenerator
generator: PoseidonGenerator
generator: PoseidonGenerator
generator: PoseidonGenerator
generator: PoseidonGenerator
generator: PoseidonGenerator
generator: PoseidonGenerator
generator: PoseidonGenerator
generator: PoseidonGenerator
generator: PoseidonGenerator
generator: PoseidonGenerator
generator: PoseidonGenerator
generator: PoseidonGenerator
generator: PoseidonGenerator
generator: PoseidonGenerator
generator: PoseidonGenerator
generator: PoseidonGenerator
generator: PoseidonGenerator
generator: PoseidonGenerator
generator: PoseidonGenerator
generator: PoseidonGenerator
generator: RandomAccessGenerator
generator: RandomAccessGenerator
generator: RandomAccessGenerator
generator: RandomAccessGenerator
generator: PoseidonGenerator
generator: PoseidonGenerator
generator: PoseidonGenerator
generator: PoseidonGenerator
generator: PoseidonGenerator
generator: PoseidonGenerator
generator: PoseidonGenerator
generator: PoseidonGenerator
generator: PoseidonGenerator
generator: PoseidonGenerator
generator: PoseidonGenerator
generator: PoseidonGenerator
generator: PoseidonGenerator
generator: PoseidonGenerator
generator: PoseidonGenerator
generator: PoseidonGenerator
generator: PoseidonGenerator
generator: PoseidonGenerator
generator: PoseidonGenerator
generator: PoseidonGenerator
generator: PoseidonGenerator
generator: PoseidonGenerator
generator: PoseidonGenerator
generator: PoseidonGenerator
generator: PoseidonGenerator
generator: PoseidonGenerator
generator: PoseidonGenerator
generator: PoseidonGenerator
generator: PoseidonGenerator
generator: RandomAccessGenerator
generator: RandomAccessGenerator
generator: RandomAccessGenerator
generator: RandomAccessGenerator
generator: PoseidonGenerator
generator: PoseidonGenerator
generator: PoseidonGenerator
generator: PoseidonGenerator
generator: PoseidonGenerator
generator: PoseidonGenerator
generator: PoseidonGenerator
generator: PoseidonGenerator
generator: PoseidonGenerator
generator: PoseidonGenerator
generator: PoseidonGenerator
generator: PoseidonGenerator
generator: PoseidonGenerator
generator: PoseidonGenerator
generator: PoseidonGenerator
generator: RandomAccessGenerator
generator: RandomAccessGenerator
generator: RandomAccessGenerator
generator: RandomAccessGenerator
generator: PoseidonGenerator
generator: PoseidonGenerator
generator: PoseidonGenerator
generator: PoseidonGenerator
generator: PoseidonGenerator
generator: PoseidonGenerator
generator: PoseidonGenerator
generator: PoseidonGenerator
generator: PoseidonGenerator
generator: PoseidonGenerator
generator: PoseidonGenerator
generator: PoseidonGenerator
generator: PoseidonGenerator
generator: PoseidonGenerator
generator: RandomAccessGenerator
generator: RandomAccessGenerator
generator: RandomAccessGenerator
generator: RandomAccessGenerator
generator: ReducingGenerator
generator: ReducingGenerator
generator: ReducingGenerator
generator: ReducingGenerator
generator: ReducingGenerator
generator: ReducingGenerator
generator: RandomAccessGenerator
generator: RandomAccessGenerator
generator: RandomAccessGenerator
generator: RandomAccessGenerator
generator: InterpolationGenerator
generator: PoseidonGenerator
generator: PoseidonGenerator
generator: PoseidonGenerator
generator: PoseidonGenerator
generator: PoseidonGenerator
generator: PoseidonGenerator
generator: PoseidonGenerator
generator: PoseidonGenerator
generator: PoseidonGenerator
generator: PoseidonGenerator
generator: PoseidonGenerator
generator: PoseidonGenerator
generator: RandomAccessGenerator
generator: RandomAccessGenerator
generator: RandomAccessGenerator
generator: RandomAccessGenerator
generator: InterpolationGenerator
generator: PoseidonGenerator
generator: PoseidonGenerator
generator: PoseidonGenerator
generator: PoseidonGenerator
generator: PoseidonGenerator
generator: PoseidonGenerator
generator: PoseidonGenerator
generator: PoseidonGenerator
generator: RandomAccessGenerator
generator: RandomAccessGenerator
generator: RandomAccessGenerator
generator: RandomAccessGenerator
generator: ReducingExtensionGenerator
generator: BaseSplitGenerator + Base: 2
generator: BaseSplitGenerator + Base: 2
generator: ArithmeticBaseGenerator
generator: ArithmeticBaseGenerator
generator: ArithmeticBaseGenerator
generator: ArithmeticBaseGenerator
generator: ArithmeticBaseGenerator
generator: ArithmeticBaseGenerator
generator: ArithmeticBaseGenerator
generator: ArithmeticBaseGenerator
generator: ArithmeticBaseGenerator
generator: ArithmeticBaseGenerator
generator: ArithmeticBaseGenerator
generator: ArithmeticBaseGenerator
generator: ArithmeticBaseGenerator
generator: ArithmeticBaseGenerator
generator: ArithmeticBaseGenerator
generator: ArithmeticBaseGenerator
generator: ArithmeticBaseGenerator
generator: ArithmeticBaseGenerator
generator: ArithmeticBaseGenerator
generator: ArithmeticBaseGenerator
generator: PoseidonGenerator
generator: PoseidonGenerator
generator: PoseidonGenerator
generator: PoseidonGenerator
generator: PoseidonGenerator
generator: PoseidonGenerator
generator: PoseidonGenerator
generator: PoseidonGenerator
generator: PoseidonGenerator
generator: PoseidonGenerator
generator: PoseidonGenerator
generator: PoseidonGenerator
generator: PoseidonGenerator
generator: PoseidonGenerator
generator: PoseidonGenerator
generator: PoseidonGenerator
generator: PoseidonGenerator
generator: PoseidonGenerator
generator: PoseidonGenerator
generator: PoseidonGenerator
generator: PoseidonGenerator
generator: PoseidonGenerator
generator: PoseidonGenerator
generator: RandomAccessGenerator
generator: RandomAccessGenerator
generator: RandomAccessGenerator
generator: RandomAccessGenerator
generator: PoseidonGenerator
generator: PoseidonGenerator
generator: PoseidonGenerator
generator: PoseidonGenerator
generator: PoseidonGenerator
generator: PoseidonGenerator
generator: PoseidonGenerator
generator: PoseidonGenerator
generator: PoseidonGenerator
generator: PoseidonGenerator
generator: PoseidonGenerator
generator: PoseidonGenerator
generator: PoseidonGenerator
generator: PoseidonGenerator
generator: PoseidonGenerator
generator: PoseidonGenerator
generator: PoseidonGenerator
generator: PoseidonGenerator
generator: PoseidonGenerator
generator: PoseidonGenerator
generator: PoseidonGenerator
generator: PoseidonGenerator
generator: PoseidonGenerator
generator: PoseidonGenerator
generator: PoseidonGenerator
generator: PoseidonGenerator
generator: PoseidonGenerator
generator: PoseidonGenerator
generator: PoseidonGenerator
generator: RandomAccessGenerator
generator: RandomAccessGenerator
generator: RandomAccessGenerator
generator: RandomAccessGenerator
generator: PoseidonGenerator
generator: PoseidonGenerator
generator: PoseidonGenerator
generator: PoseidonGenerator
generator: PoseidonGenerator
generator: PoseidonGenerator
generator: PoseidonGenerator
generator: PoseidonGenerator
generator: PoseidonGenerator
generator: PoseidonGenerator
generator: PoseidonGenerator
generator: PoseidonGenerator
generator: PoseidonGenerator
generator: PoseidonGenerator
generator: PoseidonGenerator
generator: RandomAccessGenerator
generator: RandomAccessGenerator
generator: RandomAccessGenerator
generator: RandomAccessGenerator
generator: PoseidonGenerator
generator: PoseidonGenerator
generator: PoseidonGenerator
generator: PoseidonGenerator
generator: PoseidonGenerator
generator: PoseidonGenerator
generator: PoseidonGenerator
generator: PoseidonGenerator
generator: PoseidonGenerator
generator: PoseidonGenerator
generator: PoseidonGenerator
generator: PoseidonGenerator
generator: PoseidonGenerator
generator: PoseidonGenerator
generator: RandomAccessGenerator
generator: RandomAccessGenerator
generator: RandomAccessGenerator
generator: RandomAccessGenerator
generator: ReducingGenerator
generator: ReducingGenerator
generator: ReducingGenerator
generator: ReducingGenerator
generator: ReducingGenerator
generator: ReducingGenerator
generator: ArithmeticExtensionGenerator
generator: ArithmeticExtensionGenerator
generator: ArithmeticExtensionGenerator
generator: ArithmeticExtensionGenerator
generator: ArithmeticExtensionGenerator
generator: ArithmeticExtensionGenerator
generator: ArithmeticExtensionGenerator
generator: ArithmeticExtensionGenerator
generator: ArithmeticExtensionGenerator
generator: ArithmeticExtensionGenerator
generator: MulExtensionGenerator
generator: MulExtensionGenerator
generator: MulExtensionGenerator
generator: MulExtensionGenerator
generator: MulExtensionGenerator
generator: MulExtensionGenerator
generator: MulExtensionGenerator
generator: MulExtensionGenerator
generator: MulExtensionGenerator
generator: MulExtensionGenerator
generator: MulExtensionGenerator
generator: MulExtensionGenerator
generator: MulExtensionGenerator
generator: RandomAccessGenerator
generator: RandomAccessGenerator
generator: RandomAccessGenerator
generator: RandomAccessGenerator
generator: InterpolationGenerator
generator: PoseidonGenerator
generator: PoseidonGenerator
generator: PoseidonGenerator
generator: PoseidonGenerator
generator: PoseidonGenerator
generator: PoseidonGenerator
generator: PoseidonGenerator
generator: PoseidonGenerator
generator: PoseidonGenerator
generator: PoseidonGenerator
generator: PoseidonGenerator
generator: PoseidonGenerator
generator: RandomAccessGenerator
generator: RandomAccessGenerator
generator: RandomAccessGenerator
generator: RandomAccessGenerator
generator: InterpolationGenerator
generator: PoseidonGenerator
generator: PoseidonGenerator
generator: PoseidonGenerator
generator: PoseidonGenerator
generator: PoseidonGenerator
generator: PoseidonGenerator
generator: PoseidonGenerator
generator: PoseidonGenerator
generator: RandomAccessGenerator
generator: RandomAccessGenerator
generator: RandomAccessGenerator
generator: RandomAccessGenerator
generator: ArithmeticBaseGenerator
generator: ArithmeticBaseGenerator
generator: ArithmeticBaseGenerator
generator: ArithmeticBaseGenerator
generator: ArithmeticBaseGenerator
generator: ArithmeticBaseGenerator
generator: ArithmeticBaseGenerator
generator: ArithmeticBaseGenerator
generator: ArithmeticBaseGenerator
generator: ArithmeticBaseGenerator
generator: ArithmeticBaseGenerator
generator: ArithmeticBaseGenerator
generator: ArithmeticBaseGenerator
generator: ArithmeticBaseGenerator
generator: ArithmeticBaseGenerator
generator: ArithmeticBaseGenerator
generator: ArithmeticBaseGenerator
generator: ArithmeticBaseGenerator
generator: ArithmeticBaseGenerator
generator: ArithmeticBaseGenerator
generator: ReducingExtensionGenerator
generator: BaseSplitGenerator + Base: 2
generator: BaseSplitGenerator + Base: 2
generator: PoseidonGenerator
generator: PoseidonGenerator
generator: PoseidonGenerator
generator: PoseidonGenerator
generator: PoseidonGenerator
generator: PoseidonGenerator
generator: PoseidonGenerator
generator: PoseidonGenerator
generator: PoseidonGenerator
generator: PoseidonGenerator
generator: PoseidonGenerator
generator: PoseidonGenerator
generator: PoseidonGenerator
generator: PoseidonGenerator
generator: PoseidonGenerator
generator: PoseidonGenerator
generator: PoseidonGenerator
generator: PoseidonGenerator
generator: PoseidonGenerator
generator: PoseidonGenerator
generator: PoseidonGenerator
generator: PoseidonGenerator
generator: PoseidonGenerator
generator: RandomAccessGenerator
generator: RandomAccessGenerator
generator: RandomAccessGenerator
generator: RandomAccessGenerator
generator: PoseidonGenerator
generator: PoseidonGenerator
generator: PoseidonGenerator
generator: PoseidonGenerator
generator: PoseidonGenerator
generator: PoseidonGenerator
generator: PoseidonGenerator
generator: PoseidonGenerator
generator: PoseidonGenerator
generator: PoseidonGenerator
generator: PoseidonGenerator
generator: PoseidonGenerator
generator: PoseidonGenerator
generator: PoseidonGenerator
generator: PoseidonGenerator
generator: PoseidonGenerator
generator: PoseidonGenerator
generator: PoseidonGenerator
generator: PoseidonGenerator
generator: PoseidonGenerator
generator: PoseidonGenerator
generator: PoseidonGenerator
generator: PoseidonGenerator
generator: PoseidonGenerator
generator: PoseidonGenerator
generator: PoseidonGenerator
generator: PoseidonGenerator
generator: PoseidonGenerator
generator: PoseidonGenerator
generator: RandomAccessGenerator
generator: RandomAccessGenerator
generator: RandomAccessGenerator
generator: RandomAccessGenerator
generator: PoseidonGenerator
generator: PoseidonGenerator
generator: PoseidonGenerator
generator: PoseidonGenerator
generator: PoseidonGenerator
generator: PoseidonGenerator
generator: PoseidonGenerator
generator: PoseidonGenerator
generator: PoseidonGenerator
generator: PoseidonGenerator
generator: PoseidonGenerator
generator: PoseidonGenerator
generator: PoseidonGenerator
generator: PoseidonGenerator
generator: PoseidonGenerator
generator: RandomAccessGenerator
generator: RandomAccessGenerator
generator: RandomAccessGenerator
generator: RandomAccessGenerator
generator: PoseidonGenerator
generator: PoseidonGenerator
generator: PoseidonGenerator
generator: PoseidonGenerator
generator: PoseidonGenerator
generator: PoseidonGenerator
generator: PoseidonGenerator
generator: PoseidonGenerator
generator: PoseidonGenerator
generator: PoseidonGenerator
generator: PoseidonGenerator
generator: PoseidonGenerator
generator: PoseidonGenerator
generator: PoseidonGenerator
generator: RandomAccessGenerator
generator: RandomAccessGenerator
generator: RandomAccessGenerator
generator: RandomAccessGenerator
generator: ReducingGenerator
generator: ReducingGenerator
generator: ReducingGenerator
generator: ReducingGenerator
generator: ReducingGenerator
generator: ReducingGenerator
generator: RandomAccessGenerator
generator: RandomAccessGenerator
generator: RandomAccessGenerator
generator: RandomAccessGenerator
generator: ArithmeticBaseGenerator
generator: ArithmeticBaseGenerator
generator: ArithmeticBaseGenerator
generator: ArithmeticBaseGenerator
generator: ArithmeticBaseGenerator
generator: ArithmeticBaseGenerator
generator: ArithmeticBaseGenerator
generator: ArithmeticBaseGenerator
generator: ArithmeticBaseGenerator
generator: ArithmeticBaseGenerator
generator: ArithmeticBaseGenerator
generator: ArithmeticBaseGenerator
generator: ArithmeticBaseGenerator
generator: ArithmeticBaseGenerator
generator: ArithmeticBaseGenerator
generator: ArithmeticBaseGenerator
generator: ArithmeticBaseGenerator
generator: ArithmeticBaseGenerator
generator: ArithmeticBaseGenerator
generator: ArithmeticBaseGenerator
generator: InterpolationGenerator
generator: PoseidonGenerator
generator: PoseidonGenerator
generator: PoseidonGenerator
generator: PoseidonGenerator
generator: PoseidonGenerator
generator: PoseidonGenerator
generator: PoseidonGenerator
generator: PoseidonGenerator
generator: PoseidonGenerator
generator: PoseidonGenerator
generator: PoseidonGenerator
generator: PoseidonGenerator
generator: RandomAccessGenerator
generator: RandomAccessGenerator
generator: RandomAccessGenerator
generator: RandomAccessGenerator
generator: InterpolationGenerator
generator: PoseidonGenerator
generator: PoseidonGenerator
generator: PoseidonGenerator
generator: PoseidonGenerator
generator: PoseidonGenerator
generator: PoseidonGenerator
generator: PoseidonGenerator
generator: PoseidonGenerator
generator: RandomAccessGenerator
generator: RandomAccessGenerator
generator: RandomAccessGenerator
generator: RandomAccessGenerator
generator: ReducingExtensionGenerator
generator: BaseSplitGenerator + Base: 2
generator: BaseSplitGenerator + Base: 2
generator: ArithmeticBaseGenerator
generator: ArithmeticBaseGenerator
generator: ArithmeticBaseGenerator
generator: ArithmeticBaseGenerator
generator: ArithmeticBaseGenerator
generator: ArithmeticBaseGenerator
generator: ArithmeticBaseGenerator
generator: ArithmeticBaseGenerator
generator: ArithmeticBaseGenerator
generator: ArithmeticBaseGenerator
generator: ArithmeticBaseGenerator
generator: ArithmeticBaseGenerator
generator: ArithmeticBaseGenerator
generator: ArithmeticBaseGenerator
generator: ArithmeticBaseGenerator
generator: ArithmeticBaseGenerator
generator: ArithmeticBaseGenerator
generator: ArithmeticBaseGenerator
generator: ArithmeticBaseGenerator
generator: ArithmeticBaseGenerator
generator: PoseidonGenerator
generator: PoseidonGenerator
generator: PoseidonGenerator
generator: PoseidonGenerator
generator: PoseidonGenerator
generator: PoseidonGenerator
generator: PoseidonGenerator
generator: PoseidonGenerator
generator: PoseidonGenerator
generator: PoseidonGenerator
generator: PoseidonGenerator
generator: PoseidonGenerator
generator: PoseidonGenerator
generator: PoseidonGenerator
generator: PoseidonGenerator
generator: PoseidonGenerator
generator: PoseidonGenerator
generator: PoseidonGenerator
generator: PoseidonGenerator
generator: PoseidonGenerator
generator: PoseidonGenerator
generator: PoseidonGenerator
generator: PoseidonGenerator
generator: RandomAccessGenerator
generator: RandomAccessGenerator
generator: RandomAccessGenerator
generator: RandomAccessGenerator
generator: PoseidonGenerator
generator: PoseidonGenerator
generator: PoseidonGenerator
generator: PoseidonGenerator
generator: PoseidonGenerator
generator: PoseidonGenerator
generator: PoseidonGenerator
generator: PoseidonGenerator
generator: PoseidonGenerator
generator: PoseidonGenerator
generator: PoseidonGenerator
generator: PoseidonGenerator
generator: PoseidonGenerator
generator: PoseidonGenerator
generator: PoseidonGenerator
generator: PoseidonGenerator
generator: PoseidonGenerator
generator: PoseidonGenerator
generator: PoseidonGenerator
generator: PoseidonGenerator
generator: PoseidonGenerator
generator: PoseidonGenerator
generator: PoseidonGenerator
generator: PoseidonGenerator
generator: PoseidonGenerator
generator: PoseidonGenerator
generator: PoseidonGenerator
generator: PoseidonGenerator
generator: PoseidonGenerator
generator: RandomAccessGenerator
generator: RandomAccessGenerator
generator: RandomAccessGenerator
generator: RandomAccessGenerator
generator: PoseidonGenerator
generator: PoseidonGenerator
generator: PoseidonGenerator
generator: PoseidonGenerator
generator: PoseidonGenerator
generator: PoseidonGenerator
generator: PoseidonGenerator
generator: PoseidonGenerator
generator: PoseidonGenerator
generator: PoseidonGenerator
generator: PoseidonGenerator
generator: PoseidonGenerator
generator: PoseidonGenerator
generator: PoseidonGenerator
generator: PoseidonGenerator
generator: RandomAccessGenerator
generator: RandomAccessGenerator
generator: RandomAccessGenerator
generator: RandomAccessGenerator
generator: PoseidonGenerator
generator: PoseidonGenerator
generator: PoseidonGenerator
generator: PoseidonGenerator
generator: PoseidonGenerator
generator: PoseidonGenerator
generator: PoseidonGenerator
generator: PoseidonGenerator
generator: PoseidonGenerator
generator: PoseidonGenerator
generator: PoseidonGenerator
generator: PoseidonGenerator
generator: PoseidonGenerator
generator: PoseidonGenerator
generator: RandomAccessGenerator
generator: RandomAccessGenerator
generator: RandomAccessGenerator
generator: RandomAccessGenerator
generator: ReducingGenerator
generator: ReducingGenerator
generator: ReducingGenerator
generator: ReducingGenerator
generator: ReducingGenerator
generator: ReducingGenerator
generator: ArithmeticExtensionGenerator
generator: ArithmeticExtensionGenerator
generator: ArithmeticExtensionGenerator
generator: ArithmeticExtensionGenerator
generator: ArithmeticExtensionGenerator
generator: ArithmeticExtensionGenerator
generator: ArithmeticExtensionGenerator
generator: ArithmeticExtensionGenerator
generator: ArithmeticExtensionGenerator
generator: ArithmeticExtensionGenerator
generator: ArithmeticExtensionGenerator
generator: ArithmeticExtensionGenerator
generator: ArithmeticExtensionGenerator
generator: ArithmeticExtensionGenerator
generator: ArithmeticExtensionGenerator
generator: ArithmeticExtensionGenerator
generator: ArithmeticExtensionGenerator
generator: ArithmeticExtensionGenerator
generator: ArithmeticExtensionGenerator
generator: ArithmeticExtensionGenerator
generator: RandomAccessGenerator
generator: RandomAccessGenerator
generator: RandomAccessGenerator
generator: RandomAccessGenerator
generator: InterpolationGenerator
generator: PoseidonGenerator
generator: PoseidonGenerator
generator: PoseidonGenerator
generator: PoseidonGenerator
generator: PoseidonGenerator
generator: PoseidonGenerator
generator: PoseidonGenerator
generator: PoseidonGenerator
generator: PoseidonGenerator
generator: PoseidonGenerator
generator: PoseidonGenerator
generator: PoseidonGenerator
generator: RandomAccessGenerator
generator: RandomAccessGenerator
generator: RandomAccessGenerator
generator: RandomAccessGenerator
generator: ArithmeticBaseGenerator
generator: ArithmeticBaseGenerator
generator: ArithmeticBaseGenerator
generator: ArithmeticBaseGenerator
generator: ArithmeticBaseGenerator
generator: ArithmeticBaseGenerator
generator: ArithmeticBaseGenerator
generator: ArithmeticBaseGenerator
generator: ArithmeticBaseGenerator
generator: ArithmeticBaseGenerator
generator: ArithmeticBaseGenerator
generator: ArithmeticBaseGenerator
generator: ArithmeticBaseGenerator
generator: ArithmeticBaseGenerator
generator: ArithmeticBaseGenerator
generator: ArithmeticBaseGenerator
generator: ArithmeticBaseGenerator
generator: ArithmeticBaseGenerator
generator: ArithmeticBaseGenerator
generator: ArithmeticBaseGenerator
generator: InterpolationGenerator
generator: PoseidonGenerator
generator: PoseidonGenerator
generator: PoseidonGenerator
generator: PoseidonGenerator
generator: PoseidonGenerator
generator: PoseidonGenerator
generator: PoseidonGenerator
generator: PoseidonGenerator
generator: RandomAccessGenerator
generator: RandomAccessGenerator
generator: RandomAccessGenerator
generator: RandomAccessGenerator
generator: ReducingExtensionGenerator
generator: BaseSplitGenerator + Base: 2
generator: BaseSplitGenerator + Base: 2
generator: PoseidonGenerator
generator: PoseidonGenerator
generator: PoseidonGenerator
generator: PoseidonGenerator
generator: PoseidonGenerator
generator: PoseidonGenerator
generator: PoseidonGenerator
generator: PoseidonGenerator
generator: PoseidonGenerator
generator: PoseidonGenerator
generator: PoseidonGenerator
generator: PoseidonGenerator
generator: PoseidonGenerator
generator: PoseidonGenerator
generator: PoseidonGenerator
generator: PoseidonGenerator
generator: PoseidonGenerator
generator: PoseidonGenerator
generator: PoseidonGenerator
generator: PoseidonGenerator
generator: PoseidonGenerator
generator: PoseidonGenerator
generator: PoseidonGenerator
generator: RandomAccessGenerator
generator: RandomAccessGenerator
generator: RandomAccessGenerator
generator: RandomAccessGenerator
generator: PoseidonGenerator
generator: PoseidonGenerator
generator: PoseidonGenerator
generator: PoseidonGenerator
generator: PoseidonGenerator
generator: PoseidonGenerator
generator: PoseidonGenerator
generator: PoseidonGenerator
generator: PoseidonGenerator
generator: PoseidonGenerator
generator: PoseidonGenerator
generator: PoseidonGenerator
generator: PoseidonGenerator
generator: PoseidonGenerator
generator: PoseidonGenerator
generator: PoseidonGenerator
generator: PoseidonGenerator
generator: PoseidonGenerator
generator: PoseidonGenerator
generator: PoseidonGenerator
generator: PoseidonGenerator
generator: PoseidonGenerator
generator: PoseidonGenerator
generator: PoseidonGenerator
generator: PoseidonGenerator
generator: PoseidonGenerator
generator: PoseidonGenerator
generator: PoseidonGenerator
generator: PoseidonGenerator
generator: RandomAccessGenerator
generator: RandomAccessGenerator
generator: RandomAccessGenerator
generator: RandomAccessGenerator
generator: PoseidonGenerator
generator: PoseidonGenerator
generator: PoseidonGenerator
generator: PoseidonGenerator
generator: PoseidonGenerator
generator: PoseidonGenerator
generator: PoseidonGenerator
generator: PoseidonGenerator
generator: PoseidonGenerator
generator: PoseidonGenerator
generator: PoseidonGenerator
generator: PoseidonGenerator
generator: PoseidonGenerator
generator: PoseidonGenerator
generator: PoseidonGenerator
generator: RandomAccessGenerator
generator: RandomAccessGenerator
generator: RandomAccessGenerator
generator: RandomAccessGenerator
generator: PoseidonGenerator
generator: PoseidonGenerator
generator: PoseidonGenerator
generator: PoseidonGenerator
generator: PoseidonGenerator
generator: PoseidonGenerator
generator: PoseidonGenerator
generator: PoseidonGenerator
generator: PoseidonGenerator
generator: PoseidonGenerator
generator: PoseidonGenerator
generator: PoseidonGenerator
generator: PoseidonGenerator
generator: PoseidonGenerator
generator: RandomAccessGenerator
generator: RandomAccessGenerator
generator: RandomAccessGenerator
generator: RandomAccessGenerator
generator: ReducingGenerator
generator: ReducingGenerator
generator: ReducingGenerator
generator: ReducingGenerator
generator: ReducingGenerator
generator: ReducingGenerator
generator: MulExtensionGenerator
generator: MulExtensionGenerator
generator: MulExtensionGenerator
generator: MulExtensionGenerator
generator: MulExtensionGenerator
generator: MulExtensionGenerator
generator: MulExtensionGenerator
generator: MulExtensionGenerator
generator: MulExtensionGenerator
generator: MulExtensionGenerator
generator: MulExtensionGenerator
generator: MulExtensionGenerator
generator: MulExtensionGenerator
generator: RandomAccessGenerator
generator: RandomAccessGenerator
generator: RandomAccessGenerator
generator: RandomAccessGenerator
generator: InterpolationGenerator
generator: PoseidonGenerator
generator: PoseidonGenerator
generator: PoseidonGenerator
generator: PoseidonGenerator
generator: PoseidonGenerator
generator: PoseidonGenerator
generator: PoseidonGenerator
generator: PoseidonGenerator
generator: PoseidonGenerator
generator: PoseidonGenerator
generator: PoseidonGenerator
generator: PoseidonGenerator
generator: RandomAccessGenerator
generator: RandomAccessGenerator
generator: RandomAccessGenerator
generator: RandomAccessGenerator
generator: InterpolationGenerator
generator: PoseidonGenerator
generator: PoseidonGenerator
generator: PoseidonGenerator
generator: PoseidonGenerator
generator: PoseidonGenerator
generator: PoseidonGenerator
generator: PoseidonGenerator
generator: PoseidonGenerator
generator: RandomAccessGenerator
generator: RandomAccessGenerator
generator: RandomAccessGenerator
generator: RandomAccessGenerator
generator: ReducingExtensionGenerator
generator: BaseSplitGenerator + Base: 2
generator: BaseSplitGenerator + Base: 2
generator: ArithmeticBaseGenerator
generator: ArithmeticBaseGenerator
generator: ArithmeticBaseGenerator
generator: ArithmeticBaseGenerator
generator: ArithmeticBaseGenerator
generator: ArithmeticBaseGenerator
generator: ArithmeticBaseGenerator
generator: ArithmeticBaseGenerator
generator: ArithmeticBaseGenerator
generator: ArithmeticBaseGenerator
generator: ArithmeticBaseGenerator
generator: ArithmeticBaseGenerator
generator: ArithmeticBaseGenerator
generator: ArithmeticBaseGenerator
generator: ArithmeticBaseGenerator
generator: ArithmeticBaseGenerator
generator: ArithmeticBaseGenerator
generator: ArithmeticBaseGenerator
generator: ArithmeticBaseGenerator
generator: ArithmeticBaseGenerator
generator: PoseidonGenerator
generator: PoseidonGenerator
generator: PoseidonGenerator
generator: PoseidonGenerator
generator: PoseidonGenerator
generator: PoseidonGenerator
generator: PoseidonGenerator
generator: PoseidonGenerator
generator: PoseidonGenerator
generator: PoseidonGenerator
generator: PoseidonGenerator
generator: PoseidonGenerator
generator: PoseidonGenerator
generator: PoseidonGenerator
generator: PoseidonGenerator
generator: PoseidonGenerator
generator: PoseidonGenerator
generator: PoseidonGenerator
generator: PoseidonGenerator
generator: PoseidonGenerator
generator: PoseidonGenerator
generator: PoseidonGenerator
generator: PoseidonGenerator
generator: RandomAccessGenerator
generator: RandomAccessGenerator
generator: RandomAccessGenerator
generator: RandomAccessGenerator
generator: PoseidonGenerator
generator: PoseidonGenerator
generator: PoseidonGenerator
generator: PoseidonGenerator
generator: PoseidonGenerator
generator: PoseidonGenerator
generator: PoseidonGenerator
generator: PoseidonGenerator
generator: PoseidonGenerator
generator: PoseidonGenerator
generator: PoseidonGenerator
generator: PoseidonGenerator
generator: PoseidonGenerator
generator: PoseidonGenerator
generator: PoseidonGenerator
generator: PoseidonGenerator
generator: PoseidonGenerator
generator: PoseidonGenerator
generator: PoseidonGenerator
generator: PoseidonGenerator
generator: PoseidonGenerator
generator: PoseidonGenerator
generator: PoseidonGenerator
generator: PoseidonGenerator
generator: PoseidonGenerator
generator: PoseidonGenerator
generator: PoseidonGenerator
generator: PoseidonGenerator
generator: PoseidonGenerator
generator: RandomAccessGenerator
generator: RandomAccessGenerator
generator: RandomAccessGenerator
generator: RandomAccessGenerator
generator: PoseidonGenerator
generator: PoseidonGenerator
generator: PoseidonGenerator
generator: PoseidonGenerator
generator: PoseidonGenerator
generator: PoseidonGenerator
generator: PoseidonGenerator
generator: PoseidonGenerator
generator: PoseidonGenerator
generator: PoseidonGenerator
generator: PoseidonGenerator
generator: PoseidonGenerator
generator: PoseidonGenerator
generator: PoseidonGenerator
generator: PoseidonGenerator
generator: RandomAccessGenerator
generator: RandomAccessGenerator
generator: RandomAccessGenerator
generator: RandomAccessGenerator
generator: PoseidonGenerator
generator: PoseidonGenerator
generator: PoseidonGenerator
generator: PoseidonGenerator
generator: PoseidonGenerator
generator: PoseidonGenerator
generator: PoseidonGenerator
generator: PoseidonGenerator
generator: PoseidonGenerator
generator: PoseidonGenerator
generator: PoseidonGenerator
generator: PoseidonGenerator
generator: PoseidonGenerator
generator: PoseidonGenerator
generator: RandomAccessGenerator
generator: RandomAccessGenerator
generator: RandomAccessGenerator
generator: RandomAccessGenerator
generator: ReducingGenerator
generator: ReducingGenerator
generator: ReducingGenerator
generator: ReducingGenerator
generator: ReducingGenerator
generator: ReducingGenerator
generator: RandomAccessGenerator
generator: RandomAccessGenerator
generator: RandomAccessGenerator
generator: RandomAccessGenerator
generator: InterpolationGenerator
generator: PoseidonGenerator
generator: PoseidonGenerator
generator: PoseidonGenerator
generator: PoseidonGenerator
generator: PoseidonGenerator
generator: PoseidonGenerator
generator: PoseidonGenerator
generator: PoseidonGenerator
generator: PoseidonGenerator
generator: PoseidonGenerator
generator: PoseidonGenerator
generator: PoseidonGenerator
generator: RandomAccessGenerator
generator: RandomAccessGenerator
generator: RandomAccessGenerator
generator: RandomAccessGenerator
generator: ArithmeticBaseGenerator
generator: ArithmeticBaseGenerator
generator: ArithmeticBaseGenerator
generator: ArithmeticBaseGenerator
generator: ArithmeticBaseGenerator
generator: ArithmeticBaseGenerator
generator: ArithmeticBaseGenerator
generator: ArithmeticBaseGenerator
generator: ArithmeticBaseGenerator
generator: ArithmeticBaseGenerator
generator: ArithmeticBaseGenerator
generator: ArithmeticBaseGenerator
generator: ArithmeticBaseGenerator
generator: ArithmeticBaseGenerator
generator: ArithmeticBaseGenerator
generator: ArithmeticBaseGenerator
generator: ArithmeticBaseGenerator
generator: ArithmeticBaseGenerator
generator: ArithmeticBaseGenerator
generator: ArithmeticBaseGenerator
generator: InterpolationGenerator
generator: PoseidonGenerator
generator: PoseidonGenerator
generator: PoseidonGenerator
generator: PoseidonGenerator
generator: PoseidonGenerator
generator: PoseidonGenerator
generator: PoseidonGenerator
generator: PoseidonGenerator
generator: RandomAccessGenerator
generator: RandomAccessGenerator
generator: RandomAccessGenerator
generator: RandomAccessGenerator
generator: ReducingExtensionGenerator
generator: BaseSplitGenerator + Base: 2
generator: BaseSplitGenerator + Base: 2
generator: PoseidonGenerator
generator: PoseidonGenerator
generator: PoseidonGenerator
generator: PoseidonGenerator
generator: PoseidonGenerator
generator: PoseidonGenerator
generator: PoseidonGenerator
generator: PoseidonGenerator
generator: PoseidonGenerator
generator: PoseidonGenerator
generator: PoseidonGenerator
generator: PoseidonGenerator
generator: PoseidonGenerator
generator: PoseidonGenerator
generator: PoseidonGenerator
generator: PoseidonGenerator
generator: PoseidonGenerator
generator: PoseidonGenerator
generator: PoseidonGenerator
generator: PoseidonGenerator
generator: PoseidonGenerator
generator: PoseidonGenerator
generator: PoseidonGenerator
generator: RandomAccessGenerator
generator: RandomAccessGenerator
generator: RandomAccessGenerator
generator: RandomAccessGenerator
generator: PoseidonGenerator
generator: PoseidonGenerator
generator: PoseidonGenerator
generator: PoseidonGenerator
generator: PoseidonGenerator
generator: PoseidonGenerator
generator: PoseidonGenerator
generator: PoseidonGenerator
generator: PoseidonGenerator
generator: PoseidonGenerator
generator: PoseidonGenerator
generator: PoseidonGenerator
generator: PoseidonGenerator
generator: PoseidonGenerator
generator: PoseidonGenerator
generator: PoseidonGenerator
generator: PoseidonGenerator
generator: PoseidonGenerator
generator: PoseidonGenerator
generator: PoseidonGenerator
generator: PoseidonGenerator
generator: PoseidonGenerator
generator: PoseidonGenerator
generator: PoseidonGenerator
generator: PoseidonGenerator
generator: PoseidonGenerator
generator: PoseidonGenerator
generator: PoseidonGenerator
generator: PoseidonGenerator
generator: RandomAccessGenerator
generator: RandomAccessGenerator
generator: RandomAccessGenerator
generator: RandomAccessGenerator
generator: PoseidonGenerator
generator: PoseidonGenerator
generator: PoseidonGenerator
generator: PoseidonGenerator
generator: PoseidonGenerator
generator: PoseidonGenerator
generator: PoseidonGenerator
generator: PoseidonGenerator
generator: PoseidonGenerator
generator: PoseidonGenerator
generator: PoseidonGenerator
generator: PoseidonGenerator
generator: PoseidonGenerator
generator: PoseidonGenerator
generator: PoseidonGenerator
generator: RandomAccessGenerator
generator: RandomAccessGenerator
generator: RandomAccessGenerator
generator: RandomAccessGenerator
generator: PoseidonGenerator
generator: PoseidonGenerator
generator: PoseidonGenerator
generator: PoseidonGenerator
generator: PoseidonGenerator
generator: PoseidonGenerator
generator: PoseidonGenerator
generator: PoseidonGenerator
generator: PoseidonGenerator
generator: PoseidonGenerator
generator: PoseidonGenerator
generator: PoseidonGenerator
generator: PoseidonGenerator
generator: PoseidonGenerator
generator: RandomAccessGenerator
generator: RandomAccessGenerator
generator: RandomAccessGenerator
generator: RandomAccessGenerator
generator: ReducingGenerator
generator: ReducingGenerator
generator: ReducingGenerator
generator: ReducingGenerator
generator: ReducingGenerator
generator: ReducingGenerator
generator: ArithmeticExtensionGenerator
generator: ArithmeticExtensionGenerator
generator: ArithmeticExtensionGenerator
generator: ArithmeticExtensionGenerator
generator: ArithmeticExtensionGenerator
generator: ArithmeticExtensionGenerator
generator: ArithmeticExtensionGenerator
generator: ArithmeticExtensionGenerator
generator: ArithmeticExtensionGenerator
generator: ArithmeticExtensionGenerator
generator: RandomAccessGenerator
generator: RandomAccessGenerator
generator: RandomAccessGenerator
generator: RandomAccessGenerator
generator: InterpolationGenerator
generator: PoseidonGenerator
generator: PoseidonGenerator
generator: PoseidonGenerator
generator: PoseidonGenerator
generator: PoseidonGenerator
generator: PoseidonGenerator
generator: PoseidonGenerator
generator: PoseidonGenerator
generator: PoseidonGenerator
generator: PoseidonGenerator
generator: PoseidonGenerator
generator: PoseidonGenerator
generator: RandomAccessGenerator
generator: RandomAccessGenerator
generator: RandomAccessGenerator
generator: RandomAccessGenerator
generator: InterpolationGenerator
generator: PoseidonGenerator
generator: PoseidonGenerator
generator: PoseidonGenerator
generator: PoseidonGenerator
generator: PoseidonGenerator
generator: PoseidonGenerator
generator: PoseidonGenerator
generator: PoseidonGenerator
generator: RandomAccessGenerator
generator: RandomAccessGenerator
generator: RandomAccessGenerator
generator: RandomAccessGenerator
generator: ReducingExtensionGenerator
generator: BaseSplitGenerator + Base: 2
generator: BaseSplitGenerator + Base: 2
generator: ArithmeticBaseGenerator
generator: ArithmeticBaseGenerator
generator: ArithmeticBaseGenerator
generator: ArithmeticBaseGenerator
generator: ArithmeticBaseGenerator
generator: ArithmeticBaseGenerator
generator: ArithmeticBaseGenerator
generator: ArithmeticBaseGenerator
generator: ArithmeticBaseGenerator
generator: ArithmeticBaseGenerator
generator: ArithmeticBaseGenerator
generator: ArithmeticBaseGenerator
generator: ArithmeticBaseGenerator
generator: ArithmeticBaseGenerator
generator: ArithmeticBaseGenerator
generator: ArithmeticBaseGenerator
generator: ArithmeticBaseGenerator
generator: ArithmeticBaseGenerator
generator: ArithmeticBaseGenerator
generator: ArithmeticBaseGenerator
generator: PoseidonGenerator
generator: PoseidonGenerator
generator: PoseidonGenerator
generator: PoseidonGenerator
generator: PoseidonGenerator
generator: PoseidonGenerator
generator: PoseidonGenerator
generator: PoseidonGenerator
generator: PoseidonGenerator
generator: PoseidonGenerator
generator: PoseidonGenerator
generator: PoseidonGenerator
generator: PoseidonGenerator
generator: PoseidonGenerator
generator: PoseidonGenerator
generator: PoseidonGenerator
generator: PoseidonGenerator
generator: PoseidonGenerator
generator: PoseidonGenerator
generator: PoseidonGenerator
generator: PoseidonGenerator
generator: PoseidonGenerator
generator: PoseidonGenerator
generator: RandomAccessGenerator
generator: RandomAccessGenerator
generator: RandomAccessGenerator
generator: RandomAccessGenerator
generator: PoseidonGenerator
generator: PoseidonGenerator
generator: PoseidonGenerator
generator: PoseidonGenerator
generator: PoseidonGenerator
generator: PoseidonGenerator
generator: PoseidonGenerator
generator: PoseidonGenerator
generator: PoseidonGenerator
generator: PoseidonGenerator
generator: PoseidonGenerator
generator: PoseidonGenerator
generator: PoseidonGenerator
generator: PoseidonGenerator
generator: PoseidonGenerator
generator: PoseidonGenerator
generator: PoseidonGenerator
generator: PoseidonGenerator
generator: PoseidonGenerator
generator: PoseidonGenerator
generator: PoseidonGenerator
generator: PoseidonGenerator
generator: PoseidonGenerator
generator: PoseidonGenerator
generator: PoseidonGenerator
generator: PoseidonGenerator
generator: PoseidonGenerator
generator: PoseidonGenerator
generator: PoseidonGenerator
generator: RandomAccessGenerator
generator: RandomAccessGenerator
generator: RandomAccessGenerator
generator: RandomAccessGenerator
generator: PoseidonGenerator
generator: PoseidonGenerator
generator: PoseidonGenerator
generator: PoseidonGenerator
generator: PoseidonGenerator
generator: PoseidonGenerator
generator: PoseidonGenerator
generator: PoseidonGenerator
generator: PoseidonGenerator
generator: PoseidonGenerator
generator: PoseidonGenerator
generator: PoseidonGenerator
generator: PoseidonGenerator
generator: PoseidonGenerator
generator: PoseidonGenerator
generator: RandomAccessGenerator
generator: RandomAccessGenerator
generator: RandomAccessGenerator
generator: RandomAccessGenerator
generator: PoseidonGenerator
generator: PoseidonGenerator
generator: PoseidonGenerator
generator: PoseidonGenerator
generator: PoseidonGenerator
generator: PoseidonGenerator
generator: PoseidonGenerator
generator: PoseidonGenerator
generator: PoseidonGenerator
generator: PoseidonGenerator
generator: PoseidonGenerator
generator: PoseidonGenerator
generator: PoseidonGenerator
generator: PoseidonGenerator
generator: RandomAccessGenerator
generator: RandomAccessGenerator
generator: RandomAccessGenerator
generator: RandomAccessGenerator
generator: ReducingGenerator
generator: ReducingGenerator
generator: ReducingGenerator
generator: ReducingGenerator
generator: ReducingGenerator
generator: ReducingGenerator
generator: MulExtensionGenerator
generator: MulExtensionGenerator
generator: MulExtensionGenerator
generator: MulExtensionGenerator
generator: MulExtensionGenerator
generator: MulExtensionGenerator
generator: MulExtensionGenerator
generator: MulExtensionGenerator
generator: MulExtensionGenerator
generator: MulExtensionGenerator
generator: MulExtensionGenerator
generator: MulExtensionGenerator
generator: MulExtensionGenerator
generator: RandomAccessGenerator
generator: RandomAccessGenerator
generator: RandomAccessGenerator
generator: RandomAccessGenerator
generator: InterpolationGenerator
generator: PoseidonGenerator
generator: PoseidonGenerator
generator: PoseidonGenerator
generator: PoseidonGenerator
generator: PoseidonGenerator
generator: PoseidonGenerator
generator: PoseidonGenerator
generator: PoseidonGenerator
generator: PoseidonGenerator
generator: PoseidonGenerator
generator: PoseidonGenerator
generator: PoseidonGenerator
generator: RandomAccessGenerator
generator: RandomAccessGenerator
generator: RandomAccessGenerator
generator: RandomAccessGenerator
generator: ArithmeticBaseGenerator
generator: ArithmeticBaseGenerator
generator: ArithmeticBaseGenerator
generator: ArithmeticBaseGenerator
generator: ArithmeticBaseGenerator
generator: ArithmeticBaseGenerator
generator: ArithmeticBaseGenerator
generator: ArithmeticBaseGenerator
generator: ArithmeticBaseGenerator
generator: ArithmeticBaseGenerator
generator: ArithmeticBaseGenerator
generator: ArithmeticBaseGenerator
generator: ArithmeticBaseGenerator
generator: ArithmeticBaseGenerator
generator: ArithmeticBaseGenerator
generator: ArithmeticBaseGenerator
generator: ArithmeticBaseGenerator
generator: ArithmeticBaseGenerator
generator: ArithmeticBaseGenerator
generator: ArithmeticBaseGenerator
generator: InterpolationGenerator
generator: PoseidonGenerator
generator: PoseidonGenerator
generator: PoseidonGenerator
generator: PoseidonGenerator
generator: PoseidonGenerator
generator: PoseidonGenerator
generator: PoseidonGenerator
generator: PoseidonGenerator
generator: RandomAccessGenerator
generator: RandomAccessGenerator
generator: RandomAccessGenerator
generator: RandomAccessGenerator
generator: ReducingExtensionGenerator
generator: BaseSplitGenerator + Base: 2
generator: BaseSplitGenerator + Base: 2
generator: PoseidonGenerator
generator: PoseidonGenerator
generator: PoseidonGenerator
generator: PoseidonGenerator
generator: PoseidonGenerator
generator: PoseidonGenerator
generator: PoseidonGenerator
generator: PoseidonGenerator
generator: PoseidonGenerator
generator: PoseidonGenerator
generator: PoseidonGenerator
generator: PoseidonGenerator
generator: PoseidonGenerator
generator: PoseidonGenerator
generator: PoseidonGenerator
generator: PoseidonGenerator
generator: PoseidonGenerator
generator: PoseidonGenerator
generator: PoseidonGenerator
generator: PoseidonGenerator
generator: PoseidonGenerator
generator: PoseidonGenerator
generator: PoseidonGenerator
generator: RandomAccessGenerator
generator: RandomAccessGenerator
generator: RandomAccessGenerator
generator: RandomAccessGenerator
generator: PoseidonGenerator
generator: PoseidonGenerator
generator: PoseidonGenerator
generator: PoseidonGenerator
generator: PoseidonGenerator
generator: PoseidonGenerator
generator: PoseidonGenerator
generator: PoseidonGenerator
generator: PoseidonGenerator
generator: PoseidonGenerator
generator: PoseidonGenerator
generator: PoseidonGenerator
generator: PoseidonGenerator
generator: PoseidonGenerator
generator: PoseidonGenerator
generator: PoseidonGenerator
generator: PoseidonGenerator
generator: PoseidonGenerator
generator: PoseidonGenerator
generator: PoseidonGenerator
generator: PoseidonGenerator
generator: PoseidonGenerator
generator: PoseidonGenerator
generator: PoseidonGenerator
generator: PoseidonGenerator
generator: PoseidonGenerator
generator: PoseidonGenerator
generator: PoseidonGenerator
generator: PoseidonGenerator
generator: RandomAccessGenerator
generator: RandomAccessGenerator
generator: RandomAccessGenerator
generator: RandomAccessGenerator
generator: PoseidonGenerator
generator: PoseidonGenerator
generator: PoseidonGenerator
generator: PoseidonGenerator
generator: PoseidonGenerator
generator: PoseidonGenerator
generator: PoseidonGenerator
generator: PoseidonGenerator
generator: PoseidonGenerator
generator: PoseidonGenerator
generator: PoseidonGenerator
generator: PoseidonGenerator
generator: PoseidonGenerator
generator: PoseidonGenerator
generator: PoseidonGenerator
generator: RandomAccessGenerator
generator: RandomAccessGenerator
generator: RandomAccessGenerator
generator: RandomAccessGenerator
generator: PoseidonGenerator
generator: PoseidonGenerator
generator: PoseidonGenerator
generator: PoseidonGenerator
generator: PoseidonGenerator
generator: PoseidonGenerator
generator: PoseidonGenerator
generator: PoseidonGenerator
generator: PoseidonGenerator
generator: PoseidonGenerator
generator: PoseidonGenerator
generator: PoseidonGenerator
generator: PoseidonGenerator
generator: PoseidonGenerator
generator: RandomAccessGenerator
generator: RandomAccessGenerator
generator: RandomAccessGenerator
generator: RandomAccessGenerator
generator: ReducingGenerator
generator: ReducingGenerator
generator: ReducingGenerator
generator: ReducingGenerator
generator: ReducingGenerator
generator: ReducingGenerator
generator: ArithmeticExtensionGenerator
generator: ArithmeticExtensionGenerator
generator: ArithmeticExtensionGenerator
generator: ArithmeticExtensionGenerator
generator: ArithmeticExtensionGenerator
generator: ArithmeticExtensionGenerator
generator: ArithmeticExtensionGenerator
generator: ArithmeticExtensionGenerator
generator: ArithmeticExtensionGenerator
generator: ArithmeticExtensionGenerator
generator: ArithmeticExtensionGenerator
generator: ArithmeticExtensionGenerator
generator: ArithmeticExtensionGenerator
generator: ArithmeticExtensionGenerator
generator: ArithmeticExtensionGenerator
generator: ArithmeticExtensionGenerator
generator: ArithmeticExtensionGenerator
generator: ArithmeticExtensionGenerator
generator: ArithmeticExtensionGenerator
generator: ArithmeticExtensionGenerator
generator: RandomAccessGenerator
generator: RandomAccessGenerator
generator: RandomAccessGenerator
generator: RandomAccessGenerator
generator: InterpolationGenerator
generator: PoseidonGenerator
generator: PoseidonGenerator
generator: PoseidonGenerator
generator: PoseidonGenerator
generator: PoseidonGenerator
generator: PoseidonGenerator
generator: PoseidonGenerator
generator: PoseidonGenerator
generator: PoseidonGenerator
generator: PoseidonGenerator
generator: PoseidonGenerator
generator: PoseidonGenerator
generator: RandomAccessGenerator
generator: RandomAccessGenerator
generator: RandomAccessGenerator
generator: RandomAccessGenerator
generator: InterpolationGenerator
generator: PoseidonGenerator
generator: PoseidonGenerator
generator: PoseidonGenerator
generator: PoseidonGenerator
generator: PoseidonGenerator
generator: PoseidonGenerator
generator: PoseidonGenerator
generator: PoseidonGenerator
generator: RandomAccessGenerator
generator: RandomAccessGenerator
generator: RandomAccessGenerator
generator: RandomAccessGenerator
generator: ReducingExtensionGenerator
generator: BaseSplitGenerator + Base: 2
generator: BaseSplitGenerator + Base: 2
generator: ArithmeticBaseGenerator
generator: ArithmeticBaseGenerator
generator: ArithmeticBaseGenerator
generator: ArithmeticBaseGenerator
generator: ArithmeticBaseGenerator
generator: ArithmeticBaseGenerator
generator: ArithmeticBaseGenerator
generator: ArithmeticBaseGenerator
generator: ArithmeticBaseGenerator
generator: ArithmeticBaseGenerator
generator: ArithmeticBaseGenerator
generator: ArithmeticBaseGenerator
generator: ArithmeticBaseGenerator
generator: ArithmeticBaseGenerator
generator: ArithmeticBaseGenerator
generator: ArithmeticBaseGenerator
generator: ArithmeticBaseGenerator
generator: ArithmeticBaseGenerator
generator: ArithmeticBaseGenerator
generator: ArithmeticBaseGenerator
generator: PoseidonGenerator
generator: PoseidonGenerator
generator: PoseidonGenerator
generator: PoseidonGenerator
generator: PoseidonGenerator
generator: PoseidonGenerator
generator: PoseidonGenerator
generator: PoseidonGenerator
generator: PoseidonGenerator
generator: PoseidonGenerator
generator: PoseidonGenerator
generator: PoseidonGenerator
generator: PoseidonGenerator
generator: PoseidonGenerator
generator: PoseidonGenerator
generator: PoseidonGenerator
generator: PoseidonGenerator
generator: PoseidonGenerator
generator: PoseidonGenerator
generator: PoseidonGenerator
generator: PoseidonGenerator
generator: PoseidonGenerator
generator: PoseidonGenerator
generator: RandomAccessGenerator
generator: RandomAccessGenerator
generator: RandomAccessGenerator
generator: RandomAccessGenerator
generator: PoseidonGenerator
generator: PoseidonGenerator
generator: PoseidonGenerator
generator: PoseidonGenerator
generator: PoseidonGenerator
generator: PoseidonGenerator
generator: PoseidonGenerator
generator: PoseidonGenerator
generator: PoseidonGenerator
generator: PoseidonGenerator
generator: PoseidonGenerator
generator: PoseidonGenerator
generator: PoseidonGenerator
generator: PoseidonGenerator
generator: PoseidonGenerator
generator: PoseidonGenerator
generator: PoseidonGenerator
generator: PoseidonGenerator
generator: PoseidonGenerator
generator: PoseidonGenerator
generator: PoseidonGenerator
generator: PoseidonGenerator
generator: PoseidonGenerator
generator: PoseidonGenerator
generator: PoseidonGenerator
generator: PoseidonGenerator
generator: PoseidonGenerator
generator: PoseidonGenerator
generator: PoseidonGenerator
generator: RandomAccessGenerator
generator: RandomAccessGenerator
generator: RandomAccessGenerator
generator: RandomAccessGenerator
generator: PoseidonGenerator
generator: PoseidonGenerator
generator: PoseidonGenerator
generator: PoseidonGenerator
generator: PoseidonGenerator
generator: PoseidonGenerator
generator: PoseidonGenerator
generator: PoseidonGenerator
generator: PoseidonGenerator
generator: PoseidonGenerator
generator: PoseidonGenerator
generator: PoseidonGenerator
generator: PoseidonGenerator
generator: PoseidonGenerator
generator: PoseidonGenerator
generator: RandomAccessGenerator
generator: RandomAccessGenerator
generator: RandomAccessGenerator
generator: RandomAccessGenerator
generator: PoseidonGenerator
generator: PoseidonGenerator
generator: PoseidonGenerator
generator: PoseidonGenerator
generator: PoseidonGenerator
generator: PoseidonGenerator
generator: PoseidonGenerator
generator: PoseidonGenerator
generator: PoseidonGenerator
generator: PoseidonGenerator
generator: PoseidonGenerator
generator: PoseidonGenerator
generator: PoseidonGenerator
generator: PoseidonGenerator
generator: RandomAccessGenerator
generator: RandomAccessGenerator
generator: RandomAccessGenerator
generator: RandomAccessGenerator
generator: ArithmeticBaseGenerator
generator: ArithmeticBaseGenerator
generator: ArithmeticBaseGenerator
generator: ArithmeticBaseGenerator
generator: ArithmeticBaseGenerator
generator: ArithmeticBaseGenerator
generator: ArithmeticBaseGenerator
generator: ArithmeticBaseGenerator
generator: ArithmeticBaseGenerator
generator: ArithmeticBaseGenerator
generator: ArithmeticBaseGenerator
generator: ArithmeticBaseGenerator
generator: ArithmeticBaseGenerator
generator: ArithmeticBaseGenerator
generator: ArithmeticBaseGenerator
generator: ArithmeticBaseGenerator
generator: ArithmeticBaseGenerator
generator: ArithmeticBaseGenerator
generator: ArithmeticBaseGenerator
generator: ArithmeticBaseGenerator
generator: ArithmeticBaseGenerator
generator: ArithmeticBaseGenerator
generator: ArithmeticBaseGenerator
generator: ArithmeticBaseGenerator
generator: ArithmeticBaseGenerator
generator: ArithmeticBaseGenerator
generator: ArithmeticBaseGenerator
generator: ArithmeticBaseGenerator
generator: ArithmeticBaseGenerator
generator: ArithmeticBaseGenerator
generator: ArithmeticBaseGenerator
generator: ArithmeticBaseGenerator
generator: ArithmeticBaseGenerator
generator: ArithmeticBaseGenerator
generator: ArithmeticBaseGenerator
generator: ArithmeticBaseGenerator
generator: ArithmeticBaseGenerator
generator: ArithmeticBaseGenerator
generator: ArithmeticBaseGenerator
generator: ArithmeticBaseGenerator
generator: ArithmeticBaseGenerator
generator: ArithmeticBaseGenerator
generator: ArithmeticBaseGenerator
generator: ArithmeticBaseGenerator
generator: ArithmeticBaseGenerator
generator: ArithmeticBaseGenerator
generator: ArithmeticBaseGenerator
generator: ArithmeticBaseGenerator
generator: ArithmeticBaseGenerator
generator: ArithmeticBaseGenerator
generator: ArithmeticBaseGenerator
generator: ArithmeticBaseGenerator
generator: ArithmeticBaseGenerator
generator: ArithmeticBaseGenerator
generator: ArithmeticBaseGenerator
generator: ArithmeticBaseGenerator
generator: ArithmeticBaseGenerator
generator: ArithmeticBaseGenerator
generator: ArithmeticBaseGenerator
generator: ArithmeticBaseGenerator
generator: ArithmeticBaseGenerator
generator: ArithmeticBaseGenerator
generator: ArithmeticBaseGenerator
generator: ArithmeticBaseGenerator
generator: ArithmeticBaseGenerator
generator: ArithmeticBaseGenerator
generator: ArithmeticBaseGenerator
generator: ArithmeticBaseGenerator
generator: ArithmeticBaseGenerator
generator: ArithmeticBaseGenerator
generator: ArithmeticBaseGenerator
generator: ArithmeticBaseGenerator
generator: ArithmeticBaseGenerator
generator: ArithmeticBaseGenerator
generator: ArithmeticBaseGenerator
generator: ArithmeticBaseGenerator
generator: ArithmeticBaseGenerator
generator: ArithmeticBaseGenerator
generator: ArithmeticBaseGenerator
generator: ArithmeticBaseGenerator
generator: ArithmeticBaseGenerator
generator: ArithmeticBaseGenerator
generator: ArithmeticBaseGenerator
generator: ArithmeticBaseGenerator
generator: ArithmeticBaseGenerator
generator: ArithmeticBaseGenerator
generator: ArithmeticBaseGenerator
generator: ArithmeticBaseGenerator
generator: ArithmeticBaseGenerator
generator: ArithmeticBaseGenerator
generator: ArithmeticBaseGenerator
generator: ArithmeticBaseGenerator
generator: ArithmeticBaseGenerator
generator: ArithmeticBaseGenerator
generator: ArithmeticBaseGenerator
generator: ArithmeticBaseGenerator
generator: ArithmeticBaseGenerator
generator: ArithmeticBaseGenerator
generator: ArithmeticBaseGenerator
generator: ArithmeticBaseGenerator
generator: ArithmeticBaseGenerator
generator: ArithmeticBaseGenerator
generator: ArithmeticBaseGenerator
generator: ArithmeticBaseGenerator
generator: ArithmeticBaseGenerator
generator: ArithmeticBaseGenerator
generator: ArithmeticBaseGenerator
generator: ArithmeticBaseGenerator
generator: ArithmeticBaseGenerator
generator: ArithmeticBaseGenerator
generator: ArithmeticBaseGenerator
generator: ArithmeticBaseGenerator
generator: ArithmeticBaseGenerator
generator: ArithmeticBaseGenerator
generator: ArithmeticBaseGenerator
generator: ArithmeticBaseGenerator
generator: ArithmeticBaseGenerator
generator: ArithmeticBaseGenerator
generator: ArithmeticBaseGenerator
generator: ArithmeticBaseGenerator
generator: ArithmeticBaseGenerator
generator: ArithmeticBaseGenerator
generator: ArithmeticBaseGenerator
generator: ArithmeticBaseGenerator
generator: ArithmeticBaseGenerator
generator: ArithmeticBaseGenerator
generator: ArithmeticBaseGenerator
generator: ArithmeticBaseGenerator
generator: ArithmeticBaseGenerator
generator: ArithmeticBaseGenerator
generator: ArithmeticBaseGenerator
generator: ArithmeticBaseGenerator
generator: ArithmeticBaseGenerator
generator: ArithmeticBaseGenerator
generator: ArithmeticBaseGenerator
generator: ArithmeticBaseGenerator
generator: ArithmeticBaseGenerator
generator: ArithmeticBaseGenerator
generator: ArithmeticBaseGenerator
generator: ArithmeticBaseGenerator
generator: ArithmeticBaseGenerator
generator: ArithmeticBaseGenerator
generator: ArithmeticBaseGenerator
generator: ArithmeticBaseGenerator
generator: ArithmeticBaseGenerator
generator: ArithmeticBaseGenerator
generator: ArithmeticBaseGenerator
generator: ArithmeticBaseGenerator
generator: ArithmeticBaseGenerator
generator: ArithmeticBaseGenerator
generator: ArithmeticBaseGenerator
generator: ArithmeticBaseGenerator
generator: ArithmeticBaseGenerator
generator: ArithmeticBaseGenerator
generator: ArithmeticBaseGenerator
generator: ArithmeticBaseGenerator
generator: ArithmeticBaseGenerator
generator: ArithmeticBaseGenerator
generator: ArithmeticBaseGenerator
generator: ArithmeticBaseGenerator
generator: ArithmeticBaseGenerator
generator: ArithmeticBaseGenerator
generator: ArithmeticBaseGenerator
generator: ArithmeticBaseGenerator
generator: ArithmeticBaseGenerator
generator: ArithmeticBaseGenerator
generator: ArithmeticBaseGenerator
generator: ArithmeticBaseGenerator
generator: ArithmeticBaseGenerator
generator: ArithmeticBaseGenerator
generator: ArithmeticBaseGenerator
generator: ArithmeticBaseGenerator
generator: ArithmeticBaseGenerator
generator: ArithmeticBaseGenerator
generator: ArithmeticBaseGenerator
generator: ArithmeticBaseGenerator
generator: ArithmeticBaseGenerator
generator: ArithmeticBaseGenerator
generator: ArithmeticBaseGenerator
generator: ArithmeticBaseGenerator
generator: ArithmeticBaseGenerator
generator: ArithmeticBaseGenerator
generator: ArithmeticBaseGenerator
generator: ArithmeticBaseGenerator
generator: ArithmeticBaseGenerator
generator: ArithmeticBaseGenerator
generator: ArithmeticBaseGenerator
generator: ArithmeticBaseGenerator
generator: ArithmeticBaseGenerator
generator: ArithmeticBaseGenerator
generator: ArithmeticBaseGenerator
generator: ArithmeticBaseGenerator
generator: ArithmeticBaseGenerator
generator: ArithmeticBaseGenerator
generator: ArithmeticBaseGenerator
generator: ArithmeticBaseGenerator
generator: ArithmeticBaseGenerator
generator: ArithmeticBaseGenerator
generator: ArithmeticBaseGenerator
generator: ArithmeticBaseGenerator
generator: ArithmeticBaseGenerator
generator: ArithmeticBaseGenerator
generator: ArithmeticBaseGenerator
generator: ArithmeticBaseGenerator
generator: ArithmeticBaseGenerator
generator: ArithmeticBaseGenerator
generator: ArithmeticBaseGenerator
generator: ArithmeticBaseGenerator
generator: ArithmeticBaseGenerator
generator: ArithmeticBaseGenerator
generator: ArithmeticBaseGenerator
generator: ArithmeticBaseGenerator
generator: ArithmeticBaseGenerator
generator: ArithmeticBaseGenerator
generator: ArithmeticBaseGenerator
generator: ArithmeticBaseGenerator
generator: ArithmeticBaseGenerator
generator: ArithmeticBaseGenerator
generator: ArithmeticBaseGenerator
generator: ArithmeticBaseGenerator
generator: ArithmeticBaseGenerator
generator: ArithmeticBaseGenerator
generator: ArithmeticBaseGenerator
generator: ArithmeticBaseGenerator
generator: ArithmeticBaseGenerator
generator: ArithmeticBaseGenerator
generator: ArithmeticBaseGenerator
generator: ArithmeticBaseGenerator
generator: ArithmeticBaseGenerator
generator: ArithmeticBaseGenerator
generator: ArithmeticBaseGenerator
generator: ArithmeticBaseGenerator
generator: ArithmeticBaseGenerator
generator: ArithmeticBaseGenerator
generator: ArithmeticBaseGenerator
generator: ArithmeticBaseGenerator
generator: ArithmeticBaseGenerator
generator: ArithmeticBaseGenerator
generator: ArithmeticBaseGenerator
generator: ArithmeticBaseGenerator
generator: ArithmeticBaseGenerator
generator: ArithmeticBaseGenerator
generator: ArithmeticBaseGenerator
generator: ArithmeticBaseGenerator
generator: ArithmeticBaseGenerator
generator: ArithmeticBaseGenerator
generator: ArithmeticBaseGenerator
generator: ArithmeticBaseGenerator
generator: ArithmeticBaseGenerator
generator: ArithmeticBaseGenerator
generator: ArithmeticBaseGenerator
generator: ArithmeticBaseGenerator
generator: ArithmeticBaseGenerator
generator: ArithmeticBaseGenerator
generator: ArithmeticBaseGenerator
generator: ArithmeticBaseGenerator
generator: ArithmeticBaseGenerator
generator: ArithmeticBaseGenerator
generator: ArithmeticBaseGenerator
generator: ArithmeticBaseGenerator
generator: ArithmeticBaseGenerator
generator: ArithmeticBaseGenerator
generator: ArithmeticBaseGenerator
generator: ArithmeticBaseGenerator
generator: ArithmeticBaseGenerator
generator: ArithmeticBaseGenerator
generator: ArithmeticBaseGenerator
generator: ArithmeticBaseGenerator
generator: ArithmeticBaseGenerator
generator: ArithmeticBaseGenerator
generator: ArithmeticBaseGenerator
generator: ArithmeticBaseGenerator
generator: ArithmeticBaseGenerator
generator: ArithmeticBaseGenerator
generator: ArithmeticBaseGenerator
generator: ArithmeticBaseGenerator
generator: ArithmeticBaseGenerator
generator: ArithmeticBaseGenerator
generator: ArithmeticBaseGenerator
generator: ArithmeticBaseGenerator
generator: ArithmeticBaseGenerator
generator: ArithmeticBaseGenerator
generator: ArithmeticBaseGenerator
generator: ArithmeticBaseGenerator
generator: ArithmeticBaseGenerator
generator: ArithmeticBaseGenerator
generator: ArithmeticBaseGenerator
generator: ArithmeticBaseGenerator
generator: ArithmeticBaseGenerator
generator: ArithmeticBaseGenerator
generator: ArithmeticBaseGenerator
generator: ArithmeticBaseGenerator
generator: ArithmeticBaseGenerator
generator: ArithmeticBaseGenerator
generator: ArithmeticBaseGenerator
generator: ArithmeticBaseGenerator
generator: ArithmeticBaseGenerator
generator: ArithmeticBaseGenerator
generator: ArithmeticBaseGenerator
generator: ArithmeticBaseGenerator
generator: ArithmeticBaseGenerator
generator: ArithmeticBaseGenerator
generator: ArithmeticBaseGenerator
generator: ArithmeticBaseGenerator
generator: ArithmeticBaseGenerator
generator: ArithmeticBaseGenerator
generator: ArithmeticBaseGenerator
generator: ArithmeticBaseGenerator
generator: ArithmeticBaseGenerator
generator: ArithmeticBaseGenerator
generator: ArithmeticBaseGenerator
generator: ArithmeticBaseGenerator
generator: ArithmeticBaseGenerator
generator: ArithmeticBaseGenerator
generator: ArithmeticBaseGenerator
generator: ArithmeticBaseGenerator
generator: ArithmeticBaseGenerator
generator: ArithmeticBaseGenerator
generator: ArithmeticBaseGenerator
generator: ArithmeticBaseGenerator
generator: ArithmeticBaseGenerator
generator: ArithmeticBaseGenerator
generator: ArithmeticBaseGenerator
generator: ArithmeticBaseGenerator
generator: ArithmeticBaseGenerator
generator: ArithmeticBaseGenerator
generator: ArithmeticBaseGenerator
generator: ArithmeticBaseGenerator
generator: ArithmeticBaseGenerator
generator: ArithmeticBaseGenerator
generator: ArithmeticBaseGenerator
generator: ArithmeticBaseGenerator
generator: ArithmeticBaseGenerator
generator: ArithmeticBaseGenerator
generator: ArithmeticBaseGenerator
generator: ArithmeticBaseGenerator
generator: ArithmeticBaseGenerator
generator: ArithmeticBaseGenerator
generator: ArithmeticBaseGenerator
generator: ArithmeticBaseGenerator
generator: ReducingGenerator
generator: ReducingGenerator
generator: ReducingGenerator
generator: ReducingGenerator
generator: ReducingGenerator
generator: ReducingGenerator
generator: RandomAccessGenerator
generator: RandomAccessGenerator
generator: RandomAccessGenerator
generator: RandomAccessGenerator
generator: ArithmeticBaseGenerator
generator: ArithmeticBaseGenerator
generator: ArithmeticBaseGenerator
generator: ArithmeticBaseGenerator
generator: ArithmeticBaseGenerator
generator: ArithmeticBaseGenerator
generator: ArithmeticBaseGenerator
generator: ArithmeticBaseGenerator
generator: ArithmeticBaseGenerator
generator: ArithmeticBaseGenerator
generator: ArithmeticBaseGenerator
generator: ArithmeticBaseGenerator
generator: ArithmeticBaseGenerator
generator: ArithmeticBaseGenerator
generator: ArithmeticBaseGenerator
generator: ArithmeticBaseGenerator
generator: ArithmeticBaseGenerator
generator: ArithmeticBaseGenerator
generator: ArithmeticBaseGenerator
generator: ArithmeticBaseGenerator
generator: ArithmeticBaseGenerator
generator: ArithmeticBaseGenerator
generator: ArithmeticBaseGenerator
generator: ArithmeticBaseGenerator
generator: ArithmeticBaseGenerator
generator: ArithmeticBaseGenerator
generator: ArithmeticBaseGenerator
generator: ArithmeticBaseGenerator
generator: ArithmeticBaseGenerator
generator: ArithmeticBaseGenerator
generator: ArithmeticBaseGenerator
generator: ArithmeticBaseGenerator
generator: ArithmeticBaseGenerator
generator: ArithmeticBaseGenerator
generator: ArithmeticBaseGenerator
generator: ArithmeticBaseGenerator
generator: ArithmeticBaseGenerator
generator: ArithmeticBaseGenerator
generator: ArithmeticBaseGenerator
generator: ArithmeticBaseGenerator
generator: ArithmeticBaseGenerator
generator: ArithmeticBaseGenerator
generator: ArithmeticBaseGenerator
generator: ArithmeticBaseGenerator
generator: ArithmeticBaseGenerator
generator: ArithmeticBaseGenerator
generator: ArithmeticBaseGenerator
generator: ArithmeticBaseGenerator
generator: ArithmeticBaseGenerator
generator: ArithmeticBaseGenerator
generator: ArithmeticBaseGenerator
generator: ArithmeticBaseGenerator
generator: ArithmeticBaseGenerator
generator: ArithmeticBaseGenerator
generator: ArithmeticBaseGenerator
generator: ArithmeticBaseGenerator
generator: ArithmeticBaseGenerator
generator: ArithmeticBaseGenerator
generator: ArithmeticBaseGenerator
generator: ArithmeticBaseGenerator
generator: InterpolationGenerator
generator: PoseidonGenerator
generator: PoseidonGenerator
generator: PoseidonGenerator
generator: PoseidonGenerator
generator: PoseidonGenerator
generator: PoseidonGenerator
generator: PoseidonGenerator
generator: PoseidonGenerator
generator: PoseidonGenerator
generator: PoseidonGenerator
generator: PoseidonGenerator
generator: PoseidonGenerator
generator: RandomAccessGenerator
generator: RandomAccessGenerator
generator: RandomAccessGenerator
generator: RandomAccessGenerator
generator: InterpolationGenerator
generator: PoseidonGenerator
generator: PoseidonGenerator
generator: PoseidonGenerator
generator: PoseidonGenerator
generator: PoseidonGenerator
generator: PoseidonGenerator
generator: PoseidonGenerator
generator: PoseidonGenerator
generator: RandomAccessGenerator
generator: RandomAccessGenerator
generator: RandomAccessGenerator
generator: RandomAccessGenerator
generator: ReducingExtensionGenerator
generator: BaseSplitGenerator + Base: 2
generator: BaseSplitGenerator + Base: 2
generator: PoseidonGenerator
generator: PoseidonGenerator
generator: PoseidonGenerator
generator: PoseidonGenerator
generator: PoseidonGenerator
generator: PoseidonGenerator
generator: PoseidonGenerator
generator: PoseidonGenerator
generator: PoseidonGenerator
generator: PoseidonGenerator
generator: PoseidonGenerator
generator: PoseidonGenerator
generator: PoseidonGenerator
generator: PoseidonGenerator
generator: PoseidonGenerator
generator: PoseidonGenerator
generator: PoseidonGenerator
generator: PoseidonGenerator
generator: PoseidonGenerator
generator: PoseidonGenerator
generator: PoseidonGenerator
generator: PoseidonGenerator
generator: PoseidonGenerator
generator: RandomAccessGenerator
generator: RandomAccessGenerator
generator: RandomAccessGenerator
generator: RandomAccessGenerator
generator: PoseidonGenerator
generator: PoseidonGenerator
generator: PoseidonGenerator
generator: PoseidonGenerator
generator: PoseidonGenerator
generator: PoseidonGenerator
generator: PoseidonGenerator
generator: PoseidonGenerator
generator: PoseidonGenerator
generator: PoseidonGenerator
generator: PoseidonGenerator
generator: PoseidonGenerator
generator: PoseidonGenerator
generator: PoseidonGenerator
generator: PoseidonGenerator
generator: PoseidonGenerator
generator: PoseidonGenerator
generator: PoseidonGenerator
generator: PoseidonGenerator
generator: PoseidonGenerator
generator: PoseidonGenerator
generator: PoseidonGenerator
generator: PoseidonGenerator
generator: PoseidonGenerator
generator: PoseidonGenerator
generator: PoseidonGenerator
generator: PoseidonGenerator
generator: PoseidonGenerator
generator: PoseidonGenerator
generator: RandomAccessGenerator
generator: RandomAccessGenerator
generator: RandomAccessGenerator
generator: RandomAccessGenerator
generator: PoseidonGenerator
generator: PoseidonGenerator
generator: PoseidonGenerator
generator: PoseidonGenerator
generator: PoseidonGenerator
generator: PoseidonGenerator
generator: PoseidonGenerator
generator: PoseidonGenerator
generator: PoseidonGenerator
generator: PoseidonGenerator
generator: PoseidonGenerator
generator: PoseidonGenerator
generator: PoseidonGenerator
generator: PoseidonGenerator
generator: PoseidonGenerator
generator: RandomAccessGenerator
generator: RandomAccessGenerator
generator: RandomAccessGenerator
generator: RandomAccessGenerator
generator: PoseidonGenerator
generator: PoseidonGenerator
generator: PoseidonGenerator
generator: PoseidonGenerator
generator: PoseidonGenerator
generator: PoseidonGenerator
generator: PoseidonGenerator
generator: PoseidonGenerator
generator: PoseidonGenerator
generator: PoseidonGenerator
generator: PoseidonGenerator
generator: PoseidonGenerator
generator: PoseidonGenerator
generator: PoseidonGenerator
generator: RandomAccessGenerator
generator: RandomAccessGenerator
generator: RandomAccessGenerator
generator: RandomAccessGenerator
generator: ReducingGenerator
generator: ReducingGenerator
generator: ReducingGenerator
generator: ReducingGenerator
generator: ReducingGenerator
generator: ReducingGenerator
generator: MulExtensionGenerator
generator: MulExtensionGenerator
generator: MulExtensionGenerator
generator: MulExtensionGenerator
generator: MulExtensionGenerator
generator: MulExtensionGenerator
generator: MulExtensionGenerator
generator: MulExtensionGenerator
generator: MulExtensionGenerator
generator: MulExtensionGenerator
generator: MulExtensionGenerator
generator: MulExtensionGenerator
generator: MulExtensionGenerator
generator: RandomAccessGenerator
generator: RandomAccessGenerator
generator: RandomAccessGenerator
generator: RandomAccessGenerator
generator: InterpolationGenerator
generator: PoseidonGenerator
generator: PoseidonGenerator
generator: PoseidonGenerator
generator: PoseidonGenerator
generator: PoseidonGenerator
generator: PoseidonGenerator
generator: PoseidonGenerator
generator: PoseidonGenerator
generator: PoseidonGenerator
generator: PoseidonGenerator
generator: PoseidonGenerator
generator: PoseidonGenerator
generator: RandomAccessGenerator
generator: RandomAccessGenerator
generator: RandomAccessGenerator
generator: RandomAccessGenerator
generator: InterpolationGenerator
generator: PoseidonGenerator
generator: PoseidonGenerator
generator: PoseidonGenerator
generator: PoseidonGenerator
generator: PoseidonGenerator
generator: PoseidonGenerator
generator: PoseidonGenerator
generator: PoseidonGenerator
generator: RandomAccessGenerator
generator: RandomAccessGenerator
generator: RandomAccessGenerator
generator: RandomAccessGenerator
generator: ArithmeticBaseGenerator
generator: ArithmeticBaseGenerator
generator: ArithmeticBaseGenerator
generator: ArithmeticBaseGenerator
generator: ArithmeticBaseGenerator
generator: ArithmeticBaseGenerator
generator: ArithmeticBaseGenerator
generator: ArithmeticBaseGenerator
generator: ArithmeticBaseGenerator
generator: ArithmeticBaseGenerator
generator: ArithmeticBaseGenerator
generator: ArithmeticBaseGenerator
generator: ArithmeticBaseGenerator
generator: ArithmeticBaseGenerator
generator: ArithmeticBaseGenerator
generator: ArithmeticBaseGenerator
generator: ArithmeticBaseGenerator
generator: ArithmeticBaseGenerator
generator: ArithmeticBaseGenerator
generator: ArithmeticBaseGenerator
generator: ReducingExtensionGenerator
generator: BaseSplitGenerator + Base: 2
generator: BaseSplitGenerator + Base: 2
generator: ArithmeticBaseGenerator
generator: ArithmeticBaseGenerator
generator: ArithmeticBaseGenerator
generator: ArithmeticBaseGenerator
generator: ArithmeticBaseGenerator
generator: ArithmeticBaseGenerator
generator: ArithmeticBaseGenerator
generator: ArithmeticBaseGenerator
generator: ArithmeticBaseGenerator
generator: ArithmeticBaseGenerator
generator: ArithmeticBaseGenerator
generator: ArithmeticBaseGenerator
generator: ArithmeticBaseGenerator
generator: ArithmeticBaseGenerator
generator: ArithmeticBaseGenerator
generator: ArithmeticBaseGenerator
generator: ArithmeticBaseGenerator
generator: ArithmeticBaseGenerator
generator: ArithmeticBaseGenerator
generator: ArithmeticBaseGenerator
generator: PoseidonGenerator
generator: PoseidonGenerator
generator: PoseidonGenerator
generator: PoseidonGenerator
generator: PoseidonGenerator
generator: PoseidonGenerator
generator: PoseidonGenerator
generator: PoseidonGenerator
generator: PoseidonGenerator
generator: PoseidonGenerator
generator: PoseidonGenerator
generator: PoseidonGenerator
generator: PoseidonGenerator
generator: PoseidonGenerator
generator: PoseidonGenerator
generator: PoseidonGenerator
generator: PoseidonGenerator
generator: PoseidonGenerator
generator: PoseidonGenerator
generator: PoseidonGenerator
generator: PoseidonGenerator
generator: PoseidonGenerator
generator: PoseidonGenerator
generator: RandomAccessGenerator
generator: RandomAccessGenerator
generator: RandomAccessGenerator
generator: RandomAccessGenerator
generator: PoseidonGenerator
generator: PoseidonGenerator
generator: PoseidonGenerator
generator: PoseidonGenerator
generator: PoseidonGenerator
generator: PoseidonGenerator
generator: PoseidonGenerator
generator: PoseidonGenerator
generator: PoseidonGenerator
generator: PoseidonGenerator
generator: PoseidonGenerator
generator: PoseidonGenerator
generator: PoseidonGenerator
generator: PoseidonGenerator
generator: PoseidonGenerator
generator: PoseidonGenerator
generator: PoseidonGenerator
generator: PoseidonGenerator
generator: PoseidonGenerator
generator: PoseidonGenerator
generator: PoseidonGenerator
generator: PoseidonGenerator
generator: PoseidonGenerator
generator: PoseidonGenerator
generator: PoseidonGenerator
generator: PoseidonGenerator
generator: PoseidonGenerator
generator: PoseidonGenerator
generator: PoseidonGenerator
generator: RandomAccessGenerator
generator: RandomAccessGenerator
generator: RandomAccessGenerator
generator: RandomAccessGenerator
generator: PoseidonGenerator
generator: PoseidonGenerator
generator: PoseidonGenerator
generator: PoseidonGenerator
generator: PoseidonGenerator
generator: PoseidonGenerator
generator: PoseidonGenerator
generator: PoseidonGenerator
generator: PoseidonGenerator
generator: PoseidonGenerator
generator: PoseidonGenerator
generator: PoseidonGenerator
generator: PoseidonGenerator
generator: PoseidonGenerator
generator: PoseidonGenerator
generator: RandomAccessGenerator
generator: RandomAccessGenerator
generator: RandomAccessGenerator
generator: RandomAccessGenerator
generator: PoseidonGenerator
generator: PoseidonGenerator
generator: PoseidonGenerator
generator: PoseidonGenerator
generator: PoseidonGenerator
generator: PoseidonGenerator
generator: PoseidonGenerator
generator: PoseidonGenerator
generator: PoseidonGenerator
generator: PoseidonGenerator
generator: PoseidonGenerator
generator: PoseidonGenerator
generator: PoseidonGenerator
generator: PoseidonGenerator
generator: RandomAccessGenerator
generator: RandomAccessGenerator
generator: RandomAccessGenerator
generator: RandomAccessGenerator
generator: ReducingGenerator
generator: ReducingGenerator
generator: ReducingGenerator
generator: ReducingGenerator
generator: ReducingGenerator
generator: ReducingGenerator
generator: ArithmeticExtensionGenerator
generator: ArithmeticExtensionGenerator
generator: ArithmeticExtensionGenerator
generator: ArithmeticExtensionGenerator
generator: ArithmeticExtensionGenerator
generator: ArithmeticExtensionGenerator
generator: ArithmeticExtensionGenerator
generator: ArithmeticExtensionGenerator
generator: ArithmeticExtensionGenerator
generator: ArithmeticExtensionGenerator
generator: RandomAccessGenerator
generator: RandomAccessGenerator
generator: RandomAccessGenerator
generator: RandomAccessGenerator
generator: InterpolationGenerator
generator: PoseidonGenerator
generator: PoseidonGenerator
generator: PoseidonGenerator
generator: PoseidonGenerator
generator: PoseidonGenerator
generator: PoseidonGenerator
generator: PoseidonGenerator
generator: PoseidonGenerator
generator: PoseidonGenerator
generator: PoseidonGenerator
generator: PoseidonGenerator
generator: PoseidonGenerator
generator: RandomAccessGenerator
generator: RandomAccessGenerator
generator: RandomAccessGenerator
generator: RandomAccessGenerator
generator: InterpolationGenerator
generator: PoseidonGenerator
generator: PoseidonGenerator
generator: PoseidonGenerator
generator: PoseidonGenerator
generator: PoseidonGenerator
generator: PoseidonGenerator
generator: PoseidonGenerator
generator: PoseidonGenerator
generator: RandomAccessGenerator
generator: RandomAccessGenerator
generator: RandomAccessGenerator
generator: RandomAccessGenerator
generator: ReducingExtensionGenerator
generator: BaseSplitGenerator + Base: 2
generator: BaseSplitGenerator + Base: 2
generator: PoseidonGenerator
generator: PoseidonGenerator
generator: PoseidonGenerator
generator: PoseidonGenerator
generator: PoseidonGenerator
generator: PoseidonGenerator
generator: PoseidonGenerator
generator: PoseidonGenerator
generator: PoseidonGenerator
generator: PoseidonGenerator
generator: PoseidonGenerator
generator: PoseidonGenerator
generator: PoseidonGenerator
generator: PoseidonGenerator
generator: PoseidonGenerator
generator: PoseidonGenerator
generator: PoseidonGenerator
generator: PoseidonGenerator
generator: PoseidonGenerator
generator: PoseidonGenerator
generator: PoseidonGenerator
generator: PoseidonGenerator
generator: PoseidonGenerator
generator: RandomAccessGenerator
generator: RandomAccessGenerator
generator: RandomAccessGenerator
generator: RandomAccessGenerator
generator: PoseidonGenerator
generator: PoseidonGenerator
generator: PoseidonGenerator
generator: PoseidonGenerator
generator: PoseidonGenerator
generator: PoseidonGenerator
generator: PoseidonGenerator
generator: PoseidonGenerator
generator: PoseidonGenerator
generator: PoseidonGenerator
generator: PoseidonGenerator
generator: PoseidonGenerator
generator: PoseidonGenerator
generator: PoseidonGenerator
generator: PoseidonGenerator
generator: PoseidonGenerator
generator: PoseidonGenerator
generator: PoseidonGenerator
generator: PoseidonGenerator
generator: PoseidonGenerator
generator: PoseidonGenerator
generator: PoseidonGenerator
generator: PoseidonGenerator
generator: PoseidonGenerator
generator: PoseidonGenerator
generator: PoseidonGenerator
generator: PoseidonGenerator
generator: PoseidonGenerator
generator: PoseidonGenerator
generator: RandomAccessGenerator
generator: RandomAccessGenerator
generator: RandomAccessGenerator
generator: RandomAccessGenerator
generator: PoseidonGenerator
generator: PoseidonGenerator
generator: PoseidonGenerator
generator: PoseidonGenerator
generator: PoseidonGenerator
generator: PoseidonGenerator
generator: PoseidonGenerator
generator: PoseidonGenerator
generator: PoseidonGenerator
generator: PoseidonGenerator
generator: PoseidonGenerator
generator: PoseidonGenerator
generator: PoseidonGenerator
generator: PoseidonGenerator
generator: PoseidonGenerator
generator: RandomAccessGenerator
generator: RandomAccessGenerator
generator: RandomAccessGenerator
generator: RandomAccessGenerator
generator: PoseidonGenerator
generator: PoseidonGenerator
generator: PoseidonGenerator
generator: PoseidonGenerator
generator: PoseidonGenerator
generator: PoseidonGenerator
generator: PoseidonGenerator
generator: PoseidonGenerator
generator: PoseidonGenerator
generator: PoseidonGenerator
generator: PoseidonGenerator
generator: PoseidonGenerator
generator: PoseidonGenerator
generator: PoseidonGenerator
generator: RandomAccessGenerator
generator: RandomAccessGenerator
generator: RandomAccessGenerator
generator: RandomAccessGenerator
generator: ReducingGenerator
generator: ReducingGenerator
generator: ReducingGenerator
generator: ReducingGenerator
generator: ReducingGenerator
generator: ReducingGenerator
generator: RandomAccessGenerator
generator: RandomAccessGenerator
generator: RandomAccessGenerator
generator: RandomAccessGenerator
generator: InterpolationGenerator
generator: PoseidonGenerator
generator: PoseidonGenerator
generator: PoseidonGenerator
generator: PoseidonGenerator
generator: PoseidonGenerator
generator: PoseidonGenerator
generator: PoseidonGenerator
generator: PoseidonGenerator
generator: PoseidonGenerator
generator: PoseidonGenerator
generator: PoseidonGenerator
generator: PoseidonGenerator
generator: RandomAccessGenerator
generator: RandomAccessGenerator
generator: RandomAccessGenerator
generator: RandomAccessGenerator
generator: InterpolationGenerator
generator: PoseidonGenerator
generator: PoseidonGenerator
generator: PoseidonGenerator
generator: PoseidonGenerator
generator: PoseidonGenerator
generator: PoseidonGenerator
generator: PoseidonGenerator
generator: PoseidonGenerator
generator: RandomAccessGenerator
generator: RandomAccessGenerator
generator: RandomAccessGenerator
generator: RandomAccessGenerator
generator: ArithmeticBaseGenerator
generator: ArithmeticBaseGenerator
generator: ArithmeticBaseGenerator
generator: ArithmeticBaseGenerator
generator: ArithmeticBaseGenerator
generator: ArithmeticBaseGenerator
generator: ArithmeticBaseGenerator
generator: ArithmeticBaseGenerator
generator: ArithmeticBaseGenerator
generator: ArithmeticBaseGenerator
generator: ArithmeticBaseGenerator
generator: ArithmeticBaseGenerator
generator: ArithmeticBaseGenerator
generator: ArithmeticBaseGenerator
generator: ArithmeticBaseGenerator
generator: ArithmeticBaseGenerator
generator: ArithmeticBaseGenerator
generator: ArithmeticBaseGenerator
generator: ArithmeticBaseGenerator
generator: ArithmeticBaseGenerator
generator: ReducingExtensionGenerator
generator: BaseSplitGenerator + Base: 2
generator: BaseSplitGenerator + Base: 2
generator: ArithmeticBaseGenerator
generator: ArithmeticBaseGenerator
generator: ArithmeticBaseGenerator
generator: ArithmeticBaseGenerator
generator: ArithmeticBaseGenerator
generator: ArithmeticBaseGenerator
generator: ArithmeticBaseGenerator
generator: ArithmeticBaseGenerator
generator: ArithmeticBaseGenerator
generator: ArithmeticBaseGenerator
generator: ArithmeticBaseGenerator
generator: ArithmeticBaseGenerator
generator: ArithmeticBaseGenerator
generator: ArithmeticBaseGenerator
generator: ArithmeticBaseGenerator
generator: ArithmeticBaseGenerator
generator: ArithmeticBaseGenerator
generator: ArithmeticBaseGenerator
generator: ArithmeticBaseGenerator
generator: ArithmeticBaseGenerator
generator: PoseidonGenerator
generator: PoseidonGenerator
generator: PoseidonGenerator
generator: PoseidonGenerator
generator: PoseidonGenerator
generator: PoseidonGenerator
generator: PoseidonGenerator
generator: PoseidonGenerator
generator: PoseidonGenerator
generator: PoseidonGenerator
generator: PoseidonGenerator
generator: PoseidonGenerator
generator: PoseidonGenerator
generator: PoseidonGenerator
generator: PoseidonGenerator
generator: PoseidonGenerator
generator: PoseidonGenerator
generator: PoseidonGenerator
generator: PoseidonGenerator
generator: PoseidonGenerator
generator: PoseidonGenerator
generator: PoseidonGenerator
generator: PoseidonGenerator
generator: RandomAccessGenerator
generator: RandomAccessGenerator
generator: RandomAccessGenerator
generator: RandomAccessGenerator
generator: PoseidonGenerator
generator: PoseidonGenerator
generator: PoseidonGenerator
generator: PoseidonGenerator
generator: PoseidonGenerator
generator: PoseidonGenerator
generator: PoseidonGenerator
generator: PoseidonGenerator
generator: PoseidonGenerator
generator: PoseidonGenerator
generator: PoseidonGenerator
generator: PoseidonGenerator
generator: PoseidonGenerator
generator: PoseidonGenerator
generator: PoseidonGenerator
generator: PoseidonGenerator
generator: PoseidonGenerator
generator: PoseidonGenerator
generator: PoseidonGenerator
generator: PoseidonGenerator
generator: PoseidonGenerator
generator: PoseidonGenerator
generator: PoseidonGenerator
generator: PoseidonGenerator
generator: PoseidonGenerator
generator: PoseidonGenerator
generator: PoseidonGenerator
generator: PoseidonGenerator
generator: PoseidonGenerator
generator: RandomAccessGenerator
generator: RandomAccessGenerator
generator: RandomAccessGenerator
generator: RandomAccessGenerator
generator: PoseidonGenerator
generator: PoseidonGenerator
generator: PoseidonGenerator
generator: PoseidonGenerator
generator: PoseidonGenerator
generator: PoseidonGenerator
generator: PoseidonGenerator
generator: PoseidonGenerator
generator: PoseidonGenerator
generator: PoseidonGenerator
generator: PoseidonGenerator
generator: PoseidonGenerator
generator: PoseidonGenerator
generator: PoseidonGenerator
generator: PoseidonGenerator
generator: RandomAccessGenerator
generator: RandomAccessGenerator
generator: RandomAccessGenerator
generator: RandomAccessGenerator
generator: PoseidonGenerator
generator: PoseidonGenerator
generator: PoseidonGenerator
generator: PoseidonGenerator
generator: PoseidonGenerator
generator: PoseidonGenerator
generator: PoseidonGenerator
generator: PoseidonGenerator
generator: PoseidonGenerator
generator: PoseidonGenerator
generator: PoseidonGenerator
generator: PoseidonGenerator
generator: PoseidonGenerator
generator: PoseidonGenerator
generator: RandomAccessGenerator
generator: RandomAccessGenerator
generator: RandomAccessGenerator
generator: RandomAccessGenerator
generator: ReducingGenerator
generator: ReducingGenerator
generator: ReducingGenerator
generator: ReducingGenerator
generator: ReducingGenerator
generator: ReducingGenerator
generator: ArithmeticExtensionGenerator
generator: ArithmeticExtensionGenerator
generator: ArithmeticExtensionGenerator
generator: ArithmeticExtensionGenerator
generator: ArithmeticExtensionGenerator
generator: ArithmeticExtensionGenerator
generator: ArithmeticExtensionGenerator
generator: ArithmeticExtensionGenerator
generator: ArithmeticExtensionGenerator
generator: ArithmeticExtensionGenerator
generator: ArithmeticExtensionGenerator
generator: ArithmeticExtensionGenerator
generator: ArithmeticExtensionGenerator
generator: ArithmeticExtensionGenerator
generator: ArithmeticExtensionGenerator
generator: ArithmeticExtensionGenerator
generator: ArithmeticExtensionGenerator
generator: ArithmeticExtensionGenerator
generator: ArithmeticExtensionGenerator
generator: ArithmeticExtensionGenerator
generator: RandomAccessGenerator
generator: RandomAccessGenerator
generator: RandomAccessGenerator
generator: RandomAccessGenerator
generator: InterpolationGenerator
generator: PoseidonGenerator
generator: PoseidonGenerator
generator: PoseidonGenerator
generator: PoseidonGenerator
generator: PoseidonGenerator
generator: PoseidonGenerator
generator: PoseidonGenerator
generator: PoseidonGenerator
generator: PoseidonGenerator
generator: PoseidonGenerator
generator: PoseidonGenerator
generator: PoseidonGenerator
generator: RandomAccessGenerator
generator: RandomAccessGenerator
generator: RandomAccessGenerator
generator: RandomAccessGenerator
generator: InterpolationGenerator
generator: PoseidonGenerator
generator: PoseidonGenerator
generator: PoseidonGenerator
generator: PoseidonGenerator
generator: PoseidonGenerator
generator: PoseidonGenerator
generator: PoseidonGenerator
generator: PoseidonGenerator
generator: RandomAccessGenerator
generator: RandomAccessGenerator
generator: RandomAccessGenerator
generator: RandomAccessGenerator
generator: ReducingExtensionGenerator
generator: BaseSplitGenerator + Base: 2
generator: BaseSplitGenerator + Base: 2
generator: PoseidonGenerator
generator: PoseidonGenerator
generator: PoseidonGenerator
generator: PoseidonGenerator
generator: PoseidonGenerator
generator: PoseidonGenerator
generator: PoseidonGenerator
generator: PoseidonGenerator
generator: PoseidonGenerator
generator: PoseidonGenerator
generator: PoseidonGenerator
generator: PoseidonGenerator
generator: PoseidonGenerator
generator: PoseidonGenerator
generator: PoseidonGenerator
generator: PoseidonGenerator
generator: PoseidonGenerator
generator: PoseidonGenerator
generator: PoseidonGenerator
generator: PoseidonGenerator
generator: PoseidonGenerator
generator: PoseidonGenerator
generator: PoseidonGenerator
generator: RandomAccessGenerator
generator: RandomAccessGenerator
generator: RandomAccessGenerator
generator: RandomAccessGenerator
generator: PoseidonGenerator
generator: PoseidonGenerator
generator: PoseidonGenerator
generator: PoseidonGenerator
generator: PoseidonGenerator
generator: PoseidonGenerator
generator: PoseidonGenerator
generator: PoseidonGenerator
generator: PoseidonGenerator
generator: PoseidonGenerator
generator: PoseidonGenerator
generator: PoseidonGenerator
generator: PoseidonGenerator
generator: PoseidonGenerator
generator: PoseidonGenerator
generator: PoseidonGenerator
generator: PoseidonGenerator
generator: PoseidonGenerator
generator: PoseidonGenerator
generator: PoseidonGenerator
generator: PoseidonGenerator
generator: PoseidonGenerator
generator: PoseidonGenerator
generator: PoseidonGenerator
generator: PoseidonGenerator
generator: PoseidonGenerator
generator: PoseidonGenerator
generator: PoseidonGenerator
generator: PoseidonGenerator
generator: RandomAccessGenerator
generator: RandomAccessGenerator
generator: RandomAccessGenerator
generator: RandomAccessGenerator
generator: PoseidonGenerator
generator: PoseidonGenerator
generator: PoseidonGenerator
generator: PoseidonGenerator
generator: PoseidonGenerator
generator: PoseidonGenerator
generator: PoseidonGenerator
generator: PoseidonGenerator
generator: PoseidonGenerator
generator: PoseidonGenerator
generator: PoseidonGenerator
generator: PoseidonGenerator
generator: PoseidonGenerator
generator: PoseidonGenerator
generator: PoseidonGenerator
generator: RandomAccessGenerator
generator: RandomAccessGenerator
generator: RandomAccessGenerator
generator: RandomAccessGenerator
generator: PoseidonGenerator
generator: PoseidonGenerator
generator: PoseidonGenerator
generator: PoseidonGenerator
generator: PoseidonGenerator
generator: PoseidonGenerator
generator: PoseidonGenerator
generator: PoseidonGenerator
generator: PoseidonGenerator
generator: PoseidonGenerator
generator: PoseidonGenerator
generator: PoseidonGenerator
generator: PoseidonGenerator
generator: PoseidonGenerator
generator: RandomAccessGenerator
generator: RandomAccessGenerator
generator: RandomAccessGenerator
generator: RandomAccessGenerator
generator: ReducingGenerator
generator: ReducingGenerator
generator: ReducingGenerator
generator: ReducingGenerator
generator: ReducingGenerator
generator: ReducingGenerator
generator: MulExtensionGenerator
generator: MulExtensionGenerator
generator: MulExtensionGenerator
generator: MulExtensionGenerator
generator: MulExtensionGenerator
generator: MulExtensionGenerator
generator: MulExtensionGenerator
generator: MulExtensionGenerator
generator: MulExtensionGenerator
generator: MulExtensionGenerator
generator: MulExtensionGenerator
generator: MulExtensionGenerator
generator: MulExtensionGenerator
generator: RandomAccessGenerator
generator: RandomAccessGenerator
generator: RandomAccessGenerator
generator: RandomAccessGenerator
generator: InterpolationGenerator
generator: PoseidonGenerator
generator: PoseidonGenerator
generator: PoseidonGenerator
generator: PoseidonGenerator
generator: PoseidonGenerator
generator: PoseidonGenerator
generator: PoseidonGenerator
generator: PoseidonGenerator
generator: PoseidonGenerator
generator: PoseidonGenerator
generator: PoseidonGenerator
generator: PoseidonGenerator
generator: RandomAccessGenerator
generator: RandomAccessGenerator
generator: RandomAccessGenerator
generator: RandomAccessGenerator
generator: ArithmeticBaseGenerator
generator: ArithmeticBaseGenerator
generator: ArithmeticBaseGenerator
generator: ArithmeticBaseGenerator
generator: ArithmeticBaseGenerator
generator: ArithmeticBaseGenerator
generator: ArithmeticBaseGenerator
generator: ArithmeticBaseGenerator
generator: ArithmeticBaseGenerator
generator: ArithmeticBaseGenerator
generator: ArithmeticBaseGenerator
generator: ArithmeticBaseGenerator
generator: ArithmeticBaseGenerator
generator: ArithmeticBaseGenerator
generator: ArithmeticBaseGenerator
generator: ArithmeticBaseGenerator
generator: ArithmeticBaseGenerator
generator: ArithmeticBaseGenerator
generator: ArithmeticBaseGenerator
generator: ArithmeticBaseGenerator
generator: InterpolationGenerator
generator: PoseidonGenerator
generator: PoseidonGenerator
generator: PoseidonGenerator
generator: PoseidonGenerator
generator: PoseidonGenerator
generator: PoseidonGenerator
generator: PoseidonGenerator
generator: PoseidonGenerator
generator: RandomAccessGenerator
generator: RandomAccessGenerator
generator: RandomAccessGenerator
generator: RandomAccessGenerator
generator: ReducingExtensionGenerator
generator: BaseSplitGenerator + Base: 2
generator: BaseSplitGenerator + Base: 2
generator: ArithmeticBaseGenerator
generator: ArithmeticBaseGenerator
generator: ArithmeticBaseGenerator
generator: ArithmeticBaseGenerator
generator: ArithmeticBaseGenerator
generator: ArithmeticBaseGenerator
generator: ArithmeticBaseGenerator
generator: ArithmeticBaseGenerator
generator: ArithmeticBaseGenerator
generator: ArithmeticBaseGenerator
generator: ArithmeticBaseGenerator
generator: ArithmeticBaseGenerator
generator: ArithmeticBaseGenerator
generator: ArithmeticBaseGenerator
generator: ArithmeticBaseGenerator
generator: ArithmeticBaseGenerator
generator: ArithmeticBaseGenerator
generator: ArithmeticBaseGenerator
generator: ArithmeticBaseGenerator
generator: ArithmeticBaseGenerator
generator: PoseidonGenerator
generator: PoseidonGenerator
generator: PoseidonGenerator
generator: PoseidonGenerator
generator: PoseidonGenerator
generator: PoseidonGenerator
generator: PoseidonGenerator
generator: PoseidonGenerator
generator: PoseidonGenerator
generator: PoseidonGenerator
generator: PoseidonGenerator
generator: PoseidonGenerator
generator: PoseidonGenerator
generator: PoseidonGenerator
generator: PoseidonGenerator
generator: PoseidonGenerator
generator: PoseidonGenerator
generator: PoseidonGenerator
generator: PoseidonGenerator
generator: PoseidonGenerator
generator: PoseidonGenerator
generator: PoseidonGenerator
generator: PoseidonGenerator
generator: RandomAccessGenerator
generator: RandomAccessGenerator
generator: RandomAccessGenerator
generator: RandomAccessGenerator
generator: PoseidonGenerator
generator: PoseidonGenerator
generator: PoseidonGenerator
generator: PoseidonGenerator
generator: PoseidonGenerator
generator: PoseidonGenerator
generator: PoseidonGenerator
generator: PoseidonGenerator
generator: PoseidonGenerator
generator: PoseidonGenerator
generator: PoseidonGenerator
generator: PoseidonGenerator
generator: PoseidonGenerator
generator: PoseidonGenerator
generator: PoseidonGenerator
generator: PoseidonGenerator
generator: PoseidonGenerator
generator: PoseidonGenerator
generator: PoseidonGenerator
generator: PoseidonGenerator
generator: PoseidonGenerator
generator: PoseidonGenerator
generator: PoseidonGenerator
generator: PoseidonGenerator
generator: PoseidonGenerator
generator: PoseidonGenerator
generator: PoseidonGenerator
generator: PoseidonGenerator
generator: PoseidonGenerator
generator: RandomAccessGenerator
generator: RandomAccessGenerator
generator: RandomAccessGenerator
generator: RandomAccessGenerator
generator: PoseidonGenerator
generator: PoseidonGenerator
generator: PoseidonGenerator
generator: PoseidonGenerator
generator: PoseidonGenerator
generator: PoseidonGenerator
generator: PoseidonGenerator
generator: PoseidonGenerator
generator: PoseidonGenerator
generator: PoseidonGenerator
generator: PoseidonGenerator
generator: PoseidonGenerator
generator: PoseidonGenerator
generator: PoseidonGenerator
generator: PoseidonGenerator
generator: RandomAccessGenerator
generator: RandomAccessGenerator
generator: RandomAccessGenerator
generator: RandomAccessGenerator
generator: PoseidonGenerator
generator: PoseidonGenerator
generator: PoseidonGenerator
generator: PoseidonGenerator
generator: PoseidonGenerator
generator: PoseidonGenerator
generator: PoseidonGenerator
generator: PoseidonGenerator
generator: PoseidonGenerator
generator: PoseidonGenerator
generator: PoseidonGenerator
generator: PoseidonGenerator
generator: PoseidonGenerator
generator: PoseidonGenerator
generator: RandomAccessGenerator
generator: RandomAccessGenerator
generator: RandomAccessGenerator
generator: RandomAccessGenerator
generator: ReducingGenerator
generator: ReducingGenerator
generator: ReducingGenerator
generator: ReducingGenerator
generator: ReducingGenerator
generator: ReducingGenerator
generator: RandomAccessGenerator
generator: RandomAccessGenerator
generator: RandomAccessGenerator
generator: RandomAccessGenerator
generator: InterpolationGenerator
generator: PoseidonGenerator
generator: PoseidonGenerator
generator: PoseidonGenerator
generator: PoseidonGenerator
generator: PoseidonGenerator
generator: PoseidonGenerator
generator: PoseidonGenerator
generator: PoseidonGenerator
generator: PoseidonGenerator
generator: PoseidonGenerator
generator: PoseidonGenerator
generator: PoseidonGenerator
generator: RandomAccessGenerator
generator: RandomAccessGenerator
generator: RandomAccessGenerator
generator: RandomAccessGenerator
generator: ArithmeticBaseGenerator
generator: ArithmeticBaseGenerator
generator: ArithmeticBaseGenerator
generator: ArithmeticBaseGenerator
generator: ArithmeticBaseGenerator
generator: ArithmeticBaseGenerator
generator: ArithmeticBaseGenerator
generator: ArithmeticBaseGenerator
generator: ArithmeticBaseGenerator
generator: ArithmeticBaseGenerator
generator: ArithmeticBaseGenerator
generator: ArithmeticBaseGenerator
generator: ArithmeticBaseGenerator
generator: ArithmeticBaseGenerator
generator: ArithmeticBaseGenerator
generator: ArithmeticBaseGenerator
generator: ArithmeticBaseGenerator
generator: ArithmeticBaseGenerator
generator: ArithmeticBaseGenerator
generator: ArithmeticBaseGenerator
generator: InterpolationGenerator
generator: PoseidonGenerator
generator: PoseidonGenerator
generator: PoseidonGenerator
generator: PoseidonGenerator
generator: PoseidonGenerator
generator: PoseidonGenerator
generator: PoseidonGenerator
generator: PoseidonGenerator
generator: RandomAccessGenerator
generator: RandomAccessGenerator
generator: RandomAccessGenerator
generator: RandomAccessGenerator
generator: ReducingExtensionGenerator
generator: BaseSplitGenerator + Base: 2
generator: BaseSplitGenerator + Base: 2
generator: PoseidonGenerator
generator: PoseidonGenerator
generator: PoseidonGenerator
generator: PoseidonGenerator
generator: PoseidonGenerator
generator: PoseidonGenerator
generator: PoseidonGenerator
generator: PoseidonGenerator
generator: PoseidonGenerator
generator: PoseidonGenerator
generator: PoseidonGenerator
generator: PoseidonGenerator
generator: PoseidonGenerator
generator: PoseidonGenerator
generator: PoseidonGenerator
generator: PoseidonGenerator
generator: PoseidonGenerator
generator: PoseidonGenerator
generator: PoseidonGenerator
generator: PoseidonGenerator
generator: PoseidonGenerator
generator: PoseidonGenerator
generator: PoseidonGenerator
generator: RandomAccessGenerator
generator: RandomAccessGenerator
generator: RandomAccessGenerator
generator: RandomAccessGenerator
generator: PoseidonGenerator
generator: PoseidonGenerator
generator: PoseidonGenerator
generator: PoseidonGenerator
generator: PoseidonGenerator
generator: PoseidonGenerator
generator: PoseidonGenerator
generator: PoseidonGenerator
generator: PoseidonGenerator
generator: PoseidonGenerator
generator: PoseidonGenerator
generator: PoseidonGenerator
generator: PoseidonGenerator
generator: PoseidonGenerator
generator: PoseidonGenerator
generator: PoseidonGenerator
generator: PoseidonGenerator
generator: PoseidonGenerator
generator: PoseidonGenerator
generator: PoseidonGenerator
generator: PoseidonGenerator
generator: PoseidonGenerator
generator: PoseidonGenerator
generator: PoseidonGenerator
generator: PoseidonGenerator
generator: PoseidonGenerator
generator: PoseidonGenerator
generator: PoseidonGenerator
generator: PoseidonGenerator
generator: RandomAccessGenerator
generator: RandomAccessGenerator
generator: RandomAccessGenerator
generator: RandomAccessGenerator
generator: PoseidonGenerator
generator: PoseidonGenerator
generator: PoseidonGenerator
generator: PoseidonGenerator
generator: PoseidonGenerator
generator: PoseidonGenerator
generator: PoseidonGenerator
generator: PoseidonGenerator
generator: PoseidonGenerator
generator: PoseidonGenerator
generator: PoseidonGenerator
generator: PoseidonGenerator
generator: PoseidonGenerator
generator: PoseidonGenerator
generator: PoseidonGenerator
generator: RandomAccessGenerator
generator: RandomAccessGenerator
generator: RandomAccessGenerator
generator: RandomAccessGenerator
generator: PoseidonGenerator
generator: PoseidonGenerator
generator: PoseidonGenerator
generator: PoseidonGenerator
generator: PoseidonGenerator
generator: PoseidonGenerator
generator: PoseidonGenerator
generator: PoseidonGenerator
generator: PoseidonGenerator
generator: PoseidonGenerator
generator: PoseidonGenerator
generator: PoseidonGenerator
generator: PoseidonGenerator
generator: PoseidonGenerator
generator: RandomAccessGenerator
generator: RandomAccessGenerator
generator: RandomAccessGenerator
generator: RandomAccessGenerator
generator: ReducingGenerator
generator: ReducingGenerator
generator: ReducingGenerator
generator: ReducingGenerator
generator: ReducingGenerator
generator: ReducingGenerator
generator: ArithmeticExtensionGenerator
generator: ArithmeticExtensionGenerator
generator: ArithmeticExtensionGenerator
generator: ArithmeticExtensionGenerator
generator: ArithmeticExtensionGenerator
generator: ArithmeticExtensionGenerator
generator: ArithmeticExtensionGenerator
generator: ArithmeticExtensionGenerator
generator: ArithmeticExtensionGenerator
generator: ArithmeticExtensionGenerator
generator: RandomAccessGenerator
generator: RandomAccessGenerator
generator: RandomAccessGenerator
generator: RandomAccessGenerator
generator: InterpolationGenerator
generator: PoseidonGenerator
generator: PoseidonGenerator
generator: PoseidonGenerator
generator: PoseidonGenerator
generator: PoseidonGenerator
generator: PoseidonGenerator
generator: PoseidonGenerator
generator: PoseidonGenerator
generator: PoseidonGenerator
generator: PoseidonGenerator
generator: PoseidonGenerator
generator: PoseidonGenerator
generator: RandomAccessGenerator
generator: RandomAccessGenerator
generator: RandomAccessGenerator
generator: RandomAccessGenerator
generator: ArithmeticBaseGenerator
generator: ArithmeticBaseGenerator
generator: ArithmeticBaseGenerator
generator: ArithmeticBaseGenerator
generator: ArithmeticBaseGenerator
generator: ArithmeticBaseGenerator
generator: ArithmeticBaseGenerator
generator: ArithmeticBaseGenerator
generator: ArithmeticBaseGenerator
generator: ArithmeticBaseGenerator
generator: ArithmeticBaseGenerator
generator: ArithmeticBaseGenerator
generator: ArithmeticBaseGenerator
generator: ArithmeticBaseGenerator
generator: ArithmeticBaseGenerator
generator: ArithmeticBaseGenerator
generator: ArithmeticBaseGenerator
generator: ArithmeticBaseGenerator
generator: ArithmeticBaseGenerator
generator: ArithmeticBaseGenerator
generator: InterpolationGenerator
generator: PoseidonGenerator
generator: PoseidonGenerator
generator: PoseidonGenerator
generator: PoseidonGenerator
generator: PoseidonGenerator
generator: PoseidonGenerator
generator: PoseidonGenerator
generator: PoseidonGenerator
generator: RandomAccessGenerator
generator: RandomAccessGenerator
generator: RandomAccessGenerator
generator: RandomAccessGenerator
generator: ReducingExtensionGenerator
generator: PoseidonGenerator
generator: PoseidonGenerator
generator: PoseidonGenerator
generator: PoseidonGenerator
generator: PoseidonGenerator
generator: PoseidonGenerator
generator: PoseidonGenerator
generator: PoseidonGenerator
generator: PoseidonGenerator
generator: PoseidonGenerator
generator: PoseidonGenerator
generator: PoseidonGenerator
generator: PoseidonGenerator
generator: PoseidonGenerator
generator: PoseidonGenerator
generator: PoseidonGenerator
generator: PoseidonGenerator
generator: PoseidonGenerator
generator: PoseidonGenerator
generator: PoseidonGenerator
generator: PoseidonGenerator
generator: PoseidonGenerator
generator: PoseidonGenerator
generator: PoseidonGenerator
generator: PoseidonGenerator
generator: PoseidonGenerator
generator: PoseidonGenerator
generator: PoseidonGenerator
generator: PoseidonGenerator
generator: PoseidonGenerator
generator: PoseidonGenerator
generator: PoseidonGenerator
generator: PoseidonGenerator
generator: PoseidonGenerator
generator: PoseidonGenerator
generator: PoseidonGenerator
generator: PoseidonGenerator
generator: PoseidonGenerator
generator: PoseidonGenerator
generator: PoseidonGenerator
generator: PoseidonGenerator
generator: PoseidonGenerator
generator: PoseidonGenerator
generator: PoseidonGenerator
generator: PoseidonGenerator
generator: PoseidonGenerator
generator: PoseidonGenerator
generator: PoseidonGenerator
generator: PoseidonGenerator
generator: PoseidonGenerator
generator: PoseidonGenerator
generator: PoseidonGenerator
generator: PoseidonGenerator
generator: PoseidonGenerator
generator: PoseidonGenerator
generator: PoseidonGenerator
generator: PoseidonGenerator
generator: PoseidonGenerator
generator: PoseidonGenerator
generator: PoseidonGenerator
generator: PoseidonGenerator
generator: PoseidonGenerator
generator: PoseidonGenerator
generator: PoseidonGenerator
generator: PoseidonGenerator
generator: PoseidonGenerator
generator: PoseidonGenerator
generator: PoseidonGenerator
generator: PoseidonGenerator
generator: PoseidonGenerator
generator: PoseidonGenerator
generator: PoseidonGenerator
generator: PoseidonGenerator
generator: PoseidonGenerator
generator: PoseidonGenerator
generator: PoseidonGenerator
generator: PoseidonGenerator
generator: PoseidonGenerator
generator: PoseidonGenerator
generator: PoseidonGenerator
generator: PoseidonGenerator
generator: PoseidonGenerator
generator: PoseidonGenerator
generator: PoseidonGenerator
generator: PoseidonGenerator
generator: PoseidonGenerator
generator: PoseidonGenerator
generator: PoseidonGenerator
generator: PoseidonGenerator
generator: PoseidonGenerator
generator: PoseidonGenerator
generator: PoseidonGenerator
generator: PoseidonGenerator
generator: PoseidonGenerator
generator: PoseidonGenerator
generator: PoseidonGenerator
generator: PoseidonGenerator
generator: PoseidonGenerator
generator: PoseidonGenerator
generator: PoseidonGenerator
generator: PoseidonGenerator
generator: PoseidonGenerator
generator: PoseidonGenerator
generator: PoseidonGenerator
generator: PoseidonGenerator
generator: PoseidonGenerator
generator: PoseidonGenerator
generator: PoseidonGenerator
generator: PoseidonGenerator
generator: PoseidonGenerator
generator: PoseidonGenerator
generator: PoseidonGenerator
generator: PoseidonGenerator
generator: PoseidonGenerator
generator: PoseidonGenerator
generator: PoseidonGenerator
generator: PoseidonGenerator
generator: PoseidonGenerator
generator: PoseidonGenerator
generator: PoseidonGenerator
generator: PoseidonGenerator
generator: PoseidonGenerator
generator: PoseidonGenerator
generator: PoseidonGenerator
generator: PoseidonGenerator
generator: PoseidonGenerator
generator: PoseidonGenerator
generator: PoseidonGenerator
generator: PoseidonGenerator
generator: PoseidonGenerator
generator: MulExtensionGenerator
generator: MulExtensionGenerator
generator: MulExtensionGenerator
generator: MulExtensionGenerator
generator: MulExtensionGenerator
generator: MulExtensionGenerator
generator: MulExtensionGenerator
generator: MulExtensionGenerator
generator: MulExtensionGenerator
generator: MulExtensionGenerator
generator: MulExtensionGenerator
generator: MulExtensionGenerator
generator: MulExtensionGenerator
generator: MulExtensionGenerator
generator: MulExtensionGenerator
generator: MulExtensionGenerator
generator: MulExtensionGenerator
generator: MulExtensionGenerator
generator: MulExtensionGenerator
generator: MulExtensionGenerator
generator: MulExtensionGenerator
generator: MulExtensionGenerator
generator: MulExtensionGenerator
generator: MulExtensionGenerator
generator: MulExtensionGenerator
generator: MulExtensionGenerator
generator: ArithmeticExtensionGenerator
generator: ArithmeticExtensionGenerator
generator: ArithmeticExtensionGenerator
generator: ArithmeticExtensionGenerator
generator: ArithmeticExtensionGenerator
generator: ArithmeticExtensionGenerator
generator: ArithmeticExtensionGenerator
generator: ArithmeticExtensionGenerator
generator: ArithmeticExtensionGenerator
generator: ArithmeticExtensionGenerator
generator: MulExtensionGenerator
generator: MulExtensionGenerator
generator: MulExtensionGenerator
generator: MulExtensionGenerator
generator: MulExtensionGenerator
generator: MulExtensionGenerator
generator: MulExtensionGenerator
generator: MulExtensionGenerator
generator: MulExtensionGenerator
generator: MulExtensionGenerator
generator: MulExtensionGenerator
generator: MulExtensionGenerator
generator: MulExtensionGenerator
generator: ArithmeticExtensionGenerator
generator: ArithmeticExtensionGenerator
generator: ArithmeticExtensionGenerator
generator: ArithmeticExtensionGenerator
generator: ArithmeticExtensionGenerator
generator: ArithmeticExtensionGenerator
generator: ArithmeticExtensionGenerator
generator: ArithmeticExtensionGenerator
generator: ArithmeticExtensionGenerator
generator: ArithmeticExtensionGenerator
generator: ArithmeticExtensionGenerator
generator: ArithmeticExtensionGenerator
generator: ArithmeticExtensionGenerator
generator: ArithmeticExtensionGenerator
generator: ArithmeticExtensionGenerator
generator: ArithmeticExtensionGenerator
generator: ArithmeticExtensionGenerator
generator: ArithmeticExtensionGenerator
generator: ArithmeticExtensionGenerator
generator: ArithmeticExtensionGenerator
generator: ArithmeticExtensionGenerator
generator: ArithmeticExtensionGenerator
generator: ArithmeticExtensionGenerator
generator: ArithmeticExtensionGenerator
generator: ArithmeticExtensionGenerator
generator: ArithmeticExtensionGenerator
generator: ArithmeticExtensionGenerator
generator: ArithmeticExtensionGenerator
generator: ArithmeticExtensionGenerator
generator: ArithmeticExtensionGenerator
generator: ArithmeticExtensionGenerator
generator: ArithmeticExtensionGenerator
generator: ArithmeticExtensionGenerator
generator: ArithmeticExtensionGenerator
generator: ArithmeticExtensionGenerator
generator: ArithmeticExtensionGenerator
generator: ArithmeticExtensionGenerator
generator: ArithmeticExtensionGenerator
generator: ArithmeticExtensionGenerator
generator: ArithmeticExtensionGenerator
generator: ArithmeticExtensionGenerator
generator: ArithmeticExtensionGenerator
generator: ArithmeticExtensionGenerator
generator: ArithmeticExtensionGenerator
generator: ArithmeticExtensionGenerator
generator: ArithmeticExtensionGenerator
generator: ArithmeticExtensionGenerator
generator: ArithmeticExtensionGenerator
generator: ArithmeticExtensionGenerator
generator: ArithmeticExtensionGenerator
generator: ArithmeticExtensionGenerator
generator: ArithmeticExtensionGenerator
generator: ArithmeticExtensionGenerator
generator: ArithmeticExtensionGenerator
generator: ArithmeticExtensionGenerator
generator: ArithmeticExtensionGenerator
generator: ArithmeticExtensionGenerator
generator: ArithmeticExtensionGenerator
generator: ArithmeticExtensionGenerator
generator: ArithmeticExtensionGenerator
generator: ArithmeticExtensionGenerator
generator: ArithmeticExtensionGenerator
generator: ArithmeticExtensionGenerator
generator: ArithmeticExtensionGenerator
generator: ArithmeticExtensionGenerator
generator: ArithmeticExtensionGenerator
generator: ArithmeticExtensionGenerator
generator: ArithmeticExtensionGenerator
generator: ArithmeticExtensionGenerator
generator: ArithmeticExtensionGenerator
generator: MulExtensionGenerator
generator: MulExtensionGenerator
generator: MulExtensionGenerator
generator: MulExtensionGenerator
generator: MulExtensionGenerator
generator: MulExtensionGenerator
generator: MulExtensionGenerator
generator: MulExtensionGenerator
generator: MulExtensionGenerator
generator: MulExtensionGenerator
generator: MulExtensionGenerator
generator: MulExtensionGenerator
generator: MulExtensionGenerator
generator: ArithmeticExtensionGenerator
generator: ArithmeticExtensionGenerator
generator: ArithmeticExtensionGenerator
generator: ArithmeticExtensionGenerator
generator: ArithmeticExtensionGenerator
generator: ArithmeticExtensionGenerator
generator: ArithmeticExtensionGenerator
generator: ArithmeticExtensionGenerator
generator: ArithmeticExtensionGenerator
generator: ArithmeticExtensionGenerator
generator: ArithmeticExtensionGenerator
generator: ArithmeticExtensionGenerator
generator: ArithmeticExtensionGenerator
generator: ArithmeticExtensionGenerator
generator: ArithmeticExtensionGenerator
generator: ArithmeticExtensionGenerator
generator: ArithmeticExtensionGenerator
generator: ArithmeticExtensionGenerator
generator: ArithmeticExtensionGenerator
generator: ArithmeticExtensionGenerator
generator: ArithmeticExtensionGenerator
generator: ArithmeticExtensionGenerator
generator: ArithmeticExtensionGenerator
generator: ArithmeticExtensionGenerator
generator: ArithmeticExtensionGenerator
generator: ArithmeticExtensionGenerator
generator: ArithmeticExtensionGenerator
generator: ArithmeticExtensionGenerator
generator: ArithmeticExtensionGenerator
generator: ArithmeticExtensionGenerator
generator: ArithmeticExtensionGenerator
generator: ArithmeticExtensionGenerator
generator: ArithmeticExtensionGenerator
generator: ArithmeticExtensionGenerator
generator: ArithmeticExtensionGenerator
generator: ArithmeticExtensionGenerator
generator: ArithmeticExtensionGenerator
generator: ArithmeticExtensionGenerator
generator: ArithmeticExtensionGenerator
generator: ArithmeticExtensionGenerator
generator: ArithmeticExtensionGenerator
generator: ArithmeticExtensionGenerator
generator: ArithmeticExtensionGenerator
generator: ArithmeticExtensionGenerator
generator: ArithmeticExtensionGenerator
generator: ArithmeticExtensionGenerator
generator: ArithmeticExtensionGenerator
generator: ArithmeticExtensionGenerator
generator: ArithmeticExtensionGenerator
generator: ArithmeticExtensionGenerator
generator: ArithmeticExtensionGenerator
generator: ArithmeticExtensionGenerator
generator: ArithmeticExtensionGenerator
generator: ArithmeticExtensionGenerator
generator: ArithmeticExtensionGenerator
generator: ArithmeticExtensionGenerator
generator: ArithmeticExtensionGenerator
generator: ArithmeticExtensionGenerator
generator: ArithmeticExtensionGenerator
generator: ArithmeticExtensionGenerator
generator: ArithmeticExtensionGenerator
generator: ArithmeticExtensionGenerator
generator: ArithmeticExtensionGenerator
generator: ArithmeticExtensionGenerator
generator: ArithmeticExtensionGenerator
generator: ArithmeticExtensionGenerator
generator: ArithmeticExtensionGenerator
generator: ArithmeticExtensionGenerator
generator: ArithmeticExtensionGenerator
generator: ArithmeticExtensionGenerator
generator: ArithmeticExtensionGenerator
generator: ArithmeticExtensionGenerator
generator: ArithmeticExtensionGenerator
generator: ArithmeticExtensionGenerator
generator: ArithmeticExtensionGenerator
generator: ArithmeticExtensionGenerator
generator: ArithmeticExtensionGenerator
generator: ArithmeticExtensionGenerator
generator: ArithmeticExtensionGenerator
generator: ArithmeticExtensionGenerator
generator: ArithmeticExtensionGenerator
generator: ArithmeticExtensionGenerator
generator: ArithmeticExtensionGenerator
generator: ArithmeticExtensionGenerator
generator: ArithmeticExtensionGenerator
generator: ArithmeticExtensionGenerator
generator: ArithmeticExtensionGenerator
generator: ArithmeticExtensionGenerator
generator: ArithmeticExtensionGenerator
generator: ArithmeticExtensionGenerator
generator: ArithmeticExtensionGenerator
generator: ArithmeticExtensionGenerator
generator: ArithmeticExtensionGenerator
generator: ArithmeticExtensionGenerator
generator: ArithmeticExtensionGenerator
generator: ArithmeticExtensionGenerator
generator: ArithmeticExtensionGenerator
generator: ArithmeticExtensionGenerator
generator: ArithmeticExtensionGenerator
generator: ArithmeticExtensionGenerator
generator: ArithmeticExtensionGenerator
generator: ArithmeticExtensionGenerator
generator: ArithmeticExtensionGenerator
generator: ArithmeticExtensionGenerator
generator: ArithmeticExtensionGenerator
generator: ArithmeticExtensionGenerator
generator: ArithmeticExtensionGenerator
generator: ArithmeticExtensionGenerator
generator: ArithmeticExtensionGenerator
generator: ArithmeticExtensionGenerator
generator: ArithmeticExtensionGenerator
generator: ArithmeticExtensionGenerator
generator: ArithmeticExtensionGenerator
generator: ArithmeticExtensionGenerator
generator: ArithmeticExtensionGenerator
generator: ArithmeticExtensionGenerator
generator: ArithmeticExtensionGenerator
generator: ArithmeticExtensionGenerator
generator: ArithmeticExtensionGenerator
generator: ArithmeticExtensionGenerator
generator: ArithmeticExtensionGenerator
generator: ArithmeticExtensionGenerator
generator: ArithmeticExtensionGenerator
generator: ArithmeticExtensionGenerator
generator: ArithmeticExtensionGenerator
generator: ArithmeticExtensionGenerator
generator: ArithmeticExtensionGenerator
generator: ArithmeticExtensionGenerator
generator: ArithmeticExtensionGenerator
generator: ArithmeticExtensionGenerator
generator: ArithmeticExtensionGenerator
generator: ArithmeticExtensionGenerator
generator: ArithmeticExtensionGenerator
generator: ArithmeticExtensionGenerator
generator: ArithmeticExtensionGenerator
generator: ArithmeticExtensionGenerator
generator: ArithmeticExtensionGenerator
generator: ArithmeticExtensionGenerator
generator: ArithmeticExtensionGenerator
generator: ArithmeticExtensionGenerator
generator: ArithmeticExtensionGenerator
generator: ArithmeticExtensionGenerator
generator: ArithmeticExtensionGenerator
generator: ArithmeticExtensionGenerator
generator: ArithmeticExtensionGenerator
generator: ArithmeticExtensionGenerator
generator: ArithmeticExtensionGenerator
generator: ArithmeticExtensionGenerator
generator: ArithmeticExtensionGenerator
generator: ArithmeticExtensionGenerator
generator: MulExtensionGenerator
generator: MulExtensionGenerator
generator: MulExtensionGenerator
generator: MulExtensionGenerator
generator: MulExtensionGenerator
generator: MulExtensionGenerator
generator: MulExtensionGenerator
generator: MulExtensionGenerator
generator: MulExtensionGenerator
generator: MulExtensionGenerator
generator: MulExtensionGenerator
generator: MulExtensionGenerator
generator: MulExtensionGenerator
generator: ArithmeticExtensionGenerator
generator: ArithmeticExtensionGenerator
generator: ArithmeticExtensionGenerator
generator: ArithmeticExtensionGenerator
generator: ArithmeticExtensionGenerator
generator: ArithmeticExtensionGenerator
generator: ArithmeticExtensionGenerator
generator: ArithmeticExtensionGenerator
generator: ArithmeticExtensionGenerator
generator: ArithmeticExtensionGenerator
generator: ArithmeticExtensionGenerator
generator: ArithmeticExtensionGenerator
generator: ArithmeticExtensionGenerator
generator: ArithmeticExtensionGenerator
generator: ArithmeticExtensionGenerator
generator: ArithmeticExtensionGenerator
generator: ArithmeticExtensionGenerator
generator: ArithmeticExtensionGenerator
generator: ArithmeticExtensionGenerator
generator: ArithmeticExtensionGenerator
generator: ArithmeticExtensionGenerator
generator: ArithmeticExtensionGenerator
generator: ArithmeticExtensionGenerator
generator: ArithmeticExtensionGenerator
generator: ArithmeticExtensionGenerator
generator: ArithmeticExtensionGenerator
generator: ArithmeticExtensionGenerator
generator: ArithmeticExtensionGenerator
generator: ArithmeticExtensionGenerator
generator: ArithmeticExtensionGenerator
generator: ArithmeticExtensionGenerator
generator: ArithmeticExtensionGenerator
generator: ArithmeticExtensionGenerator
generator: ArithmeticExtensionGenerator
generator: ArithmeticExtensionGenerator
generator: ArithmeticExtensionGenerator
generator: ArithmeticExtensionGenerator
generator: ArithmeticExtensionGenerator
generator: ArithmeticExtensionGenerator
generator: ArithmeticExtensionGenerator
generator: ArithmeticExtensionGenerator
generator: ArithmeticExtensionGenerator
generator: ArithmeticExtensionGenerator
generator: ArithmeticExtensionGenerator
generator: ArithmeticExtensionGenerator
generator: ArithmeticExtensionGenerator
generator: ArithmeticExtensionGenerator
generator: ArithmeticExtensionGenerator
generator: ArithmeticExtensionGenerator
generator: ArithmeticExtensionGenerator
generator: ArithmeticExtensionGenerator
generator: ArithmeticExtensionGenerator
generator: ArithmeticExtensionGenerator
generator: ArithmeticExtensionGenerator
generator: ArithmeticExtensionGenerator
generator: ArithmeticExtensionGenerator
generator: ArithmeticExtensionGenerator
generator: ArithmeticExtensionGenerator
generator: ArithmeticExtensionGenerator
generator: ArithmeticExtensionGenerator
generator: ArithmeticExtensionGenerator
generator: ArithmeticExtensionGenerator
generator: ArithmeticExtensionGenerator
generator: ArithmeticExtensionGenerator
generator: ArithmeticExtensionGenerator
generator: ArithmeticExtensionGenerator
generator: ArithmeticExtensionGenerator
generator: ArithmeticExtensionGenerator
generator: ArithmeticExtensionGenerator
generator: ArithmeticExtensionGenerator
generator: MulExtensionGenerator
generator: MulExtensionGenerator
generator: MulExtensionGenerator
generator: MulExtensionGenerator
generator: MulExtensionGenerator
generator: MulExtensionGenerator
generator: MulExtensionGenerator
generator: MulExtensionGenerator
generator: MulExtensionGenerator
generator: MulExtensionGenerator
generator: MulExtensionGenerator
generator: MulExtensionGenerator
generator: MulExtensionGenerator
generator: MulExtensionGenerator
generator: MulExtensionGenerator
generator: MulExtensionGenerator
generator: MulExtensionGenerator
generator: MulExtensionGenerator
generator: MulExtensionGenerator
generator: MulExtensionGenerator
generator: MulExtensionGenerator
generator: MulExtensionGenerator
generator: MulExtensionGenerator
generator: MulExtensionGenerator
generator: MulExtensionGenerator
generator: MulExtensionGenerator
generator: ArithmeticExtensionGenerator
generator: ArithmeticExtensionGenerator
generator: ArithmeticExtensionGenerator
generator: ArithmeticExtensionGenerator
generator: ArithmeticExtensionGenerator
generator: ArithmeticExtensionGenerator
generator: ArithmeticExtensionGenerator
generator: ArithmeticExtensionGenerator
generator: ArithmeticExtensionGenerator
generator: ArithmeticExtensionGenerator
generator: ReducingExtensionGenerator
generator: ReducingExtensionGenerator
generator: ArithmeticExtensionGenerator
generator: ArithmeticExtensionGenerator
generator: ArithmeticExtensionGenerator
generator: ArithmeticExtensionGenerator
generator: ArithmeticExtensionGenerator
generator: ArithmeticExtensionGenerator
generator: ArithmeticExtensionGenerator
generator: ArithmeticExtensionGenerator
generator: ArithmeticExtensionGenerator
generator: ArithmeticExtensionGenerator
generator: ArithmeticExtensionGenerator
generator: ArithmeticExtensionGenerator
generator: ArithmeticExtensionGenerator
generator: ArithmeticExtensionGenerator
generator: ArithmeticExtensionGenerator
generator: ArithmeticExtensionGenerator
generator: ArithmeticExtensionGenerator
generator: ArithmeticExtensionGenerator
generator: ArithmeticExtensionGenerator
generator: ArithmeticExtensionGenerator
generator: ArithmeticExtensionGenerator
generator: ArithmeticExtensionGenerator
generator: ArithmeticExtensionGenerator
generator: ArithmeticExtensionGenerator
generator: ArithmeticExtensionGenerator
generator: ArithmeticExtensionGenerator
generator: ArithmeticExtensionGenerator
generator: ArithmeticExtensionGenerator
generator: ArithmeticExtensionGenerator
generator: ArithmeticExtensionGenerator
generator: ArithmeticExtensionGenerator
generator: ArithmeticExtensionGenerator
generator: ArithmeticExtensionGenerator
generator: ArithmeticExtensionGenerator
generator: ArithmeticExtensionGenerator
generator: ArithmeticExtensionGenerator
generator: ArithmeticExtensionGenerator
generator: ArithmeticExtensionGenerator
generator: ArithmeticExtensionGenerator
generator: ArithmeticExtensionGenerator
generator: ArithmeticExtensionGenerator
generator: ArithmeticExtensionGenerator
generator: ArithmeticExtensionGenerator
generator: ArithmeticExtensionGenerator
generator: ArithmeticExtensionGenerator
generator: ArithmeticExtensionGenerator
generator: ArithmeticExtensionGenerator
generator: ArithmeticExtensionGenerator
generator: ArithmeticExtensionGenerator
generator: ArithmeticExtensionGenerator
generator: ArithmeticExtensionGenerator
generator: ArithmeticExtensionGenerator
generator: ArithmeticExtensionGenerator
generator: ArithmeticExtensionGenerator
generator: ArithmeticExtensionGenerator
generator: ArithmeticExtensionGenerator
generator: ArithmeticExtensionGenerator
generator: ArithmeticExtensionGenerator
generator: ArithmeticExtensionGenerator
generator: ArithmeticExtensionGenerator
generator: ArithmeticExtensionGenerator
generator: ArithmeticExtensionGenerator
generator: ArithmeticExtensionGenerator
generator: ArithmeticExtensionGenerator
generator: ArithmeticExtensionGenerator
generator: ArithmeticExtensionGenerator
generator: ArithmeticExtensionGenerator
generator: ArithmeticExtensionGenerator
generator: ArithmeticExtensionGenerator
generator: ArithmeticExtensionGenerator
generator: ArithmeticExtensionGenerator
generator: ArithmeticExtensionGenerator
generator: ArithmeticExtensionGenerator
generator: ArithmeticExtensionGenerator
generator: ArithmeticExtensionGenerator
generator: ArithmeticExtensionGenerator
generator: ArithmeticExtensionGenerator
generator: ArithmeticExtensionGenerator
generator: ArithmeticExtensionGenerator
generator: ArithmeticExtensionGenerator
generator: ArithmeticExtensionGenerator
generator: ArithmeticExtensionGenerator
generator: ArithmeticExtensionGenerator
generator: ArithmeticExtensionGenerator
generator: ArithmeticExtensionGenerator
generator: ArithmeticExtensionGenerator
generator: ArithmeticExtensionGenerator
generator: ArithmeticExtensionGenerator
generator: ArithmeticExtensionGenerator
generator: ArithmeticExtensionGenerator
generator: MulExtensionGenerator
generator: MulExtensionGenerator
generator: MulExtensionGenerator
generator: MulExtensionGenerator
generator: MulExtensionGenerator
generator: MulExtensionGenerator
generator: MulExtensionGenerator
generator: MulExtensionGenerator
generator: MulExtensionGenerator
generator: MulExtensionGenerator
generator: MulExtensionGenerator
generator: MulExtensionGenerator
generator: MulExtensionGenerator
generator: MulExtensionGenerator
generator: MulExtensionGenerator
generator: MulExtensionGenerator
generator: MulExtensionGenerator
generator: MulExtensionGenerator
generator: MulExtensionGenerator
generator: MulExtensionGenerator
generator: MulExtensionGenerator
generator: MulExtensionGenerator
generator: MulExtensionGenerator
generator: MulExtensionGenerator
generator: MulExtensionGenerator
generator: MulExtensionGenerator
generator: MulExtensionGenerator
generator: MulExtensionGenerator
generator: MulExtensionGenerator
generator: MulExtensionGenerator
generator: MulExtensionGenerator
generator: MulExtensionGenerator
generator: MulExtensionGenerator
generator: MulExtensionGenerator
generator: MulExtensionGenerator
generator: MulExtensionGenerator
generator: MulExtensionGenerator
generator: MulExtensionGenerator
generator: MulExtensionGenerator
generator: ArithmeticExtensionGenerator
generator: ArithmeticExtensionGenerator
generator: ArithmeticExtensionGenerator
generator: ArithmeticExtensionGenerator
generator: ArithmeticExtensionGenerator
generator: ArithmeticExtensionGenerator
generator: ArithmeticExtensionGenerator
generator: ArithmeticExtensionGenerator
generator: ArithmeticExtensionGenerator
generator: ArithmeticExtensionGenerator
generator: ArithmeticExtensionGenerator
generator: ArithmeticExtensionGenerator
generator: ArithmeticExtensionGenerator
generator: ArithmeticExtensionGenerator
generator: ArithmeticExtensionGenerator
generator: ArithmeticExtensionGenerator
generator: ArithmeticExtensionGenerator
generator: ArithmeticExtensionGenerator
generator: ArithmeticExtensionGenerator
generator: ArithmeticExtensionGenerator
generator: ArithmeticExtensionGenerator
generator: ArithmeticExtensionGenerator
generator: ArithmeticExtensionGenerator
generator: ArithmeticExtensionGenerator
generator: ArithmeticExtensionGenerator
generator: ArithmeticExtensionGenerator
generator: ArithmeticExtensionGenerator
generator: ArithmeticExtensionGenerator
generator: ArithmeticExtensionGenerator
generator: ArithmeticExtensionGenerator
generator: ArithmeticExtensionGenerator
generator: ArithmeticExtensionGenerator
generator: ArithmeticExtensionGenerator
generator: ArithmeticExtensionGenerator
generator: ArithmeticExtensionGenerator
generator: ArithmeticExtensionGenerator
generator: ArithmeticExtensionGenerator
generator: ArithmeticExtensionGenerator
generator: ArithmeticExtensionGenerator
generator: ArithmeticExtensionGenerator
generator: ArithmeticExtensionGenerator
generator: ArithmeticExtensionGenerator
generator: ArithmeticExtensionGenerator
generator: ArithmeticExtensionGenerator
generator: ArithmeticExtensionGenerator
generator: ArithmeticExtensionGenerator
generator: ArithmeticExtensionGenerator
generator: ArithmeticExtensionGenerator
generator: ArithmeticExtensionGenerator
generator: ArithmeticExtensionGenerator
generator: ArithmeticExtensionGenerator
generator: ArithmeticExtensionGenerator
generator: ArithmeticExtensionGenerator
generator: ArithmeticExtensionGenerator
generator: ArithmeticExtensionGenerator
generator: ArithmeticExtensionGenerator
generator: ArithmeticExtensionGenerator
generator: ArithmeticExtensionGenerator
generator: ArithmeticExtensionGenerator
generator: ArithmeticExtensionGenerator
generator: ArithmeticExtensionGenerator
generator: ArithmeticExtensionGenerator
generator: ArithmeticExtensionGenerator
generator: ArithmeticExtensionGenerator
generator: ArithmeticExtensionGenerator
generator: ArithmeticExtensionGenerator
generator: ArithmeticExtensionGenerator
generator: ArithmeticExtensionGenerator
generator: ArithmeticExtensionGenerator
generator: ArithmeticExtensionGenerator
generator: ArithmeticExtensionGenerator
generator: ArithmeticExtensionGenerator
generator: ArithmeticExtensionGenerator
generator: ArithmeticExtensionGenerator
generator: ArithmeticExtensionGenerator
generator: ArithmeticExtensionGenerator
generator: ArithmeticExtensionGenerator
generator: ArithmeticExtensionGenerator
generator: ArithmeticExtensionGenerator
generator: ArithmeticExtensionGenerator
generator: ArithmeticExtensionGenerator
generator: ArithmeticExtensionGenerator
generator: ArithmeticExtensionGenerator
generator: ArithmeticExtensionGenerator
generator: ArithmeticExtensionGenerator
generator: ArithmeticExtensionGenerator
generator: ArithmeticExtensionGenerator
generator: ArithmeticExtensionGenerator
generator: ArithmeticExtensionGenerator
generator: ArithmeticExtensionGenerator
generator: ArithmeticExtensionGenerator
generator: ArithmeticExtensionGenerator
generator: ArithmeticExtensionGenerator
generator: ArithmeticExtensionGenerator
generator: ArithmeticExtensionGenerator
generator: ArithmeticExtensionGenerator
generator: ArithmeticExtensionGenerator
generator: ArithmeticExtensionGenerator
generator: ArithmeticExtensionGenerator
generator: ArithmeticExtensionGenerator
generator: ArithmeticExtensionGenerator
generator: ArithmeticExtensionGenerator
generator: ArithmeticExtensionGenerator
generator: ArithmeticExtensionGenerator
generator: ArithmeticExtensionGenerator
generator: ArithmeticExtensionGenerator
generator: ArithmeticExtensionGenerator
generator: ArithmeticExtensionGenerator
generator: ArithmeticExtensionGenerator
generator: ArithmeticExtensionGenerator
generator: ArithmeticExtensionGenerator
generator: ArithmeticExtensionGenerator
generator: ArithmeticExtensionGenerator
generator: ArithmeticExtensionGenerator
generator: ArithmeticExtensionGenerator
generator: ArithmeticExtensionGenerator
generator: ArithmeticExtensionGenerator
generator: ArithmeticExtensionGenerator
generator: ArithmeticExtensionGenerator
generator: ArithmeticExtensionGenerator
generator: ArithmeticExtensionGenerator
generator: ArithmeticExtensionGenerator
generator: ArithmeticExtensionGenerator
generator: ArithmeticExtensionGenerator
generator: ArithmeticExtensionGenerator
generator: ArithmeticExtensionGenerator
generator: ArithmeticExtensionGenerator
generator: ArithmeticExtensionGenerator
generator: ArithmeticExtensionGenerator
generator: ArithmeticExtensionGenerator
generator: ArithmeticExtensionGenerator
generator: ArithmeticExtensionGenerator
generator: ArithmeticExtensionGenerator
generator: ArithmeticExtensionGenerator
generator: ArithmeticExtensionGenerator
generator: ArithmeticExtensionGenerator
generator: ArithmeticExtensionGenerator
generator: ArithmeticExtensionGenerator
generator: ArithmeticExtensionGenerator
generator: ArithmeticExtensionGenerator
generator: ArithmeticExtensionGenerator
generator: ArithmeticExtensionGenerator
generator: ArithmeticExtensionGenerator
generator: ArithmeticExtensionGenerator
generator: ArithmeticExtensionGenerator
generator: ArithmeticExtensionGenerator
generator: ArithmeticExtensionGenerator
generator: ArithmeticExtensionGenerator
generator: ArithmeticExtensionGenerator
generator: ArithmeticExtensionGenerator
generator: ArithmeticExtensionGenerator
generator: ArithmeticExtensionGenerator
generator: ArithmeticExtensionGenerator
generator: ArithmeticExtensionGenerator
generator: ArithmeticExtensionGenerator
generator: ArithmeticExtensionGenerator
generator: ArithmeticExtensionGenerator
generator: ArithmeticExtensionGenerator
generator: ArithmeticExtensionGenerator
generator: ArithmeticExtensionGenerator
generator: ArithmeticExtensionGenerator
generator: ArithmeticExtensionGenerator
generator: ArithmeticExtensionGenerator
generator: ArithmeticExtensionGenerator
generator: ArithmeticExtensionGenerator
generator: ArithmeticExtensionGenerator
generator: ArithmeticExtensionGenerator
generator: ArithmeticExtensionGenerator
generator: ArithmeticExtensionGenerator
generator: ArithmeticExtensionGenerator
generator: ArithmeticExtensionGenerator
generator: ArithmeticExtensionGenerator
generator: ArithmeticExtensionGenerator
generator: ArithmeticExtensionGenerator
generator: ArithmeticExtensionGenerator
generator: ArithmeticExtensionGenerator
generator: ArithmeticExtensionGenerator
generator: ArithmeticExtensionGenerator
generator: ArithmeticExtensionGenerator
generator: ArithmeticExtensionGenerator
generator: ArithmeticExtensionGenerator
generator: ArithmeticExtensionGenerator
generator: ArithmeticExtensionGenerator
generator: ArithmeticExtensionGenerator
generator: ArithmeticExtensionGenerator
generator: ArithmeticExtensionGenerator
generator: ArithmeticExtensionGenerator
generator: ArithmeticExtensionGenerator
generator: ArithmeticExtensionGenerator
generator: ArithmeticExtensionGenerator
generator: ArithmeticExtensionGenerator
generator: ArithmeticExtensionGenerator
generator: ArithmeticExtensionGenerator
generator: ArithmeticExtensionGenerator
generator: ArithmeticExtensionGenerator
generator: ArithmeticExtensionGenerator
generator: ArithmeticExtensionGenerator
generator: ArithmeticExtensionGenerator
generator: ArithmeticExtensionGenerator
generator: ArithmeticExtensionGenerator
generator: ArithmeticExtensionGenerator
generator: ArithmeticExtensionGenerator
generator: ArithmeticExtensionGenerator
generator: ArithmeticExtensionGenerator
generator: ArithmeticExtensionGenerator
generator: ArithmeticExtensionGenerator
generator: ArithmeticExtensionGenerator
generator: ArithmeticExtensionGenerator
generator: ArithmeticExtensionGenerator
generator: ArithmeticExtensionGenerator
generator: ArithmeticExtensionGenerator
generator: ArithmeticExtensionGenerator
generator: ArithmeticExtensionGenerator
generator: ArithmeticExtensionGenerator
generator: ArithmeticExtensionGenerator
generator: ArithmeticExtensionGenerator
generator: ArithmeticExtensionGenerator
generator: ArithmeticExtensionGenerator
generator: ArithmeticExtensionGenerator
generator: ArithmeticExtensionGenerator
generator: ArithmeticExtensionGenerator
generator: ArithmeticExtensionGenerator
generator: ArithmeticExtensionGenerator
generator: ArithmeticExtensionGenerator
generator: ArithmeticExtensionGenerator
generator: ArithmeticExtensionGenerator
generator: ArithmeticExtensionGenerator
generator: ArithmeticExtensionGenerator
generator: ArithmeticExtensionGenerator
generator: ArithmeticExtensionGenerator
generator: ArithmeticExtensionGenerator
generator: ArithmeticExtensionGenerator
generator: ArithmeticExtensionGenerator
generator: ArithmeticExtensionGenerator
generator: ArithmeticExtensionGenerator
generator: ArithmeticExtensionGenerator
generator: ArithmeticExtensionGenerator
generator: ArithmeticExtensionGenerator
generator: ArithmeticExtensionGenerator
generator: ArithmeticExtensionGenerator
generator: ArithmeticExtensionGenerator
generator: ArithmeticExtensionGenerator
generator: ArithmeticExtensionGenerator
generator: ArithmeticExtensionGenerator
generator: ArithmeticExtensionGenerator
generator: ArithmeticExtensionGenerator
generator: ArithmeticExtensionGenerator
generator: ArithmeticExtensionGenerator
generator: ArithmeticExtensionGenerator
generator: ArithmeticExtensionGenerator
generator: ArithmeticExtensionGenerator
generator: ArithmeticExtensionGenerator
generator: ArithmeticExtensionGenerator
generator: ArithmeticExtensionGenerator
generator: ArithmeticExtensionGenerator
generator: ArithmeticExtensionGenerator
generator: ArithmeticExtensionGenerator
generator: ArithmeticExtensionGenerator
generator: ArithmeticExtensionGenerator
generator: ArithmeticExtensionGenerator
generator: MulExtensionGenerator
generator: MulExtensionGenerator
generator: MulExtensionGenerator
generator: MulExtensionGenerator
generator: MulExtensionGenerator
generator: MulExtensionGenerator
generator: MulExtensionGenerator
generator: MulExtensionGenerator
generator: MulExtensionGenerator
generator: MulExtensionGenerator
generator: MulExtensionGenerator
generator: MulExtensionGenerator
generator: MulExtensionGenerator
generator: ArithmeticExtensionGenerator
generator: ArithmeticExtensionGenerator
generator: ArithmeticExtensionGenerator
generator: ArithmeticExtensionGenerator
generator: ArithmeticExtensionGenerator
generator: ArithmeticExtensionGenerator
generator: ArithmeticExtensionGenerator
generator: ArithmeticExtensionGenerator
generator: ArithmeticExtensionGenerator
generator: ArithmeticExtensionGenerator
generator: ArithmeticExtensionGenerator
generator: ArithmeticExtensionGenerator
generator: ArithmeticExtensionGenerator
generator: ArithmeticExtensionGenerator
generator: ArithmeticExtensionGenerator
generator: ArithmeticExtensionGenerator
generator: ArithmeticExtensionGenerator
generator: ArithmeticExtensionGenerator
generator: ArithmeticExtensionGenerator
generator: ArithmeticExtensionGenerator
generator: ArithmeticExtensionGenerator
generator: ArithmeticExtensionGenerator
generator: ArithmeticExtensionGenerator
generator: ArithmeticExtensionGenerator
generator: ArithmeticExtensionGenerator
generator: ArithmeticExtensionGenerator
generator: ArithmeticExtensionGenerator
generator: ArithmeticExtensionGenerator
generator: ArithmeticExtensionGenerator
generator: ArithmeticExtensionGenerator
generator: ArithmeticExtensionGenerator
generator: ArithmeticExtensionGenerator
generator: ArithmeticExtensionGenerator
generator: ArithmeticExtensionGenerator
generator: ArithmeticExtensionGenerator
generator: ArithmeticExtensionGenerator
generator: ArithmeticExtensionGenerator
generator: ArithmeticExtensionGenerator
generator: ArithmeticExtensionGenerator
generator: ArithmeticExtensionGenerator
generator: ArithmeticExtensionGenerator
generator: ArithmeticExtensionGenerator
generator: ArithmeticExtensionGenerator
generator: ArithmeticExtensionGenerator
generator: ArithmeticExtensionGenerator
generator: ArithmeticExtensionGenerator
generator: ArithmeticExtensionGenerator
generator: ArithmeticExtensionGenerator
generator: ArithmeticExtensionGenerator
generator: ArithmeticExtensionGenerator
generator: ArithmeticExtensionGenerator
generator: ArithmeticExtensionGenerator
generator: ArithmeticExtensionGenerator
generator: ArithmeticExtensionGenerator
generator: ArithmeticExtensionGenerator
generator: ArithmeticExtensionGenerator
generator: ArithmeticExtensionGenerator
generator: ArithmeticExtensionGenerator
generator: ArithmeticExtensionGenerator
generator: ArithmeticExtensionGenerator
generator: MulExtensionGenerator
generator: MulExtensionGenerator
generator: MulExtensionGenerator
generator: MulExtensionGenerator
generator: MulExtensionGenerator
generator: MulExtensionGenerator
generator: MulExtensionGenerator
generator: MulExtensionGenerator
generator: MulExtensionGenerator
generator: MulExtensionGenerator
generator: MulExtensionGenerator
generator: MulExtensionGenerator
generator: MulExtensionGenerator
generator: ArithmeticExtensionGenerator
generator: ArithmeticExtensionGenerator
generator: ArithmeticExtensionGenerator
generator: ArithmeticExtensionGenerator
generator: ArithmeticExtensionGenerator
generator: ArithmeticExtensionGenerator
generator: ArithmeticExtensionGenerator
generator: ArithmeticExtensionGenerator
generator: ArithmeticExtensionGenerator
generator: ArithmeticExtensionGenerator
generator: ArithmeticExtensionGenerator
generator: ArithmeticExtensionGenerator
generator: ArithmeticExtensionGenerator
generator: ArithmeticExtensionGenerator
generator: ArithmeticExtensionGenerator
generator: ArithmeticExtensionGenerator
generator: ArithmeticExtensionGenerator
generator: ArithmeticExtensionGenerator
generator: ArithmeticExtensionGenerator
generator: ArithmeticExtensionGenerator
generator: ArithmeticExtensionGenerator
generator: ArithmeticExtensionGenerator
generator: ArithmeticExtensionGenerator
generator: ArithmeticExtensionGenerator
generator: ArithmeticExtensionGenerator
generator: ArithmeticExtensionGenerator
generator: ArithmeticExtensionGenerator
generator: ArithmeticExtensionGenerator
generator: ArithmeticExtensionGenerator
generator: ArithmeticExtensionGenerator
generator: ArithmeticExtensionGenerator
generator: ArithmeticExtensionGenerator
generator: ArithmeticExtensionGenerator
generator: ArithmeticExtensionGenerator
generator: ArithmeticExtensionGenerator
generator: ArithmeticExtensionGenerator
generator: ArithmeticExtensionGenerator
generator: ArithmeticExtensionGenerator
generator: ArithmeticExtensionGenerator
generator: ArithmeticExtensionGenerator
generator: ArithmeticExtensionGenerator
generator: ArithmeticExtensionGenerator
generator: ArithmeticExtensionGenerator
generator: ArithmeticExtensionGenerator
generator: ArithmeticExtensionGenerator
generator: ArithmeticExtensionGenerator
generator: ArithmeticExtensionGenerator
generator: ArithmeticExtensionGenerator
generator: ArithmeticExtensionGenerator
generator: ArithmeticExtensionGenerator
generator: ArithmeticExtensionGenerator
generator: ArithmeticExtensionGenerator
generator: ArithmeticExtensionGenerator
generator: ArithmeticExtensionGenerator
generator: ArithmeticExtensionGenerator
generator: ArithmeticExtensionGenerator
generator: ArithmeticExtensionGenerator
generator: ArithmeticExtensionGenerator
generator: ArithmeticExtensionGenerator
generator: ArithmeticExtensionGenerator
generator: MulExtensionGenerator
generator: MulExtensionGenerator
generator: MulExtensionGenerator
generator: MulExtensionGenerator
generator: MulExtensionGenerator
generator: MulExtensionGenerator
generator: MulExtensionGenerator
generator: MulExtensionGenerator
generator: MulExtensionGenerator
generator: MulExtensionGenerator
generator: MulExtensionGenerator
generator: MulExtensionGenerator
generator: MulExtensionGenerator
generator: ArithmeticExtensionGenerator
generator: ArithmeticExtensionGenerator
generator: ArithmeticExtensionGenerator
generator: ArithmeticExtensionGenerator
generator: ArithmeticExtensionGenerator
generator: ArithmeticExtensionGenerator
generator: ArithmeticExtensionGenerator
generator: ArithmeticExtensionGenerator
generator: ArithmeticExtensionGenerator
generator: ArithmeticExtensionGenerator
generator: ArithmeticExtensionGenerator
generator: ArithmeticExtensionGenerator
generator: ArithmeticExtensionGenerator
generator: ArithmeticExtensionGenerator
generator: ArithmeticExtensionGenerator
generator: ArithmeticExtensionGenerator
generator: ArithmeticExtensionGenerator
generator: ArithmeticExtensionGenerator
generator: ArithmeticExtensionGenerator
generator: ArithmeticExtensionGenerator
generator: ArithmeticExtensionGenerator
generator: ArithmeticExtensionGenerator
generator: ArithmeticExtensionGenerator
generator: ArithmeticExtensionGenerator
generator: ArithmeticExtensionGenerator
generator: ArithmeticExtensionGenerator
generator: ArithmeticExtensionGenerator
generator: ArithmeticExtensionGenerator
generator: ArithmeticExtensionGenerator
generator: ArithmeticExtensionGenerator
generator: ArithmeticExtensionGenerator
generator: ArithmeticExtensionGenerator
generator: ArithmeticExtensionGenerator
generator: ArithmeticExtensionGenerator
generator: ArithmeticExtensionGenerator
generator: ArithmeticExtensionGenerator
generator: ArithmeticExtensionGenerator
generator: ArithmeticExtensionGenerator
generator: ArithmeticExtensionGenerator
generator: ArithmeticExtensionGenerator
generator: ArithmeticExtensionGenerator
generator: ArithmeticExtensionGenerator
generator: ArithmeticExtensionGenerator
generator: ArithmeticExtensionGenerator
generator: ArithmeticExtensionGenerator
generator: ArithmeticExtensionGenerator
generator: ArithmeticExtensionGenerator
generator: ArithmeticExtensionGenerator
generator: ArithmeticExtensionGenerator
generator: ArithmeticExtensionGenerator
generator: ArithmeticExtensionGenerator
generator: ArithmeticExtensionGenerator
generator: ArithmeticExtensionGenerator
generator: ArithmeticExtensionGenerator
generator: ArithmeticExtensionGenerator
generator: ArithmeticExtensionGenerator
generator: ArithmeticExtensionGenerator
generator: ArithmeticExtensionGenerator
generator: ArithmeticExtensionGenerator
generator: ArithmeticExtensionGenerator
generator: MulExtensionGenerator
generator: MulExtensionGenerator
generator: MulExtensionGenerator
generator: MulExtensionGenerator
generator: MulExtensionGenerator
generator: MulExtensionGenerator
generator: MulExtensionGenerator
generator: MulExtensionGenerator
generator: MulExtensionGenerator
generator: MulExtensionGenerator
generator: MulExtensionGenerator
generator: MulExtensionGenerator
generator: MulExtensionGenerator
generator: ArithmeticExtensionGenerator
generator: ArithmeticExtensionGenerator
generator: ArithmeticExtensionGenerator
generator: ArithmeticExtensionGenerator
generator: ArithmeticExtensionGenerator
generator: ArithmeticExtensionGenerator
generator: ArithmeticExtensionGenerator
generator: ArithmeticExtensionGenerator
generator: ArithmeticExtensionGenerator
generator: ArithmeticExtensionGenerator
generator: ArithmeticExtensionGenerator
generator: ArithmeticExtensionGenerator
generator: ArithmeticExtensionGenerator
generator: ArithmeticExtensionGenerator
generator: ArithmeticExtensionGenerator
generator: ArithmeticExtensionGenerator
generator: ArithmeticExtensionGenerator
generator: ArithmeticExtensionGenerator
generator: ArithmeticExtensionGenerator
generator: ArithmeticExtensionGenerator
generator: ArithmeticExtensionGenerator
generator: ArithmeticExtensionGenerator
generator: ArithmeticExtensionGenerator
generator: ArithmeticExtensionGenerator
generator: ArithmeticExtensionGenerator
generator: ArithmeticExtensionGenerator
generator: ArithmeticExtensionGenerator
generator: ArithmeticExtensionGenerator
generator: ArithmeticExtensionGenerator
generator: ArithmeticExtensionGenerator
generator: ArithmeticExtensionGenerator
generator: ArithmeticExtensionGenerator
generator: ArithmeticExtensionGenerator
generator: ArithmeticExtensionGenerator
generator: ArithmeticExtensionGenerator
generator: ArithmeticExtensionGenerator
generator: ArithmeticExtensionGenerator
generator: ArithmeticExtensionGenerator
generator: ArithmeticExtensionGenerator
generator: ArithmeticExtensionGenerator
generator: ArithmeticExtensionGenerator
generator: ArithmeticExtensionGenerator
generator: ArithmeticExtensionGenerator
generator: ArithmeticExtensionGenerator
generator: ArithmeticExtensionGenerator
generator: ArithmeticExtensionGenerator
generator: ArithmeticExtensionGenerator
generator: ArithmeticExtensionGenerator
generator: ArithmeticExtensionGenerator
generator: ArithmeticExtensionGenerator
generator: ArithmeticExtensionGenerator
generator: ArithmeticExtensionGenerator
generator: ArithmeticExtensionGenerator
generator: ArithmeticExtensionGenerator
generator: ArithmeticExtensionGenerator
generator: ArithmeticExtensionGenerator
generator: ArithmeticExtensionGenerator
generator: ArithmeticExtensionGenerator
generator: ArithmeticExtensionGenerator
generator: ArithmeticExtensionGenerator
generator: ArithmeticExtensionGenerator
generator: ArithmeticExtensionGenerator
generator: ArithmeticExtensionGenerator
generator: ArithmeticExtensionGenerator
generator: ArithmeticExtensionGenerator
generator: ArithmeticExtensionGenerator
generator: ArithmeticExtensionGenerator
generator: ArithmeticExtensionGenerator
generator: ArithmeticExtensionGenerator
generator: ArithmeticExtensionGenerator
generator: ArithmeticExtensionGenerator
generator: ArithmeticExtensionGenerator
generator: ArithmeticExtensionGenerator
generator: ArithmeticExtensionGenerator
generator: ArithmeticExtensionGenerator
generator: ArithmeticExtensionGenerator
generator: ArithmeticExtensionGenerator
generator: ArithmeticExtensionGenerator
generator: ArithmeticExtensionGenerator
generator: ArithmeticExtensionGenerator
generator: ArithmeticExtensionGenerator
generator: ArithmeticExtensionGenerator
generator: ArithmeticExtensionGenerator
generator: ArithmeticExtensionGenerator
generator: ArithmeticExtensionGenerator
generator: ArithmeticExtensionGenerator
generator: ArithmeticExtensionGenerator
generator: ArithmeticExtensionGenerator
generator: ArithmeticExtensionGenerator
generator: ArithmeticExtensionGenerator
generator: ArithmeticExtensionGenerator
generator: ArithmeticExtensionGenerator
generator: ArithmeticExtensionGenerator
generator: ArithmeticExtensionGenerator
generator: ArithmeticExtensionGenerator
generator: ArithmeticExtensionGenerator
generator: ArithmeticExtensionGenerator
generator: ArithmeticExtensionGenerator
generator: ArithmeticExtensionGenerator
generator: ArithmeticExtensionGenerator
generator: MulExtensionGenerator
generator: MulExtensionGenerator
generator: MulExtensionGenerator
generator: MulExtensionGenerator
generator: MulExtensionGenerator
generator: MulExtensionGenerator
generator: MulExtensionGenerator
generator: MulExtensionGenerator
generator: MulExtensionGenerator
generator: MulExtensionGenerator
generator: MulExtensionGenerator
generator: MulExtensionGenerator
generator: MulExtensionGenerator
generator: MulExtensionGenerator
generator: MulExtensionGenerator
generator: MulExtensionGenerator
generator: MulExtensionGenerator
generator: MulExtensionGenerator
generator: MulExtensionGenerator
generator: MulExtensionGenerator
generator: MulExtensionGenerator
generator: MulExtensionGenerator
generator: MulExtensionGenerator
generator: MulExtensionGenerator
generator: MulExtensionGenerator
generator: MulExtensionGenerator
generator: ArithmeticExtensionGenerator
generator: ArithmeticExtensionGenerator
generator: ArithmeticExtensionGenerator
generator: ArithmeticExtensionGenerator
generator: ArithmeticExtensionGenerator
generator: ArithmeticExtensionGenerator
generator: ArithmeticExtensionGenerator
generator: ArithmeticExtensionGenerator
generator: ArithmeticExtensionGenerator
generator: ArithmeticExtensionGenerator
generator: ArithmeticExtensionGenerator
generator: ArithmeticExtensionGenerator
generator: ArithmeticExtensionGenerator
generator: ArithmeticExtensionGenerator
generator: ArithmeticExtensionGenerator
generator: ArithmeticExtensionGenerator
generator: ArithmeticExtensionGenerator
generator: ArithmeticExtensionGenerator
generator: ArithmeticExtensionGenerator
generator: ArithmeticExtensionGenerator
generator: MulExtensionGenerator
generator: MulExtensionGenerator
generator: MulExtensionGenerator
generator: MulExtensionGenerator
generator: MulExtensionGenerator
generator: MulExtensionGenerator
generator: MulExtensionGenerator
generator: MulExtensionGenerator
generator: MulExtensionGenerator
generator: MulExtensionGenerator
generator: MulExtensionGenerator
generator: MulExtensionGenerator
generator: MulExtensionGenerator
generator: MulExtensionGenerator
generator: MulExtensionGenerator
generator: MulExtensionGenerator
generator: MulExtensionGenerator
generator: MulExtensionGenerator
generator: MulExtensionGenerator
generator: MulExtensionGenerator
generator: MulExtensionGenerator
generator: MulExtensionGenerator
generator: MulExtensionGenerator
generator: MulExtensionGenerator
generator: MulExtensionGenerator
generator: MulExtensionGenerator
generator: ArithmeticExtensionGenerator
generator: ArithmeticExtensionGenerator
generator: ArithmeticExtensionGenerator
generator: ArithmeticExtensionGenerator
generator: ArithmeticExtensionGenerator
generator: ArithmeticExtensionGenerator
generator: ArithmeticExtensionGenerator
generator: ArithmeticExtensionGenerator
generator: ArithmeticExtensionGenerator
generator: ArithmeticExtensionGenerator
generator: ArithmeticExtensionGenerator
generator: ArithmeticExtensionGenerator
generator: ArithmeticExtensionGenerator
generator: ArithmeticExtensionGenerator
generator: ArithmeticExtensionGenerator
generator: ArithmeticExtensionGenerator
generator: ArithmeticExtensionGenerator
generator: ArithmeticExtensionGenerator
generator: ArithmeticExtensionGenerator
generator: ArithmeticExtensionGenerator
generator: ArithmeticExtensionGenerator
generator: ArithmeticExtensionGenerator
generator: ArithmeticExtensionGenerator
generator: ArithmeticExtensionGenerator
generator: ArithmeticExtensionGenerator
generator: ArithmeticExtensionGenerator
generator: ArithmeticExtensionGenerator
generator: ArithmeticExtensionGenerator
generator: ArithmeticExtensionGenerator
generator: ArithmeticExtensionGenerator
generator: MulExtensionGenerator
generator: MulExtensionGenerator
generator: MulExtensionGenerator
generator: MulExtensionGenerator
generator: MulExtensionGenerator
generator: MulExtensionGenerator
generator: MulExtensionGenerator
generator: MulExtensionGenerator
generator: MulExtensionGenerator
generator: MulExtensionGenerator
generator: MulExtensionGenerator
generator: MulExtensionGenerator
generator: MulExtensionGenerator
generator: ArithmeticExtensionGenerator
generator: ArithmeticExtensionGenerator
generator: ArithmeticExtensionGenerator
generator: ArithmeticExtensionGenerator
generator: ArithmeticExtensionGenerator
generator: ArithmeticExtensionGenerator
generator: ArithmeticExtensionGenerator
generator: ArithmeticExtensionGenerator
generator: ArithmeticExtensionGenerator
generator: ArithmeticExtensionGenerator
generator: ArithmeticExtensionGenerator
generator: ArithmeticExtensionGenerator
generator: ArithmeticExtensionGenerator
generator: ArithmeticExtensionGenerator
generator: ArithmeticExtensionGenerator
generator: ArithmeticExtensionGenerator
generator: ArithmeticExtensionGenerator
generator: ArithmeticExtensionGenerator
generator: ArithmeticExtensionGenerator
generator: ArithmeticExtensionGenerator
generator: ArithmeticExtensionGenerator
generator: ArithmeticExtensionGenerator
generator: ArithmeticExtensionGenerator
generator: ArithmeticExtensionGenerator
generator: ArithmeticExtensionGenerator
generator: ArithmeticExtensionGenerator
generator: ArithmeticExtensionGenerator
generator: ArithmeticExtensionGenerator
generator: ArithmeticExtensionGenerator
generator: ArithmeticExtensionGenerator
generator: MulExtensionGenerator
generator: MulExtensionGenerator
generator: MulExtensionGenerator
generator: MulExtensionGenerator
generator: MulExtensionGenerator
generator: MulExtensionGenerator
generator: MulExtensionGenerator
generator: MulExtensionGenerator
generator: MulExtensionGenerator
generator: MulExtensionGenerator
generator: MulExtensionGenerator
generator: MulExtensionGenerator
generator: MulExtensionGenerator
generator: ArithmeticExtensionGenerator
generator: ArithmeticExtensionGenerator
generator: ArithmeticExtensionGenerator
generator: ArithmeticExtensionGenerator
generator: ArithmeticExtensionGenerator
generator: ArithmeticExtensionGenerator
generator: ArithmeticExtensionGenerator
generator: ArithmeticExtensionGenerator
generator: ArithmeticExtensionGenerator
generator: ArithmeticExtensionGenerator
generator: MulExtensionGenerator
generator: MulExtensionGenerator
generator: MulExtensionGenerator
generator: MulExtensionGenerator
generator: MulExtensionGenerator
generator: MulExtensionGenerator
generator: MulExtensionGenerator
generator: MulExtensionGenerator
generator: MulExtensionGenerator
generator: MulExtensionGenerator
generator: MulExtensionGenerator
generator: MulExtensionGenerator
generator: MulExtensionGenerator
generator: ArithmeticExtensionGenerator
generator: ArithmeticExtensionGenerator
generator: ArithmeticExtensionGenerator
generator: ArithmeticExtensionGenerator
generator: ArithmeticExtensionGenerator
generator: ArithmeticExtensionGenerator
generator: ArithmeticExtensionGenerator
generator: ArithmeticExtensionGenerator
generator: ArithmeticExtensionGenerator
generator: ArithmeticExtensionGenerator
generator: ArithmeticExtensionGenerator
generator: ArithmeticExtensionGenerator
generator: ArithmeticExtensionGenerator
generator: ArithmeticExtensionGenerator
generator: ArithmeticExtensionGenerator
generator: ArithmeticExtensionGenerator
generator: ArithmeticExtensionGenerator
generator: ArithmeticExtensionGenerator
generator: ArithmeticExtensionGenerator
generator: ArithmeticExtensionGenerator
generator: MulExtensionGenerator
generator: MulExtensionGenerator
generator: MulExtensionGenerator
generator: MulExtensionGenerator
generator: MulExtensionGenerator
generator: MulExtensionGenerator
generator: MulExtensionGenerator
generator: MulExtensionGenerator
generator: MulExtensionGenerator
generator: MulExtensionGenerator
generator: MulExtensionGenerator
generator: MulExtensionGenerator
generator: MulExtensionGenerator
generator: ArithmeticExtensionGenerator
generator: ArithmeticExtensionGenerator
generator: ArithmeticExtensionGenerator
generator: ArithmeticExtensionGenerator
generator: ArithmeticExtensionGenerator
generator: ArithmeticExtensionGenerator
generator: ArithmeticExtensionGenerator
generator: ArithmeticExtensionGenerator
generator: ArithmeticExtensionGenerator
generator: ArithmeticExtensionGenerator
generator: ArithmeticExtensionGenerator
generator: ArithmeticExtensionGenerator
generator: ArithmeticExtensionGenerator
generator: ArithmeticExtensionGenerator
generator: ArithmeticExtensionGenerator
generator: ArithmeticExtensionGenerator
generator: ArithmeticExtensionGenerator
generator: ArithmeticExtensionGenerator
generator: ArithmeticExtensionGenerator
generator: ArithmeticExtensionGenerator
generator: ArithmeticExtensionGenerator
generator: ArithmeticExtensionGenerator
generator: ArithmeticExtensionGenerator
generator: ArithmeticExtensionGenerator
generator: ArithmeticExtensionGenerator
generator: ArithmeticExtensionGenerator
generator: ArithmeticExtensionGenerator
generator: ArithmeticExtensionGenerator
generator: ArithmeticExtensionGenerator
generator: ArithmeticExtensionGenerator
generator: MulExtensionGenerator
generator: MulExtensionGenerator
generator: MulExtensionGenerator
generator: MulExtensionGenerator
generator: MulExtensionGenerator
generator: MulExtensionGenerator
generator: MulExtensionGenerator
generator: MulExtensionGenerator
generator: MulExtensionGenerator
generator: MulExtensionGenerator
generator: MulExtensionGenerator
generator: MulExtensionGenerator
generator: MulExtensionGenerator
generator: ArithmeticExtensionGenerator
generator: ArithmeticExtensionGenerator
generator: ArithmeticExtensionGenerator
generator: ArithmeticExtensionGenerator
generator: ArithmeticExtensionGenerator
generator: ArithmeticExtensionGenerator
generator: ArithmeticExtensionGenerator
generator: ArithmeticExtensionGenerator
generator: ArithmeticExtensionGenerator
generator: ArithmeticExtensionGenerator
generator: MulExtensionGenerator
generator: MulExtensionGenerator
generator: MulExtensionGenerator
generator: MulExtensionGenerator
generator: MulExtensionGenerator
generator: MulExtensionGenerator
generator: MulExtensionGenerator
generator: MulExtensionGenerator
generator: MulExtensionGenerator
generator: MulExtensionGenerator
generator: MulExtensionGenerator
generator: MulExtensionGenerator
generator: MulExtensionGenerator
generator: ArithmeticExtensionGenerator
generator: ArithmeticExtensionGenerator
generator: ArithmeticExtensionGenerator
generator: ArithmeticExtensionGenerator
generator: ArithmeticExtensionGenerator
generator: ArithmeticExtensionGenerator
generator: ArithmeticExtensionGenerator
generator: ArithmeticExtensionGenerator
generator: ArithmeticExtensionGenerator
generator: ArithmeticExtensionGenerator
generator: ArithmeticExtensionGenerator
generator: ArithmeticExtensionGenerator
generator: ArithmeticExtensionGenerator
generator: ArithmeticExtensionGenerator
generator: ArithmeticExtensionGenerator
generator: ArithmeticExtensionGenerator
generator: ArithmeticExtensionGenerator
generator: ArithmeticExtensionGenerator
generator: ArithmeticExtensionGenerator
generator: ArithmeticExtensionGenerator
generator: MulExtensionGenerator
generator: MulExtensionGenerator
generator: MulExtensionGenerator
generator: MulExtensionGenerator
generator: MulExtensionGenerator
generator: MulExtensionGenerator
generator: MulExtensionGenerator
generator: MulExtensionGenerator
generator: MulExtensionGenerator
generator: MulExtensionGenerator
generator: MulExtensionGenerator
generator: MulExtensionGenerator
generator: MulExtensionGenerator
generator: MulExtensionGenerator
generator: MulExtensionGenerator
generator: MulExtensionGenerator
generator: MulExtensionGenerator
generator: MulExtensionGenerator
generator: MulExtensionGenerator
generator: MulExtensionGenerator
generator: MulExtensionGenerator
generator: MulExtensionGenerator
generator: MulExtensionGenerator
generator: MulExtensionGenerator
generator: MulExtensionGenerator
generator: MulExtensionGenerator
generator: ArithmeticExtensionGenerator
generator: ArithmeticExtensionGenerator
generator: ArithmeticExtensionGenerator
generator: ArithmeticExtensionGenerator
generator: ArithmeticExtensionGenerator
generator: ArithmeticExtensionGenerator
generator: ArithmeticExtensionGenerator
generator: ArithmeticExtensionGenerator
generator: ArithmeticExtensionGenerator
generator: ArithmeticExtensionGenerator
generator: ArithmeticExtensionGenerator
generator: ArithmeticExtensionGenerator
generator: ArithmeticExtensionGenerator
generator: ArithmeticExtensionGenerator
generator: ArithmeticExtensionGenerator
generator: ArithmeticExtensionGenerator
generator: ArithmeticExtensionGenerator
generator: ArithmeticExtensionGenerator
generator: ArithmeticExtensionGenerator
generator: ArithmeticExtensionGenerator
generator: ArithmeticExtensionGenerator
generator: ArithmeticExtensionGenerator
generator: ArithmeticExtensionGenerator
generator: ArithmeticExtensionGenerator
generator: ArithmeticExtensionGenerator
generator: ArithmeticExtensionGenerator
generator: ArithmeticExtensionGenerator
generator: ArithmeticExtensionGenerator
generator: ArithmeticExtensionGenerator
generator: ArithmeticExtensionGenerator
generator: ArithmeticExtensionGenerator
generator: ArithmeticExtensionGenerator
generator: ArithmeticExtensionGenerator
generator: ArithmeticExtensionGenerator
generator: ArithmeticExtensionGenerator
generator: ArithmeticExtensionGenerator
generator: ArithmeticExtensionGenerator
generator: ArithmeticExtensionGenerator
generator: ArithmeticExtensionGenerator
generator: ArithmeticExtensionGenerator
generator: ArithmeticExtensionGenerator
generator: ArithmeticExtensionGenerator
generator: ArithmeticExtensionGenerator
generator: ArithmeticExtensionGenerator
generator: ArithmeticExtensionGenerator
generator: ArithmeticExtensionGenerator
generator: ArithmeticExtensionGenerator
generator: ArithmeticExtensionGenerator
generator: ArithmeticExtensionGenerator
generator: ArithmeticExtensionGenerator
generator: ArithmeticExtensionGenerator
generator: ArithmeticExtensionGenerator
generator: ArithmeticExtensionGenerator
generator: ArithmeticExtensionGenerator
generator: ArithmeticExtensionGenerator
generator: ArithmeticExtensionGenerator
generator: ArithmeticExtensionGenerator
generator: ArithmeticExtensionGenerator
generator: ArithmeticExtensionGenerator
generator: ArithmeticExtensionGenerator
generator: ArithmeticExtensionGenerator
generator: ArithmeticExtensionGenerator
generator: ArithmeticExtensionGenerator
generator: ArithmeticExtensionGenerator
generator: ArithmeticExtensionGenerator
generator: ArithmeticExtensionGenerator
generator: ArithmeticExtensionGenerator
generator: ArithmeticExtensionGenerator
generator: ArithmeticExtensionGenerator
generator: ArithmeticExtensionGenerator
generator: ArithmeticExtensionGenerator
generator: ArithmeticExtensionGenerator
generator: ArithmeticExtensionGenerator
generator: ArithmeticExtensionGenerator
generator: ArithmeticExtensionGenerator
generator: ArithmeticExtensionGenerator
generator: ArithmeticExtensionGenerator
generator: ArithmeticExtensionGenerator
generator: ArithmeticExtensionGenerator
generator: ArithmeticExtensionGenerator
generator: ArithmeticExtensionGenerator
generator: ArithmeticExtensionGenerator
generator: ArithmeticExtensionGenerator
generator: ArithmeticExtensionGenerator
generator: ArithmeticExtensionGenerator
generator: ArithmeticExtensionGenerator
generator: ArithmeticExtensionGenerator
generator: ArithmeticExtensionGenerator
generator: ArithmeticExtensionGenerator
generator: ArithmeticExtensionGenerator
generator: ArithmeticExtensionGenerator
generator: ArithmeticExtensionGenerator
generator: ArithmeticExtensionGenerator
generator: ArithmeticExtensionGenerator
generator: ArithmeticExtensionGenerator
generator: ArithmeticExtensionGenerator
generator: ArithmeticExtensionGenerator
generator: ArithmeticExtensionGenerator
generator: ArithmeticExtensionGenerator
generator: ArithmeticExtensionGenerator
generator: ArithmeticExtensionGenerator
generator: ArithmeticExtensionGenerator
generator: ArithmeticExtensionGenerator
generator: ArithmeticExtensionGenerator
generator: ArithmeticExtensionGenerator
generator: ArithmeticExtensionGenerator
generator: ArithmeticExtensionGenerator
generator: ArithmeticExtensionGenerator
generator: ArithmeticExtensionGenerator
generator: ArithmeticExtensionGenerator
generator: ArithmeticExtensionGenerator
generator: ArithmeticExtensionGenerator
generator: ArithmeticExtensionGenerator
generator: ArithmeticExtensionGenerator
generator: ArithmeticExtensionGenerator
generator: ArithmeticExtensionGenerator
generator: ArithmeticExtensionGenerator
generator: ArithmeticExtensionGenerator
generator: ArithmeticExtensionGenerator
generator: ArithmeticExtensionGenerator
generator: ArithmeticExtensionGenerator
generator: ArithmeticExtensionGenerator
generator: ArithmeticExtensionGenerator
generator: ArithmeticExtensionGenerator
generator: ArithmeticExtensionGenerator
generator: ArithmeticExtensionGenerator
generator: ArithmeticExtensionGenerator
generator: ArithmeticExtensionGenerator
generator: ArithmeticExtensionGenerator
generator: ArithmeticExtensionGenerator
generator: ArithmeticExtensionGenerator
generator: ArithmeticExtensionGenerator
generator: ArithmeticExtensionGenerator
generator: ArithmeticExtensionGenerator
generator: ArithmeticExtensionGenerator
generator: ArithmeticExtensionGenerator
generator: ArithmeticExtensionGenerator
generator: ArithmeticExtensionGenerator
generator: ArithmeticExtensionGenerator
generator: ArithmeticExtensionGenerator
generator: ArithmeticExtensionGenerator
generator: ArithmeticExtensionGenerator
generator: ArithmeticExtensionGenerator
generator: ArithmeticExtensionGenerator
generator: ArithmeticExtensionGenerator
generator: ArithmeticExtensionGenerator
generator: ArithmeticExtensionGenerator
generator: ArithmeticExtensionGenerator
generator: ArithmeticExtensionGenerator
generator: ArithmeticExtensionGenerator
generator: ArithmeticExtensionGenerator
generator: ArithmeticExtensionGenerator
generator: ArithmeticExtensionGenerator
generator: ArithmeticExtensionGenerator
generator: ArithmeticExtensionGenerator
generator: ArithmeticExtensionGenerator
generator: ArithmeticExtensionGenerator
generator: ArithmeticExtensionGenerator
generator: ArithmeticExtensionGenerator
generator: ArithmeticExtensionGenerator
generator: ArithmeticExtensionGenerator
generator: ArithmeticExtensionGenerator
generator: ArithmeticExtensionGenerator
generator: ArithmeticExtensionGenerator
generator: ArithmeticExtensionGenerator
generator: ArithmeticExtensionGenerator
generator: ArithmeticExtensionGenerator
generator: ArithmeticExtensionGenerator
generator: ArithmeticExtensionGenerator
generator: ArithmeticExtensionGenerator
generator: ArithmeticExtensionGenerator
generator: ArithmeticExtensionGenerator
generator: ArithmeticExtensionGenerator
generator: ArithmeticExtensionGenerator
generator: ArithmeticExtensionGenerator
generator: ArithmeticExtensionGenerator
generator: ArithmeticExtensionGenerator
generator: ArithmeticExtensionGenerator
generator: ArithmeticExtensionGenerator
generator: ArithmeticExtensionGenerator
generator: ArithmeticExtensionGenerator
generator: ArithmeticExtensionGenerator
generator: ArithmeticExtensionGenerator
generator: ArithmeticExtensionGenerator
generator: ArithmeticExtensionGenerator
generator: ArithmeticExtensionGenerator
generator: ArithmeticExtensionGenerator
generator: ArithmeticExtensionGenerator
generator: ArithmeticExtensionGenerator
generator: ArithmeticExtensionGenerator
generator: ArithmeticExtensionGenerator
generator: ArithmeticExtensionGenerator
generator: ArithmeticExtensionGenerator
generator: ArithmeticExtensionGenerator
generator: ArithmeticExtensionGenerator
generator: ArithmeticExtensionGenerator
generator: ArithmeticExtensionGenerator
generator: ArithmeticExtensionGenerator
generator: ArithmeticExtensionGenerator
generator: ArithmeticExtensionGenerator
generator: ArithmeticExtensionGenerator
generator: ArithmeticExtensionGenerator
generator: ArithmeticExtensionGenerator
generator: ArithmeticExtensionGenerator
generator: ArithmeticExtensionGenerator
generator: ArithmeticExtensionGenerator
generator: ArithmeticExtensionGenerator
generator: ArithmeticExtensionGenerator
generator: ArithmeticExtensionGenerator
generator: ArithmeticExtensionGenerator
generator: ArithmeticExtensionGenerator
generator: ArithmeticExtensionGenerator
generator: ArithmeticExtensionGenerator
generator: ArithmeticExtensionGenerator
generator: ArithmeticExtensionGenerator
generator: ArithmeticExtensionGenerator
generator: ArithmeticExtensionGenerator
generator: ArithmeticExtensionGenerator
generator: ArithmeticExtensionGenerator
generator: ArithmeticExtensionGenerator
generator: ArithmeticExtensionGenerator
generator: ArithmeticExtensionGenerator
generator: ArithmeticExtensionGenerator
generator: ArithmeticExtensionGenerator
generator: ArithmeticExtensionGenerator
generator: ArithmeticExtensionGenerator
generator: ArithmeticExtensionGenerator
generator: ArithmeticExtensionGenerator
generator: ArithmeticExtensionGenerator
generator: ArithmeticExtensionGenerator
generator: ArithmeticExtensionGenerator
generator: ArithmeticExtensionGenerator
generator: ArithmeticExtensionGenerator
generator: ArithmeticExtensionGenerator
generator: ArithmeticExtensionGenerator
generator: ArithmeticExtensionGenerator
generator: ArithmeticExtensionGenerator
generator: ArithmeticExtensionGenerator
generator: ArithmeticExtensionGenerator
generator: ArithmeticExtensionGenerator
generator: MulExtensionGenerator
generator: MulExtensionGenerator
generator: MulExtensionGenerator
generator: MulExtensionGenerator
generator: MulExtensionGenerator
generator: MulExtensionGenerator
generator: MulExtensionGenerator
generator: MulExtensionGenerator
generator: MulExtensionGenerator
generator: MulExtensionGenerator
generator: MulExtensionGenerator
generator: MulExtensionGenerator
generator: MulExtensionGenerator
generator: ArithmeticExtensionGenerator
generator: ArithmeticExtensionGenerator
generator: ArithmeticExtensionGenerator
generator: ArithmeticExtensionGenerator
generator: ArithmeticExtensionGenerator
generator: ArithmeticExtensionGenerator
generator: ArithmeticExtensionGenerator
generator: ArithmeticExtensionGenerator
generator: ArithmeticExtensionGenerator
generator: ArithmeticExtensionGenerator
generator: ArithmeticExtensionGenerator
generator: ArithmeticExtensionGenerator
generator: ArithmeticExtensionGenerator
generator: ArithmeticExtensionGenerator
generator: ArithmeticExtensionGenerator
generator: ArithmeticExtensionGenerator
generator: ArithmeticExtensionGenerator
generator: ArithmeticExtensionGenerator
generator: ArithmeticExtensionGenerator
generator: ArithmeticExtensionGenerator
generator: MulExtensionGenerator
generator: MulExtensionGenerator
generator: MulExtensionGenerator
generator: MulExtensionGenerator
generator: MulExtensionGenerator
generator: MulExtensionGenerator
generator: MulExtensionGenerator
generator: MulExtensionGenerator
generator: MulExtensionGenerator
generator: MulExtensionGenerator
generator: MulExtensionGenerator
generator: MulExtensionGenerator
generator: MulExtensionGenerator
generator: ArithmeticExtensionGenerator
generator: ArithmeticExtensionGenerator
generator: ArithmeticExtensionGenerator
generator: ArithmeticExtensionGenerator
generator: ArithmeticExtensionGenerator
generator: ArithmeticExtensionGenerator
generator: ArithmeticExtensionGenerator
generator: ArithmeticExtensionGenerator
generator: ArithmeticExtensionGenerator
generator: ArithmeticExtensionGenerator
generator: ArithmeticExtensionGenerator
generator: ArithmeticExtensionGenerator
generator: ArithmeticExtensionGenerator
generator: ArithmeticExtensionGenerator
generator: ArithmeticExtensionGenerator
generator: ArithmeticExtensionGenerator
generator: ArithmeticExtensionGenerator
generator: ArithmeticExtensionGenerator
generator: ArithmeticExtensionGenerator
generator: ArithmeticExtensionGenerator
generator: MulExtensionGenerator
generator: MulExtensionGenerator
generator: MulExtensionGenerator
generator: MulExtensionGenerator
generator: MulExtensionGenerator
generator: MulExtensionGenerator
generator: MulExtensionGenerator
generator: MulExtensionGenerator
generator: MulExtensionGenerator
generator: MulExtensionGenerator
generator: MulExtensionGenerator
generator: MulExtensionGenerator
generator: MulExtensionGenerator
generator: ArithmeticExtensionGenerator
generator: ArithmeticExtensionGenerator
generator: ArithmeticExtensionGenerator
generator: ArithmeticExtensionGenerator
generator: ArithmeticExtensionGenerator
generator: ArithmeticExtensionGenerator
generator: ArithmeticExtensionGenerator
generator: ArithmeticExtensionGenerator
generator: ArithmeticExtensionGenerator
generator: ArithmeticExtensionGenerator
generator: MulExtensionGenerator
generator: MulExtensionGenerator
generator: MulExtensionGenerator
generator: MulExtensionGenerator
generator: MulExtensionGenerator
generator: MulExtensionGenerator
generator: MulExtensionGenerator
generator: MulExtensionGenerator
generator: MulExtensionGenerator
generator: MulExtensionGenerator
generator: MulExtensionGenerator
generator: MulExtensionGenerator
generator: MulExtensionGenerator
generator: ArithmeticExtensionGenerator
generator: ArithmeticExtensionGenerator
generator: ArithmeticExtensionGenerator
generator: ArithmeticExtensionGenerator
generator: ArithmeticExtensionGenerator
generator: ArithmeticExtensionGenerator
generator: ArithmeticExtensionGenerator
generator: ArithmeticExtensionGenerator
generator: ArithmeticExtensionGenerator
generator: ArithmeticExtensionGenerator
generator: ArithmeticExtensionGenerator
generator: ArithmeticExtensionGenerator
generator: ArithmeticExtensionGenerator
generator: ArithmeticExtensionGenerator
generator: ArithmeticExtensionGenerator
generator: ArithmeticExtensionGenerator
generator: ArithmeticExtensionGenerator
generator: ArithmeticExtensionGenerator
generator: ArithmeticExtensionGenerator
generator: ArithmeticExtensionGenerator
generator: ArithmeticExtensionGenerator
generator: ArithmeticExtensionGenerator
generator: ArithmeticExtensionGenerator
generator: ArithmeticExtensionGenerator
generator: ArithmeticExtensionGenerator
generator: ArithmeticExtensionGenerator
generator: ArithmeticExtensionGenerator
generator: ArithmeticExtensionGenerator
generator: ArithmeticExtensionGenerator
generator: ArithmeticExtensionGenerator
generator: ArithmeticExtensionGenerator
generator: ArithmeticExtensionGenerator
generator: ArithmeticExtensionGenerator
generator: ArithmeticExtensionGenerator
generator: ArithmeticExtensionGenerator
generator: ArithmeticExtensionGenerator
generator: ArithmeticExtensionGenerator
generator: ArithmeticExtensionGenerator
generator: MulExtensionGenerator
generator: MulExtensionGenerator
generator: MulExtensionGenerator
generator: MulExtensionGenerator
generator: MulExtensionGenerator
generator: MulExtensionGenerator
generator: MulExtensionGenerator
generator: MulExtensionGenerator
generator: MulExtensionGenerator
generator: MulExtensionGenerator
generator: MulExtensionGenerator
generator: MulExtensionGenerator
generator: MulExtensionGenerator
generator: ArithmeticExtensionGenerator
generator: ArithmeticExtensionGenerator
generator: ArithmeticExtensionGenerator
generator: ArithmeticExtensionGenerator
generator: ArithmeticExtensionGenerator
generator: ArithmeticExtensionGenerator
generator: ArithmeticExtensionGenerator
generator: ArithmeticExtensionGenerator
generator: ArithmeticExtensionGenerator
generator: ArithmeticExtensionGenerator
generator: MulExtensionGenerator
generator: MulExtensionGenerator
generator: MulExtensionGenerator
generator: MulExtensionGenerator
generator: MulExtensionGenerator
generator: MulExtensionGenerator
generator: MulExtensionGenerator
generator: ArithmeticExtensionGenerator
generator: ArithmeticExtensionGenerator
generator: ArithmeticExtensionGenerator
generator: ArithmeticExtensionGenerator
generator: ArithmeticExtensionGenerator
generator: ArithmeticExtensionGenerator
generator: ArithmeticExtensionGenerator
generator: ArithmeticExtensionGenerator
generator: ArithmeticExtensionGenerator
generator: ArithmeticExtensionGenerator
generator: ArithmeticExtensionGenerator
generator: ArithmeticExtensionGenerator
generator: ArithmeticExtensionGenerator
generator: ArithmeticExtensionGenerator
generator: ArithmeticExtensionGenerator
generator: ArithmeticExtensionGenerator
generator: ArithmeticExtensionGenerator
generator: ArithmeticExtensionGenerator
generator: ArithmeticExtensionGenerator
generator: ArithmeticExtensionGenerator
generator: MulExtensionGenerator
generator: MulExtensionGenerator
generator: MulExtensionGenerator
generator: MulExtensionGenerator
generator: MulExtensionGenerator
generator: MulExtensionGenerator
generator: MulExtensionGenerator
generator: MulExtensionGenerator
generator: MulExtensionGenerator
generator: MulExtensionGenerator
generator: MulExtensionGenerator
generator: MulExtensionGenerator
generator: MulExtensionGenerator
generator: ArithmeticExtensionGenerator
generator: ArithmeticExtensionGenerator
generator: ArithmeticExtensionGenerator
generator: ArithmeticExtensionGenerator
generator: ArithmeticExtensionGenerator
generator: ArithmeticExtensionGenerator
generator: ArithmeticExtensionGenerator
generator: ArithmeticExtensionGenerator
generator: ArithmeticExtensionGenerator
generator: ArithmeticExtensionGenerator
generator: ArithmeticExtensionGenerator
generator: ArithmeticExtensionGenerator
generator: ArithmeticExtensionGenerator
generator: ArithmeticExtensionGenerator
generator: ArithmeticExtensionGenerator
generator: ArithmeticExtensionGenerator
generator: ArithmeticExtensionGenerator
generator: ArithmeticExtensionGenerator
generator: ArithmeticExtensionGenerator
generator: ArithmeticExtensionGenerator
generator: ArithmeticExtensionGenerator
generator: ArithmeticExtensionGenerator
generator: ArithmeticExtensionGenerator
generator: ArithmeticExtensionGenerator
generator: ArithmeticExtensionGenerator
generator: ArithmeticExtensionGenerator
generator: ArithmeticExtensionGenerator
generator: ArithmeticExtensionGenerator
generator: ArithmeticExtensionGenerator
generator: ArithmeticExtensionGenerator
generator: ArithmeticExtensionGenerator
generator: ArithmeticExtensionGenerator
generator: ArithmeticExtensionGenerator
generator: ArithmeticExtensionGenerator
generator: ArithmeticExtensionGenerator
generator: ArithmeticExtensionGenerator
generator: ArithmeticExtensionGenerator
generator: ArithmeticExtensionGenerator
generator: ArithmeticExtensionGenerator
generator: ArithmeticExtensionGenerator
generator: ArithmeticExtensionGenerator
generator: ArithmeticExtensionGenerator
generator: ArithmeticExtensionGenerator
generator: ArithmeticExtensionGenerator
generator: ArithmeticExtensionGenerator
generator: ArithmeticExtensionGenerator
generator: ArithmeticExtensionGenerator
generator: ArithmeticExtensionGenerator
generator: ArithmeticExtensionGenerator
generator: ArithmeticExtensionGenerator
generator: MulExtensionGenerator
generator: MulExtensionGenerator
generator: MulExtensionGenerator
generator: MulExtensionGenerator
generator: MulExtensionGenerator
generator: MulExtensionGenerator
generator: MulExtensionGenerator
generator: MulExtensionGenerator
generator: MulExtensionGenerator
generator: MulExtensionGenerator
generator: MulExtensionGenerator
generator: MulExtensionGenerator
generator: MulExtensionGenerator
generator: MulExtensionGenerator
generator: MulExtensionGenerator
generator: MulExtensionGenerator
generator: MulExtensionGenerator
generator: MulExtensionGenerator
generator: MulExtensionGenerator
generator: MulExtensionGenerator
generator: MulExtensionGenerator
generator: MulExtensionGenerator
generator: MulExtensionGenerator
generator: MulExtensionGenerator
generator: MulExtensionGenerator
generator: MulExtensionGenerator
generator: MulExtensionGenerator
generator: MulExtensionGenerator
generator: MulExtensionGenerator
generator: MulExtensionGenerator
generator: MulExtensionGenerator
generator: MulExtensionGenerator
generator: MulExtensionGenerator
generator: MulExtensionGenerator
generator: MulExtensionGenerator
generator: MulExtensionGenerator
generator: MulExtensionGenerator
generator: MulExtensionGenerator
generator: MulExtensionGenerator
generator: MulExtensionGenerator
generator: MulExtensionGenerator
generator: MulExtensionGenerator
generator: MulExtensionGenerator
generator: MulExtensionGenerator
generator: MulExtensionGenerator
generator: MulExtensionGenerator
generator: MulExtensionGenerator
generator: MulExtensionGenerator
generator: MulExtensionGenerator
generator: MulExtensionGenerator
generator: MulExtensionGenerator
generator: MulExtensionGenerator
generator: PoseidonMdsGenerator
generator: ArithmeticExtensionGenerator
generator: ArithmeticExtensionGenerator
generator: ArithmeticExtensionGenerator
generator: ArithmeticExtensionGenerator
generator: ArithmeticExtensionGenerator
generator: ArithmeticExtensionGenerator
generator: ArithmeticExtensionGenerator
generator: ArithmeticExtensionGenerator
generator: ArithmeticExtensionGenerator
generator: ArithmeticExtensionGenerator
generator: ArithmeticExtensionGenerator
generator: ArithmeticExtensionGenerator
generator: ArithmeticExtensionGenerator
generator: ArithmeticExtensionGenerator
generator: ArithmeticExtensionGenerator
generator: ArithmeticExtensionGenerator
generator: ArithmeticExtensionGenerator
generator: ArithmeticExtensionGenerator
generator: ArithmeticExtensionGenerator
generator: ArithmeticExtensionGenerator
generator: ArithmeticExtensionGenerator
generator: ArithmeticExtensionGenerator
generator: ArithmeticExtensionGenerator
generator: ArithmeticExtensionGenerator
generator: ArithmeticExtensionGenerator
generator: ArithmeticExtensionGenerator
generator: ArithmeticExtensionGenerator
generator: ArithmeticExtensionGenerator
generator: ArithmeticExtensionGenerator
generator: ArithmeticExtensionGenerator
generator: MulExtensionGenerator
generator: MulExtensionGenerator
generator: MulExtensionGenerator
generator: MulExtensionGenerator
generator: MulExtensionGenerator
generator: MulExtensionGenerator
generator: MulExtensionGenerator
generator: MulExtensionGenerator
generator: MulExtensionGenerator
generator: MulExtensionGenerator
generator: MulExtensionGenerator
generator: MulExtensionGenerator
generator: MulExtensionGenerator
generator: MulExtensionGenerator
generator: MulExtensionGenerator
generator: MulExtensionGenerator
generator: MulExtensionGenerator
generator: MulExtensionGenerator
generator: MulExtensionGenerator
generator: MulExtensionGenerator
generator: MulExtensionGenerator
generator: MulExtensionGenerator
generator: MulExtensionGenerator
generator: MulExtensionGenerator
generator: MulExtensionGenerator
generator: MulExtensionGenerator
generator: MulExtensionGenerator
generator: MulExtensionGenerator
generator: MulExtensionGenerator
generator: MulExtensionGenerator
generator: MulExtensionGenerator
generator: MulExtensionGenerator
generator: MulExtensionGenerator
generator: MulExtensionGenerator
generator: MulExtensionGenerator
generator: MulExtensionGenerator
generator: MulExtensionGenerator
generator: MulExtensionGenerator
generator: MulExtensionGenerator
generator: PoseidonMdsGenerator
generator: ArithmeticExtensionGenerator
generator: ArithmeticExtensionGenerator
generator: ArithmeticExtensionGenerator
generator: ArithmeticExtensionGenerator
generator: ArithmeticExtensionGenerator
generator: ArithmeticExtensionGenerator
generator: ArithmeticExtensionGenerator
generator: ArithmeticExtensionGenerator
generator: ArithmeticExtensionGenerator
generator: ArithmeticExtensionGenerator
generator: ArithmeticExtensionGenerator
generator: ArithmeticExtensionGenerator
generator: ArithmeticExtensionGenerator
generator: ArithmeticExtensionGenerator
generator: ArithmeticExtensionGenerator
generator: ArithmeticExtensionGenerator
generator: ArithmeticExtensionGenerator
generator: ArithmeticExtensionGenerator
generator: ArithmeticExtensionGenerator
generator: ArithmeticExtensionGenerator
generator: MulExtensionGenerator
generator: MulExtensionGenerator
generator: MulExtensionGenerator
generator: MulExtensionGenerator
generator: MulExtensionGenerator
generator: MulExtensionGenerator
generator: MulExtensionGenerator
generator: MulExtensionGenerator
generator: MulExtensionGenerator
generator: MulExtensionGenerator
generator: MulExtensionGenerator
generator: MulExtensionGenerator
generator: MulExtensionGenerator
generator: MulExtensionGenerator
generator: MulExtensionGenerator
generator: MulExtensionGenerator
generator: MulExtensionGenerator
generator: MulExtensionGenerator
generator: MulExtensionGenerator
generator: MulExtensionGenerator
generator: MulExtensionGenerator
generator: MulExtensionGenerator
generator: MulExtensionGenerator
generator: MulExtensionGenerator
generator: MulExtensionGenerator
generator: MulExtensionGenerator
generator: MulExtensionGenerator
generator: MulExtensionGenerator
generator: MulExtensionGenerator
generator: MulExtensionGenerator
generator: MulExtensionGenerator
generator: MulExtensionGenerator
generator: MulExtensionGenerator
generator: MulExtensionGenerator
generator: MulExtensionGenerator
generator: MulExtensionGenerator
generator: MulExtensionGenerator
generator: MulExtensionGenerator
generator: MulExtensionGenerator
generator: MulExtensionGenerator
generator: MulExtensionGenerator
generator: MulExtensionGenerator
generator: MulExtensionGenerator
generator: MulExtensionGenerator
generator: MulExtensionGenerator
generator: MulExtensionGenerator
generator: MulExtensionGenerator
generator: MulExtensionGenerator
generator: MulExtensionGenerator
generator: MulExtensionGenerator
generator: MulExtensionGenerator
generator: MulExtensionGenerator
generator: PoseidonMdsGenerator
generator: ArithmeticExtensionGenerator
generator: ArithmeticExtensionGenerator
generator: ArithmeticExtensionGenerator
generator: ArithmeticExtensionGenerator
generator: ArithmeticExtensionGenerator
generator: ArithmeticExtensionGenerator
generator: ArithmeticExtensionGenerator
generator: ArithmeticExtensionGenerator
generator: ArithmeticExtensionGenerator
generator: ArithmeticExtensionGenerator
generator: ArithmeticExtensionGenerator
generator: ArithmeticExtensionGenerator
generator: ArithmeticExtensionGenerator
generator: ArithmeticExtensionGenerator
generator: ArithmeticExtensionGenerator
generator: ArithmeticExtensionGenerator
generator: ArithmeticExtensionGenerator
generator: ArithmeticExtensionGenerator
generator: ArithmeticExtensionGenerator
generator: ArithmeticExtensionGenerator
generator: MulExtensionGenerator
generator: MulExtensionGenerator
generator: MulExtensionGenerator
generator: MulExtensionGenerator
generator: MulExtensionGenerator
generator: MulExtensionGenerator
generator: MulExtensionGenerator
generator: MulExtensionGenerator
generator: MulExtensionGenerator
generator: MulExtensionGenerator
generator: MulExtensionGenerator
generator: MulExtensionGenerator
generator: MulExtensionGenerator
generator: MulExtensionGenerator
generator: MulExtensionGenerator
generator: MulExtensionGenerator
generator: MulExtensionGenerator
generator: MulExtensionGenerator
generator: MulExtensionGenerator
generator: MulExtensionGenerator
generator: MulExtensionGenerator
generator: MulExtensionGenerator
generator: MulExtensionGenerator
generator: MulExtensionGenerator
generator: MulExtensionGenerator
generator: MulExtensionGenerator
generator: MulExtensionGenerator
generator: MulExtensionGenerator
generator: MulExtensionGenerator
generator: MulExtensionGenerator
generator: MulExtensionGenerator
generator: MulExtensionGenerator
generator: MulExtensionGenerator
generator: MulExtensionGenerator
generator: MulExtensionGenerator
generator: MulExtensionGenerator
generator: MulExtensionGenerator
generator: MulExtensionGenerator
generator: MulExtensionGenerator
generator: MulExtensionGenerator
generator: MulExtensionGenerator
generator: MulExtensionGenerator
generator: MulExtensionGenerator
generator: MulExtensionGenerator
generator: MulExtensionGenerator
generator: MulExtensionGenerator
generator: MulExtensionGenerator
generator: MulExtensionGenerator
generator: MulExtensionGenerator
generator: MulExtensionGenerator
generator: MulExtensionGenerator
generator: MulExtensionGenerator
generator: PoseidonMdsGenerator
generator: ArithmeticExtensionGenerator
generator: ArithmeticExtensionGenerator
generator: ArithmeticExtensionGenerator
generator: ArithmeticExtensionGenerator
generator: ArithmeticExtensionGenerator
generator: ArithmeticExtensionGenerator
generator: ArithmeticExtensionGenerator
generator: ArithmeticExtensionGenerator
generator: ArithmeticExtensionGenerator
generator: ArithmeticExtensionGenerator
generator: PoseidonMdsGenerator
generator: ArithmeticExtensionGenerator
generator: ArithmeticExtensionGenerator
generator: ArithmeticExtensionGenerator
generator: ArithmeticExtensionGenerator
generator: ArithmeticExtensionGenerator
generator: ArithmeticExtensionGenerator
generator: ArithmeticExtensionGenerator
generator: ArithmeticExtensionGenerator
generator: ArithmeticExtensionGenerator
generator: ArithmeticExtensionGenerator
generator: ArithmeticExtensionGenerator
generator: ArithmeticExtensionGenerator
generator: ArithmeticExtensionGenerator
generator: ArithmeticExtensionGenerator
generator: ArithmeticExtensionGenerator
generator: ArithmeticExtensionGenerator
generator: ArithmeticExtensionGenerator
generator: ArithmeticExtensionGenerator
generator: ArithmeticExtensionGenerator
generator: ArithmeticExtensionGenerator
generator: PoseidonMdsGenerator
generator: ArithmeticExtensionGenerator
generator: ArithmeticExtensionGenerator
generator: ArithmeticExtensionGenerator
generator: ArithmeticExtensionGenerator
generator: ArithmeticExtensionGenerator
generator: ArithmeticExtensionGenerator
generator: ArithmeticExtensionGenerator
generator: ArithmeticExtensionGenerator
generator: ArithmeticExtensionGenerator
generator: ArithmeticExtensionGenerator
generator: ArithmeticExtensionGenerator
generator: ArithmeticExtensionGenerator
generator: ArithmeticExtensionGenerator
generator: ArithmeticExtensionGenerator
generator: ArithmeticExtensionGenerator
generator: ArithmeticExtensionGenerator
generator: ArithmeticExtensionGenerator
generator: ArithmeticExtensionGenerator
generator: ArithmeticExtensionGenerator
generator: ArithmeticExtensionGenerator
generator: MulExtensionGenerator
generator: MulExtensionGenerator
generator: MulExtensionGenerator
generator: MulExtensionGenerator
generator: MulExtensionGenerator
generator: MulExtensionGenerator
generator: MulExtensionGenerator
generator: MulExtensionGenerator
generator: MulExtensionGenerator
generator: MulExtensionGenerator
generator: MulExtensionGenerator
generator: MulExtensionGenerator
generator: MulExtensionGenerator
generator: PoseidonMdsGenerator
generator: ArithmeticExtensionGenerator
generator: ArithmeticExtensionGenerator
generator: ArithmeticExtensionGenerator
generator: ArithmeticExtensionGenerator
generator: ArithmeticExtensionGenerator
generator: ArithmeticExtensionGenerator
generator: ArithmeticExtensionGenerator
generator: ArithmeticExtensionGenerator
generator: ArithmeticExtensionGenerator
generator: ArithmeticExtensionGenerator
generator: PoseidonMdsGenerator
generator: ArithmeticExtensionGenerator
generator: ArithmeticExtensionGenerator
generator: ArithmeticExtensionGenerator
generator: ArithmeticExtensionGenerator
generator: ArithmeticExtensionGenerator
generator: ArithmeticExtensionGenerator
generator: ArithmeticExtensionGenerator
generator: ArithmeticExtensionGenerator
generator: ArithmeticExtensionGenerator
generator: ArithmeticExtensionGenerator
generator: PoseidonMdsGenerator
generator: ArithmeticExtensionGenerator
generator: ArithmeticExtensionGenerator
generator: ArithmeticExtensionGenerator
generator: ArithmeticExtensionGenerator
generator: ArithmeticExtensionGenerator
generator: ArithmeticExtensionGenerator
generator: ArithmeticExtensionGenerator
generator: ArithmeticExtensionGenerator
generator: ArithmeticExtensionGenerator
generator: ArithmeticExtensionGenerator
generator: MulExtensionGenerator
generator: MulExtensionGenerator
generator: MulExtensionGenerator
generator: MulExtensionGenerator
generator: MulExtensionGenerator
generator: MulExtensionGenerator
generator: MulExtensionGenerator
generator: MulExtensionGenerator
generator: MulExtensionGenerator
generator: MulExtensionGenerator
generator: MulExtensionGenerator
generator: MulExtensionGenerator
generator: MulExtensionGenerator
generator: PoseidonMdsGenerator
generator: ArithmeticExtensionGenerator
generator: ArithmeticExtensionGenerator
generator: ArithmeticExtensionGenerator
generator: ArithmeticExtensionGenerator
generator: ArithmeticExtensionGenerator
generator: ArithmeticExtensionGenerator
generator: ArithmeticExtensionGenerator
generator: ArithmeticExtensionGenerator
generator: ArithmeticExtensionGenerator
generator: ArithmeticExtensionGenerator
generator: PoseidonMdsGenerator
generator: ArithmeticExtensionGenerator
generator: ArithmeticExtensionGenerator
generator: ArithmeticExtensionGenerator
generator: ArithmeticExtensionGenerator
generator: ArithmeticExtensionGenerator
generator: ArithmeticExtensionGenerator
generator: ArithmeticExtensionGenerator
generator: ArithmeticExtensionGenerator
generator: ArithmeticExtensionGenerator
generator: ArithmeticExtensionGenerator
generator: ArithmeticExtensionGenerator
generator: ArithmeticExtensionGenerator
generator: ArithmeticExtensionGenerator
generator: ArithmeticExtensionGenerator
generator: ArithmeticExtensionGenerator
generator: ArithmeticExtensionGenerator
generator: ArithmeticExtensionGenerator
generator: ArithmeticExtensionGenerator
generator: ArithmeticExtensionGenerator
generator: ArithmeticExtensionGenerator
generator: PoseidonMdsGenerator
generator: ArithmeticExtensionGenerator
generator: ArithmeticExtensionGenerator
generator: ArithmeticExtensionGenerator
generator: ArithmeticExtensionGenerator
generator: ArithmeticExtensionGenerator
generator: ArithmeticExtensionGenerator
generator: ArithmeticExtensionGenerator
generator: ArithmeticExtensionGenerator
generator: ArithmeticExtensionGenerator
generator: ArithmeticExtensionGenerator
generator: PoseidonMdsGenerator
generator: ArithmeticExtensionGenerator
generator: ArithmeticExtensionGenerator
generator: ArithmeticExtensionGenerator
generator: ArithmeticExtensionGenerator
generator: ArithmeticExtensionGenerator
generator: ArithmeticExtensionGenerator
generator: ArithmeticExtensionGenerator
generator: ArithmeticExtensionGenerator
generator: ArithmeticExtensionGenerator
generator: ArithmeticExtensionGenerator
generator: MulExtensionGenerator
generator: MulExtensionGenerator
generator: MulExtensionGenerator
generator: MulExtensionGenerator
generator: MulExtensionGenerator
generator: MulExtensionGenerator
generator: MulExtensionGenerator
generator: MulExtensionGenerator
generator: MulExtensionGenerator
generator: MulExtensionGenerator
generator: MulExtensionGenerator
generator: MulExtensionGenerator
generator: MulExtensionGenerator
generator: PoseidonMdsGenerator
generator: ArithmeticExtensionGenerator
generator: ArithmeticExtensionGenerator
generator: ArithmeticExtensionGenerator
generator: ArithmeticExtensionGenerator
generator: ArithmeticExtensionGenerator
generator: ArithmeticExtensionGenerator
generator: ArithmeticExtensionGenerator
generator: ArithmeticExtensionGenerator
generator: ArithmeticExtensionGenerator
generator: ArithmeticExtensionGenerator
generator: PoseidonMdsGenerator
generator: ArithmeticExtensionGenerator
generator: ArithmeticExtensionGenerator
generator: ArithmeticExtensionGenerator
generator: ArithmeticExtensionGenerator
generator: ArithmeticExtensionGenerator
generator: ArithmeticExtensionGenerator
generator: ArithmeticExtensionGenerator
generator: ArithmeticExtensionGenerator
generator: ArithmeticExtensionGenerator
generator: ArithmeticExtensionGenerator
generator: ArithmeticExtensionGenerator
generator: ArithmeticExtensionGenerator
generator: ArithmeticExtensionGenerator
generator: ArithmeticExtensionGenerator
generator: ArithmeticExtensionGenerator
generator: ArithmeticExtensionGenerator
generator: ArithmeticExtensionGenerator
generator: ArithmeticExtensionGenerator
generator: ArithmeticExtensionGenerator
generator: ArithmeticExtensionGenerator
generator: PoseidonMdsGenerator
generator: ArithmeticExtensionGenerator
generator: ArithmeticExtensionGenerator
generator: ArithmeticExtensionGenerator
generator: ArithmeticExtensionGenerator
generator: ArithmeticExtensionGenerator
generator: ArithmeticExtensionGenerator
generator: ArithmeticExtensionGenerator
generator: ArithmeticExtensionGenerator
generator: ArithmeticExtensionGenerator
generator: ArithmeticExtensionGenerator
generator: ArithmeticExtensionGenerator
generator: ArithmeticExtensionGenerator
generator: ArithmeticExtensionGenerator
generator: ArithmeticExtensionGenerator
generator: ArithmeticExtensionGenerator
generator: ArithmeticExtensionGenerator
generator: ArithmeticExtensionGenerator
generator: ArithmeticExtensionGenerator
generator: ArithmeticExtensionGenerator
generator: ArithmeticExtensionGenerator
generator: MulExtensionGenerator
generator: MulExtensionGenerator
generator: MulExtensionGenerator
generator: MulExtensionGenerator
generator: MulExtensionGenerator
generator: MulExtensionGenerator
generator: MulExtensionGenerator
generator: MulExtensionGenerator
generator: MulExtensionGenerator
generator: MulExtensionGenerator
generator: MulExtensionGenerator
generator: MulExtensionGenerator
generator: MulExtensionGenerator
generator: PoseidonMdsGenerator
generator: ArithmeticExtensionGenerator
generator: ArithmeticExtensionGenerator
generator: ArithmeticExtensionGenerator
generator: ArithmeticExtensionGenerator
generator: ArithmeticExtensionGenerator
generator: ArithmeticExtensionGenerator
generator: ArithmeticExtensionGenerator
generator: ArithmeticExtensionGenerator
generator: ArithmeticExtensionGenerator
generator: ArithmeticExtensionGenerator
generator: PoseidonMdsGenerator
generator: ArithmeticExtensionGenerator
generator: ArithmeticExtensionGenerator
generator: ArithmeticExtensionGenerator
generator: ArithmeticExtensionGenerator
generator: ArithmeticExtensionGenerator
generator: ArithmeticExtensionGenerator
generator: ArithmeticExtensionGenerator
generator: ArithmeticExtensionGenerator
generator: ArithmeticExtensionGenerator
generator: ArithmeticExtensionGenerator
generator: PoseidonMdsGenerator
generator: ArithmeticExtensionGenerator
generator: ArithmeticExtensionGenerator
generator: ArithmeticExtensionGenerator
generator: ArithmeticExtensionGenerator
generator: ArithmeticExtensionGenerator
generator: ArithmeticExtensionGenerator
generator: ArithmeticExtensionGenerator
generator: ArithmeticExtensionGenerator
generator: ArithmeticExtensionGenerator
generator: ArithmeticExtensionGenerator
generator: MulExtensionGenerator
generator: MulExtensionGenerator
generator: MulExtensionGenerator
generator: MulExtensionGenerator
generator: MulExtensionGenerator
generator: MulExtensionGenerator
generator: MulExtensionGenerator
generator: MulExtensionGenerator
generator: MulExtensionGenerator
generator: MulExtensionGenerator
generator: MulExtensionGenerator
generator: MulExtensionGenerator
generator: MulExtensionGenerator
generator: PoseidonMdsGenerator
generator: ArithmeticExtensionGenerator
generator: ArithmeticExtensionGenerator
generator: ArithmeticExtensionGenerator
generator: ArithmeticExtensionGenerator
generator: ArithmeticExtensionGenerator
generator: ArithmeticExtensionGenerator
generator: ArithmeticExtensionGenerator
generator: ArithmeticExtensionGenerator
generator: ArithmeticExtensionGenerator
generator: ArithmeticExtensionGenerator
generator: PoseidonMdsGenerator
generator: ArithmeticExtensionGenerator
generator: ArithmeticExtensionGenerator
generator: ArithmeticExtensionGenerator
generator: ArithmeticExtensionGenerator
generator: ArithmeticExtensionGenerator
generator: ArithmeticExtensionGenerator
generator: ArithmeticExtensionGenerator
generator: ArithmeticExtensionGenerator
generator: ArithmeticExtensionGenerator
generator: ArithmeticExtensionGenerator
generator: ArithmeticExtensionGenerator
generator: ArithmeticExtensionGenerator
generator: ArithmeticExtensionGenerator
generator: ArithmeticExtensionGenerator
generator: ArithmeticExtensionGenerator
generator: ArithmeticExtensionGenerator
generator: ArithmeticExtensionGenerator
generator: ArithmeticExtensionGenerator
generator: ArithmeticExtensionGenerator
generator: ArithmeticExtensionGenerator
generator: PoseidonMdsGenerator
generator: ArithmeticExtensionGenerator
generator: ArithmeticExtensionGenerator
generator: ArithmeticExtensionGenerator
generator: ArithmeticExtensionGenerator
generator: ArithmeticExtensionGenerator
generator: ArithmeticExtensionGenerator
generator: ArithmeticExtensionGenerator
generator: ArithmeticExtensionGenerator
generator: ArithmeticExtensionGenerator
generator: ArithmeticExtensionGenerator
generator: MulExtensionGenerator
generator: MulExtensionGenerator
generator: MulExtensionGenerator
generator: MulExtensionGenerator
generator: MulExtensionGenerator
generator: MulExtensionGenerator
generator: MulExtensionGenerator
generator: MulExtensionGenerator
generator: MulExtensionGenerator
generator: MulExtensionGenerator
generator: MulExtensionGenerator
generator: MulExtensionGenerator
generator: MulExtensionGenerator
generator: PoseidonMdsGenerator
generator: ArithmeticExtensionGenerator
generator: ArithmeticExtensionGenerator
generator: ArithmeticExtensionGenerator
generator: ArithmeticExtensionGenerator
generator: ArithmeticExtensionGenerator
generator: ArithmeticExtensionGenerator
generator: ArithmeticExtensionGenerator
generator: ArithmeticExtensionGenerator
generator: ArithmeticExtensionGenerator
generator: ArithmeticExtensionGenerator
generator: PoseidonMdsGenerator
generator: ArithmeticExtensionGenerator
generator: ArithmeticExtensionGenerator
generator: ArithmeticExtensionGenerator
generator: ArithmeticExtensionGenerator
generator: ArithmeticExtensionGenerator
generator: ArithmeticExtensionGenerator
generator: ArithmeticExtensionGenerator
generator: ArithmeticExtensionGenerator
generator: ArithmeticExtensionGenerator
generator: ArithmeticExtensionGenerator
generator: PoseidonMdsGenerator
generator: ArithmeticExtensionGenerator
generator: ArithmeticExtensionGenerator
generator: ArithmeticExtensionGenerator
generator: ArithmeticExtensionGenerator
generator: ArithmeticExtensionGenerator
generator: ArithmeticExtensionGenerator
generator: ArithmeticExtensionGenerator
generator: ArithmeticExtensionGenerator
generator: ArithmeticExtensionGenerator
generator: ArithmeticExtensionGenerator
generator: ArithmeticExtensionGenerator
generator: ArithmeticExtensionGenerator
generator: ArithmeticExtensionGenerator
generator: ArithmeticExtensionGenerator
generator: ArithmeticExtensionGenerator
generator: ArithmeticExtensionGenerator
generator: ArithmeticExtensionGenerator
generator: ArithmeticExtensionGenerator
generator: ArithmeticExtensionGenerator
generator: ArithmeticExtensionGenerator
generator: PoseidonMdsGenerator
generator: ArithmeticExtensionGenerator
generator: ArithmeticExtensionGenerator
generator: ArithmeticExtensionGenerator
generator: ArithmeticExtensionGenerator
generator: ArithmeticExtensionGenerator
generator: ArithmeticExtensionGenerator
generator: ArithmeticExtensionGenerator
generator: ArithmeticExtensionGenerator
generator: ArithmeticExtensionGenerator
generator: ArithmeticExtensionGenerator
generator: ArithmeticExtensionGenerator
generator: ArithmeticExtensionGenerator
generator: ArithmeticExtensionGenerator
generator: ArithmeticExtensionGenerator
generator: ArithmeticExtensionGenerator
generator: ArithmeticExtensionGenerator
generator: ArithmeticExtensionGenerator
generator: ArithmeticExtensionGenerator
generator: ArithmeticExtensionGenerator
generator: ArithmeticExtensionGenerator
generator: ArithmeticExtensionGenerator
generator: ArithmeticExtensionGenerator
generator: ArithmeticExtensionGenerator
generator: ArithmeticExtensionGenerator
generator: ArithmeticExtensionGenerator
generator: ArithmeticExtensionGenerator
generator: ArithmeticExtensionGenerator
generator: ArithmeticExtensionGenerator
generator: ArithmeticExtensionGenerator
generator: ArithmeticExtensionGenerator
generator: MulExtensionGenerator
generator: MulExtensionGenerator
generator: MulExtensionGenerator
generator: MulExtensionGenerator
generator: MulExtensionGenerator
generator: MulExtensionGenerator
generator: MulExtensionGenerator
generator: MulExtensionGenerator
generator: MulExtensionGenerator
generator: MulExtensionGenerator
generator: MulExtensionGenerator
generator: MulExtensionGenerator
generator: MulExtensionGenerator
generator: MulExtensionGenerator
generator: MulExtensionGenerator
generator: MulExtensionGenerator
generator: MulExtensionGenerator
generator: MulExtensionGenerator
generator: MulExtensionGenerator
generator: MulExtensionGenerator
generator: MulExtensionGenerator
generator: MulExtensionGenerator
generator: MulExtensionGenerator
generator: MulExtensionGenerator
generator: MulExtensionGenerator
generator: MulExtensionGenerator
generator: MulExtensionGenerator
generator: MulExtensionGenerator
generator: MulExtensionGenerator
generator: MulExtensionGenerator
generator: MulExtensionGenerator
generator: MulExtensionGenerator
generator: MulExtensionGenerator
generator: MulExtensionGenerator
generator: MulExtensionGenerator
generator: MulExtensionGenerator
generator: MulExtensionGenerator
generator: MulExtensionGenerator
generator: MulExtensionGenerator
generator: MulExtensionGenerator
generator: MulExtensionGenerator
generator: MulExtensionGenerator
generator: MulExtensionGenerator
generator: MulExtensionGenerator
generator: MulExtensionGenerator
generator: MulExtensionGenerator
generator: MulExtensionGenerator
generator: MulExtensionGenerator
generator: MulExtensionGenerator
generator: MulExtensionGenerator
generator: MulExtensionGenerator
generator: MulExtensionGenerator
generator: PoseidonMdsGenerator
generator: ArithmeticExtensionGenerator
generator: ArithmeticExtensionGenerator
generator: ArithmeticExtensionGenerator
generator: ArithmeticExtensionGenerator
generator: ArithmeticExtensionGenerator
generator: ArithmeticExtensionGenerator
generator: ArithmeticExtensionGenerator
generator: ArithmeticExtensionGenerator
generator: ArithmeticExtensionGenerator
generator: ArithmeticExtensionGenerator
generator: ArithmeticExtensionGenerator
generator: ArithmeticExtensionGenerator
generator: ArithmeticExtensionGenerator
generator: ArithmeticExtensionGenerator
generator: ArithmeticExtensionGenerator
generator: ArithmeticExtensionGenerator
generator: ArithmeticExtensionGenerator
generator: ArithmeticExtensionGenerator
generator: ArithmeticExtensionGenerator
generator: ArithmeticExtensionGenerator
generator: MulExtensionGenerator
generator: MulExtensionGenerator
generator: MulExtensionGenerator
generator: MulExtensionGenerator
generator: MulExtensionGenerator
generator: MulExtensionGenerator
generator: MulExtensionGenerator
generator: MulExtensionGenerator
generator: MulExtensionGenerator
generator: MulExtensionGenerator
generator: MulExtensionGenerator
generator: MulExtensionGenerator
generator: MulExtensionGenerator
generator: MulExtensionGenerator
generator: MulExtensionGenerator
generator: MulExtensionGenerator
generator: MulExtensionGenerator
generator: MulExtensionGenerator
generator: MulExtensionGenerator
generator: MulExtensionGenerator
generator: MulExtensionGenerator
generator: MulExtensionGenerator
generator: MulExtensionGenerator
generator: MulExtensionGenerator
generator: MulExtensionGenerator
generator: MulExtensionGenerator
generator: MulExtensionGenerator
generator: MulExtensionGenerator
generator: MulExtensionGenerator
generator: MulExtensionGenerator
generator: MulExtensionGenerator
generator: MulExtensionGenerator
generator: MulExtensionGenerator
generator: MulExtensionGenerator
generator: MulExtensionGenerator
generator: MulExtensionGenerator
generator: MulExtensionGenerator
generator: MulExtensionGenerator
generator: MulExtensionGenerator
generator: MulExtensionGenerator
generator: MulExtensionGenerator
generator: MulExtensionGenerator
generator: MulExtensionGenerator
generator: MulExtensionGenerator
generator: MulExtensionGenerator
generator: MulExtensionGenerator
generator: MulExtensionGenerator
generator: MulExtensionGenerator
generator: MulExtensionGenerator
generator: MulExtensionGenerator
generator: MulExtensionGenerator
generator: MulExtensionGenerator
generator: PoseidonMdsGenerator
generator: ArithmeticExtensionGenerator
generator: ArithmeticExtensionGenerator
generator: ArithmeticExtensionGenerator
generator: ArithmeticExtensionGenerator
generator: ArithmeticExtensionGenerator
generator: ArithmeticExtensionGenerator
generator: ArithmeticExtensionGenerator
generator: ArithmeticExtensionGenerator
generator: ArithmeticExtensionGenerator
generator: ArithmeticExtensionGenerator
generator: ArithmeticExtensionGenerator
generator: ArithmeticExtensionGenerator
generator: ArithmeticExtensionGenerator
generator: ArithmeticExtensionGenerator
generator: ArithmeticExtensionGenerator
generator: ArithmeticExtensionGenerator
generator: ArithmeticExtensionGenerator
generator: ArithmeticExtensionGenerator
generator: ArithmeticExtensionGenerator
generator: ArithmeticExtensionGenerator
generator: MulExtensionGenerator
generator: MulExtensionGenerator
generator: MulExtensionGenerator
generator: MulExtensionGenerator
generator: MulExtensionGenerator
generator: MulExtensionGenerator
generator: MulExtensionGenerator
generator: MulExtensionGenerator
generator: MulExtensionGenerator
generator: MulExtensionGenerator
generator: MulExtensionGenerator
generator: MulExtensionGenerator
generator: MulExtensionGenerator
generator: MulExtensionGenerator
generator: MulExtensionGenerator
generator: MulExtensionGenerator
generator: MulExtensionGenerator
generator: MulExtensionGenerator
generator: MulExtensionGenerator
generator: MulExtensionGenerator
generator: MulExtensionGenerator
generator: MulExtensionGenerator
generator: MulExtensionGenerator
generator: MulExtensionGenerator
generator: MulExtensionGenerator
generator: MulExtensionGenerator
generator: MulExtensionGenerator
generator: MulExtensionGenerator
generator: MulExtensionGenerator
generator: MulExtensionGenerator
generator: MulExtensionGenerator
generator: MulExtensionGenerator
generator: MulExtensionGenerator
generator: MulExtensionGenerator
generator: MulExtensionGenerator
generator: MulExtensionGenerator
generator: MulExtensionGenerator
generator: MulExtensionGenerator
generator: MulExtensionGenerator
generator: MulExtensionGenerator
generator: MulExtensionGenerator
generator: MulExtensionGenerator
generator: MulExtensionGenerator
generator: MulExtensionGenerator
generator: MulExtensionGenerator
generator: MulExtensionGenerator
generator: MulExtensionGenerator
generator: MulExtensionGenerator
generator: MulExtensionGenerator
generator: MulExtensionGenerator
generator: MulExtensionGenerator
generator: MulExtensionGenerator
generator: PoseidonMdsGenerator
generator: ArithmeticExtensionGenerator
generator: ArithmeticExtensionGenerator
generator: ArithmeticExtensionGenerator
generator: ArithmeticExtensionGenerator
generator: ArithmeticExtensionGenerator
generator: ArithmeticExtensionGenerator
generator: ArithmeticExtensionGenerator
generator: ArithmeticExtensionGenerator
generator: ArithmeticExtensionGenerator
generator: ArithmeticExtensionGenerator
generator: ArithmeticExtensionGenerator
generator: ArithmeticExtensionGenerator
generator: ArithmeticExtensionGenerator
generator: ArithmeticExtensionGenerator
generator: ArithmeticExtensionGenerator
generator: ArithmeticExtensionGenerator
generator: ArithmeticExtensionGenerator
generator: ArithmeticExtensionGenerator
generator: ArithmeticExtensionGenerator
generator: ArithmeticExtensionGenerator
generator: MulExtensionGenerator
generator: MulExtensionGenerator
generator: MulExtensionGenerator
generator: MulExtensionGenerator
generator: MulExtensionGenerator
generator: MulExtensionGenerator
generator: MulExtensionGenerator
generator: MulExtensionGenerator
generator: MulExtensionGenerator
generator: MulExtensionGenerator
generator: MulExtensionGenerator
generator: MulExtensionGenerator
generator: MulExtensionGenerator
generator: MulExtensionGenerator
generator: MulExtensionGenerator
generator: MulExtensionGenerator
generator: MulExtensionGenerator
generator: MulExtensionGenerator
generator: MulExtensionGenerator
generator: MulExtensionGenerator
generator: MulExtensionGenerator
generator: MulExtensionGenerator
generator: MulExtensionGenerator
generator: MulExtensionGenerator
generator: MulExtensionGenerator
generator: MulExtensionGenerator
generator: MulExtensionGenerator
generator: MulExtensionGenerator
generator: MulExtensionGenerator
generator: MulExtensionGenerator
generator: MulExtensionGenerator
generator: MulExtensionGenerator
generator: MulExtensionGenerator
generator: MulExtensionGenerator
generator: MulExtensionGenerator
generator: MulExtensionGenerator
generator: MulExtensionGenerator
generator: MulExtensionGenerator
generator: MulExtensionGenerator
generator: PoseidonMdsGenerator
generator: ArithmeticExtensionGenerator
generator: ArithmeticExtensionGenerator
generator: ArithmeticExtensionGenerator
generator: ArithmeticExtensionGenerator
generator: ArithmeticExtensionGenerator
generator: ArithmeticExtensionGenerator
generator: ArithmeticExtensionGenerator
generator: ArithmeticExtensionGenerator
generator: ArithmeticExtensionGenerator
generator: ArithmeticExtensionGenerator
generator: ArithmeticExtensionGenerator
generator: ArithmeticExtensionGenerator
generator: ArithmeticExtensionGenerator
generator: ArithmeticExtensionGenerator
generator: ArithmeticExtensionGenerator
generator: ArithmeticExtensionGenerator
generator: ArithmeticExtensionGenerator
generator: ArithmeticExtensionGenerator
generator: ArithmeticExtensionGenerator
generator: ArithmeticExtensionGenerator
generator: ArithmeticExtensionGenerator
generator: ArithmeticExtensionGenerator
generator: ArithmeticExtensionGenerator
generator: ArithmeticExtensionGenerator
generator: ArithmeticExtensionGenerator
generator: ArithmeticExtensionGenerator
generator: ArithmeticExtensionGenerator
generator: ArithmeticExtensionGenerator
generator: ArithmeticExtensionGenerator
generator: ArithmeticExtensionGenerator
generator: ArithmeticExtensionGenerator
generator: ArithmeticExtensionGenerator
generator: ArithmeticExtensionGenerator
generator: ArithmeticExtensionGenerator
generator: ArithmeticExtensionGenerator
generator: ArithmeticExtensionGenerator
generator: ArithmeticExtensionGenerator
generator: ArithmeticExtensionGenerator
generator: ArithmeticExtensionGenerator
generator: ArithmeticExtensionGenerator
generator: ArithmeticExtensionGenerator
generator: ArithmeticExtensionGenerator
generator: ArithmeticExtensionGenerator
generator: ArithmeticExtensionGenerator
generator: ArithmeticExtensionGenerator
generator: ArithmeticExtensionGenerator
generator: ArithmeticExtensionGenerator
generator: ArithmeticExtensionGenerator
generator: ArithmeticExtensionGenerator
generator: ArithmeticExtensionGenerator
generator: ArithmeticExtensionGenerator
generator: ArithmeticExtensionGenerator
generator: ArithmeticExtensionGenerator
generator: ArithmeticExtensionGenerator
generator: ArithmeticExtensionGenerator
generator: ArithmeticExtensionGenerator
generator: ArithmeticExtensionGenerator
generator: ArithmeticExtensionGenerator
generator: ArithmeticExtensionGenerator
generator: ArithmeticExtensionGenerator
generator: ArithmeticExtensionGenerator
generator: ArithmeticExtensionGenerator
generator: ArithmeticExtensionGenerator
generator: ArithmeticExtensionGenerator
generator: ArithmeticExtensionGenerator
generator: ArithmeticExtensionGenerator
generator: ArithmeticExtensionGenerator
generator: ArithmeticExtensionGenerator
generator: ArithmeticExtensionGenerator
generator: ArithmeticExtensionGenerator
generator: ArithmeticExtensionGenerator
generator: ArithmeticExtensionGenerator
generator: ArithmeticExtensionGenerator
generator: ArithmeticExtensionGenerator
generator: ArithmeticExtensionGenerator
generator: ArithmeticExtensionGenerator
generator: ArithmeticExtensionGenerator
generator: ArithmeticExtensionGenerator
generator: ArithmeticExtensionGenerator
generator: ArithmeticExtensionGenerator
generator: ArithmeticExtensionGenerator
generator: ArithmeticExtensionGenerator
generator: ArithmeticExtensionGenerator
generator: ArithmeticExtensionGenerator
generator: ArithmeticExtensionGenerator
generator: ArithmeticExtensionGenerator
generator: ArithmeticExtensionGenerator
generator: ArithmeticExtensionGenerator
generator: ArithmeticExtensionGenerator
generator: ArithmeticExtensionGenerator
generator: ArithmeticExtensionGenerator
generator: ArithmeticExtensionGenerator
generator: ArithmeticExtensionGenerator
generator: ArithmeticExtensionGenerator
generator: ArithmeticExtensionGenerator
generator: ArithmeticExtensionGenerator
generator: ArithmeticExtensionGenerator
generator: ArithmeticExtensionGenerator
generator: ArithmeticExtensionGenerator
generator: ArithmeticExtensionGenerator
generator: ArithmeticExtensionGenerator
generator: ArithmeticExtensionGenerator
generator: ArithmeticExtensionGenerator
generator: ArithmeticExtensionGenerator
generator: ArithmeticExtensionGenerator
generator: ArithmeticExtensionGenerator
generator: ArithmeticExtensionGenerator
generator: ArithmeticExtensionGenerator
generator: ArithmeticExtensionGenerator
generator: ArithmeticExtensionGenerator
generator: MulExtensionGenerator
generator: MulExtensionGenerator
generator: MulExtensionGenerator
generator: MulExtensionGenerator
generator: MulExtensionGenerator
generator: MulExtensionGenerator
generator: MulExtensionGenerator
generator: MulExtensionGenerator
generator: MulExtensionGenerator
generator: MulExtensionGenerator
generator: MulExtensionGenerator
generator: MulExtensionGenerator
generator: MulExtensionGenerator
generator: MulExtensionGenerator
generator: MulExtensionGenerator
generator: MulExtensionGenerator
generator: MulExtensionGenerator
generator: MulExtensionGenerator
generator: MulExtensionGenerator
generator: MulExtensionGenerator
generator: MulExtensionGenerator
generator: MulExtensionGenerator
generator: MulExtensionGenerator
generator: MulExtensionGenerator
generator: MulExtensionGenerator
generator: MulExtensionGenerator
generator: MulExtensionGenerator
generator: MulExtensionGenerator
generator: MulExtensionGenerator
generator: MulExtensionGenerator
generator: MulExtensionGenerator
generator: MulExtensionGenerator
generator: MulExtensionGenerator
generator: MulExtensionGenerator
generator: MulExtensionGenerator
generator: MulExtensionGenerator
generator: MulExtensionGenerator
generator: MulExtensionGenerator
generator: MulExtensionGenerator
generator: MulExtensionGenerator
generator: MulExtensionGenerator
generator: MulExtensionGenerator
generator: MulExtensionGenerator
generator: MulExtensionGenerator
generator: MulExtensionGenerator
generator: MulExtensionGenerator
generator: MulExtensionGenerator
generator: MulExtensionGenerator
generator: MulExtensionGenerator
generator: MulExtensionGenerator
generator: MulExtensionGenerator
generator: MulExtensionGenerator
generator: MulExtensionGenerator
generator: MulExtensionGenerator
generator: MulExtensionGenerator
generator: MulExtensionGenerator
generator: MulExtensionGenerator
generator: MulExtensionGenerator
generator: MulExtensionGenerator
generator: MulExtensionGenerator
generator: MulExtensionGenerator
generator: MulExtensionGenerator
generator: MulExtensionGenerator
generator: MulExtensionGenerator
generator: MulExtensionGenerator
generator: MulExtensionGenerator
generator: MulExtensionGenerator
generator: MulExtensionGenerator
generator: MulExtensionGenerator
generator: MulExtensionGenerator
generator: MulExtensionGenerator
generator: MulExtensionGenerator
generator: MulExtensionGenerator
generator: MulExtensionGenerator
generator: MulExtensionGenerator
generator: MulExtensionGenerator
generator: MulExtensionGenerator
generator: MulExtensionGenerator
generator: MulExtensionGenerator
generator: MulExtensionGenerator
generator: MulExtensionGenerator
generator: MulExtensionGenerator
generator: MulExtensionGenerator
generator: MulExtensionGenerator
generator: MulExtensionGenerator
generator: MulExtensionGenerator
generator: MulExtensionGenerator
generator: MulExtensionGenerator
generator: MulExtensionGenerator
generator: MulExtensionGenerator
generator: MulExtensionGenerator
generator: MulExtensionGenerator
generator: MulExtensionGenerator
generator: MulExtensionGenerator
generator: MulExtensionGenerator
generator: MulExtensionGenerator
generator: MulExtensionGenerator
generator: MulExtensionGenerator
generator: MulExtensionGenerator
generator: MulExtensionGenerator
generator: MulExtensionGenerator
generator: MulExtensionGenerator
generator: MulExtensionGenerator
generator: MulExtensionGenerator
generator: MulExtensionGenerator
generator: MulExtensionGenerator
generator: MulExtensionGenerator
generator: MulExtensionGenerator
generator: MulExtensionGenerator
generator: MulExtensionGenerator
generator: MulExtensionGenerator
generator: MulExtensionGenerator
generator: MulExtensionGenerator
generator: MulExtensionGenerator
generator: MulExtensionGenerator
generator: MulExtensionGenerator
generator: MulExtensionGenerator
generator: ArithmeticExtensionGenerator
generator: ArithmeticExtensionGenerator
generator: ArithmeticExtensionGenerator
generator: ArithmeticExtensionGenerator
generator: ArithmeticExtensionGenerator
generator: ArithmeticExtensionGenerator
generator: ArithmeticExtensionGenerator
generator: ArithmeticExtensionGenerator
generator: ArithmeticExtensionGenerator
generator: ArithmeticExtensionGenerator
generator: ArithmeticExtensionGenerator
generator: ArithmeticExtensionGenerator
generator: ArithmeticExtensionGenerator
generator: ArithmeticExtensionGenerator
generator: ArithmeticExtensionGenerator
generator: ArithmeticExtensionGenerator
generator: ArithmeticExtensionGenerator
generator: ArithmeticExtensionGenerator
generator: ArithmeticExtensionGenerator
generator: ArithmeticExtensionGenerator
generator: ArithmeticExtensionGenerator
generator: ArithmeticExtensionGenerator
generator: ArithmeticExtensionGenerator
generator: ArithmeticExtensionGenerator
generator: ArithmeticExtensionGenerator
generator: ArithmeticExtensionGenerator
generator: ArithmeticExtensionGenerator
generator: ArithmeticExtensionGenerator
generator: ArithmeticExtensionGenerator
generator: ArithmeticExtensionGenerator
generator: ArithmeticExtensionGenerator
generator: ArithmeticExtensionGenerator
generator: ArithmeticExtensionGenerator
generator: ArithmeticExtensionGenerator
generator: ArithmeticExtensionGenerator
generator: ArithmeticExtensionGenerator
generator: ArithmeticExtensionGenerator
generator: ArithmeticExtensionGenerator
generator: ArithmeticExtensionGenerator
generator: ArithmeticExtensionGenerator
generator: ArithmeticExtensionGenerator
generator: ArithmeticExtensionGenerator
generator: ArithmeticExtensionGenerator
generator: ArithmeticExtensionGenerator
generator: ArithmeticExtensionGenerator
generator: ArithmeticExtensionGenerator
generator: ArithmeticExtensionGenerator
generator: ArithmeticExtensionGenerator
generator: ArithmeticExtensionGenerator
generator: ArithmeticExtensionGenerator
generator: ArithmeticExtensionGenerator
generator: ArithmeticExtensionGenerator
generator: ArithmeticExtensionGenerator
generator: ArithmeticExtensionGenerator
generator: ArithmeticExtensionGenerator
generator: ArithmeticExtensionGenerator
generator: ArithmeticExtensionGenerator
generator: ArithmeticExtensionGenerator
generator: ArithmeticExtensionGenerator
generator: ArithmeticExtensionGenerator
generator: ArithmeticExtensionGenerator
generator: ArithmeticExtensionGenerator
generator: ArithmeticExtensionGenerator
generator: ArithmeticExtensionGenerator
generator: ArithmeticExtensionGenerator
generator: ArithmeticExtensionGenerator
generator: ArithmeticExtensionGenerator
generator: ArithmeticExtensionGenerator
generator: ArithmeticExtensionGenerator
generator: ArithmeticExtensionGenerator
generator: ArithmeticExtensionGenerator
generator: ArithmeticExtensionGenerator
generator: ArithmeticExtensionGenerator
generator: ArithmeticExtensionGenerator
generator: ArithmeticExtensionGenerator
generator: ArithmeticExtensionGenerator
generator: ArithmeticExtensionGenerator
generator: ArithmeticExtensionGenerator
generator: ArithmeticExtensionGenerator
generator: ArithmeticExtensionGenerator
generator: ArithmeticExtensionGenerator
generator: ArithmeticExtensionGenerator
generator: ArithmeticExtensionGenerator
generator: ArithmeticExtensionGenerator
generator: ArithmeticExtensionGenerator
generator: ArithmeticExtensionGenerator
generator: ArithmeticExtensionGenerator
generator: ArithmeticExtensionGenerator
generator: ArithmeticExtensionGenerator
generator: ArithmeticExtensionGenerator
generator: ArithmeticExtensionGenerator
generator: ArithmeticExtensionGenerator
generator: ArithmeticExtensionGenerator
generator: ArithmeticExtensionGenerator
generator: ArithmeticExtensionGenerator
generator: ArithmeticExtensionGenerator
generator: ArithmeticExtensionGenerator
generator: ArithmeticExtensionGenerator
generator: ArithmeticExtensionGenerator
generator: ArithmeticExtensionGenerator
generator: ArithmeticExtensionGenerator
generator: ArithmeticExtensionGenerator
generator: ArithmeticExtensionGenerator
generator: ArithmeticExtensionGenerator
generator: ArithmeticExtensionGenerator
generator: ArithmeticExtensionGenerator
generator: ArithmeticExtensionGenerator
generator: ArithmeticExtensionGenerator
generator: ArithmeticExtensionGenerator
generator: ArithmeticExtensionGenerator
generator: ArithmeticExtensionGenerator
generator: ArithmeticExtensionGenerator
generator: ArithmeticExtensionGenerator
generator: ArithmeticExtensionGenerator
generator: ArithmeticExtensionGenerator
generator: ArithmeticExtensionGenerator
generator: ArithmeticExtensionGenerator
generator: ArithmeticExtensionGenerator
generator: ArithmeticExtensionGenerator
generator: ArithmeticExtensionGenerator
generator: ArithmeticExtensionGenerator
generator: ArithmeticExtensionGenerator
generator: ArithmeticExtensionGenerator
generator: ArithmeticExtensionGenerator
generator: ArithmeticExtensionGenerator
generator: ArithmeticExtensionGenerator
generator: ArithmeticExtensionGenerator
generator: ArithmeticExtensionGenerator
generator: ArithmeticExtensionGenerator
generator: ArithmeticExtensionGenerator
generator: ArithmeticExtensionGenerator
generator: ArithmeticExtensionGenerator
generator: ArithmeticExtensionGenerator
generator: ArithmeticExtensionGenerator
generator: ArithmeticExtensionGenerator
generator: ArithmeticExtensionGenerator
generator: ArithmeticExtensionGenerator
generator: ArithmeticExtensionGenerator
generator: ArithmeticExtensionGenerator
generator: ArithmeticExtensionGenerator
generator: ArithmeticExtensionGenerator
generator: ArithmeticExtensionGenerator
generator: ArithmeticExtensionGenerator
generator: ArithmeticExtensionGenerator
generator: ArithmeticExtensionGenerator
generator: ArithmeticExtensionGenerator
generator: ArithmeticExtensionGenerator
generator: ArithmeticExtensionGenerator
generator: ArithmeticExtensionGenerator
generator: ArithmeticExtensionGenerator
generator: ArithmeticExtensionGenerator
generator: ArithmeticExtensionGenerator
generator: ArithmeticExtensionGenerator
generator: ArithmeticExtensionGenerator
generator: ArithmeticExtensionGenerator
generator: ArithmeticExtensionGenerator
generator: ArithmeticExtensionGenerator
generator: ArithmeticExtensionGenerator
generator: ArithmeticExtensionGenerator
generator: ArithmeticExtensionGenerator
generator: ArithmeticExtensionGenerator
generator: ArithmeticExtensionGenerator
generator: ArithmeticExtensionGenerator
generator: ArithmeticExtensionGenerator
generator: ArithmeticExtensionGenerator
generator: ArithmeticExtensionGenerator
generator: ArithmeticExtensionGenerator
generator: ArithmeticExtensionGenerator
generator: ArithmeticExtensionGenerator
generator: ArithmeticExtensionGenerator
generator: ArithmeticExtensionGenerator
generator: ArithmeticExtensionGenerator
generator: ArithmeticExtensionGenerator
generator: ArithmeticExtensionGenerator
generator: ArithmeticExtensionGenerator
generator: ArithmeticExtensionGenerator
generator: ArithmeticExtensionGenerator
generator: ArithmeticExtensionGenerator
generator: ArithmeticExtensionGenerator
generator: ArithmeticExtensionGenerator
generator: ArithmeticExtensionGenerator
generator: ArithmeticExtensionGenerator
generator: ArithmeticExtensionGenerator
generator: ArithmeticExtensionGenerator
generator: ArithmeticExtensionGenerator
generator: ArithmeticExtensionGenerator
generator: ArithmeticExtensionGenerator
generator: ArithmeticExtensionGenerator
generator: ArithmeticExtensionGenerator
generator: ArithmeticExtensionGenerator
generator: ArithmeticExtensionGenerator
generator: ArithmeticExtensionGenerator
generator: ArithmeticExtensionGenerator
generator: ArithmeticExtensionGenerator
generator: ArithmeticExtensionGenerator
generator: ArithmeticExtensionGenerator
generator: ArithmeticExtensionGenerator
generator: ArithmeticExtensionGenerator
generator: ArithmeticExtensionGenerator
generator: ArithmeticExtensionGenerator
generator: ArithmeticExtensionGenerator
generator: ArithmeticExtensionGenerator
generator: ArithmeticExtensionGenerator
generator: ArithmeticExtensionGenerator
generator: ArithmeticExtensionGenerator
generator: ArithmeticExtensionGenerator
generator: ArithmeticExtensionGenerator
generator: ArithmeticExtensionGenerator
generator: ArithmeticExtensionGenerator
generator: ArithmeticExtensionGenerator
generator: ArithmeticExtensionGenerator
generator: ArithmeticExtensionGenerator
generator: ArithmeticExtensionGenerator
generator: ArithmeticExtensionGenerator
generator: ArithmeticExtensionGenerator
generator: ArithmeticExtensionGenerator
generator: ArithmeticExtensionGenerator
generator: ArithmeticExtensionGenerator
generator: ArithmeticExtensionGenerator
generator: ArithmeticExtensionGenerator
generator: ArithmeticExtensionGenerator
generator: ArithmeticExtensionGenerator
generator: ArithmeticExtensionGenerator
generator: ArithmeticExtensionGenerator
generator: ArithmeticExtensionGenerator
generator: ArithmeticExtensionGenerator
generator: ArithmeticExtensionGenerator
generator: ArithmeticExtensionGenerator
generator: ArithmeticExtensionGenerator
generator: ArithmeticExtensionGenerator
generator: ArithmeticExtensionGenerator
generator: ArithmeticExtensionGenerator
generator: ArithmeticExtensionGenerator
generator: ArithmeticExtensionGenerator
generator: ArithmeticExtensionGenerator
generator: ArithmeticExtensionGenerator
generator: ArithmeticExtensionGenerator
generator: ArithmeticExtensionGenerator
generator: ArithmeticExtensionGenerator
generator: ArithmeticExtensionGenerator
generator: MulExtensionGenerator
generator: MulExtensionGenerator
generator: MulExtensionGenerator
generator: MulExtensionGenerator
generator: MulExtensionGenerator
generator: MulExtensionGenerator
generator: MulExtensionGenerator
generator: MulExtensionGenerator
generator: MulExtensionGenerator
generator: MulExtensionGenerator
generator: MulExtensionGenerator
generator: MulExtensionGenerator
generator: MulExtensionGenerator
generator: MulExtensionGenerator
generator: MulExtensionGenerator
generator: MulExtensionGenerator
generator: MulExtensionGenerator
generator: MulExtensionGenerator
generator: MulExtensionGenerator
generator: MulExtensionGenerator
generator: MulExtensionGenerator
generator: MulExtensionGenerator
generator: MulExtensionGenerator
generator: MulExtensionGenerator
generator: MulExtensionGenerator
generator: MulExtensionGenerator
generator: MulExtensionGenerator
generator: MulExtensionGenerator
generator: MulExtensionGenerator
generator: MulExtensionGenerator
generator: MulExtensionGenerator
generator: MulExtensionGenerator
generator: MulExtensionGenerator
generator: MulExtensionGenerator
generator: MulExtensionGenerator
generator: MulExtensionGenerator
generator: MulExtensionGenerator
generator: MulExtensionGenerator
generator: MulExtensionGenerator
generator: MulExtensionGenerator
generator: MulExtensionGenerator
generator: MulExtensionGenerator
generator: MulExtensionGenerator
generator: MulExtensionGenerator
generator: MulExtensionGenerator
generator: MulExtensionGenerator
generator: MulExtensionGenerator
generator: MulExtensionGenerator
generator: MulExtensionGenerator
generator: MulExtensionGenerator
generator: MulExtensionGenerator
generator: MulExtensionGenerator
generator: MulExtensionGenerator
generator: MulExtensionGenerator
generator: MulExtensionGenerator
generator: MulExtensionGenerator
generator: MulExtensionGenerator
generator: MulExtensionGenerator
generator: MulExtensionGenerator
generator: MulExtensionGenerator
generator: MulExtensionGenerator
generator: MulExtensionGenerator
generator: MulExtensionGenerator
generator: MulExtensionGenerator
generator: MulExtensionGenerator
generator: MulExtensionGenerator
generator: MulExtensionGenerator
generator: MulExtensionGenerator
generator: MulExtensionGenerator
generator: MulExtensionGenerator
generator: MulExtensionGenerator
generator: MulExtensionGenerator
generator: MulExtensionGenerator
generator: MulExtensionGenerator
generator: MulExtensionGenerator
generator: MulExtensionGenerator
generator: MulExtensionGenerator
generator: MulExtensionGenerator
generator: MulExtensionGenerator
generator: MulExtensionGenerator
generator: MulExtensionGenerator
generator: MulExtensionGenerator
generator: MulExtensionGenerator
generator: MulExtensionGenerator
generator: MulExtensionGenerator
generator: MulExtensionGenerator
generator: MulExtensionGenerator
generator: MulExtensionGenerator
generator: MulExtensionGenerator
generator: MulExtensionGenerator
generator: MulExtensionGenerator
generator: MulExtensionGenerator
generator: MulExtensionGenerator
generator: MulExtensionGenerator
generator: MulExtensionGenerator
generator: MulExtensionGenerator
generator: MulExtensionGenerator
generator: MulExtensionGenerator
generator: MulExtensionGenerator
generator: MulExtensionGenerator
generator: MulExtensionGenerator
generator: MulExtensionGenerator
generator: MulExtensionGenerator
generator: MulExtensionGenerator
generator: MulExtensionGenerator
generator: MulExtensionGenerator
generator: MulExtensionGenerator
generator: MulExtensionGenerator
generator: MulExtensionGenerator
generator: MulExtensionGenerator
generator: MulExtensionGenerator
generator: MulExtensionGenerator
generator: MulExtensionGenerator
generator: MulExtensionGenerator
generator: MulExtensionGenerator
generator: MulExtensionGenerator
generator: MulExtensionGenerator
generator: MulExtensionGenerator
generator: MulExtensionGenerator
generator: MulExtensionGenerator
generator: MulExtensionGenerator
generator: MulExtensionGenerator
generator: MulExtensionGenerator
generator: MulExtensionGenerator
generator: MulExtensionGenerator
generator: MulExtensionGenerator
generator: MulExtensionGenerator
generator: MulExtensionGenerator
generator: MulExtensionGenerator
generator: MulExtensionGenerator
generator: ArithmeticExtensionGenerator
generator: ArithmeticExtensionGenerator
generator: ArithmeticExtensionGenerator
generator: ArithmeticExtensionGenerator
generator: ArithmeticExtensionGenerator
generator: ArithmeticExtensionGenerator
generator: ArithmeticExtensionGenerator
generator: ArithmeticExtensionGenerator
generator: ArithmeticExtensionGenerator
generator: ArithmeticExtensionGenerator
generator: MulExtensionGenerator
generator: MulExtensionGenerator
generator: MulExtensionGenerator
generator: MulExtensionGenerator
generator: MulExtensionGenerator
generator: MulExtensionGenerator
generator: MulExtensionGenerator
generator: MulExtensionGenerator
generator: MulExtensionGenerator
generator: MulExtensionGenerator
generator: MulExtensionGenerator
generator: MulExtensionGenerator
generator: MulExtensionGenerator
generator: MulExtensionGenerator
generator: MulExtensionGenerator
generator: MulExtensionGenerator
generator: MulExtensionGenerator
generator: MulExtensionGenerator
generator: MulExtensionGenerator
generator: MulExtensionGenerator
generator: MulExtensionGenerator
generator: MulExtensionGenerator
generator: MulExtensionGenerator
generator: MulExtensionGenerator
generator: MulExtensionGenerator
generator: MulExtensionGenerator
generator: ArithmeticExtensionGenerator
generator: ArithmeticExtensionGenerator
generator: ArithmeticExtensionGenerator
generator: ArithmeticExtensionGenerator
generator: ArithmeticExtensionGenerator
generator: ArithmeticExtensionGenerator
generator: ArithmeticExtensionGenerator
generator: ArithmeticExtensionGenerator
generator: ArithmeticExtensionGenerator
generator: ArithmeticExtensionGenerator
generator: ArithmeticExtensionGenerator
generator: ArithmeticExtensionGenerator
generator: ArithmeticExtensionGenerator
generator: ArithmeticExtensionGenerator
generator: ArithmeticExtensionGenerator
generator: ArithmeticExtensionGenerator
generator: ArithmeticExtensionGenerator
generator: ArithmeticExtensionGenerator
generator: ArithmeticExtensionGenerator
generator: ArithmeticExtensionGenerator
generator: ArithmeticExtensionGenerator
generator: ArithmeticExtensionGenerator
generator: ArithmeticExtensionGenerator
generator: ArithmeticExtensionGenerator
generator: ArithmeticExtensionGenerator
generator: ArithmeticExtensionGenerator
generator: ArithmeticExtensionGenerator
generator: ArithmeticExtensionGenerator
generator: ArithmeticExtensionGenerator
generator: ArithmeticExtensionGenerator
generator: ArithmeticExtensionGenerator
generator: ArithmeticExtensionGenerator
generator: ArithmeticExtensionGenerator
generator: ArithmeticExtensionGenerator
generator: ArithmeticExtensionGenerator
generator: ArithmeticExtensionGenerator
generator: ArithmeticExtensionGenerator
generator: ArithmeticExtensionGenerator
generator: ArithmeticExtensionGenerator
generator: ArithmeticExtensionGenerator
generator: ArithmeticExtensionGenerator
generator: ArithmeticExtensionGenerator
generator: ArithmeticExtensionGenerator
generator: ArithmeticExtensionGenerator
generator: ArithmeticExtensionGenerator
generator: ArithmeticExtensionGenerator
generator: ArithmeticExtensionGenerator
generator: ArithmeticExtensionGenerator
generator: ArithmeticExtensionGenerator
generator: ArithmeticExtensionGenerator
generator: ArithmeticExtensionGenerator
generator: ArithmeticExtensionGenerator
generator: ArithmeticExtensionGenerator
generator: ArithmeticExtensionGenerator
generator: ArithmeticExtensionGenerator
generator: ArithmeticExtensionGenerator
generator: ArithmeticExtensionGenerator
generator: ArithmeticExtensionGenerator
generator: ArithmeticExtensionGenerator
generator: ArithmeticExtensionGenerator
generator: ArithmeticExtensionGenerator
generator: ArithmeticExtensionGenerator
generator: ArithmeticExtensionGenerator
generator: ArithmeticExtensionGenerator
generator: ArithmeticExtensionGenerator
generator: ArithmeticExtensionGenerator
generator: ArithmeticExtensionGenerator
generator: ArithmeticExtensionGenerator
generator: ArithmeticExtensionGenerator
generator: ArithmeticExtensionGenerator
generator: ArithmeticExtensionGenerator
generator: ArithmeticExtensionGenerator
generator: ArithmeticExtensionGenerator
generator: ArithmeticExtensionGenerator
generator: ArithmeticExtensionGenerator
generator: ArithmeticExtensionGenerator
generator: ArithmeticExtensionGenerator
generator: ArithmeticExtensionGenerator
generator: ArithmeticExtensionGenerator
generator: ArithmeticExtensionGenerator
generator: ArithmeticExtensionGenerator
generator: ArithmeticExtensionGenerator
generator: ArithmeticExtensionGenerator
generator: ArithmeticExtensionGenerator
generator: ArithmeticExtensionGenerator
generator: ArithmeticExtensionGenerator
generator: ArithmeticExtensionGenerator
generator: ArithmeticExtensionGenerator
generator: ArithmeticExtensionGenerator
generator: ArithmeticExtensionGenerator
generator: ArithmeticExtensionGenerator
generator: ArithmeticExtensionGenerator
generator: ArithmeticExtensionGenerator
generator: ArithmeticExtensionGenerator
generator: ArithmeticExtensionGenerator
generator: ArithmeticExtensionGenerator
generator: ArithmeticExtensionGenerator
generator: ArithmeticExtensionGenerator
generator: ArithmeticExtensionGenerator
generator: ArithmeticExtensionGenerator
generator: ArithmeticExtensionGenerator
generator: ArithmeticExtensionGenerator
generator: ArithmeticExtensionGenerator
generator: ArithmeticExtensionGenerator
generator: ArithmeticExtensionGenerator
generator: ArithmeticExtensionGenerator
generator: ArithmeticExtensionGenerator
generator: ArithmeticExtensionGenerator
generator: ArithmeticExtensionGenerator
generator: ArithmeticExtensionGenerator
generator: ArithmeticExtensionGenerator
generator: ArithmeticExtensionGenerator
generator: ArithmeticExtensionGenerator
generator: ArithmeticExtensionGenerator
generator: ArithmeticExtensionGenerator
generator: ArithmeticExtensionGenerator
generator: ArithmeticExtensionGenerator
generator: ArithmeticExtensionGenerator
generator: ArithmeticExtensionGenerator
generator: ArithmeticExtensionGenerator
generator: ArithmeticExtensionGenerator
generator: ArithmeticExtensionGenerator
generator: ArithmeticExtensionGenerator
generator: ArithmeticExtensionGenerator
generator: ArithmeticExtensionGenerator
generator: ArithmeticExtensionGenerator
generator: ArithmeticExtensionGenerator
generator: ArithmeticExtensionGenerator
generator: ArithmeticExtensionGenerator
generator: ArithmeticExtensionGenerator
generator: ArithmeticExtensionGenerator
generator: ArithmeticExtensionGenerator
generator: ArithmeticExtensionGenerator
generator: ArithmeticExtensionGenerator
generator: ArithmeticExtensionGenerator
generator: ArithmeticExtensionGenerator
generator: ArithmeticExtensionGenerator
generator: ArithmeticExtensionGenerator
generator: ArithmeticExtensionGenerator
generator: ArithmeticExtensionGenerator
generator: ArithmeticExtensionGenerator
generator: ArithmeticExtensionGenerator
generator: ArithmeticExtensionGenerator
generator: ArithmeticExtensionGenerator
generator: ArithmeticExtensionGenerator
generator: ArithmeticExtensionGenerator
generator: ArithmeticExtensionGenerator
generator: ArithmeticExtensionGenerator
generator: ArithmeticExtensionGenerator
generator: ArithmeticExtensionGenerator
generator: ArithmeticExtensionGenerator
generator: ArithmeticExtensionGenerator
generator: ArithmeticExtensionGenerator
generator: ArithmeticExtensionGenerator
generator: ArithmeticExtensionGenerator
generator: ArithmeticExtensionGenerator
generator: ArithmeticExtensionGenerator
generator: ArithmeticExtensionGenerator
generator: ArithmeticExtensionGenerator
generator: ArithmeticExtensionGenerator
generator: ArithmeticExtensionGenerator
generator: ArithmeticExtensionGenerator
generator: ArithmeticExtensionGenerator
generator: ArithmeticExtensionGenerator
generator: ArithmeticExtensionGenerator
generator: ArithmeticExtensionGenerator
generator: ArithmeticExtensionGenerator
generator: ArithmeticExtensionGenerator
generator: ArithmeticExtensionGenerator
generator: ArithmeticExtensionGenerator
generator: ArithmeticExtensionGenerator
generator: ArithmeticExtensionGenerator
generator: ArithmeticExtensionGenerator
generator: ArithmeticExtensionGenerator
generator: ArithmeticExtensionGenerator
generator: ArithmeticExtensionGenerator
generator: ArithmeticExtensionGenerator
generator: ArithmeticExtensionGenerator
generator: ArithmeticExtensionGenerator
generator: ArithmeticExtensionGenerator
generator: ArithmeticExtensionGenerator
generator: ArithmeticExtensionGenerator
generator: ArithmeticExtensionGenerator
generator: ArithmeticExtensionGenerator
generator: ArithmeticExtensionGenerator
generator: ArithmeticExtensionGenerator
generator: ArithmeticExtensionGenerator
generator: ArithmeticExtensionGenerator
generator: ArithmeticExtensionGenerator
generator: ArithmeticExtensionGenerator
generator: ArithmeticExtensionGenerator
generator: ArithmeticExtensionGenerator
generator: ArithmeticExtensionGenerator
generator: ArithmeticExtensionGenerator
generator: ArithmeticExtensionGenerator
generator: ArithmeticExtensionGenerator
generator: ArithmeticExtensionGenerator
generator: ArithmeticExtensionGenerator
generator: ArithmeticExtensionGenerator
generator: ArithmeticExtensionGenerator
generator: ArithmeticExtensionGenerator
generator: ArithmeticExtensionGenerator
generator: ArithmeticExtensionGenerator
generator: ArithmeticExtensionGenerator
generator: ArithmeticExtensionGenerator
generator: ArithmeticExtensionGenerator
generator: ArithmeticExtensionGenerator
generator: ArithmeticExtensionGenerator
generator: ArithmeticExtensionGenerator
generator: ArithmeticExtensionGenerator
generator: ArithmeticExtensionGenerator
generator: ArithmeticExtensionGenerator
generator: ArithmeticExtensionGenerator
generator: ArithmeticExtensionGenerator
generator: ArithmeticExtensionGenerator
generator: ArithmeticExtensionGenerator
generator: ArithmeticExtensionGenerator
generator: ArithmeticExtensionGenerator
generator: ArithmeticExtensionGenerator
generator: ArithmeticExtensionGenerator
generator: ArithmeticExtensionGenerator
generator: ArithmeticExtensionGenerator
generator: ArithmeticExtensionGenerator
generator: ArithmeticExtensionGenerator
generator: ArithmeticExtensionGenerator
generator: ArithmeticExtensionGenerator
generator: ArithmeticExtensionGenerator
generator: ArithmeticExtensionGenerator
generator: ArithmeticExtensionGenerator
generator: ArithmeticExtensionGenerator
generator: ArithmeticExtensionGenerator
generator: ArithmeticExtensionGenerator
generator: ArithmeticExtensionGenerator
generator: ArithmeticExtensionGenerator
generator: ArithmeticExtensionGenerator
generator: ArithmeticExtensionGenerator
generator: ArithmeticExtensionGenerator
generator: ArithmeticExtensionGenerator
generator: ArithmeticExtensionGenerator
generator: ArithmeticExtensionGenerator
generator: MulExtensionGenerator
generator: MulExtensionGenerator
generator: MulExtensionGenerator
generator: MulExtensionGenerator
generator: MulExtensionGenerator
generator: MulExtensionGenerator
generator: MulExtensionGenerator
generator: MulExtensionGenerator
generator: MulExtensionGenerator
generator: MulExtensionGenerator
generator: MulExtensionGenerator
generator: MulExtensionGenerator
generator: MulExtensionGenerator
generator: MulExtensionGenerator
generator: MulExtensionGenerator
generator: MulExtensionGenerator
generator: MulExtensionGenerator
generator: MulExtensionGenerator
generator: MulExtensionGenerator
generator: MulExtensionGenerator
generator: MulExtensionGenerator
generator: MulExtensionGenerator
generator: MulExtensionGenerator
generator: MulExtensionGenerator
generator: MulExtensionGenerator
generator: MulExtensionGenerator
generator: MulExtensionGenerator
generator: MulExtensionGenerator
generator: MulExtensionGenerator
generator: MulExtensionGenerator
generator: MulExtensionGenerator
generator: MulExtensionGenerator
generator: MulExtensionGenerator
generator: MulExtensionGenerator
generator: MulExtensionGenerator
generator: MulExtensionGenerator
generator: MulExtensionGenerator
generator: MulExtensionGenerator
generator: MulExtensionGenerator
generator: MulExtensionGenerator
generator: MulExtensionGenerator
generator: MulExtensionGenerator
generator: MulExtensionGenerator
generator: MulExtensionGenerator
generator: MulExtensionGenerator
generator: MulExtensionGenerator
generator: MulExtensionGenerator
generator: MulExtensionGenerator
generator: MulExtensionGenerator
generator: MulExtensionGenerator
generator: MulExtensionGenerator
generator: MulExtensionGenerator
generator: MulExtensionGenerator
generator: MulExtensionGenerator
generator: MulExtensionGenerator
generator: MulExtensionGenerator
generator: MulExtensionGenerator
generator: MulExtensionGenerator
generator: MulExtensionGenerator
generator: MulExtensionGenerator
generator: MulExtensionGenerator
generator: MulExtensionGenerator
generator: MulExtensionGenerator
generator: MulExtensionGenerator
generator: MulExtensionGenerator
generator: MulExtensionGenerator
generator: MulExtensionGenerator
generator: MulExtensionGenerator
generator: MulExtensionGenerator
generator: MulExtensionGenerator
generator: MulExtensionGenerator
generator: MulExtensionGenerator
generator: MulExtensionGenerator
generator: MulExtensionGenerator
generator: MulExtensionGenerator
generator: MulExtensionGenerator
generator: MulExtensionGenerator
generator: MulExtensionGenerator
generator: MulExtensionGenerator
generator: MulExtensionGenerator
generator: MulExtensionGenerator
generator: MulExtensionGenerator
generator: MulExtensionGenerator
generator: MulExtensionGenerator
generator: MulExtensionGenerator
generator: MulExtensionGenerator
generator: MulExtensionGenerator
generator: MulExtensionGenerator
generator: MulExtensionGenerator
generator: MulExtensionGenerator
generator: MulExtensionGenerator
generator: MulExtensionGenerator
generator: MulExtensionGenerator
generator: MulExtensionGenerator
generator: MulExtensionGenerator
generator: MulExtensionGenerator
generator: MulExtensionGenerator
generator: MulExtensionGenerator
generator: MulExtensionGenerator
generator: MulExtensionGenerator
generator: MulExtensionGenerator
generator: MulExtensionGenerator
generator: MulExtensionGenerator
generator: MulExtensionGenerator
generator: ArithmeticExtensionGenerator
generator: ArithmeticExtensionGenerator
generator: ArithmeticExtensionGenerator
generator: ArithmeticExtensionGenerator
generator: ArithmeticExtensionGenerator
generator: ArithmeticExtensionGenerator
generator: ArithmeticExtensionGenerator
generator: ArithmeticExtensionGenerator
generator: ArithmeticExtensionGenerator
generator: ArithmeticExtensionGenerator
generator: MulExtensionGenerator
generator: MulExtensionGenerator
generator: MulExtensionGenerator
generator: MulExtensionGenerator
generator: MulExtensionGenerator
generator: MulExtensionGenerator
generator: MulExtensionGenerator
generator: MulExtensionGenerator
generator: MulExtensionGenerator
generator: MulExtensionGenerator
generator: MulExtensionGenerator
generator: MulExtensionGenerator
generator: MulExtensionGenerator
generator: MulExtensionGenerator
generator: MulExtensionGenerator
generator: MulExtensionGenerator
generator: MulExtensionGenerator
generator: MulExtensionGenerator
generator: MulExtensionGenerator
generator: MulExtensionGenerator
generator: MulExtensionGenerator
generator: MulExtensionGenerator
generator: MulExtensionGenerator
generator: MulExtensionGenerator
generator: MulExtensionGenerator
generator: MulExtensionGenerator
generator: MulExtensionGenerator
generator: MulExtensionGenerator
generator: MulExtensionGenerator
generator: MulExtensionGenerator
generator: MulExtensionGenerator
generator: MulExtensionGenerator
generator: MulExtensionGenerator
generator: MulExtensionGenerator
generator: MulExtensionGenerator
generator: MulExtensionGenerator
generator: MulExtensionGenerator
generator: MulExtensionGenerator
generator: MulExtensionGenerator
generator: ReducingExtensionGenerator
generator: ReducingExtensionGenerator
generator: ReducingExtensionGenerator
generator: ReducingExtensionGenerator
generator: ReducingExtensionGenerator
generator: ReducingExtensionGenerator
generator: ReducingExtensionGenerator
generator: ReducingExtensionGenerator
generator: ReducingExtensionGenerator
generator: ReducingExtensionGenerator
generator: ArithmeticExtensionGenerator
generator: ArithmeticExtensionGenerator
generator: ArithmeticExtensionGenerator
generator: ArithmeticExtensionGenerator
generator: ArithmeticExtensionGenerator
generator: ArithmeticExtensionGenerator
generator: ArithmeticExtensionGenerator
generator: ArithmeticExtensionGenerator
generator: ArithmeticExtensionGenerator
generator: ArithmeticExtensionGenerator
generator: MulExtensionGenerator
generator: MulExtensionGenerator
generator: MulExtensionGenerator
generator: MulExtensionGenerator
generator: MulExtensionGenerator
generator: MulExtensionGenerator
generator: MulExtensionGenerator
generator: MulExtensionGenerator
generator: MulExtensionGenerator
generator: MulExtensionGenerator
generator: MulExtensionGenerator
generator: MulExtensionGenerator
generator: MulExtensionGenerator
generator: BaseSplitGenerator + Base: 2
generator: ReducingExtensionGenerator
generator: ReducingExtensionGenerator
generator: ReducingExtensionGenerator
generator: ReducingExtensionGenerator
generator: ReducingExtensionGenerator
generator: ReducingExtensionGenerator
generator: ReducingExtensionGenerator
generator: ReducingExtensionGenerator
generator: BaseSplitGenerator + Base: 2
generator: BaseSplitGenerator + Base: 2
generator: ArithmeticBaseGenerator
generator: ArithmeticBaseGenerator
generator: ArithmeticBaseGenerator
generator: ArithmeticBaseGenerator
generator: ArithmeticBaseGenerator
generator: ArithmeticBaseGenerator
generator: ArithmeticBaseGenerator
generator: ArithmeticBaseGenerator
generator: ArithmeticBaseGenerator
generator: ArithmeticBaseGenerator
generator: ArithmeticBaseGenerator
generator: ArithmeticBaseGenerator
generator: ArithmeticBaseGenerator
generator: ArithmeticBaseGenerator
generator: ArithmeticBaseGenerator
generator: ArithmeticBaseGenerator
generator: ArithmeticBaseGenerator
generator: ArithmeticBaseGenerator
generator: ArithmeticBaseGenerator
generator: ArithmeticBaseGenerator
generator: PoseidonGenerator
generator: PoseidonGenerator
generator: PoseidonGenerator
generator: PoseidonGenerator
generator: PoseidonGenerator
generator: PoseidonGenerator
generator: PoseidonGenerator
generator: PoseidonGenerator
generator: PoseidonGenerator
generator: PoseidonGenerator
generator: PoseidonGenerator
generator: PoseidonGenerator
generator: PoseidonGenerator
generator: PoseidonGenerator
generator: PoseidonGenerator
generator: PoseidonGenerator
generator: PoseidonGenerator
generator: PoseidonGenerator
generator: PoseidonGenerator
generator: PoseidonGenerator
generator: PoseidonGenerator
generator: PoseidonGenerator
generator: PoseidonGenerator
generator: RandomAccessGenerator
generator: RandomAccessGenerator
generator: RandomAccessGenerator
generator: RandomAccessGenerator
generator: PoseidonGenerator
generator: PoseidonGenerator
generator: PoseidonGenerator
generator: PoseidonGenerator
generator: PoseidonGenerator
generator: PoseidonGenerator
generator: PoseidonGenerator
generator: PoseidonGenerator
generator: PoseidonGenerator
generator: PoseidonGenerator
generator: PoseidonGenerator
generator: PoseidonGenerator
generator: PoseidonGenerator
generator: PoseidonGenerator
generator: PoseidonGenerator
generator: PoseidonGenerator
generator: PoseidonGenerator
generator: PoseidonGenerator
generator: PoseidonGenerator
generator: PoseidonGenerator
generator: PoseidonGenerator
generator: PoseidonGenerator
generator: PoseidonGenerator
generator: PoseidonGenerator
generator: PoseidonGenerator
generator: PoseidonGenerator
generator: PoseidonGenerator
generator: PoseidonGenerator
generator: PoseidonGenerator
generator: RandomAccessGenerator
generator: RandomAccessGenerator
generator: RandomAccessGenerator
generator: RandomAccessGenerator
generator: PoseidonGenerator
generator: PoseidonGenerator
generator: PoseidonGenerator
generator: PoseidonGenerator
generator: PoseidonGenerator
generator: PoseidonGenerator
generator: PoseidonGenerator
generator: PoseidonGenerator
generator: PoseidonGenerator
generator: PoseidonGenerator
generator: PoseidonGenerator
generator: PoseidonGenerator
generator: PoseidonGenerator
generator: PoseidonGenerator
generator: PoseidonGenerator
generator: RandomAccessGenerator
generator: RandomAccessGenerator
generator: RandomAccessGenerator
generator: RandomAccessGenerator
generator: PoseidonGenerator
generator: PoseidonGenerator
generator: PoseidonGenerator
generator: PoseidonGenerator
generator: PoseidonGenerator
generator: PoseidonGenerator
generator: PoseidonGenerator
generator: PoseidonGenerator
generator: PoseidonGenerator
generator: PoseidonGenerator
generator: PoseidonGenerator
generator: PoseidonGenerator
generator: PoseidonGenerator
generator: PoseidonGenerator
generator: RandomAccessGenerator
generator: RandomAccessGenerator
generator: RandomAccessGenerator
generator: RandomAccessGenerator
generator: ReducingGenerator
generator: ReducingGenerator
generator: ReducingGenerator
generator: ReducingGenerator
generator: ReducingGenerator
generator: ReducingGenerator
generator: RandomAccessGenerator
generator: RandomAccessGenerator
generator: RandomAccessGenerator
generator: RandomAccessGenerator
generator: InterpolationGenerator
generator: PoseidonGenerator
generator: PoseidonGenerator
generator: PoseidonGenerator
generator: PoseidonGenerator
generator: PoseidonGenerator
generator: PoseidonGenerator
generator: PoseidonGenerator
generator: PoseidonGenerator
generator: PoseidonGenerator
generator: PoseidonGenerator
generator: PoseidonGenerator
generator: PoseidonGenerator
generator: RandomAccessGenerator
generator: RandomAccessGenerator
generator: RandomAccessGenerator
generator: RandomAccessGenerator
generator: InterpolationGenerator
generator: PoseidonGenerator
generator: PoseidonGenerator
generator: PoseidonGenerator
generator: PoseidonGenerator
generator: PoseidonGenerator
generator: PoseidonGenerator
generator: PoseidonGenerator
generator: PoseidonGenerator
generator: RandomAccessGenerator
generator: RandomAccessGenerator
generator: RandomAccessGenerator
generator: RandomAccessGenerator
generator: ReducingExtensionGenerator
generator: BaseSplitGenerator + Base: 2
generator: BaseSplitGenerator + Base: 2
generator: PoseidonGenerator
generator: PoseidonGenerator
generator: PoseidonGenerator
generator: PoseidonGenerator
generator: PoseidonGenerator
generator: PoseidonGenerator
generator: PoseidonGenerator
generator: PoseidonGenerator
generator: PoseidonGenerator
generator: PoseidonGenerator
generator: PoseidonGenerator
generator: PoseidonGenerator
generator: PoseidonGenerator
generator: PoseidonGenerator
generator: PoseidonGenerator
generator: PoseidonGenerator
generator: PoseidonGenerator
generator: PoseidonGenerator
generator: PoseidonGenerator
generator: PoseidonGenerator
generator: PoseidonGenerator
generator: PoseidonGenerator
generator: PoseidonGenerator
generator: RandomAccessGenerator
generator: RandomAccessGenerator
generator: RandomAccessGenerator
generator: RandomAccessGenerator
generator: PoseidonGenerator
generator: PoseidonGenerator
generator: PoseidonGenerator
generator: PoseidonGenerator
generator: PoseidonGenerator
generator: PoseidonGenerator
generator: PoseidonGenerator
generator: PoseidonGenerator
generator: PoseidonGenerator
generator: PoseidonGenerator
generator: PoseidonGenerator
generator: PoseidonGenerator
generator: PoseidonGenerator
generator: PoseidonGenerator
generator: PoseidonGenerator
generator: PoseidonGenerator
generator: PoseidonGenerator
generator: PoseidonGenerator
generator: PoseidonGenerator
generator: PoseidonGenerator
generator: PoseidonGenerator
generator: PoseidonGenerator
generator: PoseidonGenerator
generator: PoseidonGenerator
generator: PoseidonGenerator
generator: PoseidonGenerator
generator: PoseidonGenerator
generator: PoseidonGenerator
generator: PoseidonGenerator
generator: RandomAccessGenerator
generator: RandomAccessGenerator
generator: RandomAccessGenerator
generator: RandomAccessGenerator
generator: PoseidonGenerator
generator: PoseidonGenerator
generator: PoseidonGenerator
generator: PoseidonGenerator
generator: PoseidonGenerator
generator: PoseidonGenerator
generator: PoseidonGenerator
generator: PoseidonGenerator
generator: PoseidonGenerator
generator: PoseidonGenerator
generator: PoseidonGenerator
generator: PoseidonGenerator
generator: PoseidonGenerator
generator: PoseidonGenerator
generator: PoseidonGenerator
generator: RandomAccessGenerator
generator: RandomAccessGenerator
generator: RandomAccessGenerator
generator: RandomAccessGenerator
generator: PoseidonGenerator
generator: PoseidonGenerator
generator: PoseidonGenerator
generator: PoseidonGenerator
generator: PoseidonGenerator
generator: PoseidonGenerator
generator: PoseidonGenerator
generator: PoseidonGenerator
generator: PoseidonGenerator
generator: PoseidonGenerator
generator: PoseidonGenerator
generator: PoseidonGenerator
generator: PoseidonGenerator
generator: PoseidonGenerator
generator: RandomAccessGenerator
generator: RandomAccessGenerator
generator: RandomAccessGenerator
generator: RandomAccessGenerator
generator: ReducingGenerator
generator: ReducingGenerator
generator: ReducingGenerator
generator: ReducingGenerator
generator: ReducingGenerator
generator: ReducingGenerator
generator: ArithmeticExtensionGenerator
generator: ArithmeticExtensionGenerator
generator: ArithmeticExtensionGenerator
generator: ArithmeticExtensionGenerator
generator: ArithmeticExtensionGenerator
generator: ArithmeticExtensionGenerator
generator: ArithmeticExtensionGenerator
generator: ArithmeticExtensionGenerator
generator: ArithmeticExtensionGenerator
generator: ArithmeticExtensionGenerator
generator: ArithmeticExtensionGenerator
generator: ArithmeticExtensionGenerator
generator: ArithmeticExtensionGenerator
generator: ArithmeticExtensionGenerator
generator: ArithmeticExtensionGenerator
generator: ArithmeticExtensionGenerator
generator: ArithmeticExtensionGenerator
generator: ArithmeticExtensionGenerator
generator: ArithmeticExtensionGenerator
generator: ArithmeticExtensionGenerator
generator: RandomAccessGenerator
generator: RandomAccessGenerator
generator: RandomAccessGenerator
generator: RandomAccessGenerator
generator: ArithmeticBaseGenerator
generator: ArithmeticBaseGenerator
generator: ArithmeticBaseGenerator
generator: ArithmeticBaseGenerator
generator: ArithmeticBaseGenerator
generator: ArithmeticBaseGenerator
generator: ArithmeticBaseGenerator
generator: ArithmeticBaseGenerator
generator: ArithmeticBaseGenerator
generator: ArithmeticBaseGenerator
generator: ArithmeticBaseGenerator
generator: ArithmeticBaseGenerator
generator: ArithmeticBaseGenerator
generator: ArithmeticBaseGenerator
generator: ArithmeticBaseGenerator
generator: ArithmeticBaseGenerator
generator: ArithmeticBaseGenerator
generator: ArithmeticBaseGenerator
generator: ArithmeticBaseGenerator
generator: ArithmeticBaseGenerator
generator: InterpolationGenerator
generator: PoseidonGenerator
generator: PoseidonGenerator
generator: PoseidonGenerator
generator: PoseidonGenerator
generator: PoseidonGenerator
generator: PoseidonGenerator
generator: PoseidonGenerator
generator: PoseidonGenerator
generator: PoseidonGenerator
generator: PoseidonGenerator
generator: PoseidonGenerator
generator: PoseidonGenerator
generator: RandomAccessGenerator
generator: RandomAccessGenerator
generator: RandomAccessGenerator
generator: RandomAccessGenerator
generator: InterpolationGenerator
generator: PoseidonGenerator
generator: PoseidonGenerator
generator: PoseidonGenerator
generator: PoseidonGenerator
generator: PoseidonGenerator
generator: PoseidonGenerator
generator: PoseidonGenerator
generator: PoseidonGenerator
generator: RandomAccessGenerator
generator: RandomAccessGenerator
generator: RandomAccessGenerator
generator: RandomAccessGenerator
generator: ReducingExtensionGenerator
generator: BaseSplitGenerator + Base: 2
generator: BaseSplitGenerator + Base: 2
generator: ArithmeticBaseGenerator
generator: ArithmeticBaseGenerator
generator: ArithmeticBaseGenerator
generator: ArithmeticBaseGenerator
generator: ArithmeticBaseGenerator
generator: ArithmeticBaseGenerator
generator: ArithmeticBaseGenerator
generator: ArithmeticBaseGenerator
generator: ArithmeticBaseGenerator
generator: ArithmeticBaseGenerator
generator: ArithmeticBaseGenerator
generator: ArithmeticBaseGenerator
generator: ArithmeticBaseGenerator
generator: ArithmeticBaseGenerator
generator: ArithmeticBaseGenerator
generator: ArithmeticBaseGenerator
generator: ArithmeticBaseGenerator
generator: ArithmeticBaseGenerator
generator: ArithmeticBaseGenerator
generator: ArithmeticBaseGenerator
generator: PoseidonGenerator
generator: PoseidonGenerator
generator: PoseidonGenerator
generator: PoseidonGenerator
generator: PoseidonGenerator
generator: PoseidonGenerator
generator: PoseidonGenerator
generator: PoseidonGenerator
generator: PoseidonGenerator
generator: PoseidonGenerator
generator: PoseidonGenerator
generator: PoseidonGenerator
generator: PoseidonGenerator
generator: PoseidonGenerator
generator: PoseidonGenerator
generator: PoseidonGenerator
generator: PoseidonGenerator
generator: PoseidonGenerator
generator: PoseidonGenerator
generator: PoseidonGenerator
generator: PoseidonGenerator
generator: PoseidonGenerator
generator: PoseidonGenerator
generator: RandomAccessGenerator
generator: RandomAccessGenerator
generator: RandomAccessGenerator
generator: RandomAccessGenerator
generator: PoseidonGenerator
generator: PoseidonGenerator
generator: PoseidonGenerator
generator: PoseidonGenerator
generator: PoseidonGenerator
generator: PoseidonGenerator
generator: PoseidonGenerator
generator: PoseidonGenerator
generator: PoseidonGenerator
generator: PoseidonGenerator
generator: PoseidonGenerator
generator: PoseidonGenerator
generator: PoseidonGenerator
generator: PoseidonGenerator
generator: PoseidonGenerator
generator: PoseidonGenerator
generator: PoseidonGenerator
generator: PoseidonGenerator
generator: PoseidonGenerator
generator: PoseidonGenerator
generator: PoseidonGenerator
generator: PoseidonGenerator
generator: PoseidonGenerator
generator: PoseidonGenerator
generator: PoseidonGenerator
generator: PoseidonGenerator
generator: PoseidonGenerator
generator: PoseidonGenerator
generator: PoseidonGenerator
generator: RandomAccessGenerator
generator: RandomAccessGenerator
generator: RandomAccessGenerator
generator: RandomAccessGenerator
generator: PoseidonGenerator
generator: PoseidonGenerator
generator: PoseidonGenerator
generator: PoseidonGenerator
generator: PoseidonGenerator
generator: PoseidonGenerator
generator: PoseidonGenerator
generator: PoseidonGenerator
generator: PoseidonGenerator
generator: PoseidonGenerator
generator: PoseidonGenerator
generator: PoseidonGenerator
generator: PoseidonGenerator
generator: PoseidonGenerator
generator: PoseidonGenerator
generator: RandomAccessGenerator
generator: RandomAccessGenerator
generator: RandomAccessGenerator
generator: RandomAccessGenerator
generator: PoseidonGenerator
generator: PoseidonGenerator
generator: PoseidonGenerator
generator: PoseidonGenerator
generator: PoseidonGenerator
generator: PoseidonGenerator
generator: PoseidonGenerator
generator: PoseidonGenerator
generator: PoseidonGenerator
generator: PoseidonGenerator
generator: PoseidonGenerator
generator: PoseidonGenerator
generator: PoseidonGenerator
generator: PoseidonGenerator
generator: RandomAccessGenerator
generator: RandomAccessGenerator
generator: RandomAccessGenerator
generator: RandomAccessGenerator
generator: ReducingGenerator
generator: ReducingGenerator
generator: ReducingGenerator
generator: ReducingGenerator
generator: ReducingGenerator
generator: ReducingGenerator
generator: MulExtensionGenerator
generator: MulExtensionGenerator
generator: MulExtensionGenerator
generator: MulExtensionGenerator
generator: MulExtensionGenerator
generator: MulExtensionGenerator
generator: MulExtensionGenerator
generator: MulExtensionGenerator
generator: MulExtensionGenerator
generator: MulExtensionGenerator
generator: MulExtensionGenerator
generator: MulExtensionGenerator
generator: MulExtensionGenerator
generator: RandomAccessGenerator
generator: RandomAccessGenerator
generator: RandomAccessGenerator
generator: RandomAccessGenerator
generator: ArithmeticBaseGenerator
generator: ArithmeticBaseGenerator
generator: ArithmeticBaseGenerator
generator: ArithmeticBaseGenerator
generator: ArithmeticBaseGenerator
generator: ArithmeticBaseGenerator
generator: ArithmeticBaseGenerator
generator: ArithmeticBaseGenerator
generator: ArithmeticBaseGenerator
generator: ArithmeticBaseGenerator
generator: ArithmeticBaseGenerator
generator: ArithmeticBaseGenerator
generator: ArithmeticBaseGenerator
generator: ArithmeticBaseGenerator
generator: ArithmeticBaseGenerator
generator: ArithmeticBaseGenerator
generator: ArithmeticBaseGenerator
generator: ArithmeticBaseGenerator
generator: ArithmeticBaseGenerator
generator: ArithmeticBaseGenerator
generator: ArithmeticBaseGenerator
generator: ArithmeticBaseGenerator
generator: ArithmeticBaseGenerator
generator: ArithmeticBaseGenerator
generator: ArithmeticBaseGenerator
generator: ArithmeticBaseGenerator
generator: ArithmeticBaseGenerator
generator: ArithmeticBaseGenerator
generator: ArithmeticBaseGenerator
generator: ArithmeticBaseGenerator
generator: ArithmeticBaseGenerator
generator: ArithmeticBaseGenerator
generator: ArithmeticBaseGenerator
generator: ArithmeticBaseGenerator
generator: ArithmeticBaseGenerator
generator: ArithmeticBaseGenerator
generator: ArithmeticBaseGenerator
generator: ArithmeticBaseGenerator
generator: ArithmeticBaseGenerator
generator: ArithmeticBaseGenerator
generator: ArithmeticBaseGenerator
generator: ArithmeticBaseGenerator
generator: ArithmeticBaseGenerator
generator: ArithmeticBaseGenerator
generator: ArithmeticBaseGenerator
generator: ArithmeticBaseGenerator
generator: ArithmeticBaseGenerator
generator: ArithmeticBaseGenerator
generator: ArithmeticBaseGenerator
generator: ArithmeticBaseGenerator
generator: ArithmeticBaseGenerator
generator: ArithmeticBaseGenerator
generator: ArithmeticBaseGenerator
generator: ArithmeticBaseGenerator
generator: ArithmeticBaseGenerator
generator: ArithmeticBaseGenerator
generator: ArithmeticBaseGenerator
generator: ArithmeticBaseGenerator
generator: ArithmeticBaseGenerator
generator: ArithmeticBaseGenerator
generator: InterpolationGenerator
generator: PoseidonGenerator
generator: PoseidonGenerator
generator: PoseidonGenerator
generator: PoseidonGenerator
generator: PoseidonGenerator
generator: PoseidonGenerator
generator: PoseidonGenerator
generator: PoseidonGenerator
generator: PoseidonGenerator
generator: PoseidonGenerator
generator: PoseidonGenerator
generator: PoseidonGenerator
generator: RandomAccessGenerator
generator: RandomAccessGenerator
generator: RandomAccessGenerator
generator: RandomAccessGenerator
generator: InterpolationGenerator
generator: PoseidonGenerator
generator: PoseidonGenerator
generator: PoseidonGenerator
generator: PoseidonGenerator
generator: PoseidonGenerator
generator: PoseidonGenerator
generator: PoseidonGenerator
generator: PoseidonGenerator
generator: RandomAccessGenerator
generator: RandomAccessGenerator
generator: RandomAccessGenerator
generator: RandomAccessGenerator
generator: ArithmeticBaseGenerator
generator: ArithmeticBaseGenerator
generator: ArithmeticBaseGenerator
generator: ArithmeticBaseGenerator
generator: ArithmeticBaseGenerator
generator: ArithmeticBaseGenerator
generator: ArithmeticBaseGenerator
generator: ArithmeticBaseGenerator
generator: ArithmeticBaseGenerator
generator: ArithmeticBaseGenerator
generator: ArithmeticBaseGenerator
generator: ArithmeticBaseGenerator
generator: ArithmeticBaseGenerator
generator: ArithmeticBaseGenerator
generator: ArithmeticBaseGenerator
generator: ArithmeticBaseGenerator
generator: ArithmeticBaseGenerator
generator: ArithmeticBaseGenerator
generator: ArithmeticBaseGenerator
generator: ArithmeticBaseGenerator
generator: ReducingExtensionGenerator
generator: BaseSplitGenerator + Base: 2
generator: BaseSplitGenerator + Base: 2
generator: PoseidonGenerator
generator: PoseidonGenerator
generator: PoseidonGenerator
generator: PoseidonGenerator
generator: PoseidonGenerator
generator: PoseidonGenerator
generator: PoseidonGenerator
generator: PoseidonGenerator
generator: PoseidonGenerator
generator: PoseidonGenerator
generator: PoseidonGenerator
generator: PoseidonGenerator
generator: PoseidonGenerator
generator: PoseidonGenerator
generator: PoseidonGenerator
generator: PoseidonGenerator
generator: PoseidonGenerator
generator: PoseidonGenerator
generator: PoseidonGenerator
generator: PoseidonGenerator
generator: PoseidonGenerator
generator: PoseidonGenerator
generator: PoseidonGenerator
generator: RandomAccessGenerator
generator: RandomAccessGenerator
generator: RandomAccessGenerator
generator: RandomAccessGenerator
generator: PoseidonGenerator
generator: PoseidonGenerator
generator: PoseidonGenerator
generator: PoseidonGenerator
generator: PoseidonGenerator
generator: PoseidonGenerator
generator: PoseidonGenerator
generator: PoseidonGenerator
generator: PoseidonGenerator
generator: PoseidonGenerator
generator: PoseidonGenerator
generator: PoseidonGenerator
generator: PoseidonGenerator
generator: PoseidonGenerator
generator: PoseidonGenerator
generator: PoseidonGenerator
generator: PoseidonGenerator
generator: PoseidonGenerator
generator: PoseidonGenerator
generator: PoseidonGenerator
generator: PoseidonGenerator
generator: PoseidonGenerator
generator: PoseidonGenerator
generator: PoseidonGenerator
generator: PoseidonGenerator
generator: PoseidonGenerator
generator: PoseidonGenerator
generator: PoseidonGenerator
generator: PoseidonGenerator
generator: RandomAccessGenerator
generator: RandomAccessGenerator
generator: RandomAccessGenerator
generator: RandomAccessGenerator
generator: PoseidonGenerator
generator: PoseidonGenerator
generator: PoseidonGenerator
generator: PoseidonGenerator
generator: PoseidonGenerator
generator: PoseidonGenerator
generator: PoseidonGenerator
generator: PoseidonGenerator
generator: PoseidonGenerator
generator: PoseidonGenerator
generator: PoseidonGenerator
generator: PoseidonGenerator
generator: PoseidonGenerator
generator: PoseidonGenerator
generator: PoseidonGenerator
generator: RandomAccessGenerator
generator: RandomAccessGenerator
generator: RandomAccessGenerator
generator: RandomAccessGenerator
generator: PoseidonGenerator
generator: PoseidonGenerator
generator: PoseidonGenerator
generator: PoseidonGenerator
generator: PoseidonGenerator
generator: PoseidonGenerator
generator: PoseidonGenerator
generator: PoseidonGenerator
generator: PoseidonGenerator
generator: PoseidonGenerator
generator: PoseidonGenerator
generator: PoseidonGenerator
generator: PoseidonGenerator
generator: PoseidonGenerator
generator: RandomAccessGenerator
generator: RandomAccessGenerator
generator: RandomAccessGenerator
generator: RandomAccessGenerator
generator: ReducingGenerator
generator: ReducingGenerator
generator: ReducingGenerator
generator: ReducingGenerator
generator: ReducingGenerator
generator: ReducingGenerator
generator: RandomAccessGenerator
generator: RandomAccessGenerator
generator: RandomAccessGenerator
generator: RandomAccessGenerator
generator: InterpolationGenerator
generator: PoseidonGenerator
generator: PoseidonGenerator
generator: PoseidonGenerator
generator: PoseidonGenerator
generator: PoseidonGenerator
generator: PoseidonGenerator
generator: PoseidonGenerator
generator: PoseidonGenerator
generator: PoseidonGenerator
generator: PoseidonGenerator
generator: PoseidonGenerator
generator: PoseidonGenerator
generator: RandomAccessGenerator
generator: RandomAccessGenerator
generator: RandomAccessGenerator
generator: RandomAccessGenerator
generator: InterpolationGenerator
generator: PoseidonGenerator
generator: PoseidonGenerator
generator: PoseidonGenerator
generator: PoseidonGenerator
generator: PoseidonGenerator
generator: PoseidonGenerator
generator: PoseidonGenerator
generator: PoseidonGenerator
generator: RandomAccessGenerator
generator: RandomAccessGenerator
generator: RandomAccessGenerator
generator: RandomAccessGenerator
generator: ReducingExtensionGenerator
generator: BaseSplitGenerator + Base: 2
generator: BaseSplitGenerator + Base: 2
generator: ArithmeticBaseGenerator
generator: ArithmeticBaseGenerator
generator: ArithmeticBaseGenerator
generator: ArithmeticBaseGenerator
generator: ArithmeticBaseGenerator
generator: ArithmeticBaseGenerator
generator: ArithmeticBaseGenerator
generator: ArithmeticBaseGenerator
generator: ArithmeticBaseGenerator
generator: ArithmeticBaseGenerator
generator: ArithmeticBaseGenerator
generator: ArithmeticBaseGenerator
generator: ArithmeticBaseGenerator
generator: ArithmeticBaseGenerator
generator: ArithmeticBaseGenerator
generator: ArithmeticBaseGenerator
generator: ArithmeticBaseGenerator
generator: ArithmeticBaseGenerator
generator: ArithmeticBaseGenerator
generator: ArithmeticBaseGenerator
generator: PoseidonGenerator
generator: PoseidonGenerator
generator: PoseidonGenerator
generator: PoseidonGenerator
generator: PoseidonGenerator
generator: PoseidonGenerator
generator: PoseidonGenerator
generator: PoseidonGenerator
generator: PoseidonGenerator
generator: PoseidonGenerator
generator: PoseidonGenerator
generator: PoseidonGenerator
generator: PoseidonGenerator
generator: PoseidonGenerator
generator: PoseidonGenerator
generator: PoseidonGenerator
generator: PoseidonGenerator
generator: PoseidonGenerator
generator: PoseidonGenerator
generator: PoseidonGenerator
generator: PoseidonGenerator
generator: PoseidonGenerator
generator: PoseidonGenerator
generator: RandomAccessGenerator
generator: RandomAccessGenerator
generator: RandomAccessGenerator
generator: RandomAccessGenerator
generator: PoseidonGenerator
generator: PoseidonGenerator
generator: PoseidonGenerator
generator: PoseidonGenerator
generator: PoseidonGenerator
generator: PoseidonGenerator
generator: PoseidonGenerator
generator: PoseidonGenerator
generator: PoseidonGenerator
generator: PoseidonGenerator
generator: PoseidonGenerator
generator: PoseidonGenerator
generator: PoseidonGenerator
generator: PoseidonGenerator
generator: PoseidonGenerator
generator: PoseidonGenerator
generator: PoseidonGenerator
generator: PoseidonGenerator
generator: PoseidonGenerator
generator: PoseidonGenerator
generator: PoseidonGenerator
generator: PoseidonGenerator
generator: PoseidonGenerator
generator: PoseidonGenerator
generator: PoseidonGenerator
generator: PoseidonGenerator
generator: PoseidonGenerator
generator: PoseidonGenerator
generator: PoseidonGenerator
generator: RandomAccessGenerator
generator: RandomAccessGenerator
generator: RandomAccessGenerator
generator: RandomAccessGenerator
generator: PoseidonGenerator
generator: PoseidonGenerator
generator: PoseidonGenerator
generator: PoseidonGenerator
generator: PoseidonGenerator
generator: PoseidonGenerator
generator: PoseidonGenerator
generator: PoseidonGenerator
generator: PoseidonGenerator
generator: PoseidonGenerator
generator: PoseidonGenerator
generator: PoseidonGenerator
generator: PoseidonGenerator
generator: PoseidonGenerator
generator: PoseidonGenerator
generator: RandomAccessGenerator
generator: RandomAccessGenerator
generator: RandomAccessGenerator
generator: RandomAccessGenerator
generator: PoseidonGenerator
generator: PoseidonGenerator
generator: PoseidonGenerator
generator: PoseidonGenerator
generator: PoseidonGenerator
generator: PoseidonGenerator
generator: PoseidonGenerator
generator: PoseidonGenerator
generator: PoseidonGenerator
generator: PoseidonGenerator
generator: PoseidonGenerator
generator: PoseidonGenerator
generator: PoseidonGenerator
generator: PoseidonGenerator
generator: RandomAccessGenerator
generator: RandomAccessGenerator
generator: RandomAccessGenerator
generator: RandomAccessGenerator
generator: ReducingGenerator
generator: ReducingGenerator
generator: ReducingGenerator
generator: ReducingGenerator
generator: ReducingGenerator
generator: ReducingGenerator
generator: ArithmeticExtensionGenerator
generator: ArithmeticExtensionGenerator
generator: ArithmeticExtensionGenerator
generator: ArithmeticExtensionGenerator
generator: ArithmeticExtensionGenerator
generator: ArithmeticExtensionGenerator
generator: ArithmeticExtensionGenerator
generator: ArithmeticExtensionGenerator
generator: ArithmeticExtensionGenerator
generator: ArithmeticExtensionGenerator
generator: RandomAccessGenerator
generator: RandomAccessGenerator
generator: RandomAccessGenerator
generator: RandomAccessGenerator
generator: InterpolationGenerator
generator: PoseidonGenerator
generator: PoseidonGenerator
generator: PoseidonGenerator
generator: PoseidonGenerator
generator: PoseidonGenerator
generator: PoseidonGenerator
generator: PoseidonGenerator
generator: PoseidonGenerator
generator: PoseidonGenerator
generator: PoseidonGenerator
generator: PoseidonGenerator
generator: PoseidonGenerator
generator: RandomAccessGenerator
generator: RandomAccessGenerator
generator: RandomAccessGenerator
generator: RandomAccessGenerator
generator: InterpolationGenerator
generator: PoseidonGenerator
generator: PoseidonGenerator
generator: PoseidonGenerator
generator: PoseidonGenerator
generator: PoseidonGenerator
generator: PoseidonGenerator
generator: PoseidonGenerator
generator: PoseidonGenerator
generator: RandomAccessGenerator
generator: RandomAccessGenerator
generator: RandomAccessGenerator
generator: RandomAccessGenerator
generator: ArithmeticBaseGenerator
generator: ArithmeticBaseGenerator
generator: ArithmeticBaseGenerator
generator: ArithmeticBaseGenerator
generator: ArithmeticBaseGenerator
generator: ArithmeticBaseGenerator
generator: ArithmeticBaseGenerator
generator: ArithmeticBaseGenerator
generator: ArithmeticBaseGenerator
generator: ArithmeticBaseGenerator
generator: ArithmeticBaseGenerator
generator: ArithmeticBaseGenerator
generator: ArithmeticBaseGenerator
generator: ArithmeticBaseGenerator
generator: ArithmeticBaseGenerator
generator: ArithmeticBaseGenerator
generator: ArithmeticBaseGenerator
generator: ArithmeticBaseGenerator
generator: ArithmeticBaseGenerator
generator: ArithmeticBaseGenerator
generator: ReducingExtensionGenerator
generator: BaseSplitGenerator + Base: 2
generator: BaseSplitGenerator + Base: 2
generator: PoseidonGenerator
generator: PoseidonGenerator
generator: PoseidonGenerator
generator: PoseidonGenerator
generator: PoseidonGenerator
generator: PoseidonGenerator
generator: PoseidonGenerator
generator: PoseidonGenerator
generator: PoseidonGenerator
generator: PoseidonGenerator
generator: PoseidonGenerator
generator: PoseidonGenerator
generator: PoseidonGenerator
generator: PoseidonGenerator
generator: PoseidonGenerator
generator: PoseidonGenerator
generator: PoseidonGenerator
generator: PoseidonGenerator
generator: PoseidonGenerator
generator: PoseidonGenerator
generator: PoseidonGenerator
generator: PoseidonGenerator
generator: PoseidonGenerator
generator: RandomAccessGenerator
generator: RandomAccessGenerator
generator: RandomAccessGenerator
generator: RandomAccessGenerator
generator: PoseidonGenerator
generator: PoseidonGenerator
generator: PoseidonGenerator
generator: PoseidonGenerator
generator: PoseidonGenerator
generator: PoseidonGenerator
generator: PoseidonGenerator
generator: PoseidonGenerator
generator: PoseidonGenerator
generator: PoseidonGenerator
generator: PoseidonGenerator
generator: PoseidonGenerator
generator: PoseidonGenerator
generator: PoseidonGenerator
generator: PoseidonGenerator
generator: PoseidonGenerator
generator: PoseidonGenerator
generator: PoseidonGenerator
generator: PoseidonGenerator
generator: PoseidonGenerator
generator: PoseidonGenerator
generator: PoseidonGenerator
generator: PoseidonGenerator
generator: PoseidonGenerator
generator: PoseidonGenerator
generator: PoseidonGenerator
generator: PoseidonGenerator
generator: PoseidonGenerator
generator: PoseidonGenerator
generator: RandomAccessGenerator
generator: RandomAccessGenerator
generator: RandomAccessGenerator
generator: RandomAccessGenerator
generator: PoseidonGenerator
generator: PoseidonGenerator
generator: PoseidonGenerator
generator: PoseidonGenerator
generator: PoseidonGenerator
generator: PoseidonGenerator
generator: PoseidonGenerator
generator: PoseidonGenerator
generator: PoseidonGenerator
generator: PoseidonGenerator
generator: PoseidonGenerator
generator: PoseidonGenerator
generator: PoseidonGenerator
generator: PoseidonGenerator
generator: PoseidonGenerator
generator: RandomAccessGenerator
generator: RandomAccessGenerator
generator: RandomAccessGenerator
generator: RandomAccessGenerator
generator: PoseidonGenerator
generator: PoseidonGenerator
generator: PoseidonGenerator
generator: PoseidonGenerator
generator: PoseidonGenerator
generator: PoseidonGenerator
generator: PoseidonGenerator
generator: PoseidonGenerator
generator: PoseidonGenerator
generator: PoseidonGenerator
generator: PoseidonGenerator
generator: PoseidonGenerator
generator: PoseidonGenerator
generator: PoseidonGenerator
generator: RandomAccessGenerator
generator: RandomAccessGenerator
generator: RandomAccessGenerator
generator: RandomAccessGenerator
generator: ReducingGenerator
generator: ReducingGenerator
generator: ReducingGenerator
generator: ReducingGenerator
generator: ReducingGenerator
generator: ReducingGenerator
generator: MulExtensionGenerator
generator: MulExtensionGenerator
generator: MulExtensionGenerator
generator: MulExtensionGenerator
generator: MulExtensionGenerator
generator: MulExtensionGenerator
generator: MulExtensionGenerator
generator: MulExtensionGenerator
generator: MulExtensionGenerator
generator: MulExtensionGenerator
generator: MulExtensionGenerator
generator: MulExtensionGenerator
generator: MulExtensionGenerator
generator: RandomAccessGenerator
generator: RandomAccessGenerator
generator: RandomAccessGenerator
generator: RandomAccessGenerator
generator: ArithmeticBaseGenerator
generator: ArithmeticBaseGenerator
generator: ArithmeticBaseGenerator
generator: ArithmeticBaseGenerator
generator: ArithmeticBaseGenerator
generator: ArithmeticBaseGenerator
generator: ArithmeticBaseGenerator
generator: ArithmeticBaseGenerator
generator: ArithmeticBaseGenerator
generator: ArithmeticBaseGenerator
generator: ArithmeticBaseGenerator
generator: ArithmeticBaseGenerator
generator: ArithmeticBaseGenerator
generator: ArithmeticBaseGenerator
generator: ArithmeticBaseGenerator
generator: ArithmeticBaseGenerator
generator: ArithmeticBaseGenerator
generator: ArithmeticBaseGenerator
generator: ArithmeticBaseGenerator
generator: ArithmeticBaseGenerator
generator: InterpolationGenerator
generator: PoseidonGenerator
generator: PoseidonGenerator
generator: PoseidonGenerator
generator: PoseidonGenerator
generator: PoseidonGenerator
generator: PoseidonGenerator
generator: PoseidonGenerator
generator: PoseidonGenerator
generator: PoseidonGenerator
generator: PoseidonGenerator
generator: PoseidonGenerator
generator: PoseidonGenerator
generator: RandomAccessGenerator
generator: RandomAccessGenerator
generator: RandomAccessGenerator
generator: RandomAccessGenerator
generator: InterpolationGenerator
generator: PoseidonGenerator
generator: PoseidonGenerator
generator: PoseidonGenerator
generator: PoseidonGenerator
generator: PoseidonGenerator
generator: PoseidonGenerator
generator: PoseidonGenerator
generator: PoseidonGenerator
generator: RandomAccessGenerator
generator: RandomAccessGenerator
generator: RandomAccessGenerator
generator: RandomAccessGenerator
generator: ReducingExtensionGenerator
generator: BaseSplitGenerator + Base: 2
generator: BaseSplitGenerator + Base: 2
generator: ArithmeticBaseGenerator
generator: ArithmeticBaseGenerator
generator: ArithmeticBaseGenerator
generator: ArithmeticBaseGenerator
generator: ArithmeticBaseGenerator
generator: ArithmeticBaseGenerator
generator: ArithmeticBaseGenerator
generator: ArithmeticBaseGenerator
generator: ArithmeticBaseGenerator
generator: ArithmeticBaseGenerator
generator: ArithmeticBaseGenerator
generator: ArithmeticBaseGenerator
generator: ArithmeticBaseGenerator
generator: ArithmeticBaseGenerator
generator: ArithmeticBaseGenerator
generator: ArithmeticBaseGenerator
generator: ArithmeticBaseGenerator
generator: ArithmeticBaseGenerator
generator: ArithmeticBaseGenerator
generator: ArithmeticBaseGenerator
generator: PoseidonGenerator
generator: PoseidonGenerator
generator: PoseidonGenerator
generator: PoseidonGenerator
generator: PoseidonGenerator
generator: PoseidonGenerator
generator: PoseidonGenerator
generator: PoseidonGenerator
generator: PoseidonGenerator
generator: PoseidonGenerator
generator: PoseidonGenerator
generator: PoseidonGenerator
generator: PoseidonGenerator
generator: PoseidonGenerator
generator: PoseidonGenerator
generator: PoseidonGenerator
generator: PoseidonGenerator
generator: PoseidonGenerator
generator: PoseidonGenerator
generator: PoseidonGenerator
generator: PoseidonGenerator
generator: PoseidonGenerator
generator: PoseidonGenerator
generator: RandomAccessGenerator
generator: RandomAccessGenerator
generator: RandomAccessGenerator
generator: RandomAccessGenerator
generator: PoseidonGenerator
generator: PoseidonGenerator
generator: PoseidonGenerator
generator: PoseidonGenerator
generator: PoseidonGenerator
generator: PoseidonGenerator
generator: PoseidonGenerator
generator: PoseidonGenerator
generator: PoseidonGenerator
generator: PoseidonGenerator
generator: PoseidonGenerator
generator: PoseidonGenerator
generator: PoseidonGenerator
generator: PoseidonGenerator
generator: PoseidonGenerator
generator: PoseidonGenerator
generator: PoseidonGenerator
generator: PoseidonGenerator
generator: PoseidonGenerator
generator: PoseidonGenerator
generator: PoseidonGenerator
generator: PoseidonGenerator
generator: PoseidonGenerator
generator: PoseidonGenerator
generator: PoseidonGenerator
generator: PoseidonGenerator
generator: PoseidonGenerator
generator: PoseidonGenerator
generator: PoseidonGenerator
generator: RandomAccessGenerator
generator: RandomAccessGenerator
generator: RandomAccessGenerator
generator: RandomAccessGenerator
generator: PoseidonGenerator
generator: PoseidonGenerator
generator: PoseidonGenerator
generator: PoseidonGenerator
generator: PoseidonGenerator
generator: PoseidonGenerator
generator: PoseidonGenerator
generator: PoseidonGenerator
generator: PoseidonGenerator
generator: PoseidonGenerator
generator: PoseidonGenerator
generator: PoseidonGenerator
generator: PoseidonGenerator
generator: PoseidonGenerator
generator: PoseidonGenerator
generator: RandomAccessGenerator
generator: RandomAccessGenerator
generator: RandomAccessGenerator
generator: RandomAccessGenerator
generator: PoseidonGenerator
generator: PoseidonGenerator
generator: PoseidonGenerator
generator: PoseidonGenerator
generator: PoseidonGenerator
generator: PoseidonGenerator
generator: PoseidonGenerator
generator: PoseidonGenerator
generator: PoseidonGenerator
generator: PoseidonGenerator
generator: PoseidonGenerator
generator: PoseidonGenerator
generator: PoseidonGenerator
generator: PoseidonGenerator
generator: RandomAccessGenerator
generator: RandomAccessGenerator
generator: RandomAccessGenerator
generator: RandomAccessGenerator
generator: ReducingGenerator
generator: ReducingGenerator
generator: ReducingGenerator
generator: ReducingGenerator
generator: ReducingGenerator
generator: ReducingGenerator
generator: ArithmeticExtensionGenerator
generator: ArithmeticExtensionGenerator
generator: ArithmeticExtensionGenerator
generator: ArithmeticExtensionGenerator
generator: ArithmeticExtensionGenerator
generator: ArithmeticExtensionGenerator
generator: ArithmeticExtensionGenerator
generator: ArithmeticExtensionGenerator
generator: ArithmeticExtensionGenerator
generator: ArithmeticExtensionGenerator
generator: ArithmeticExtensionGenerator
generator: ArithmeticExtensionGenerator
generator: ArithmeticExtensionGenerator
generator: ArithmeticExtensionGenerator
generator: ArithmeticExtensionGenerator
generator: ArithmeticExtensionGenerator
generator: ArithmeticExtensionGenerator
generator: ArithmeticExtensionGenerator
generator: ArithmeticExtensionGenerator
generator: ArithmeticExtensionGenerator
generator: RandomAccessGenerator
generator: RandomAccessGenerator
generator: RandomAccessGenerator
generator: RandomAccessGenerator
generator: InterpolationGenerator
generator: PoseidonGenerator
generator: PoseidonGenerator
generator: PoseidonGenerator
generator: PoseidonGenerator
generator: PoseidonGenerator
generator: PoseidonGenerator
generator: PoseidonGenerator
generator: PoseidonGenerator
generator: PoseidonGenerator
generator: PoseidonGenerator
generator: PoseidonGenerator
generator: PoseidonGenerator
generator: RandomAccessGenerator
generator: RandomAccessGenerator
generator: RandomAccessGenerator
generator: RandomAccessGenerator
generator: ArithmeticBaseGenerator
generator: ArithmeticBaseGenerator
generator: ArithmeticBaseGenerator
generator: ArithmeticBaseGenerator
generator: ArithmeticBaseGenerator
generator: ArithmeticBaseGenerator
generator: ArithmeticBaseGenerator
generator: ArithmeticBaseGenerator
generator: ArithmeticBaseGenerator
generator: ArithmeticBaseGenerator
generator: ArithmeticBaseGenerator
generator: ArithmeticBaseGenerator
generator: ArithmeticBaseGenerator
generator: ArithmeticBaseGenerator
generator: ArithmeticBaseGenerator
generator: ArithmeticBaseGenerator
generator: ArithmeticBaseGenerator
generator: ArithmeticBaseGenerator
generator: ArithmeticBaseGenerator
generator: ArithmeticBaseGenerator
generator: InterpolationGenerator
generator: PoseidonGenerator
generator: PoseidonGenerator
generator: PoseidonGenerator
generator: PoseidonGenerator
generator: PoseidonGenerator
generator: PoseidonGenerator
generator: PoseidonGenerator
generator: PoseidonGenerator
generator: RandomAccessGenerator
generator: RandomAccessGenerator
generator: RandomAccessGenerator
generator: RandomAccessGenerator
generator: ReducingExtensionGenerator
generator: BaseSplitGenerator + Base: 2
generator: BaseSplitGenerator + Base: 2
generator: PoseidonGenerator
generator: PoseidonGenerator
generator: PoseidonGenerator
generator: PoseidonGenerator
generator: PoseidonGenerator
generator: PoseidonGenerator
generator: PoseidonGenerator
generator: PoseidonGenerator
generator: PoseidonGenerator
generator: PoseidonGenerator
generator: PoseidonGenerator
generator: PoseidonGenerator
generator: PoseidonGenerator
generator: PoseidonGenerator
generator: PoseidonGenerator
generator: PoseidonGenerator
generator: PoseidonGenerator
generator: PoseidonGenerator
generator: PoseidonGenerator
generator: PoseidonGenerator
generator: PoseidonGenerator
generator: PoseidonGenerator
generator: PoseidonGenerator
generator: RandomAccessGenerator
generator: RandomAccessGenerator
generator: RandomAccessGenerator
generator: RandomAccessGenerator
generator: PoseidonGenerator
generator: PoseidonGenerator
generator: PoseidonGenerator
generator: PoseidonGenerator
generator: PoseidonGenerator
generator: PoseidonGenerator
generator: PoseidonGenerator
generator: PoseidonGenerator
generator: PoseidonGenerator
generator: PoseidonGenerator
generator: PoseidonGenerator
generator: PoseidonGenerator
generator: PoseidonGenerator
generator: PoseidonGenerator
generator: PoseidonGenerator
generator: PoseidonGenerator
generator: PoseidonGenerator
generator: PoseidonGenerator
generator: PoseidonGenerator
generator: PoseidonGenerator
generator: PoseidonGenerator
generator: PoseidonGenerator
generator: PoseidonGenerator
generator: PoseidonGenerator
generator: PoseidonGenerator
generator: PoseidonGenerator
generator: PoseidonGenerator
generator: PoseidonGenerator
generator: PoseidonGenerator
generator: RandomAccessGenerator
generator: RandomAccessGenerator
generator: RandomAccessGenerator
generator: RandomAccessGenerator
generator: PoseidonGenerator
generator: PoseidonGenerator
generator: PoseidonGenerator
generator: PoseidonGenerator
generator: PoseidonGenerator
generator: PoseidonGenerator
generator: PoseidonGenerator
generator: PoseidonGenerator
generator: PoseidonGenerator
generator: PoseidonGenerator
generator: PoseidonGenerator
generator: PoseidonGenerator
generator: PoseidonGenerator
generator: PoseidonGenerator
generator: PoseidonGenerator
generator: RandomAccessGenerator
generator: RandomAccessGenerator
generator: RandomAccessGenerator
generator: RandomAccessGenerator
generator: PoseidonGenerator
generator: PoseidonGenerator
generator: PoseidonGenerator
generator: PoseidonGenerator
generator: PoseidonGenerator
generator: PoseidonGenerator
generator: PoseidonGenerator
generator: PoseidonGenerator
generator: PoseidonGenerator
generator: PoseidonGenerator
generator: PoseidonGenerator
generator: PoseidonGenerator
generator: PoseidonGenerator
generator: PoseidonGenerator
generator: RandomAccessGenerator
generator: RandomAccessGenerator
generator: RandomAccessGenerator
generator: RandomAccessGenerator
generator: ReducingGenerator
generator: ReducingGenerator
generator: ReducingGenerator
generator: ReducingGenerator
generator: ReducingGenerator
generator: ReducingGenerator
generator: RandomAccessGenerator
generator: RandomAccessGenerator
generator: RandomAccessGenerator
generator: RandomAccessGenerator
generator: InterpolationGenerator
generator: PoseidonGenerator
generator: PoseidonGenerator
generator: PoseidonGenerator
generator: PoseidonGenerator
generator: PoseidonGenerator
generator: PoseidonGenerator
generator: PoseidonGenerator
generator: PoseidonGenerator
generator: PoseidonGenerator
generator: PoseidonGenerator
generator: PoseidonGenerator
generator: PoseidonGenerator
generator: RandomAccessGenerator
generator: RandomAccessGenerator
generator: RandomAccessGenerator
generator: RandomAccessGenerator
generator: InterpolationGenerator
generator: PoseidonGenerator
generator: PoseidonGenerator
generator: PoseidonGenerator
generator: PoseidonGenerator
generator: PoseidonGenerator
generator: PoseidonGenerator
generator: PoseidonGenerator
generator: PoseidonGenerator
generator: RandomAccessGenerator
generator: RandomAccessGenerator
generator: RandomAccessGenerator
generator: RandomAccessGenerator
generator: ReducingExtensionGenerator
generator: BaseSplitGenerator + Base: 2
generator: BaseSplitGenerator + Base: 2
generator: ArithmeticBaseGenerator
generator: ArithmeticBaseGenerator
generator: ArithmeticBaseGenerator
generator: ArithmeticBaseGenerator
generator: ArithmeticBaseGenerator
generator: ArithmeticBaseGenerator
generator: ArithmeticBaseGenerator
generator: ArithmeticBaseGenerator
generator: ArithmeticBaseGenerator
generator: ArithmeticBaseGenerator
generator: ArithmeticBaseGenerator
generator: ArithmeticBaseGenerator
generator: ArithmeticBaseGenerator
generator: ArithmeticBaseGenerator
generator: ArithmeticBaseGenerator
generator: ArithmeticBaseGenerator
generator: ArithmeticBaseGenerator
generator: ArithmeticBaseGenerator
generator: ArithmeticBaseGenerator
generator: ArithmeticBaseGenerator
generator: PoseidonGenerator
generator: PoseidonGenerator
generator: PoseidonGenerator
generator: PoseidonGenerator
generator: PoseidonGenerator
generator: PoseidonGenerator
generator: PoseidonGenerator
generator: PoseidonGenerator
generator: PoseidonGenerator
generator: PoseidonGenerator
generator: PoseidonGenerator
generator: PoseidonGenerator
generator: PoseidonGenerator
generator: PoseidonGenerator
generator: PoseidonGenerator
generator: PoseidonGenerator
generator: PoseidonGenerator
generator: PoseidonGenerator
generator: PoseidonGenerator
generator: PoseidonGenerator
generator: PoseidonGenerator
generator: PoseidonGenerator
generator: PoseidonGenerator
generator: RandomAccessGenerator
generator: RandomAccessGenerator
generator: RandomAccessGenerator
generator: RandomAccessGenerator
generator: PoseidonGenerator
generator: PoseidonGenerator
generator: PoseidonGenerator
generator: PoseidonGenerator
generator: PoseidonGenerator
generator: PoseidonGenerator
generator: PoseidonGenerator
generator: PoseidonGenerator
generator: PoseidonGenerator
generator: PoseidonGenerator
generator: PoseidonGenerator
generator: PoseidonGenerator
generator: PoseidonGenerator
generator: PoseidonGenerator
generator: PoseidonGenerator
generator: PoseidonGenerator
generator: PoseidonGenerator
generator: PoseidonGenerator
generator: PoseidonGenerator
generator: PoseidonGenerator
generator: PoseidonGenerator
generator: PoseidonGenerator
generator: PoseidonGenerator
generator: PoseidonGenerator
generator: PoseidonGenerator
generator: PoseidonGenerator
generator: PoseidonGenerator
generator: PoseidonGenerator
generator: PoseidonGenerator
generator: RandomAccessGenerator
generator: RandomAccessGenerator
generator: RandomAccessGenerator
generator: RandomAccessGenerator
generator: PoseidonGenerator
generator: PoseidonGenerator
generator: PoseidonGenerator
generator: PoseidonGenerator
generator: PoseidonGenerator
generator: PoseidonGenerator
generator: PoseidonGenerator
generator: PoseidonGenerator
generator: PoseidonGenerator
generator: PoseidonGenerator
generator: PoseidonGenerator
generator: PoseidonGenerator
generator: PoseidonGenerator
generator: PoseidonGenerator
generator: PoseidonGenerator
generator: RandomAccessGenerator
generator: RandomAccessGenerator
generator: RandomAccessGenerator
generator: RandomAccessGenerator
generator: PoseidonGenerator
generator: PoseidonGenerator
generator: PoseidonGenerator
generator: PoseidonGenerator
generator: PoseidonGenerator
generator: PoseidonGenerator
generator: PoseidonGenerator
generator: PoseidonGenerator
generator: PoseidonGenerator
generator: PoseidonGenerator
generator: PoseidonGenerator
generator: PoseidonGenerator
generator: PoseidonGenerator
generator: PoseidonGenerator
generator: RandomAccessGenerator
generator: RandomAccessGenerator
generator: RandomAccessGenerator
generator: RandomAccessGenerator
generator: ReducingGenerator
generator: ReducingGenerator
generator: ReducingGenerator
generator: ReducingGenerator
generator: ReducingGenerator
generator: ReducingGenerator
generator: RandomAccessGenerator
generator: RandomAccessGenerator
generator: RandomAccessGenerator
generator: RandomAccessGenerator
generator: InterpolationGenerator
generator: PoseidonGenerator
generator: PoseidonGenerator
generator: PoseidonGenerator
generator: PoseidonGenerator
generator: PoseidonGenerator
generator: PoseidonGenerator
generator: PoseidonGenerator
generator: PoseidonGenerator
generator: PoseidonGenerator
generator: PoseidonGenerator
generator: PoseidonGenerator
generator: PoseidonGenerator
generator: RandomAccessGenerator
generator: RandomAccessGenerator
generator: RandomAccessGenerator
generator: RandomAccessGenerator
generator: ArithmeticBaseGenerator
generator: ArithmeticBaseGenerator
generator: ArithmeticBaseGenerator
generator: ArithmeticBaseGenerator
generator: ArithmeticBaseGenerator
generator: ArithmeticBaseGenerator
generator: ArithmeticBaseGenerator
generator: ArithmeticBaseGenerator
generator: ArithmeticBaseGenerator
generator: ArithmeticBaseGenerator
generator: ArithmeticBaseGenerator
generator: ArithmeticBaseGenerator
generator: ArithmeticBaseGenerator
generator: ArithmeticBaseGenerator
generator: ArithmeticBaseGenerator
generator: ArithmeticBaseGenerator
generator: ArithmeticBaseGenerator
generator: ArithmeticBaseGenerator
generator: ArithmeticBaseGenerator
generator: ArithmeticBaseGenerator
generator: InterpolationGenerator
generator: PoseidonGenerator
generator: PoseidonGenerator
generator: PoseidonGenerator
generator: PoseidonGenerator
generator: PoseidonGenerator
generator: PoseidonGenerator
generator: PoseidonGenerator
generator: PoseidonGenerator
generator: RandomAccessGenerator
generator: RandomAccessGenerator
generator: RandomAccessGenerator
generator: RandomAccessGenerator
generator: ReducingExtensionGenerator
generator: BaseSplitGenerator + Base: 2
generator: BaseSplitGenerator + Base: 2
generator: PoseidonGenerator
generator: PoseidonGenerator
generator: PoseidonGenerator
generator: PoseidonGenerator
generator: PoseidonGenerator
generator: PoseidonGenerator
generator: PoseidonGenerator
generator: PoseidonGenerator
generator: PoseidonGenerator
generator: PoseidonGenerator
generator: PoseidonGenerator
generator: PoseidonGenerator
generator: PoseidonGenerator
generator: PoseidonGenerator
generator: PoseidonGenerator
generator: PoseidonGenerator
generator: PoseidonGenerator
generator: PoseidonGenerator
generator: PoseidonGenerator
generator: PoseidonGenerator
generator: PoseidonGenerator
generator: PoseidonGenerator
generator: PoseidonGenerator
generator: RandomAccessGenerator
generator: RandomAccessGenerator
generator: RandomAccessGenerator
generator: RandomAccessGenerator
generator: PoseidonGenerator
generator: PoseidonGenerator
generator: PoseidonGenerator
generator: PoseidonGenerator
generator: PoseidonGenerator
generator: PoseidonGenerator
generator: PoseidonGenerator
generator: PoseidonGenerator
generator: PoseidonGenerator
generator: PoseidonGenerator
generator: PoseidonGenerator
generator: PoseidonGenerator
generator: PoseidonGenerator
generator: PoseidonGenerator
generator: PoseidonGenerator
generator: PoseidonGenerator
generator: PoseidonGenerator
generator: PoseidonGenerator
generator: PoseidonGenerator
generator: PoseidonGenerator
generator: PoseidonGenerator
generator: PoseidonGenerator
generator: PoseidonGenerator
generator: PoseidonGenerator
generator: PoseidonGenerator
generator: PoseidonGenerator
generator: PoseidonGenerator
generator: PoseidonGenerator
generator: PoseidonGenerator
generator: RandomAccessGenerator
generator: RandomAccessGenerator
generator: RandomAccessGenerator
generator: RandomAccessGenerator
generator: PoseidonGenerator
generator: PoseidonGenerator
generator: PoseidonGenerator
generator: PoseidonGenerator
generator: PoseidonGenerator
generator: PoseidonGenerator
generator: PoseidonGenerator
generator: PoseidonGenerator
generator: PoseidonGenerator
generator: PoseidonGenerator
generator: PoseidonGenerator
generator: PoseidonGenerator
generator: PoseidonGenerator
generator: PoseidonGenerator
generator: PoseidonGenerator
generator: RandomAccessGenerator
generator: RandomAccessGenerator
generator: RandomAccessGenerator
generator: RandomAccessGenerator
generator: PoseidonGenerator
generator: PoseidonGenerator
generator: PoseidonGenerator
generator: PoseidonGenerator
generator: PoseidonGenerator
generator: PoseidonGenerator
generator: PoseidonGenerator
generator: PoseidonGenerator
generator: PoseidonGenerator
generator: PoseidonGenerator
generator: PoseidonGenerator
generator: PoseidonGenerator
generator: PoseidonGenerator
generator: PoseidonGenerator
generator: RandomAccessGenerator
generator: RandomAccessGenerator
generator: RandomAccessGenerator
generator: RandomAccessGenerator
generator: ReducingGenerator
generator: ReducingGenerator
generator: ReducingGenerator
generator: ReducingGenerator
generator: ReducingGenerator
generator: ReducingGenerator
generator: ArithmeticExtensionGenerator
generator: ArithmeticExtensionGenerator
generator: ArithmeticExtensionGenerator
generator: ArithmeticExtensionGenerator
generator: ArithmeticExtensionGenerator
generator: ArithmeticExtensionGenerator
generator: ArithmeticExtensionGenerator
generator: ArithmeticExtensionGenerator
generator: ArithmeticExtensionGenerator
generator: ArithmeticExtensionGenerator
generator: MulExtensionGenerator
generator: MulExtensionGenerator
generator: MulExtensionGenerator
generator: MulExtensionGenerator
generator: MulExtensionGenerator
generator: MulExtensionGenerator
generator: MulExtensionGenerator
generator: MulExtensionGenerator
generator: MulExtensionGenerator
generator: MulExtensionGenerator
generator: MulExtensionGenerator
generator: MulExtensionGenerator
generator: MulExtensionGenerator
generator: RandomAccessGenerator
generator: RandomAccessGenerator
generator: RandomAccessGenerator
generator: RandomAccessGenerator
generator: InterpolationGenerator
generator: PoseidonGenerator
generator: PoseidonGenerator
generator: PoseidonGenerator
generator: PoseidonGenerator
generator: PoseidonGenerator
generator: PoseidonGenerator
generator: PoseidonGenerator
generator: PoseidonGenerator
generator: PoseidonGenerator
generator: PoseidonGenerator
generator: PoseidonGenerator
generator: PoseidonGenerator
generator: RandomAccessGenerator
generator: RandomAccessGenerator
generator: RandomAccessGenerator
generator: RandomAccessGenerator
generator: InterpolationGenerator
generator: PoseidonGenerator
generator: PoseidonGenerator
generator: PoseidonGenerator
generator: PoseidonGenerator
generator: PoseidonGenerator
generator: PoseidonGenerator
generator: PoseidonGenerator
generator: PoseidonGenerator
generator: RandomAccessGenerator
generator: RandomAccessGenerator
generator: RandomAccessGenerator
generator: RandomAccessGenerator
generator: ReducingExtensionGenerator
generator: BaseSplitGenerator + Base: 2
generator: BaseSplitGenerator + Base: 2
generator: ArithmeticBaseGenerator
generator: ArithmeticBaseGenerator
generator: ArithmeticBaseGenerator
generator: ArithmeticBaseGenerator
generator: ArithmeticBaseGenerator
generator: ArithmeticBaseGenerator
generator: ArithmeticBaseGenerator
generator: ArithmeticBaseGenerator
generator: ArithmeticBaseGenerator
generator: ArithmeticBaseGenerator
generator: ArithmeticBaseGenerator
generator: ArithmeticBaseGenerator
generator: ArithmeticBaseGenerator
generator: ArithmeticBaseGenerator
generator: ArithmeticBaseGenerator
generator: ArithmeticBaseGenerator
generator: ArithmeticBaseGenerator
generator: ArithmeticBaseGenerator
generator: ArithmeticBaseGenerator
generator: ArithmeticBaseGenerator
generator: PoseidonGenerator
generator: PoseidonGenerator
generator: PoseidonGenerator
generator: PoseidonGenerator
generator: PoseidonGenerator
generator: PoseidonGenerator
generator: PoseidonGenerator
generator: PoseidonGenerator
generator: PoseidonGenerator
generator: PoseidonGenerator
generator: PoseidonGenerator
generator: PoseidonGenerator
generator: PoseidonGenerator
generator: PoseidonGenerator
generator: PoseidonGenerator
generator: PoseidonGenerator
generator: PoseidonGenerator
generator: PoseidonGenerator
generator: PoseidonGenerator
generator: PoseidonGenerator
generator: PoseidonGenerator
generator: PoseidonGenerator
generator: PoseidonGenerator
generator: RandomAccessGenerator
generator: RandomAccessGenerator
generator: RandomAccessGenerator
generator: RandomAccessGenerator
generator: PoseidonGenerator
generator: PoseidonGenerator
generator: PoseidonGenerator
generator: PoseidonGenerator
generator: PoseidonGenerator
generator: PoseidonGenerator
generator: PoseidonGenerator
generator: PoseidonGenerator
generator: PoseidonGenerator
generator: PoseidonGenerator
generator: PoseidonGenerator
generator: PoseidonGenerator
generator: PoseidonGenerator
generator: PoseidonGenerator
generator: PoseidonGenerator
generator: PoseidonGenerator
generator: PoseidonGenerator
generator: PoseidonGenerator
generator: PoseidonGenerator
generator: PoseidonGenerator
generator: PoseidonGenerator
generator: PoseidonGenerator
generator: PoseidonGenerator
generator: PoseidonGenerator
generator: PoseidonGenerator
generator: PoseidonGenerator
generator: PoseidonGenerator
generator: PoseidonGenerator
generator: PoseidonGenerator
generator: RandomAccessGenerator
generator: RandomAccessGenerator
generator: RandomAccessGenerator
generator: RandomAccessGenerator
generator: PoseidonGenerator
generator: PoseidonGenerator
generator: PoseidonGenerator
generator: PoseidonGenerator
generator: PoseidonGenerator
generator: PoseidonGenerator
generator: PoseidonGenerator
generator: PoseidonGenerator
generator: PoseidonGenerator
generator: PoseidonGenerator
generator: PoseidonGenerator
generator: PoseidonGenerator
generator: PoseidonGenerator
generator: PoseidonGenerator
generator: PoseidonGenerator
generator: RandomAccessGenerator
generator: RandomAccessGenerator
generator: RandomAccessGenerator
generator: RandomAccessGenerator
generator: PoseidonGenerator
generator: PoseidonGenerator
generator: PoseidonGenerator
generator: PoseidonGenerator
generator: PoseidonGenerator
generator: PoseidonGenerator
generator: PoseidonGenerator
generator: PoseidonGenerator
generator: PoseidonGenerator
generator: PoseidonGenerator
generator: PoseidonGenerator
generator: PoseidonGenerator
generator: PoseidonGenerator
generator: PoseidonGenerator
generator: RandomAccessGenerator
generator: RandomAccessGenerator
generator: RandomAccessGenerator
generator: RandomAccessGenerator
generator: ReducingGenerator
generator: ReducingGenerator
generator: ReducingGenerator
generator: ReducingGenerator
generator: ReducingGenerator
generator: ReducingGenerator
generator: RandomAccessGenerator
generator: RandomAccessGenerator
generator: RandomAccessGenerator
generator: RandomAccessGenerator
generator: InterpolationGenerator
generator: PoseidonGenerator
generator: PoseidonGenerator
generator: PoseidonGenerator
generator: PoseidonGenerator
generator: PoseidonGenerator
generator: PoseidonGenerator
generator: PoseidonGenerator
generator: PoseidonGenerator
generator: PoseidonGenerator
generator: PoseidonGenerator
generator: PoseidonGenerator
generator: PoseidonGenerator
generator: RandomAccessGenerator
generator: RandomAccessGenerator
generator: RandomAccessGenerator
generator: RandomAccessGenerator
generator: ArithmeticBaseGenerator
generator: ArithmeticBaseGenerator
generator: ArithmeticBaseGenerator
generator: ArithmeticBaseGenerator
generator: ArithmeticBaseGenerator
generator: ArithmeticBaseGenerator
generator: ArithmeticBaseGenerator
generator: ArithmeticBaseGenerator
generator: ArithmeticBaseGenerator
generator: ArithmeticBaseGenerator
generator: ArithmeticBaseGenerator
generator: ArithmeticBaseGenerator
generator: ArithmeticBaseGenerator
generator: ArithmeticBaseGenerator
generator: ArithmeticBaseGenerator
generator: ArithmeticBaseGenerator
generator: ArithmeticBaseGenerator
generator: ArithmeticBaseGenerator
generator: ArithmeticBaseGenerator
generator: ArithmeticBaseGenerator
generator: InterpolationGenerator
generator: PoseidonGenerator
generator: PoseidonGenerator
generator: PoseidonGenerator
generator: PoseidonGenerator
generator: PoseidonGenerator
generator: PoseidonGenerator
generator: PoseidonGenerator
generator: PoseidonGenerator
generator: RandomAccessGenerator
generator: RandomAccessGenerator
generator: RandomAccessGenerator
generator: RandomAccessGenerator
generator: ReducingExtensionGenerator
generator: BaseSplitGenerator + Base: 2
generator: BaseSplitGenerator + Base: 2
generator: PoseidonGenerator
generator: PoseidonGenerator
generator: PoseidonGenerator
generator: PoseidonGenerator
generator: PoseidonGenerator
generator: PoseidonGenerator
generator: PoseidonGenerator
generator: PoseidonGenerator
generator: PoseidonGenerator
generator: PoseidonGenerator
generator: PoseidonGenerator
generator: PoseidonGenerator
generator: PoseidonGenerator
generator: PoseidonGenerator
generator: PoseidonGenerator
generator: PoseidonGenerator
generator: PoseidonGenerator
generator: PoseidonGenerator
generator: PoseidonGenerator
generator: PoseidonGenerator
generator: PoseidonGenerator
generator: PoseidonGenerator
generator: PoseidonGenerator
generator: RandomAccessGenerator
generator: RandomAccessGenerator
generator: RandomAccessGenerator
generator: RandomAccessGenerator
generator: PoseidonGenerator
generator: PoseidonGenerator
generator: PoseidonGenerator
generator: PoseidonGenerator
generator: PoseidonGenerator
generator: PoseidonGenerator
generator: PoseidonGenerator
generator: PoseidonGenerator
generator: PoseidonGenerator
generator: PoseidonGenerator
generator: PoseidonGenerator
generator: PoseidonGenerator
generator: PoseidonGenerator
generator: PoseidonGenerator
generator: PoseidonGenerator
generator: PoseidonGenerator
generator: PoseidonGenerator
generator: PoseidonGenerator
generator: PoseidonGenerator
generator: PoseidonGenerator
generator: PoseidonGenerator
generator: PoseidonGenerator
generator: PoseidonGenerator
generator: PoseidonGenerator
generator: PoseidonGenerator
generator: PoseidonGenerator
generator: PoseidonGenerator
generator: PoseidonGenerator
generator: PoseidonGenerator
generator: RandomAccessGenerator
generator: RandomAccessGenerator
generator: RandomAccessGenerator
generator: RandomAccessGenerator
generator: PoseidonGenerator
generator: PoseidonGenerator
generator: PoseidonGenerator
generator: PoseidonGenerator
generator: PoseidonGenerator
generator: PoseidonGenerator
generator: PoseidonGenerator
generator: PoseidonGenerator
generator: PoseidonGenerator
generator: PoseidonGenerator
generator: PoseidonGenerator
generator: PoseidonGenerator
generator: PoseidonGenerator
generator: PoseidonGenerator
generator: PoseidonGenerator
generator: RandomAccessGenerator
generator: RandomAccessGenerator
generator: RandomAccessGenerator
generator: RandomAccessGenerator
generator: PoseidonGenerator
generator: PoseidonGenerator
generator: PoseidonGenerator
generator: PoseidonGenerator
generator: PoseidonGenerator
generator: PoseidonGenerator
generator: PoseidonGenerator
generator: PoseidonGenerator
generator: PoseidonGenerator
generator: PoseidonGenerator
generator: PoseidonGenerator
generator: PoseidonGenerator
generator: PoseidonGenerator
generator: PoseidonGenerator
generator: RandomAccessGenerator
generator: RandomAccessGenerator
generator: RandomAccessGenerator
generator: RandomAccessGenerator
generator: ReducingGenerator
generator: ReducingGenerator
generator: ReducingGenerator
generator: ReducingGenerator
generator: ReducingGenerator
generator: ReducingGenerator
generator: ArithmeticExtensionGenerator
generator: ArithmeticExtensionGenerator
generator: ArithmeticExtensionGenerator
generator: ArithmeticExtensionGenerator
generator: ArithmeticExtensionGenerator
generator: ArithmeticExtensionGenerator
generator: ArithmeticExtensionGenerator
generator: ArithmeticExtensionGenerator
generator: ArithmeticExtensionGenerator
generator: ArithmeticExtensionGenerator
generator: ArithmeticExtensionGenerator
generator: ArithmeticExtensionGenerator
generator: ArithmeticExtensionGenerator
generator: ArithmeticExtensionGenerator
generator: ArithmeticExtensionGenerator
generator: ArithmeticExtensionGenerator
generator: ArithmeticExtensionGenerator
generator: ArithmeticExtensionGenerator
generator: ArithmeticExtensionGenerator
generator: ArithmeticExtensionGenerator
generator: RandomAccessGenerator
generator: RandomAccessGenerator
generator: RandomAccessGenerator
generator: RandomAccessGenerator
generator: InterpolationGenerator
generator: PoseidonGenerator
generator: PoseidonGenerator
generator: PoseidonGenerator
generator: PoseidonGenerator
generator: PoseidonGenerator
generator: PoseidonGenerator
generator: PoseidonGenerator
generator: PoseidonGenerator
generator: PoseidonGenerator
generator: PoseidonGenerator
generator: PoseidonGenerator
generator: PoseidonGenerator
generator: RandomAccessGenerator
generator: RandomAccessGenerator
generator: RandomAccessGenerator
generator: RandomAccessGenerator
generator: InterpolationGenerator
generator: PoseidonGenerator
generator: PoseidonGenerator
generator: PoseidonGenerator
generator: PoseidonGenerator
generator: PoseidonGenerator
generator: PoseidonGenerator
generator: PoseidonGenerator
generator: PoseidonGenerator
generator: RandomAccessGenerator
generator: RandomAccessGenerator
generator: RandomAccessGenerator
generator: RandomAccessGenerator
generator: ReducingExtensionGenerator
generator: BaseSplitGenerator + Base: 2
generator: BaseSplitGenerator + Base: 2
generator: ArithmeticBaseGenerator
generator: ArithmeticBaseGenerator
generator: ArithmeticBaseGenerator
generator: ArithmeticBaseGenerator
generator: ArithmeticBaseGenerator
generator: ArithmeticBaseGenerator
generator: ArithmeticBaseGenerator
generator: ArithmeticBaseGenerator
generator: ArithmeticBaseGenerator
generator: ArithmeticBaseGenerator
generator: ArithmeticBaseGenerator
generator: ArithmeticBaseGenerator
generator: ArithmeticBaseGenerator
generator: ArithmeticBaseGenerator
generator: ArithmeticBaseGenerator
generator: ArithmeticBaseGenerator
generator: ArithmeticBaseGenerator
generator: ArithmeticBaseGenerator
generator: ArithmeticBaseGenerator
generator: ArithmeticBaseGenerator
generator: PoseidonGenerator
generator: PoseidonGenerator
generator: PoseidonGenerator
generator: PoseidonGenerator
generator: PoseidonGenerator
generator: PoseidonGenerator
generator: PoseidonGenerator
generator: PoseidonGenerator
generator: PoseidonGenerator
generator: PoseidonGenerator
generator: PoseidonGenerator
generator: PoseidonGenerator
generator: PoseidonGenerator
generator: PoseidonGenerator
generator: PoseidonGenerator
generator: PoseidonGenerator
generator: PoseidonGenerator
generator: PoseidonGenerator
generator: PoseidonGenerator
generator: PoseidonGenerator
generator: PoseidonGenerator
generator: PoseidonGenerator
generator: PoseidonGenerator
generator: RandomAccessGenerator
generator: RandomAccessGenerator
generator: RandomAccessGenerator
generator: RandomAccessGenerator
generator: PoseidonGenerator
generator: PoseidonGenerator
generator: PoseidonGenerator
generator: PoseidonGenerator
generator: PoseidonGenerator
generator: PoseidonGenerator
generator: PoseidonGenerator
generator: PoseidonGenerator
generator: PoseidonGenerator
generator: PoseidonGenerator
generator: PoseidonGenerator
generator: PoseidonGenerator
generator: PoseidonGenerator
generator: PoseidonGenerator
generator: PoseidonGenerator
generator: PoseidonGenerator
generator: PoseidonGenerator
generator: PoseidonGenerator
generator: PoseidonGenerator
generator: PoseidonGenerator
generator: PoseidonGenerator
generator: PoseidonGenerator
generator: PoseidonGenerator
generator: PoseidonGenerator
generator: PoseidonGenerator
generator: PoseidonGenerator
generator: PoseidonGenerator
generator: PoseidonGenerator
generator: PoseidonGenerator
generator: RandomAccessGenerator
generator: RandomAccessGenerator
generator: RandomAccessGenerator
generator: RandomAccessGenerator
generator: PoseidonGenerator
generator: PoseidonGenerator
generator: PoseidonGenerator
generator: PoseidonGenerator
generator: PoseidonGenerator
generator: PoseidonGenerator
generator: PoseidonGenerator
generator: PoseidonGenerator
generator: PoseidonGenerator
generator: PoseidonGenerator
generator: PoseidonGenerator
generator: PoseidonGenerator
generator: PoseidonGenerator
generator: PoseidonGenerator
generator: PoseidonGenerator
generator: RandomAccessGenerator
generator: RandomAccessGenerator
generator: RandomAccessGenerator
generator: RandomAccessGenerator
generator: PoseidonGenerator
generator: PoseidonGenerator
generator: PoseidonGenerator
generator: PoseidonGenerator
generator: PoseidonGenerator
generator: PoseidonGenerator
generator: PoseidonGenerator
generator: PoseidonGenerator
generator: PoseidonGenerator
generator: PoseidonGenerator
generator: PoseidonGenerator
generator: PoseidonGenerator
generator: PoseidonGenerator
generator: PoseidonGenerator
generator: RandomAccessGenerator
generator: RandomAccessGenerator
generator: RandomAccessGenerator
generator: RandomAccessGenerator
generator: ArithmeticBaseGenerator
generator: ArithmeticBaseGenerator
generator: ArithmeticBaseGenerator
generator: ArithmeticBaseGenerator
generator: ArithmeticBaseGenerator
generator: ArithmeticBaseGenerator
generator: ArithmeticBaseGenerator
generator: ArithmeticBaseGenerator
generator: ArithmeticBaseGenerator
generator: ArithmeticBaseGenerator
generator: ArithmeticBaseGenerator
generator: ArithmeticBaseGenerator
generator: ArithmeticBaseGenerator
generator: ArithmeticBaseGenerator
generator: ArithmeticBaseGenerator
generator: ArithmeticBaseGenerator
generator: ArithmeticBaseGenerator
generator: ArithmeticBaseGenerator
generator: ArithmeticBaseGenerator
generator: ArithmeticBaseGenerator
generator: ArithmeticBaseGenerator
generator: ArithmeticBaseGenerator
generator: ArithmeticBaseGenerator
generator: ArithmeticBaseGenerator
generator: ArithmeticBaseGenerator
generator: ArithmeticBaseGenerator
generator: ArithmeticBaseGenerator
generator: ArithmeticBaseGenerator
generator: ArithmeticBaseGenerator
generator: ArithmeticBaseGenerator
generator: ArithmeticBaseGenerator
generator: ArithmeticBaseGenerator
generator: ArithmeticBaseGenerator
generator: ArithmeticBaseGenerator
generator: ArithmeticBaseGenerator
generator: ArithmeticBaseGenerator
generator: ArithmeticBaseGenerator
generator: ArithmeticBaseGenerator
generator: ArithmeticBaseGenerator
generator: ArithmeticBaseGenerator
generator: ArithmeticBaseGenerator
generator: ArithmeticBaseGenerator
generator: ArithmeticBaseGenerator
generator: ArithmeticBaseGenerator
generator: ArithmeticBaseGenerator
generator: ArithmeticBaseGenerator
generator: ArithmeticBaseGenerator
generator: ArithmeticBaseGenerator
generator: ArithmeticBaseGenerator
generator: ArithmeticBaseGenerator
generator: ArithmeticBaseGenerator
generator: ArithmeticBaseGenerator
generator: ArithmeticBaseGenerator
generator: ArithmeticBaseGenerator
generator: ArithmeticBaseGenerator
generator: ArithmeticBaseGenerator
generator: ArithmeticBaseGenerator
generator: ArithmeticBaseGenerator
generator: ArithmeticBaseGenerator
generator: ArithmeticBaseGenerator
generator: ArithmeticBaseGenerator
generator: ArithmeticBaseGenerator
generator: ArithmeticBaseGenerator
generator: ArithmeticBaseGenerator
generator: ArithmeticBaseGenerator
generator: ArithmeticBaseGenerator
generator: ArithmeticBaseGenerator
generator: ArithmeticBaseGenerator
generator: ArithmeticBaseGenerator
generator: ArithmeticBaseGenerator
generator: ArithmeticBaseGenerator
generator: ArithmeticBaseGenerator
generator: ArithmeticBaseGenerator
generator: ArithmeticBaseGenerator
generator: ArithmeticBaseGenerator
generator: ArithmeticBaseGenerator
generator: ArithmeticBaseGenerator
generator: ArithmeticBaseGenerator
generator: ArithmeticBaseGenerator
generator: ArithmeticBaseGenerator
generator: ArithmeticBaseGenerator
generator: ArithmeticBaseGenerator
generator: ArithmeticBaseGenerator
generator: ArithmeticBaseGenerator
generator: ArithmeticBaseGenerator
generator: ArithmeticBaseGenerator
generator: ArithmeticBaseGenerator
generator: ArithmeticBaseGenerator
generator: ArithmeticBaseGenerator
generator: ArithmeticBaseGenerator
generator: ArithmeticBaseGenerator
generator: ArithmeticBaseGenerator
generator: ArithmeticBaseGenerator
generator: ArithmeticBaseGenerator
generator: ArithmeticBaseGenerator
generator: ArithmeticBaseGenerator
generator: ArithmeticBaseGenerator
generator: ArithmeticBaseGenerator
generator: ArithmeticBaseGenerator
generator: ArithmeticBaseGenerator
generator: ArithmeticBaseGenerator
generator: ArithmeticBaseGenerator
generator: ArithmeticBaseGenerator
generator: ArithmeticBaseGenerator
generator: ArithmeticBaseGenerator
generator: ArithmeticBaseGenerator
generator: ArithmeticBaseGenerator
generator: ArithmeticBaseGenerator
generator: ArithmeticBaseGenerator
generator: ArithmeticBaseGenerator
generator: ArithmeticBaseGenerator
generator: ArithmeticBaseGenerator
generator: ArithmeticBaseGenerator
generator: ArithmeticBaseGenerator
generator: ArithmeticBaseGenerator
generator: ArithmeticBaseGenerator
generator: ArithmeticBaseGenerator
generator: ArithmeticBaseGenerator
generator: ArithmeticBaseGenerator
generator: ArithmeticBaseGenerator
generator: ArithmeticBaseGenerator
generator: ArithmeticBaseGenerator
generator: ArithmeticBaseGenerator
generator: ArithmeticBaseGenerator
generator: ArithmeticBaseGenerator
generator: ArithmeticBaseGenerator
generator: ArithmeticBaseGenerator
generator: ArithmeticBaseGenerator
generator: ArithmeticBaseGenerator
generator: ArithmeticBaseGenerator
generator: ArithmeticBaseGenerator
generator: ArithmeticBaseGenerator
generator: ArithmeticBaseGenerator
generator: ArithmeticBaseGenerator
generator: ArithmeticBaseGenerator
generator: ArithmeticBaseGenerator
generator: ArithmeticBaseGenerator
generator: ArithmeticBaseGenerator
generator: ArithmeticBaseGenerator
generator: ArithmeticBaseGenerator
generator: ArithmeticBaseGenerator
generator: ArithmeticBaseGenerator
generator: ArithmeticBaseGenerator
generator: ArithmeticBaseGenerator
generator: ArithmeticBaseGenerator
generator: ArithmeticBaseGenerator
generator: ArithmeticBaseGenerator
generator: ArithmeticBaseGenerator
generator: ArithmeticBaseGenerator
generator: ArithmeticBaseGenerator
generator: ArithmeticBaseGenerator
generator: ArithmeticBaseGenerator
generator: ArithmeticBaseGenerator
generator: ArithmeticBaseGenerator
generator: ArithmeticBaseGenerator
generator: ArithmeticBaseGenerator
generator: ArithmeticBaseGenerator
generator: ArithmeticBaseGenerator
generator: ArithmeticBaseGenerator
generator: ArithmeticBaseGenerator
generator: ArithmeticBaseGenerator
generator: ArithmeticBaseGenerator
generator: ArithmeticBaseGenerator
generator: ArithmeticBaseGenerator
generator: ArithmeticBaseGenerator
generator: ArithmeticBaseGenerator
generator: ArithmeticBaseGenerator
generator: ArithmeticBaseGenerator
generator: ArithmeticBaseGenerator
generator: ArithmeticBaseGenerator
generator: ArithmeticBaseGenerator
generator: ArithmeticBaseGenerator
generator: ArithmeticBaseGenerator
generator: ArithmeticBaseGenerator
generator: ArithmeticBaseGenerator
generator: ArithmeticBaseGenerator
generator: ArithmeticBaseGenerator
generator: ArithmeticBaseGenerator
generator: ArithmeticBaseGenerator
generator: ArithmeticBaseGenerator
generator: ArithmeticBaseGenerator
generator: ArithmeticBaseGenerator
generator: ArithmeticBaseGenerator
generator: ArithmeticBaseGenerator
generator: ArithmeticBaseGenerator
generator: ArithmeticBaseGenerator
generator: ArithmeticBaseGenerator
generator: ArithmeticBaseGenerator
generator: ArithmeticBaseGenerator
generator: ArithmeticBaseGenerator
generator: ArithmeticBaseGenerator
generator: ArithmeticBaseGenerator
generator: ArithmeticBaseGenerator
generator: ArithmeticBaseGenerator
generator: ArithmeticBaseGenerator
generator: ArithmeticBaseGenerator
generator: ArithmeticBaseGenerator
generator: ArithmeticBaseGenerator
generator: ArithmeticBaseGenerator
generator: ArithmeticBaseGenerator
generator: ArithmeticBaseGenerator
generator: ArithmeticBaseGenerator
generator: ArithmeticBaseGenerator
generator: ArithmeticBaseGenerator
generator: ArithmeticBaseGenerator
generator: ArithmeticBaseGenerator
generator: ArithmeticBaseGenerator
generator: ArithmeticBaseGenerator
generator: ArithmeticBaseGenerator
generator: ArithmeticBaseGenerator
generator: ArithmeticBaseGenerator
generator: ArithmeticBaseGenerator
generator: ArithmeticBaseGenerator
generator: ArithmeticBaseGenerator
generator: ArithmeticBaseGenerator
generator: ArithmeticBaseGenerator
generator: ArithmeticBaseGenerator
generator: ArithmeticBaseGenerator
generator: ArithmeticBaseGenerator
generator: ArithmeticBaseGenerator
generator: ArithmeticBaseGenerator
generator: ArithmeticBaseGenerator
generator: ArithmeticBaseGenerator
generator: ArithmeticBaseGenerator
generator: ArithmeticBaseGenerator
generator: ArithmeticBaseGenerator
generator: ArithmeticBaseGenerator
generator: ArithmeticBaseGenerator
generator: ArithmeticBaseGenerator
generator: ArithmeticBaseGenerator
generator: ArithmeticBaseGenerator
generator: ArithmeticBaseGenerator
generator: ArithmeticBaseGenerator
generator: ArithmeticBaseGenerator
generator: ArithmeticBaseGenerator
generator: ArithmeticBaseGenerator
generator: ArithmeticBaseGenerator
generator: ArithmeticBaseGenerator
generator: ArithmeticBaseGenerator
generator: ArithmeticBaseGenerator
generator: ArithmeticBaseGenerator
generator: ArithmeticBaseGenerator
generator: ArithmeticBaseGenerator
generator: ArithmeticBaseGenerator
generator: ArithmeticBaseGenerator
generator: ArithmeticBaseGenerator
generator: ArithmeticBaseGenerator
generator: ArithmeticBaseGenerator
generator: ArithmeticBaseGenerator
generator: ArithmeticBaseGenerator
generator: ArithmeticBaseGenerator
generator: ArithmeticBaseGenerator
generator: ArithmeticBaseGenerator
generator: ArithmeticBaseGenerator
generator: ArithmeticBaseGenerator
generator: ArithmeticBaseGenerator
generator: ArithmeticBaseGenerator
generator: ArithmeticBaseGenerator
generator: ArithmeticBaseGenerator
generator: ArithmeticBaseGenerator
generator: ArithmeticBaseGenerator
generator: ArithmeticBaseGenerator
generator: ArithmeticBaseGenerator
generator: ArithmeticBaseGenerator
generator: ArithmeticBaseGenerator
generator: ArithmeticBaseGenerator
generator: ArithmeticBaseGenerator
generator: ArithmeticBaseGenerator
generator: ArithmeticBaseGenerator
generator: ArithmeticBaseGenerator
generator: ArithmeticBaseGenerator
generator: ArithmeticBaseGenerator
generator: ArithmeticBaseGenerator
generator: ArithmeticBaseGenerator
generator: ArithmeticBaseGenerator
generator: ArithmeticBaseGenerator
generator: ArithmeticBaseGenerator
generator: ArithmeticBaseGenerator
generator: ArithmeticBaseGenerator
generator: ArithmeticBaseGenerator
generator: ArithmeticBaseGenerator
generator: ArithmeticBaseGenerator
generator: ArithmeticBaseGenerator
generator: ArithmeticBaseGenerator
generator: ArithmeticBaseGenerator
generator: ArithmeticBaseGenerator
generator: ArithmeticBaseGenerator
generator: ArithmeticBaseGenerator
generator: ArithmeticBaseGenerator
generator: ArithmeticBaseGenerator
generator: ArithmeticBaseGenerator
generator: ArithmeticBaseGenerator
generator: ArithmeticBaseGenerator
generator: ArithmeticBaseGenerator
generator: ArithmeticBaseGenerator
generator: ArithmeticBaseGenerator
generator: ArithmeticBaseGenerator
generator: ArithmeticBaseGenerator
generator: ArithmeticBaseGenerator
generator: ArithmeticBaseGenerator
generator: ArithmeticBaseGenerator
generator: ArithmeticBaseGenerator
generator: ArithmeticBaseGenerator
generator: ArithmeticBaseGenerator
generator: ArithmeticBaseGenerator
generator: ArithmeticBaseGenerator
generator: ArithmeticBaseGenerator
generator: ArithmeticBaseGenerator
generator: ArithmeticBaseGenerator
generator: ArithmeticBaseGenerator
generator: ArithmeticBaseGenerator
generator: ArithmeticBaseGenerator
generator: ArithmeticBaseGenerator
generator: ArithmeticBaseGenerator
generator: ArithmeticBaseGenerator
generator: ArithmeticBaseGenerator
generator: ArithmeticBaseGenerator
generator: ArithmeticBaseGenerator
generator: ArithmeticBaseGenerator
generator: ArithmeticBaseGenerator
generator: ArithmeticBaseGenerator
generator: ArithmeticBaseGenerator
generator: ArithmeticBaseGenerator
generator: ArithmeticBaseGenerator
generator: ArithmeticBaseGenerator
generator: ArithmeticBaseGenerator
generator: ArithmeticBaseGenerator
generator: ArithmeticBaseGenerator
generator: ArithmeticBaseGenerator
generator: ArithmeticBaseGenerator
generator: ArithmeticBaseGenerator
generator: ArithmeticBaseGenerator
generator: ArithmeticBaseGenerator
generator: ArithmeticBaseGenerator
generator: ArithmeticBaseGenerator
generator: ArithmeticBaseGenerator
generator: ArithmeticBaseGenerator
generator: ArithmeticBaseGenerator
generator: ArithmeticBaseGenerator
generator: ArithmeticBaseGenerator
generator: ReducingGenerator
generator: ReducingGenerator
generator: ReducingGenerator
generator: ReducingGenerator
generator: ReducingGenerator
generator: ReducingGenerator
generator: MulExtensionGenerator
generator: MulExtensionGenerator
generator: MulExtensionGenerator
generator: MulExtensionGenerator
generator: MulExtensionGenerator
generator: MulExtensionGenerator
generator: MulExtensionGenerator
generator: MulExtensionGenerator
generator: MulExtensionGenerator
generator: MulExtensionGenerator
generator: MulExtensionGenerator
generator: MulExtensionGenerator
generator: MulExtensionGenerator
generator: RandomAccessGenerator
generator: RandomAccessGenerator
generator: RandomAccessGenerator
generator: RandomAccessGenerator
generator: ArithmeticBaseGenerator
generator: ArithmeticBaseGenerator
generator: ArithmeticBaseGenerator
generator: ArithmeticBaseGenerator
generator: ArithmeticBaseGenerator
generator: ArithmeticBaseGenerator
generator: ArithmeticBaseGenerator
generator: ArithmeticBaseGenerator
generator: ArithmeticBaseGenerator
generator: ArithmeticBaseGenerator
generator: ArithmeticBaseGenerator
generator: ArithmeticBaseGenerator
generator: ArithmeticBaseGenerator
generator: ArithmeticBaseGenerator
generator: ArithmeticBaseGenerator
generator: ArithmeticBaseGenerator
generator: ArithmeticBaseGenerator
generator: ArithmeticBaseGenerator
generator: ArithmeticBaseGenerator
generator: ArithmeticBaseGenerator
generator: ArithmeticBaseGenerator
generator: ArithmeticBaseGenerator
generator: ArithmeticBaseGenerator
generator: ArithmeticBaseGenerator
generator: ArithmeticBaseGenerator
generator: ArithmeticBaseGenerator
generator: ArithmeticBaseGenerator
generator: ArithmeticBaseGenerator
generator: ArithmeticBaseGenerator
generator: ArithmeticBaseGenerator
generator: ArithmeticBaseGenerator
generator: ArithmeticBaseGenerator
generator: ArithmeticBaseGenerator
generator: ArithmeticBaseGenerator
generator: ArithmeticBaseGenerator
generator: ArithmeticBaseGenerator
generator: ArithmeticBaseGenerator
generator: ArithmeticBaseGenerator
generator: ArithmeticBaseGenerator
generator: ArithmeticBaseGenerator
generator: ArithmeticBaseGenerator
generator: ArithmeticBaseGenerator
generator: ArithmeticBaseGenerator
generator: ArithmeticBaseGenerator
generator: ArithmeticBaseGenerator
generator: ArithmeticBaseGenerator
generator: ArithmeticBaseGenerator
generator: ArithmeticBaseGenerator
generator: ArithmeticBaseGenerator
generator: ArithmeticBaseGenerator
generator: ArithmeticBaseGenerator
generator: ArithmeticBaseGenerator
generator: ArithmeticBaseGenerator
generator: ArithmeticBaseGenerator
generator: ArithmeticBaseGenerator
generator: ArithmeticBaseGenerator
generator: ArithmeticBaseGenerator
generator: ArithmeticBaseGenerator
generator: ArithmeticBaseGenerator
generator: ArithmeticBaseGenerator
generator: InterpolationGenerator
generator: PoseidonGenerator
generator: PoseidonGenerator
generator: PoseidonGenerator
generator: PoseidonGenerator
generator: PoseidonGenerator
generator: PoseidonGenerator
generator: PoseidonGenerator
generator: PoseidonGenerator
generator: PoseidonGenerator
generator: PoseidonGenerator
generator: PoseidonGenerator
generator: PoseidonGenerator
generator: RandomAccessGenerator
generator: RandomAccessGenerator
generator: RandomAccessGenerator
generator: RandomAccessGenerator
generator: InterpolationGenerator
generator: PoseidonGenerator
generator: PoseidonGenerator
generator: PoseidonGenerator
generator: PoseidonGenerator
generator: PoseidonGenerator
generator: PoseidonGenerator
generator: PoseidonGenerator
generator: PoseidonGenerator
generator: RandomAccessGenerator
generator: RandomAccessGenerator
generator: RandomAccessGenerator
generator: RandomAccessGenerator
generator: ReducingExtensionGenerator
generator: BaseSplitGenerator + Base: 2
generator: BaseSplitGenerator + Base: 2
generator: PoseidonGenerator
generator: PoseidonGenerator
generator: PoseidonGenerator
generator: PoseidonGenerator
generator: PoseidonGenerator
generator: PoseidonGenerator
generator: PoseidonGenerator
generator: PoseidonGenerator
generator: PoseidonGenerator
generator: PoseidonGenerator
generator: PoseidonGenerator
generator: PoseidonGenerator
generator: PoseidonGenerator
generator: PoseidonGenerator
generator: PoseidonGenerator
generator: PoseidonGenerator
generator: PoseidonGenerator
generator: PoseidonGenerator
generator: PoseidonGenerator
generator: PoseidonGenerator
generator: PoseidonGenerator
generator: PoseidonGenerator
generator: PoseidonGenerator
generator: RandomAccessGenerator
generator: RandomAccessGenerator
generator: RandomAccessGenerator
generator: RandomAccessGenerator
generator: PoseidonGenerator
generator: PoseidonGenerator
generator: PoseidonGenerator
generator: PoseidonGenerator
generator: PoseidonGenerator
generator: PoseidonGenerator
generator: PoseidonGenerator
generator: PoseidonGenerator
generator: PoseidonGenerator
generator: PoseidonGenerator
generator: PoseidonGenerator
generator: PoseidonGenerator
generator: PoseidonGenerator
generator: PoseidonGenerator
generator: PoseidonGenerator
generator: PoseidonGenerator
generator: PoseidonGenerator
generator: PoseidonGenerator
generator: PoseidonGenerator
generator: PoseidonGenerator
generator: PoseidonGenerator
generator: PoseidonGenerator
generator: PoseidonGenerator
generator: PoseidonGenerator
generator: PoseidonGenerator
generator: PoseidonGenerator
generator: PoseidonGenerator
generator: PoseidonGenerator
generator: PoseidonGenerator
generator: RandomAccessGenerator
generator: RandomAccessGenerator
generator: RandomAccessGenerator
generator: RandomAccessGenerator
generator: PoseidonGenerator
generator: PoseidonGenerator
generator: PoseidonGenerator
generator: PoseidonGenerator
generator: PoseidonGenerator
generator: PoseidonGenerator
generator: PoseidonGenerator
generator: PoseidonGenerator
generator: PoseidonGenerator
generator: PoseidonGenerator
generator: PoseidonGenerator
generator: PoseidonGenerator
generator: PoseidonGenerator
generator: PoseidonGenerator
generator: PoseidonGenerator
generator: RandomAccessGenerator
generator: RandomAccessGenerator
generator: RandomAccessGenerator
generator: RandomAccessGenerator
generator: PoseidonGenerator
generator: PoseidonGenerator
generator: PoseidonGenerator
generator: PoseidonGenerator
generator: PoseidonGenerator
generator: PoseidonGenerator
generator: PoseidonGenerator
generator: PoseidonGenerator
generator: PoseidonGenerator
generator: PoseidonGenerator
generator: PoseidonGenerator
generator: PoseidonGenerator
generator: PoseidonGenerator
generator: PoseidonGenerator
generator: RandomAccessGenerator
generator: RandomAccessGenerator
generator: RandomAccessGenerator
generator: RandomAccessGenerator
generator: ReducingGenerator
generator: ReducingGenerator
generator: ReducingGenerator
generator: ReducingGenerator
generator: ReducingGenerator
generator: ReducingGenerator
generator: RandomAccessGenerator
generator: RandomAccessGenerator
generator: RandomAccessGenerator
generator: RandomAccessGenerator
generator: InterpolationGenerator
generator: PoseidonGenerator
generator: PoseidonGenerator
generator: PoseidonGenerator
generator: PoseidonGenerator
generator: PoseidonGenerator
generator: PoseidonGenerator
generator: PoseidonGenerator
generator: PoseidonGenerator
generator: PoseidonGenerator
generator: PoseidonGenerator
generator: PoseidonGenerator
generator: PoseidonGenerator
generator: RandomAccessGenerator
generator: RandomAccessGenerator
generator: RandomAccessGenerator
generator: RandomAccessGenerator
generator: InterpolationGenerator
generator: PoseidonGenerator
generator: PoseidonGenerator
generator: PoseidonGenerator
generator: PoseidonGenerator
generator: PoseidonGenerator
generator: PoseidonGenerator
generator: PoseidonGenerator
generator: PoseidonGenerator
generator: RandomAccessGenerator
generator: RandomAccessGenerator
generator: RandomAccessGenerator
generator: RandomAccessGenerator
generator: ArithmeticBaseGenerator
generator: ArithmeticBaseGenerator
generator: ArithmeticBaseGenerator
generator: ArithmeticBaseGenerator
generator: ArithmeticBaseGenerator
generator: ArithmeticBaseGenerator
generator: ArithmeticBaseGenerator
generator: ArithmeticBaseGenerator
generator: ArithmeticBaseGenerator
generator: ArithmeticBaseGenerator
generator: ArithmeticBaseGenerator
generator: ArithmeticBaseGenerator
generator: ArithmeticBaseGenerator
generator: ArithmeticBaseGenerator
generator: ArithmeticBaseGenerator
generator: ArithmeticBaseGenerator
generator: ArithmeticBaseGenerator
generator: ArithmeticBaseGenerator
generator: ArithmeticBaseGenerator
generator: ArithmeticBaseGenerator
generator: ReducingExtensionGenerator
generator: BaseSplitGenerator + Base: 2
generator: BaseSplitGenerator + Base: 2
generator: ArithmeticBaseGenerator
generator: ArithmeticBaseGenerator
generator: ArithmeticBaseGenerator
generator: ArithmeticBaseGenerator
generator: ArithmeticBaseGenerator
generator: ArithmeticBaseGenerator
generator: ArithmeticBaseGenerator
generator: ArithmeticBaseGenerator
generator: ArithmeticBaseGenerator
generator: ArithmeticBaseGenerator
generator: ArithmeticBaseGenerator
generator: ArithmeticBaseGenerator
generator: ArithmeticBaseGenerator
generator: ArithmeticBaseGenerator
generator: ArithmeticBaseGenerator
generator: ArithmeticBaseGenerator
generator: ArithmeticBaseGenerator
generator: ArithmeticBaseGenerator
generator: ArithmeticBaseGenerator
generator: ArithmeticBaseGenerator
generator: PoseidonGenerator
generator: PoseidonGenerator
generator: PoseidonGenerator
generator: PoseidonGenerator
generator: PoseidonGenerator
generator: PoseidonGenerator
generator: PoseidonGenerator
generator: PoseidonGenerator
generator: PoseidonGenerator
generator: PoseidonGenerator
generator: PoseidonGenerator
generator: PoseidonGenerator
generator: PoseidonGenerator
generator: PoseidonGenerator
generator: PoseidonGenerator
generator: PoseidonGenerator
generator: PoseidonGenerator
generator: PoseidonGenerator
generator: PoseidonGenerator
generator: PoseidonGenerator
generator: PoseidonGenerator
generator: PoseidonGenerator
generator: PoseidonGenerator
generator: RandomAccessGenerator
generator: RandomAccessGenerator
generator: RandomAccessGenerator
generator: RandomAccessGenerator
generator: PoseidonGenerator
generator: PoseidonGenerator
generator: PoseidonGenerator
generator: PoseidonGenerator
generator: PoseidonGenerator
generator: PoseidonGenerator
generator: PoseidonGenerator
generator: PoseidonGenerator
generator: PoseidonGenerator
generator: PoseidonGenerator
generator: PoseidonGenerator
generator: PoseidonGenerator
generator: PoseidonGenerator
generator: PoseidonGenerator
generator: PoseidonGenerator
generator: PoseidonGenerator
generator: PoseidonGenerator
generator: PoseidonGenerator
generator: PoseidonGenerator
generator: PoseidonGenerator
generator: PoseidonGenerator
generator: PoseidonGenerator
generator: PoseidonGenerator
generator: PoseidonGenerator
generator: PoseidonGenerator
generator: PoseidonGenerator
generator: PoseidonGenerator
generator: PoseidonGenerator
generator: PoseidonGenerator
generator: RandomAccessGenerator
generator: RandomAccessGenerator
generator: RandomAccessGenerator
generator: RandomAccessGenerator
generator: PoseidonGenerator
generator: PoseidonGenerator
generator: PoseidonGenerator
generator: PoseidonGenerator
generator: PoseidonGenerator
generator: PoseidonGenerator
generator: PoseidonGenerator
generator: PoseidonGenerator
generator: PoseidonGenerator
generator: PoseidonGenerator
generator: PoseidonGenerator
generator: PoseidonGenerator
generator: PoseidonGenerator
generator: PoseidonGenerator
generator: PoseidonGenerator
generator: RandomAccessGenerator
generator: RandomAccessGenerator
generator: RandomAccessGenerator
generator: RandomAccessGenerator
generator: PoseidonGenerator
generator: PoseidonGenerator
generator: PoseidonGenerator
generator: PoseidonGenerator
generator: PoseidonGenerator
generator: PoseidonGenerator
generator: PoseidonGenerator
generator: PoseidonGenerator
generator: PoseidonGenerator
generator: PoseidonGenerator
generator: PoseidonGenerator
generator: PoseidonGenerator
generator: PoseidonGenerator
generator: PoseidonGenerator
generator: RandomAccessGenerator
generator: RandomAccessGenerator
generator: RandomAccessGenerator
generator: RandomAccessGenerator
generator: ReducingGenerator
generator: ReducingGenerator
generator: ReducingGenerator
generator: ReducingGenerator
generator: ReducingGenerator
generator: ReducingGenerator
generator: ArithmeticExtensionGenerator
generator: ArithmeticExtensionGenerator
generator: ArithmeticExtensionGenerator
generator: ArithmeticExtensionGenerator
generator: ArithmeticExtensionGenerator
generator: ArithmeticExtensionGenerator
generator: ArithmeticExtensionGenerator
generator: ArithmeticExtensionGenerator
generator: ArithmeticExtensionGenerator
generator: ArithmeticExtensionGenerator
generator: RandomAccessGenerator
generator: RandomAccessGenerator
generator: RandomAccessGenerator
generator: RandomAccessGenerator
generator: InterpolationGenerator
generator: PoseidonGenerator
generator: PoseidonGenerator
generator: PoseidonGenerator
generator: PoseidonGenerator
generator: PoseidonGenerator
generator: PoseidonGenerator
generator: PoseidonGenerator
generator: PoseidonGenerator
generator: PoseidonGenerator
generator: PoseidonGenerator
generator: PoseidonGenerator
generator: PoseidonGenerator
generator: RandomAccessGenerator
generator: RandomAccessGenerator
generator: RandomAccessGenerator
generator: RandomAccessGenerator
generator: InterpolationGenerator
generator: PoseidonGenerator
generator: PoseidonGenerator
generator: PoseidonGenerator
generator: PoseidonGenerator
generator: PoseidonGenerator
generator: PoseidonGenerator
generator: PoseidonGenerator
generator: PoseidonGenerator
generator: RandomAccessGenerator
generator: RandomAccessGenerator
generator: RandomAccessGenerator
generator: RandomAccessGenerator
generator: ReducingExtensionGenerator
generator: BaseSplitGenerator + Base: 2
generator: BaseSplitGenerator + Base: 2
generator: PoseidonGenerator
generator: PoseidonGenerator
generator: PoseidonGenerator
generator: PoseidonGenerator
generator: PoseidonGenerator
generator: PoseidonGenerator
generator: PoseidonGenerator
generator: PoseidonGenerator
generator: PoseidonGenerator
generator: PoseidonGenerator
generator: PoseidonGenerator
generator: PoseidonGenerator
generator: PoseidonGenerator
generator: PoseidonGenerator
generator: PoseidonGenerator
generator: PoseidonGenerator
generator: PoseidonGenerator
generator: PoseidonGenerator
generator: PoseidonGenerator
generator: PoseidonGenerator
generator: PoseidonGenerator
generator: PoseidonGenerator
generator: PoseidonGenerator
generator: RandomAccessGenerator
generator: RandomAccessGenerator
generator: RandomAccessGenerator
generator: RandomAccessGenerator
generator: PoseidonGenerator
generator: PoseidonGenerator
generator: PoseidonGenerator
generator: PoseidonGenerator
generator: PoseidonGenerator
generator: PoseidonGenerator
generator: PoseidonGenerator
generator: PoseidonGenerator
generator: PoseidonGenerator
generator: PoseidonGenerator
generator: PoseidonGenerator
generator: PoseidonGenerator
generator: PoseidonGenerator
generator: PoseidonGenerator
generator: PoseidonGenerator
generator: PoseidonGenerator
generator: PoseidonGenerator
generator: PoseidonGenerator
generator: PoseidonGenerator
generator: PoseidonGenerator
generator: PoseidonGenerator
generator: PoseidonGenerator
generator: PoseidonGenerator
generator: PoseidonGenerator
generator: PoseidonGenerator
generator: PoseidonGenerator
generator: PoseidonGenerator
generator: PoseidonGenerator
generator: PoseidonGenerator
generator: RandomAccessGenerator
generator: RandomAccessGenerator
generator: RandomAccessGenerator
generator: RandomAccessGenerator
generator: PoseidonGenerator
generator: PoseidonGenerator
generator: PoseidonGenerator
generator: PoseidonGenerator
generator: PoseidonGenerator
generator: PoseidonGenerator
generator: PoseidonGenerator
generator: PoseidonGenerator
generator: PoseidonGenerator
generator: PoseidonGenerator
generator: PoseidonGenerator
generator: PoseidonGenerator
generator: PoseidonGenerator
generator: PoseidonGenerator
generator: PoseidonGenerator
generator: RandomAccessGenerator
generator: RandomAccessGenerator
generator: RandomAccessGenerator
generator: RandomAccessGenerator
generator: PoseidonGenerator
generator: PoseidonGenerator
generator: PoseidonGenerator
generator: PoseidonGenerator
generator: PoseidonGenerator
generator: PoseidonGenerator
generator: PoseidonGenerator
generator: PoseidonGenerator
generator: PoseidonGenerator
generator: PoseidonGenerator
generator: PoseidonGenerator
generator: PoseidonGenerator
generator: PoseidonGenerator
generator: PoseidonGenerator
generator: RandomAccessGenerator
generator: RandomAccessGenerator
generator: RandomAccessGenerator
generator: RandomAccessGenerator
generator: ReducingGenerator
generator: ReducingGenerator
generator: ReducingGenerator
generator: ReducingGenerator
generator: ReducingGenerator
generator: ReducingGenerator
generator: MulExtensionGenerator
generator: MulExtensionGenerator
generator: MulExtensionGenerator
generator: MulExtensionGenerator
generator: MulExtensionGenerator
generator: MulExtensionGenerator
generator: MulExtensionGenerator
generator: MulExtensionGenerator
generator: MulExtensionGenerator
generator: MulExtensionGenerator
generator: MulExtensionGenerator
generator: MulExtensionGenerator
generator: MulExtensionGenerator
generator: RandomAccessGenerator
generator: RandomAccessGenerator
generator: RandomAccessGenerator
generator: RandomAccessGenerator
generator: InterpolationGenerator
generator: PoseidonGenerator
generator: PoseidonGenerator
generator: PoseidonGenerator
generator: PoseidonGenerator
generator: PoseidonGenerator
generator: PoseidonGenerator
generator: PoseidonGenerator
generator: PoseidonGenerator
generator: PoseidonGenerator
generator: PoseidonGenerator
generator: PoseidonGenerator
generator: PoseidonGenerator
generator: RandomAccessGenerator
generator: RandomAccessGenerator
generator: RandomAccessGenerator
generator: RandomAccessGenerator
generator: InterpolationGenerator
generator: PoseidonGenerator
generator: PoseidonGenerator
generator: PoseidonGenerator
generator: PoseidonGenerator
generator: PoseidonGenerator
generator: PoseidonGenerator
generator: PoseidonGenerator
generator: PoseidonGenerator
generator: RandomAccessGenerator
generator: RandomAccessGenerator
generator: RandomAccessGenerator
generator: RandomAccessGenerator
generator: ArithmeticBaseGenerator
generator: ArithmeticBaseGenerator
generator: ArithmeticBaseGenerator
generator: ArithmeticBaseGenerator
generator: ArithmeticBaseGenerator
generator: ArithmeticBaseGenerator
generator: ArithmeticBaseGenerator
generator: ArithmeticBaseGenerator
generator: ArithmeticBaseGenerator
generator: ArithmeticBaseGenerator
generator: ArithmeticBaseGenerator
generator: ArithmeticBaseGenerator
generator: ArithmeticBaseGenerator
generator: ArithmeticBaseGenerator
generator: ArithmeticBaseGenerator
generator: ArithmeticBaseGenerator
generator: ArithmeticBaseGenerator
generator: ArithmeticBaseGenerator
generator: ArithmeticBaseGenerator
generator: ArithmeticBaseGenerator
generator: ReducingExtensionGenerator
generator: BaseSplitGenerator + Base: 2
generator: BaseSplitGenerator + Base: 2
generator: ArithmeticBaseGenerator
generator: ArithmeticBaseGenerator
generator: ArithmeticBaseGenerator
generator: ArithmeticBaseGenerator
generator: ArithmeticBaseGenerator
generator: ArithmeticBaseGenerator
generator: ArithmeticBaseGenerator
generator: ArithmeticBaseGenerator
generator: ArithmeticBaseGenerator
generator: ArithmeticBaseGenerator
generator: ArithmeticBaseGenerator
generator: ArithmeticBaseGenerator
generator: ArithmeticBaseGenerator
generator: ArithmeticBaseGenerator
generator: ArithmeticBaseGenerator
generator: ArithmeticBaseGenerator
generator: ArithmeticBaseGenerator
generator: ArithmeticBaseGenerator
generator: ArithmeticBaseGenerator
generator: ArithmeticBaseGenerator
generator: PoseidonGenerator
generator: PoseidonGenerator
generator: PoseidonGenerator
generator: PoseidonGenerator
generator: PoseidonGenerator
generator: PoseidonGenerator
generator: PoseidonGenerator
generator: PoseidonGenerator
generator: PoseidonGenerator
generator: PoseidonGenerator
generator: PoseidonGenerator
generator: PoseidonGenerator
generator: PoseidonGenerator
generator: PoseidonGenerator
generator: PoseidonGenerator
generator: PoseidonGenerator
generator: PoseidonGenerator
generator: PoseidonGenerator
generator: PoseidonGenerator
generator: PoseidonGenerator
generator: PoseidonGenerator
generator: PoseidonGenerator
generator: PoseidonGenerator
generator: RandomAccessGenerator
generator: RandomAccessGenerator
generator: RandomAccessGenerator
generator: RandomAccessGenerator
generator: PoseidonGenerator
generator: PoseidonGenerator
generator: PoseidonGenerator
generator: PoseidonGenerator
generator: PoseidonGenerator
generator: PoseidonGenerator
generator: PoseidonGenerator
generator: PoseidonGenerator
generator: PoseidonGenerator
generator: PoseidonGenerator
generator: PoseidonGenerator
generator: PoseidonGenerator
generator: PoseidonGenerator
generator: PoseidonGenerator
generator: PoseidonGenerator
generator: PoseidonGenerator
generator: PoseidonGenerator
generator: PoseidonGenerator
generator: PoseidonGenerator
generator: PoseidonGenerator
generator: PoseidonGenerator
generator: PoseidonGenerator
generator: PoseidonGenerator
generator: PoseidonGenerator
generator: PoseidonGenerator
generator: PoseidonGenerator
generator: PoseidonGenerator
generator: PoseidonGenerator
generator: PoseidonGenerator
generator: RandomAccessGenerator
generator: RandomAccessGenerator
generator: RandomAccessGenerator
generator: RandomAccessGenerator
generator: PoseidonGenerator
generator: PoseidonGenerator
generator: PoseidonGenerator
generator: PoseidonGenerator
generator: PoseidonGenerator
generator: PoseidonGenerator
generator: PoseidonGenerator
generator: PoseidonGenerator
generator: PoseidonGenerator
generator: PoseidonGenerator
generator: PoseidonGenerator
generator: PoseidonGenerator
generator: PoseidonGenerator
generator: PoseidonGenerator
generator: PoseidonGenerator
generator: RandomAccessGenerator
generator: RandomAccessGenerator
generator: RandomAccessGenerator
generator: RandomAccessGenerator
generator: PoseidonGenerator
generator: PoseidonGenerator
generator: PoseidonGenerator
generator: PoseidonGenerator
generator: PoseidonGenerator
generator: PoseidonGenerator
generator: PoseidonGenerator
generator: PoseidonGenerator
generator: PoseidonGenerator
generator: PoseidonGenerator
generator: PoseidonGenerator
generator: PoseidonGenerator
generator: PoseidonGenerator
generator: PoseidonGenerator
generator: RandomAccessGenerator
generator: RandomAccessGenerator
generator: RandomAccessGenerator
generator: RandomAccessGenerator
generator: ReducingGenerator
generator: ReducingGenerator
generator: ReducingGenerator
generator: ReducingGenerator
generator: ReducingGenerator
generator: ReducingGenerator
generator: ArithmeticExtensionGenerator
generator: ArithmeticExtensionGenerator
generator: ArithmeticExtensionGenerator
generator: ArithmeticExtensionGenerator
generator: ArithmeticExtensionGenerator
generator: ArithmeticExtensionGenerator
generator: ArithmeticExtensionGenerator
generator: ArithmeticExtensionGenerator
generator: ArithmeticExtensionGenerator
generator: ArithmeticExtensionGenerator
generator: ArithmeticExtensionGenerator
generator: ArithmeticExtensionGenerator
generator: ArithmeticExtensionGenerator
generator: ArithmeticExtensionGenerator
generator: ArithmeticExtensionGenerator
generator: ArithmeticExtensionGenerator
generator: ArithmeticExtensionGenerator
generator: ArithmeticExtensionGenerator
generator: ArithmeticExtensionGenerator
generator: ArithmeticExtensionGenerator
generator: RandomAccessGenerator
generator: RandomAccessGenerator
generator: RandomAccessGenerator
generator: RandomAccessGenerator
generator: InterpolationGenerator
generator: PoseidonGenerator
generator: PoseidonGenerator
generator: PoseidonGenerator
generator: PoseidonGenerator
generator: PoseidonGenerator
generator: PoseidonGenerator
generator: PoseidonGenerator
generator: PoseidonGenerator
generator: PoseidonGenerator
generator: PoseidonGenerator
generator: PoseidonGenerator
generator: PoseidonGenerator
generator: RandomAccessGenerator
generator: RandomAccessGenerator
generator: RandomAccessGenerator
generator: RandomAccessGenerator
generator: InterpolationGenerator
generator: PoseidonGenerator
generator: PoseidonGenerator
generator: PoseidonGenerator
generator: PoseidonGenerator
generator: PoseidonGenerator
generator: PoseidonGenerator
generator: PoseidonGenerator
generator: PoseidonGenerator
generator: RandomAccessGenerator
generator: RandomAccessGenerator
generator: RandomAccessGenerator
generator: RandomAccessGenerator
generator: ReducingExtensionGenerator
generator: BaseSplitGenerator + Base: 2
generator: BaseSplitGenerator + Base: 2
generator: PoseidonGenerator
generator: PoseidonGenerator
generator: PoseidonGenerator
generator: PoseidonGenerator
generator: PoseidonGenerator
generator: PoseidonGenerator
generator: PoseidonGenerator
generator: PoseidonGenerator
generator: PoseidonGenerator
generator: PoseidonGenerator
generator: PoseidonGenerator
generator: PoseidonGenerator
generator: PoseidonGenerator
generator: PoseidonGenerator
generator: PoseidonGenerator
generator: PoseidonGenerator
generator: PoseidonGenerator
generator: PoseidonGenerator
generator: PoseidonGenerator
generator: PoseidonGenerator
generator: PoseidonGenerator
generator: PoseidonGenerator
generator: PoseidonGenerator
generator: RandomAccessGenerator
generator: RandomAccessGenerator
generator: RandomAccessGenerator
generator: RandomAccessGenerator
generator: PoseidonGenerator
generator: PoseidonGenerator
generator: PoseidonGenerator
generator: PoseidonGenerator
generator: PoseidonGenerator
generator: PoseidonGenerator
generator: PoseidonGenerator
generator: PoseidonGenerator
generator: PoseidonGenerator
generator: PoseidonGenerator
generator: PoseidonGenerator
generator: PoseidonGenerator
generator: PoseidonGenerator
generator: PoseidonGenerator
generator: PoseidonGenerator
generator: PoseidonGenerator
generator: PoseidonGenerator
generator: PoseidonGenerator
generator: PoseidonGenerator
generator: PoseidonGenerator
generator: PoseidonGenerator
generator: PoseidonGenerator
generator: PoseidonGenerator
generator: PoseidonGenerator
generator: PoseidonGenerator
generator: PoseidonGenerator
generator: PoseidonGenerator
generator: PoseidonGenerator
generator: PoseidonGenerator
generator: RandomAccessGenerator
generator: RandomAccessGenerator
generator: RandomAccessGenerator
generator: RandomAccessGenerator
generator: PoseidonGenerator
generator: PoseidonGenerator
generator: PoseidonGenerator
generator: PoseidonGenerator
generator: PoseidonGenerator
generator: PoseidonGenerator
generator: PoseidonGenerator
generator: PoseidonGenerator
generator: PoseidonGenerator
generator: PoseidonGenerator
generator: PoseidonGenerator
generator: PoseidonGenerator
generator: PoseidonGenerator
generator: PoseidonGenerator
generator: PoseidonGenerator
generator: RandomAccessGenerator
generator: RandomAccessGenerator
generator: RandomAccessGenerator
generator: RandomAccessGenerator
generator: PoseidonGenerator
generator: PoseidonGenerator
generator: PoseidonGenerator
generator: PoseidonGenerator
generator: PoseidonGenerator
generator: PoseidonGenerator
generator: PoseidonGenerator
generator: PoseidonGenerator
generator: PoseidonGenerator
generator: PoseidonGenerator
generator: PoseidonGenerator
generator: PoseidonGenerator
generator: PoseidonGenerator
generator: PoseidonGenerator
generator: RandomAccessGenerator
generator: RandomAccessGenerator
generator: RandomAccessGenerator
generator: RandomAccessGenerator
generator: ReducingGenerator
generator: ReducingGenerator
generator: ReducingGenerator
generator: ReducingGenerator
generator: ReducingGenerator
generator: ReducingGenerator
generator: RandomAccessGenerator
generator: RandomAccessGenerator
generator: RandomAccessGenerator
generator: RandomAccessGenerator
generator: InterpolationGenerator
generator: PoseidonGenerator
generator: PoseidonGenerator
generator: PoseidonGenerator
generator: PoseidonGenerator
generator: PoseidonGenerator
generator: PoseidonGenerator
generator: PoseidonGenerator
generator: PoseidonGenerator
generator: PoseidonGenerator
generator: PoseidonGenerator
generator: PoseidonGenerator
generator: PoseidonGenerator
generator: RandomAccessGenerator
generator: RandomAccessGenerator
generator: RandomAccessGenerator
generator: RandomAccessGenerator
generator: ArithmeticBaseGenerator
generator: ArithmeticBaseGenerator
generator: ArithmeticBaseGenerator
generator: ArithmeticBaseGenerator
generator: ArithmeticBaseGenerator
generator: ArithmeticBaseGenerator
generator: ArithmeticBaseGenerator
generator: ArithmeticBaseGenerator
generator: ArithmeticBaseGenerator
generator: ArithmeticBaseGenerator
generator: ArithmeticBaseGenerator
generator: ArithmeticBaseGenerator
generator: ArithmeticBaseGenerator
generator: ArithmeticBaseGenerator
generator: ArithmeticBaseGenerator
generator: ArithmeticBaseGenerator
generator: ArithmeticBaseGenerator
generator: ArithmeticBaseGenerator
generator: ArithmeticBaseGenerator
generator: ArithmeticBaseGenerator
generator: InterpolationGenerator
generator: PoseidonGenerator
generator: PoseidonGenerator
generator: PoseidonGenerator
generator: PoseidonGenerator
generator: PoseidonGenerator
generator: PoseidonGenerator
generator: PoseidonGenerator
generator: PoseidonGenerator
generator: RandomAccessGenerator
generator: RandomAccessGenerator
generator: RandomAccessGenerator
generator: RandomAccessGenerator
generator: ReducingExtensionGenerator
generator: BaseSplitGenerator + Base: 2
generator: BaseSplitGenerator + Base: 2
generator: ArithmeticBaseGenerator
generator: ArithmeticBaseGenerator
generator: ArithmeticBaseGenerator
generator: ArithmeticBaseGenerator
generator: ArithmeticBaseGenerator
generator: ArithmeticBaseGenerator
generator: ArithmeticBaseGenerator
generator: ArithmeticBaseGenerator
generator: ArithmeticBaseGenerator
generator: ArithmeticBaseGenerator
generator: ArithmeticBaseGenerator
generator: ArithmeticBaseGenerator
generator: ArithmeticBaseGenerator
generator: ArithmeticBaseGenerator
generator: ArithmeticBaseGenerator
generator: ArithmeticBaseGenerator
generator: ArithmeticBaseGenerator
generator: ArithmeticBaseGenerator
generator: ArithmeticBaseGenerator
generator: ArithmeticBaseGenerator
generator: PoseidonGenerator
generator: PoseidonGenerator
generator: PoseidonGenerator
generator: PoseidonGenerator
generator: PoseidonGenerator
generator: PoseidonGenerator
generator: PoseidonGenerator
generator: PoseidonGenerator
generator: PoseidonGenerator
generator: PoseidonGenerator
generator: PoseidonGenerator
generator: PoseidonGenerator
generator: PoseidonGenerator
generator: PoseidonGenerator
generator: PoseidonGenerator
generator: PoseidonGenerator
generator: PoseidonGenerator
generator: PoseidonGenerator
generator: PoseidonGenerator
generator: PoseidonGenerator
generator: PoseidonGenerator
generator: PoseidonGenerator
generator: PoseidonGenerator
generator: RandomAccessGenerator
generator: RandomAccessGenerator
generator: RandomAccessGenerator
generator: RandomAccessGenerator
generator: PoseidonGenerator
generator: PoseidonGenerator
generator: PoseidonGenerator
generator: PoseidonGenerator
generator: PoseidonGenerator
generator: PoseidonGenerator
generator: PoseidonGenerator
generator: PoseidonGenerator
generator: PoseidonGenerator
generator: PoseidonGenerator
generator: PoseidonGenerator
generator: PoseidonGenerator
generator: PoseidonGenerator
generator: PoseidonGenerator
generator: PoseidonGenerator
generator: PoseidonGenerator
generator: PoseidonGenerator
generator: PoseidonGenerator
generator: PoseidonGenerator
generator: PoseidonGenerator
generator: PoseidonGenerator
generator: PoseidonGenerator
generator: PoseidonGenerator
generator: PoseidonGenerator
generator: PoseidonGenerator
generator: PoseidonGenerator
generator: PoseidonGenerator
generator: PoseidonGenerator
generator: PoseidonGenerator
generator: RandomAccessGenerator
generator: RandomAccessGenerator
generator: RandomAccessGenerator
generator: RandomAccessGenerator
generator: PoseidonGenerator
generator: PoseidonGenerator
generator: PoseidonGenerator
generator: PoseidonGenerator
generator: PoseidonGenerator
generator: PoseidonGenerator
generator: PoseidonGenerator
generator: PoseidonGenerator
generator: PoseidonGenerator
generator: PoseidonGenerator
generator: PoseidonGenerator
generator: PoseidonGenerator
generator: PoseidonGenerator
generator: PoseidonGenerator
generator: PoseidonGenerator
generator: RandomAccessGenerator
generator: RandomAccessGenerator
generator: RandomAccessGenerator
generator: RandomAccessGenerator
generator: PoseidonGenerator
generator: PoseidonGenerator
generator: PoseidonGenerator
generator: PoseidonGenerator
generator: PoseidonGenerator
generator: PoseidonGenerator
generator: PoseidonGenerator
generator: PoseidonGenerator
generator: PoseidonGenerator
generator: PoseidonGenerator
generator: PoseidonGenerator
generator: PoseidonGenerator
generator: PoseidonGenerator
generator: PoseidonGenerator
generator: RandomAccessGenerator
generator: RandomAccessGenerator
generator: RandomAccessGenerator
generator: RandomAccessGenerator
generator: ReducingGenerator
generator: ReducingGenerator
generator: ReducingGenerator
generator: ReducingGenerator
generator: ReducingGenerator
generator: ReducingGenerator
generator: MulExtensionGenerator
generator: MulExtensionGenerator
generator: MulExtensionGenerator
generator: MulExtensionGenerator
generator: MulExtensionGenerator
generator: MulExtensionGenerator
generator: MulExtensionGenerator
generator: MulExtensionGenerator
generator: MulExtensionGenerator
generator: MulExtensionGenerator
generator: MulExtensionGenerator
generator: MulExtensionGenerator
generator: MulExtensionGenerator
generator: RandomAccessGenerator
generator: RandomAccessGenerator
generator: RandomAccessGenerator
generator: RandomAccessGenerator
generator: InterpolationGenerator
generator: PoseidonGenerator
generator: PoseidonGenerator
generator: PoseidonGenerator
generator: PoseidonGenerator
generator: PoseidonGenerator
generator: PoseidonGenerator
generator: PoseidonGenerator
generator: PoseidonGenerator
generator: PoseidonGenerator
generator: PoseidonGenerator
generator: PoseidonGenerator
generator: PoseidonGenerator
generator: RandomAccessGenerator
generator: RandomAccessGenerator
generator: RandomAccessGenerator
generator: RandomAccessGenerator
generator: ArithmeticBaseGenerator
generator: ArithmeticBaseGenerator
generator: ArithmeticBaseGenerator
generator: ArithmeticBaseGenerator
generator: ArithmeticBaseGenerator
generator: ArithmeticBaseGenerator
generator: ArithmeticBaseGenerator
generator: ArithmeticBaseGenerator
generator: ArithmeticBaseGenerator
generator: ArithmeticBaseGenerator
generator: ArithmeticBaseGenerator
generator: ArithmeticBaseGenerator
generator: ArithmeticBaseGenerator
generator: ArithmeticBaseGenerator
generator: ArithmeticBaseGenerator
generator: ArithmeticBaseGenerator
generator: ArithmeticBaseGenerator
generator: ArithmeticBaseGenerator
generator: ArithmeticBaseGenerator
generator: ArithmeticBaseGenerator
generator: InterpolationGenerator
generator: PoseidonGenerator
generator: PoseidonGenerator
generator: PoseidonGenerator
generator: PoseidonGenerator
generator: PoseidonGenerator
generator: PoseidonGenerator
generator: PoseidonGenerator
generator: PoseidonGenerator
generator: RandomAccessGenerator
generator: RandomAccessGenerator
generator: RandomAccessGenerator
generator: RandomAccessGenerator
generator: ReducingExtensionGenerator
generator: BaseSplitGenerator + Base: 2
generator: BaseSplitGenerator + Base: 2
generator: PoseidonGenerator
generator: PoseidonGenerator
generator: PoseidonGenerator
generator: PoseidonGenerator
generator: PoseidonGenerator
generator: PoseidonGenerator
generator: PoseidonGenerator
generator: PoseidonGenerator
generator: PoseidonGenerator
generator: PoseidonGenerator
generator: PoseidonGenerator
generator: PoseidonGenerator
generator: PoseidonGenerator
generator: PoseidonGenerator
generator: PoseidonGenerator
generator: PoseidonGenerator
generator: PoseidonGenerator
generator: PoseidonGenerator
generator: PoseidonGenerator
generator: PoseidonGenerator
generator: PoseidonGenerator
generator: PoseidonGenerator
generator: PoseidonGenerator
generator: RandomAccessGenerator
generator: RandomAccessGenerator
generator: RandomAccessGenerator
generator: RandomAccessGenerator
generator: PoseidonGenerator
generator: PoseidonGenerator
generator: PoseidonGenerator
generator: PoseidonGenerator
generator: PoseidonGenerator
generator: PoseidonGenerator
generator: PoseidonGenerator
generator: PoseidonGenerator
generator: PoseidonGenerator
generator: PoseidonGenerator
generator: PoseidonGenerator
generator: PoseidonGenerator
generator: PoseidonGenerator
generator: PoseidonGenerator
generator: PoseidonGenerator
generator: PoseidonGenerator
generator: PoseidonGenerator
generator: PoseidonGenerator
generator: PoseidonGenerator
generator: PoseidonGenerator
generator: PoseidonGenerator
generator: PoseidonGenerator
generator: PoseidonGenerator
generator: PoseidonGenerator
generator: PoseidonGenerator
generator: PoseidonGenerator
generator: PoseidonGenerator
generator: PoseidonGenerator
generator: PoseidonGenerator
generator: RandomAccessGenerator
generator: RandomAccessGenerator
generator: RandomAccessGenerator
generator: RandomAccessGenerator
generator: PoseidonGenerator
generator: PoseidonGenerator
generator: PoseidonGenerator
generator: PoseidonGenerator
generator: PoseidonGenerator
generator: PoseidonGenerator
generator: PoseidonGenerator
generator: PoseidonGenerator
generator: PoseidonGenerator
generator: PoseidonGenerator
generator: PoseidonGenerator
generator: PoseidonGenerator
generator: PoseidonGenerator
generator: PoseidonGenerator
generator: PoseidonGenerator
generator: RandomAccessGenerator
generator: RandomAccessGenerator
generator: RandomAccessGenerator
generator: RandomAccessGenerator
generator: PoseidonGenerator
generator: PoseidonGenerator
generator: PoseidonGenerator
generator: PoseidonGenerator
generator: PoseidonGenerator
generator: PoseidonGenerator
generator: PoseidonGenerator
generator: PoseidonGenerator
generator: PoseidonGenerator
generator: PoseidonGenerator
generator: PoseidonGenerator
generator: PoseidonGenerator
generator: PoseidonGenerator
generator: PoseidonGenerator
generator: RandomAccessGenerator
generator: RandomAccessGenerator
generator: RandomAccessGenerator
generator: RandomAccessGenerator
generator: ReducingGenerator
generator: ReducingGenerator
generator: ReducingGenerator
generator: ReducingGenerator
generator: ReducingGenerator
generator: ReducingGenerator
generator: ArithmeticExtensionGenerator
generator: ArithmeticExtensionGenerator
generator: ArithmeticExtensionGenerator
generator: ArithmeticExtensionGenerator
generator: ArithmeticExtensionGenerator
generator: ArithmeticExtensionGenerator
generator: ArithmeticExtensionGenerator
generator: ArithmeticExtensionGenerator
generator: ArithmeticExtensionGenerator
generator: ArithmeticExtensionGenerator
generator: RandomAccessGenerator
generator: RandomAccessGenerator
generator: RandomAccessGenerator
generator: RandomAccessGenerator
generator: InterpolationGenerator
generator: PoseidonGenerator
generator: PoseidonGenerator
generator: PoseidonGenerator
generator: PoseidonGenerator
generator: PoseidonGenerator
generator: PoseidonGenerator
generator: PoseidonGenerator
generator: PoseidonGenerator
generator: PoseidonGenerator
generator: PoseidonGenerator
generator: PoseidonGenerator
generator: PoseidonGenerator
generator: RandomAccessGenerator
generator: RandomAccessGenerator
generator: RandomAccessGenerator
generator: RandomAccessGenerator
generator: ArithmeticBaseGenerator
generator: ArithmeticBaseGenerator
generator: ArithmeticBaseGenerator
generator: ArithmeticBaseGenerator
generator: ArithmeticBaseGenerator
generator: ArithmeticBaseGenerator
generator: ArithmeticBaseGenerator
generator: ArithmeticBaseGenerator
generator: ArithmeticBaseGenerator
generator: ArithmeticBaseGenerator
generator: ArithmeticBaseGenerator
generator: ArithmeticBaseGenerator
generator: ArithmeticBaseGenerator
generator: ArithmeticBaseGenerator
generator: ArithmeticBaseGenerator
generator: ArithmeticBaseGenerator
generator: ArithmeticBaseGenerator
generator: ArithmeticBaseGenerator
generator: ArithmeticBaseGenerator
generator: ArithmeticBaseGenerator
generator: InterpolationGenerator
generator: PoseidonGenerator
generator: PoseidonGenerator
generator: PoseidonGenerator
generator: PoseidonGenerator
generator: PoseidonGenerator
generator: PoseidonGenerator
generator: PoseidonGenerator
generator: PoseidonGenerator
generator: RandomAccessGenerator
generator: RandomAccessGenerator
generator: RandomAccessGenerator
generator: RandomAccessGenerator
generator: ReducingExtensionGenerator
generator: BaseSplitGenerator + Base: 2
generator: BaseSplitGenerator + Base: 2
generator: ArithmeticBaseGenerator
generator: ArithmeticBaseGenerator
generator: ArithmeticBaseGenerator
generator: ArithmeticBaseGenerator
generator: ArithmeticBaseGenerator
generator: ArithmeticBaseGenerator
generator: ArithmeticBaseGenerator
generator: ArithmeticBaseGenerator
generator: ArithmeticBaseGenerator
generator: ArithmeticBaseGenerator
generator: ArithmeticBaseGenerator
generator: ArithmeticBaseGenerator
generator: ArithmeticBaseGenerator
generator: ArithmeticBaseGenerator
generator: ArithmeticBaseGenerator
generator: ArithmeticBaseGenerator
generator: ArithmeticBaseGenerator
generator: ArithmeticBaseGenerator
generator: ArithmeticBaseGenerator
generator: ArithmeticBaseGenerator
generator: PoseidonGenerator
generator: PoseidonGenerator
generator: PoseidonGenerator
generator: PoseidonGenerator
generator: PoseidonGenerator
generator: PoseidonGenerator
generator: PoseidonGenerator
generator: PoseidonGenerator
generator: PoseidonGenerator
generator: PoseidonGenerator
generator: PoseidonGenerator
generator: PoseidonGenerator
generator: PoseidonGenerator
generator: PoseidonGenerator
generator: PoseidonGenerator
generator: PoseidonGenerator
generator: PoseidonGenerator
generator: PoseidonGenerator
generator: PoseidonGenerator
generator: PoseidonGenerator
generator: PoseidonGenerator
generator: PoseidonGenerator
generator: PoseidonGenerator
generator: RandomAccessGenerator
generator: RandomAccessGenerator
generator: RandomAccessGenerator
generator: RandomAccessGenerator
generator: PoseidonGenerator
generator: PoseidonGenerator
generator: PoseidonGenerator
generator: PoseidonGenerator
generator: PoseidonGenerator
generator: PoseidonGenerator
generator: PoseidonGenerator
generator: PoseidonGenerator
generator: PoseidonGenerator
generator: PoseidonGenerator
generator: PoseidonGenerator
generator: PoseidonGenerator
generator: PoseidonGenerator
generator: PoseidonGenerator
generator: PoseidonGenerator
generator: PoseidonGenerator
generator: PoseidonGenerator
generator: PoseidonGenerator
generator: PoseidonGenerator
generator: PoseidonGenerator
generator: PoseidonGenerator
generator: PoseidonGenerator
generator: PoseidonGenerator
generator: PoseidonGenerator
generator: PoseidonGenerator
generator: PoseidonGenerator
generator: PoseidonGenerator
generator: PoseidonGenerator
generator: PoseidonGenerator
generator: RandomAccessGenerator
generator: RandomAccessGenerator
generator: RandomAccessGenerator
generator: RandomAccessGenerator
generator: PoseidonGenerator
generator: PoseidonGenerator
generator: PoseidonGenerator
generator: PoseidonGenerator
generator: PoseidonGenerator
generator: PoseidonGenerator
generator: PoseidonGenerator
generator: PoseidonGenerator
generator: PoseidonGenerator
generator: PoseidonGenerator
generator: PoseidonGenerator
generator: PoseidonGenerator
generator: PoseidonGenerator
generator: PoseidonGenerator
generator: PoseidonGenerator
generator: RandomAccessGenerator
generator: RandomAccessGenerator
generator: RandomAccessGenerator
generator: RandomAccessGenerator
generator: PoseidonGenerator
generator: PoseidonGenerator
generator: PoseidonGenerator
generator: PoseidonGenerator
generator: PoseidonGenerator
generator: PoseidonGenerator
generator: PoseidonGenerator
generator: PoseidonGenerator
generator: PoseidonGenerator
generator: PoseidonGenerator
generator: PoseidonGenerator
generator: PoseidonGenerator
generator: PoseidonGenerator
generator: PoseidonGenerator
generator: RandomAccessGenerator
generator: RandomAccessGenerator
generator: RandomAccessGenerator
generator: RandomAccessGenerator
generator: ReducingGenerator
generator: ReducingGenerator
generator: ReducingGenerator
generator: ReducingGenerator
generator: ReducingGenerator
generator: ReducingGenerator
generator: RandomAccessGenerator
generator: RandomAccessGenerator
generator: RandomAccessGenerator
generator: RandomAccessGenerator
generator: InterpolationGenerator
generator: PoseidonGenerator
generator: PoseidonGenerator
generator: PoseidonGenerator
generator: PoseidonGenerator
generator: PoseidonGenerator
generator: PoseidonGenerator
generator: PoseidonGenerator
generator: PoseidonGenerator
generator: PoseidonGenerator
generator: PoseidonGenerator
generator: PoseidonGenerator
generator: PoseidonGenerator
generator: RandomAccessGenerator
generator: RandomAccessGenerator
generator: RandomAccessGenerator
generator: RandomAccessGenerator
generator: InterpolationGenerator
generator: PoseidonGenerator
generator: PoseidonGenerator
generator: PoseidonGenerator
generator: PoseidonGenerator
generator: PoseidonGenerator
generator: PoseidonGenerator
generator: PoseidonGenerator
generator: PoseidonGenerator
generator: RandomAccessGenerator
generator: RandomAccessGenerator
generator: RandomAccessGenerator
generator: RandomAccessGenerator
generator: ReducingExtensionGenerator
generator: BaseSplitGenerator + Base: 2
generator: BaseSplitGenerator + Base: 2
generator: PoseidonGenerator
generator: PoseidonGenerator
generator: PoseidonGenerator
generator: PoseidonGenerator
generator: PoseidonGenerator
generator: PoseidonGenerator
generator: PoseidonGenerator
generator: PoseidonGenerator
generator: PoseidonGenerator
generator: PoseidonGenerator
generator: PoseidonGenerator
generator: PoseidonGenerator
generator: PoseidonGenerator
generator: PoseidonGenerator
generator: PoseidonGenerator
generator: PoseidonGenerator
generator: PoseidonGenerator
generator: PoseidonGenerator
generator: PoseidonGenerator
generator: PoseidonGenerator
generator: PoseidonGenerator
generator: PoseidonGenerator
generator: PoseidonGenerator
generator: RandomAccessGenerator
generator: RandomAccessGenerator
generator: RandomAccessGenerator
generator: RandomAccessGenerator
generator: PoseidonGenerator
generator: PoseidonGenerator
generator: PoseidonGenerator
generator: PoseidonGenerator
generator: PoseidonGenerator
generator: PoseidonGenerator
generator: PoseidonGenerator
generator: PoseidonGenerator
generator: PoseidonGenerator
generator: PoseidonGenerator
generator: PoseidonGenerator
generator: PoseidonGenerator
generator: PoseidonGenerator
generator: PoseidonGenerator
generator: PoseidonGenerator
generator: PoseidonGenerator
generator: PoseidonGenerator
generator: PoseidonGenerator
generator: PoseidonGenerator
generator: PoseidonGenerator
generator: PoseidonGenerator
generator: PoseidonGenerator
generator: PoseidonGenerator
generator: PoseidonGenerator
generator: PoseidonGenerator
generator: PoseidonGenerator
generator: PoseidonGenerator
generator: PoseidonGenerator
generator: PoseidonGenerator
generator: RandomAccessGenerator
generator: RandomAccessGenerator
generator: RandomAccessGenerator
generator: RandomAccessGenerator
generator: PoseidonGenerator
generator: PoseidonGenerator
generator: PoseidonGenerator
generator: PoseidonGenerator
generator: PoseidonGenerator
generator: PoseidonGenerator
generator: PoseidonGenerator
generator: PoseidonGenerator
generator: PoseidonGenerator
generator: PoseidonGenerator
generator: PoseidonGenerator
generator: PoseidonGenerator
generator: PoseidonGenerator
generator: PoseidonGenerator
generator: PoseidonGenerator
generator: RandomAccessGenerator
generator: RandomAccessGenerator
generator: RandomAccessGenerator
generator: RandomAccessGenerator
generator: PoseidonGenerator
generator: PoseidonGenerator
generator: PoseidonGenerator
generator: PoseidonGenerator
generator: PoseidonGenerator
generator: PoseidonGenerator
generator: PoseidonGenerator
generator: PoseidonGenerator
generator: PoseidonGenerator
generator: PoseidonGenerator
generator: PoseidonGenerator
generator: PoseidonGenerator
generator: PoseidonGenerator
generator: PoseidonGenerator
generator: RandomAccessGenerator
generator: RandomAccessGenerator
generator: RandomAccessGenerator
generator: RandomAccessGenerator
generator: ReducingGenerator
generator: ReducingGenerator
generator: ReducingGenerator
generator: ReducingGenerator
generator: ReducingGenerator
generator: ReducingGenerator
generator: ArithmeticExtensionGenerator
generator: ArithmeticExtensionGenerator
generator: ArithmeticExtensionGenerator
generator: ArithmeticExtensionGenerator
generator: ArithmeticExtensionGenerator
generator: ArithmeticExtensionGenerator
generator: ArithmeticExtensionGenerator
generator: ArithmeticExtensionGenerator
generator: ArithmeticExtensionGenerator
generator: ArithmeticExtensionGenerator
generator: ArithmeticExtensionGenerator
generator: ArithmeticExtensionGenerator
generator: ArithmeticExtensionGenerator
generator: ArithmeticExtensionGenerator
generator: ArithmeticExtensionGenerator
generator: ArithmeticExtensionGenerator
generator: ArithmeticExtensionGenerator
generator: ArithmeticExtensionGenerator
generator: ArithmeticExtensionGenerator
generator: ArithmeticExtensionGenerator
generator: RandomAccessGenerator
generator: RandomAccessGenerator
generator: RandomAccessGenerator
generator: RandomAccessGenerator
generator: ArithmeticBaseGenerator
generator: ArithmeticBaseGenerator
generator: ArithmeticBaseGenerator
generator: ArithmeticBaseGenerator
generator: ArithmeticBaseGenerator
generator: ArithmeticBaseGenerator
generator: ArithmeticBaseGenerator
generator: ArithmeticBaseGenerator
generator: ArithmeticBaseGenerator
generator: ArithmeticBaseGenerator
generator: ArithmeticBaseGenerator
generator: ArithmeticBaseGenerator
generator: ArithmeticBaseGenerator
generator: ArithmeticBaseGenerator
generator: ArithmeticBaseGenerator
generator: ArithmeticBaseGenerator
generator: ArithmeticBaseGenerator
generator: ArithmeticBaseGenerator
generator: ArithmeticBaseGenerator
generator: ArithmeticBaseGenerator
generator: InterpolationGenerator
generator: PoseidonGenerator
generator: PoseidonGenerator
generator: PoseidonGenerator
generator: PoseidonGenerator
generator: PoseidonGenerator
generator: PoseidonGenerator
generator: PoseidonGenerator
generator: PoseidonGenerator
generator: PoseidonGenerator
generator: PoseidonGenerator
generator: PoseidonGenerator
generator: PoseidonGenerator
generator: RandomAccessGenerator
generator: RandomAccessGenerator
generator: RandomAccessGenerator
generator: RandomAccessGenerator
generator: InterpolationGenerator
generator: PoseidonGenerator
generator: PoseidonGenerator
generator: PoseidonGenerator
generator: PoseidonGenerator
generator: PoseidonGenerator
generator: PoseidonGenerator
generator: PoseidonGenerator
generator: PoseidonGenerator
generator: RandomAccessGenerator
generator: RandomAccessGenerator
generator: RandomAccessGenerator
generator: RandomAccessGenerator
generator: ReducingExtensionGenerator
generator: BaseSplitGenerator + Base: 2
generator: BaseSplitGenerator + Base: 2
generator: ArithmeticBaseGenerator
generator: ArithmeticBaseGenerator
generator: ArithmeticBaseGenerator
generator: ArithmeticBaseGenerator
generator: ArithmeticBaseGenerator
generator: ArithmeticBaseGenerator
generator: ArithmeticBaseGenerator
generator: ArithmeticBaseGenerator
generator: ArithmeticBaseGenerator
generator: ArithmeticBaseGenerator
generator: ArithmeticBaseGenerator
generator: ArithmeticBaseGenerator
generator: ArithmeticBaseGenerator
generator: ArithmeticBaseGenerator
generator: ArithmeticBaseGenerator
generator: ArithmeticBaseGenerator
generator: ArithmeticBaseGenerator
generator: ArithmeticBaseGenerator
generator: ArithmeticBaseGenerator
generator: ArithmeticBaseGenerator
generator: PoseidonGenerator
generator: PoseidonGenerator
generator: PoseidonGenerator
generator: PoseidonGenerator
generator: PoseidonGenerator
generator: PoseidonGenerator
generator: PoseidonGenerator
generator: PoseidonGenerator
generator: PoseidonGenerator
generator: PoseidonGenerator
generator: PoseidonGenerator
generator: PoseidonGenerator
generator: PoseidonGenerator
generator: PoseidonGenerator
generator: PoseidonGenerator
generator: PoseidonGenerator
generator: PoseidonGenerator
generator: PoseidonGenerator
generator: PoseidonGenerator
generator: PoseidonGenerator
generator: PoseidonGenerator
generator: PoseidonGenerator
generator: PoseidonGenerator
generator: RandomAccessGenerator
generator: RandomAccessGenerator
generator: RandomAccessGenerator
generator: RandomAccessGenerator
generator: PoseidonGenerator
generator: PoseidonGenerator
generator: PoseidonGenerator
generator: PoseidonGenerator
generator: PoseidonGenerator
generator: PoseidonGenerator
generator: PoseidonGenerator
generator: PoseidonGenerator
generator: PoseidonGenerator
generator: PoseidonGenerator
generator: PoseidonGenerator
generator: PoseidonGenerator
generator: PoseidonGenerator
generator: PoseidonGenerator
generator: PoseidonGenerator
generator: PoseidonGenerator
generator: PoseidonGenerator
generator: PoseidonGenerator
generator: PoseidonGenerator
generator: PoseidonGenerator
generator: PoseidonGenerator
generator: PoseidonGenerator
generator: PoseidonGenerator
generator: PoseidonGenerator
generator: PoseidonGenerator
generator: PoseidonGenerator
generator: PoseidonGenerator
generator: PoseidonGenerator
generator: PoseidonGenerator
generator: RandomAccessGenerator
generator: RandomAccessGenerator
generator: RandomAccessGenerator
generator: RandomAccessGenerator
generator: PoseidonGenerator
generator: PoseidonGenerator
generator: PoseidonGenerator
generator: PoseidonGenerator
generator: PoseidonGenerator
generator: PoseidonGenerator
generator: PoseidonGenerator
generator: PoseidonGenerator
generator: PoseidonGenerator
generator: PoseidonGenerator
generator: PoseidonGenerator
generator: PoseidonGenerator
generator: PoseidonGenerator
generator: PoseidonGenerator
generator: PoseidonGenerator
generator: RandomAccessGenerator
generator: RandomAccessGenerator
generator: RandomAccessGenerator
generator: RandomAccessGenerator
generator: PoseidonGenerator
generator: PoseidonGenerator
generator: PoseidonGenerator
generator: PoseidonGenerator
generator: PoseidonGenerator
generator: PoseidonGenerator
generator: PoseidonGenerator
generator: PoseidonGenerator
generator: PoseidonGenerator
generator: PoseidonGenerator
generator: PoseidonGenerator
generator: PoseidonGenerator
generator: PoseidonGenerator
generator: PoseidonGenerator
generator: RandomAccessGenerator
generator: RandomAccessGenerator
generator: RandomAccessGenerator
generator: RandomAccessGenerator
generator: ReducingGenerator
generator: ReducingGenerator
generator: ReducingGenerator
generator: ReducingGenerator
generator: ReducingGenerator
generator: ReducingGenerator
generator: MulExtensionGenerator
generator: MulExtensionGenerator
generator: MulExtensionGenerator
generator: MulExtensionGenerator
generator: MulExtensionGenerator
generator: MulExtensionGenerator
generator: MulExtensionGenerator
generator: MulExtensionGenerator
generator: MulExtensionGenerator
generator: MulExtensionGenerator
generator: MulExtensionGenerator
generator: MulExtensionGenerator
generator: MulExtensionGenerator
generator: RandomAccessGenerator
generator: RandomAccessGenerator
generator: RandomAccessGenerator
generator: RandomAccessGenerator
generator: ArithmeticBaseGenerator
generator: ArithmeticBaseGenerator
generator: ArithmeticBaseGenerator
generator: ArithmeticBaseGenerator
generator: ArithmeticBaseGenerator
generator: ArithmeticBaseGenerator
generator: ArithmeticBaseGenerator
generator: ArithmeticBaseGenerator
generator: ArithmeticBaseGenerator
generator: ArithmeticBaseGenerator
generator: ArithmeticBaseGenerator
generator: ArithmeticBaseGenerator
generator: ArithmeticBaseGenerator
generator: ArithmeticBaseGenerator
generator: ArithmeticBaseGenerator
generator: ArithmeticBaseGenerator
generator: ArithmeticBaseGenerator
generator: ArithmeticBaseGenerator
generator: ArithmeticBaseGenerator
generator: ArithmeticBaseGenerator
generator: ArithmeticBaseGenerator
generator: ArithmeticBaseGenerator
generator: ArithmeticBaseGenerator
generator: ArithmeticBaseGenerator
generator: ArithmeticBaseGenerator
generator: ArithmeticBaseGenerator
generator: ArithmeticBaseGenerator
generator: ArithmeticBaseGenerator
generator: ArithmeticBaseGenerator
generator: ArithmeticBaseGenerator
generator: ArithmeticBaseGenerator
generator: ArithmeticBaseGenerator
generator: ArithmeticBaseGenerator
generator: ArithmeticBaseGenerator
generator: ArithmeticBaseGenerator
generator: ArithmeticBaseGenerator
generator: ArithmeticBaseGenerator
generator: ArithmeticBaseGenerator
generator: ArithmeticBaseGenerator
generator: ArithmeticBaseGenerator
generator: ArithmeticBaseGenerator
generator: ArithmeticBaseGenerator
generator: ArithmeticBaseGenerator
generator: ArithmeticBaseGenerator
generator: ArithmeticBaseGenerator
generator: ArithmeticBaseGenerator
generator: ArithmeticBaseGenerator
generator: ArithmeticBaseGenerator
generator: ArithmeticBaseGenerator
generator: ArithmeticBaseGenerator
generator: ArithmeticBaseGenerator
generator: ArithmeticBaseGenerator
generator: ArithmeticBaseGenerator
generator: ArithmeticBaseGenerator
generator: ArithmeticBaseGenerator
generator: ArithmeticBaseGenerator
generator: ArithmeticBaseGenerator
generator: ArithmeticBaseGenerator
generator: ArithmeticBaseGenerator
generator: ArithmeticBaseGenerator
generator: InterpolationGenerator
generator: PoseidonGenerator
generator: PoseidonGenerator
generator: PoseidonGenerator
generator: PoseidonGenerator
generator: PoseidonGenerator
generator: PoseidonGenerator
generator: PoseidonGenerator
generator: PoseidonGenerator
generator: PoseidonGenerator
generator: PoseidonGenerator
generator: PoseidonGenerator
generator: PoseidonGenerator
generator: RandomAccessGenerator
generator: RandomAccessGenerator
generator: RandomAccessGenerator
generator: RandomAccessGenerator
generator: InterpolationGenerator
generator: PoseidonGenerator
generator: PoseidonGenerator
generator: PoseidonGenerator
generator: PoseidonGenerator
generator: PoseidonGenerator
generator: PoseidonGenerator
generator: PoseidonGenerator
generator: PoseidonGenerator
generator: RandomAccessGenerator
generator: RandomAccessGenerator
generator: RandomAccessGenerator
generator: RandomAccessGenerator
generator: ArithmeticBaseGenerator
generator: ArithmeticBaseGenerator
generator: ArithmeticBaseGenerator
generator: ArithmeticBaseGenerator
generator: ArithmeticBaseGenerator
generator: ArithmeticBaseGenerator
generator: ArithmeticBaseGenerator
generator: ArithmeticBaseGenerator
generator: ArithmeticBaseGenerator
generator: ArithmeticBaseGenerator
generator: ArithmeticBaseGenerator
generator: ArithmeticBaseGenerator
generator: ArithmeticBaseGenerator
generator: ArithmeticBaseGenerator
generator: ArithmeticBaseGenerator
generator: ArithmeticBaseGenerator
generator: ArithmeticBaseGenerator
generator: ArithmeticBaseGenerator
generator: ArithmeticBaseGenerator
generator: ArithmeticBaseGenerator
generator: ReducingExtensionGenerator
generator: BaseSplitGenerator + Base: 2
generator: BaseSplitGenerator + Base: 2
generator: PoseidonGenerator
generator: PoseidonGenerator
generator: PoseidonGenerator
generator: PoseidonGenerator
generator: PoseidonGenerator
generator: PoseidonGenerator
generator: PoseidonGenerator
generator: PoseidonGenerator
generator: PoseidonGenerator
generator: PoseidonGenerator
generator: PoseidonGenerator
generator: PoseidonGenerator
generator: PoseidonGenerator
generator: PoseidonGenerator
generator: PoseidonGenerator
generator: PoseidonGenerator
generator: PoseidonGenerator
generator: PoseidonGenerator
generator: PoseidonGenerator
generator: PoseidonGenerator
generator: PoseidonGenerator
generator: PoseidonGenerator
generator: PoseidonGenerator
generator: RandomAccessGenerator
generator: RandomAccessGenerator
generator: RandomAccessGenerator
generator: RandomAccessGenerator
generator: PoseidonGenerator
generator: PoseidonGenerator
generator: PoseidonGenerator
generator: PoseidonGenerator
generator: PoseidonGenerator
generator: PoseidonGenerator
generator: PoseidonGenerator
generator: PoseidonGenerator
generator: PoseidonGenerator
generator: PoseidonGenerator
generator: PoseidonGenerator
generator: PoseidonGenerator
generator: PoseidonGenerator
generator: PoseidonGenerator
generator: PoseidonGenerator
generator: PoseidonGenerator
generator: PoseidonGenerator
generator: PoseidonGenerator
generator: PoseidonGenerator
generator: PoseidonGenerator
generator: PoseidonGenerator
generator: PoseidonGenerator
generator: PoseidonGenerator
generator: PoseidonGenerator
generator: PoseidonGenerator
generator: PoseidonGenerator
generator: PoseidonGenerator
generator: PoseidonGenerator
generator: PoseidonGenerator
generator: RandomAccessGenerator
generator: RandomAccessGenerator
generator: RandomAccessGenerator
generator: RandomAccessGenerator
generator: PoseidonGenerator
generator: PoseidonGenerator
generator: PoseidonGenerator
generator: PoseidonGenerator
generator: PoseidonGenerator
generator: PoseidonGenerator
generator: PoseidonGenerator
generator: PoseidonGenerator
generator: PoseidonGenerator
generator: PoseidonGenerator
generator: PoseidonGenerator
generator: PoseidonGenerator
generator: PoseidonGenerator
generator: PoseidonGenerator
generator: PoseidonGenerator
generator: RandomAccessGenerator
generator: RandomAccessGenerator
generator: RandomAccessGenerator
generator: RandomAccessGenerator
generator: PoseidonGenerator
generator: PoseidonGenerator
generator: PoseidonGenerator
generator: PoseidonGenerator
generator: PoseidonGenerator
generator: PoseidonGenerator
generator: PoseidonGenerator
generator: PoseidonGenerator
generator: PoseidonGenerator
generator: PoseidonGenerator
generator: PoseidonGenerator
generator: PoseidonGenerator
generator: PoseidonGenerator
generator: PoseidonGenerator
generator: RandomAccessGenerator
generator: RandomAccessGenerator
generator: RandomAccessGenerator
generator: RandomAccessGenerator
generator: ReducingGenerator
generator: ReducingGenerator
generator: ReducingGenerator
generator: ReducingGenerator
generator: ReducingGenerator
generator: ReducingGenerator
generator: RandomAccessGenerator
generator: RandomAccessGenerator
generator: RandomAccessGenerator
generator: RandomAccessGenerator
generator: InterpolationGenerator
generator: PoseidonGenerator
generator: PoseidonGenerator
generator: PoseidonGenerator
generator: PoseidonGenerator
generator: PoseidonGenerator
generator: PoseidonGenerator
generator: PoseidonGenerator
generator: PoseidonGenerator
generator: PoseidonGenerator
generator: PoseidonGenerator
generator: PoseidonGenerator
generator: PoseidonGenerator
generator: RandomAccessGenerator
generator: RandomAccessGenerator
generator: RandomAccessGenerator
generator: RandomAccessGenerator
generator: InterpolationGenerator
generator: PoseidonGenerator
generator: PoseidonGenerator
generator: PoseidonGenerator
generator: PoseidonGenerator
generator: PoseidonGenerator
generator: PoseidonGenerator
generator: PoseidonGenerator
generator: PoseidonGenerator
generator: RandomAccessGenerator
generator: RandomAccessGenerator
generator: RandomAccessGenerator
generator: RandomAccessGenerator
generator: ReducingExtensionGenerator
generator: BaseSplitGenerator + Base: 2
generator: BaseSplitGenerator + Base: 2
generator: ArithmeticBaseGenerator
generator: ArithmeticBaseGenerator
generator: ArithmeticBaseGenerator
generator: ArithmeticBaseGenerator
generator: ArithmeticBaseGenerator
generator: ArithmeticBaseGenerator
generator: ArithmeticBaseGenerator
generator: ArithmeticBaseGenerator
generator: ArithmeticBaseGenerator
generator: ArithmeticBaseGenerator
generator: ArithmeticBaseGenerator
generator: ArithmeticBaseGenerator
generator: ArithmeticBaseGenerator
generator: ArithmeticBaseGenerator
generator: ArithmeticBaseGenerator
generator: ArithmeticBaseGenerator
generator: ArithmeticBaseGenerator
generator: ArithmeticBaseGenerator
generator: ArithmeticBaseGenerator
generator: ArithmeticBaseGenerator
generator: PoseidonGenerator
generator: PoseidonGenerator
generator: PoseidonGenerator
generator: PoseidonGenerator
generator: PoseidonGenerator
generator: PoseidonGenerator
generator: PoseidonGenerator
generator: PoseidonGenerator
generator: PoseidonGenerator
generator: PoseidonGenerator
generator: PoseidonGenerator
generator: PoseidonGenerator
generator: PoseidonGenerator
generator: PoseidonGenerator
generator: PoseidonGenerator
generator: PoseidonGenerator
generator: PoseidonGenerator
generator: PoseidonGenerator
generator: PoseidonGenerator
generator: PoseidonGenerator
generator: PoseidonGenerator
generator: PoseidonGenerator
generator: PoseidonGenerator
generator: RandomAccessGenerator
generator: RandomAccessGenerator
generator: RandomAccessGenerator
generator: RandomAccessGenerator
generator: PoseidonGenerator
generator: PoseidonGenerator
generator: PoseidonGenerator
generator: PoseidonGenerator
generator: PoseidonGenerator
generator: PoseidonGenerator
generator: PoseidonGenerator
generator: PoseidonGenerator
generator: PoseidonGenerator
generator: PoseidonGenerator
generator: PoseidonGenerator
generator: PoseidonGenerator
generator: PoseidonGenerator
generator: PoseidonGenerator
generator: PoseidonGenerator
generator: PoseidonGenerator
generator: PoseidonGenerator
generator: PoseidonGenerator
generator: PoseidonGenerator
generator: PoseidonGenerator
generator: PoseidonGenerator
generator: PoseidonGenerator
generator: PoseidonGenerator
generator: PoseidonGenerator
generator: PoseidonGenerator
generator: PoseidonGenerator
generator: PoseidonGenerator
generator: PoseidonGenerator
generator: PoseidonGenerator
generator: RandomAccessGenerator
generator: RandomAccessGenerator
generator: RandomAccessGenerator
generator: RandomAccessGenerator
generator: PoseidonGenerator
generator: PoseidonGenerator
generator: PoseidonGenerator
generator: PoseidonGenerator
generator: PoseidonGenerator
generator: PoseidonGenerator
generator: PoseidonGenerator
generator: PoseidonGenerator
generator: PoseidonGenerator
generator: PoseidonGenerator
generator: PoseidonGenerator
generator: PoseidonGenerator
generator: PoseidonGenerator
generator: PoseidonGenerator
generator: PoseidonGenerator
generator: RandomAccessGenerator
generator: RandomAccessGenerator
generator: RandomAccessGenerator
generator: RandomAccessGenerator
generator: PoseidonGenerator
generator: PoseidonGenerator
generator: PoseidonGenerator
generator: PoseidonGenerator
generator: PoseidonGenerator
generator: PoseidonGenerator
generator: PoseidonGenerator
generator: PoseidonGenerator
generator: PoseidonGenerator
generator: PoseidonGenerator
generator: PoseidonGenerator
generator: PoseidonGenerator
generator: PoseidonGenerator
generator: PoseidonGenerator
generator: RandomAccessGenerator
generator: RandomAccessGenerator
generator: RandomAccessGenerator
generator: RandomAccessGenerator
generator: ReducingGenerator
generator: ReducingGenerator
generator: ReducingGenerator
generator: ReducingGenerator
generator: ReducingGenerator
generator: ReducingGenerator
generator: ArithmeticExtensionGenerator
generator: ArithmeticExtensionGenerator
generator: ArithmeticExtensionGenerator
generator: ArithmeticExtensionGenerator
generator: ArithmeticExtensionGenerator
generator: ArithmeticExtensionGenerator
generator: ArithmeticExtensionGenerator
generator: ArithmeticExtensionGenerator
generator: ArithmeticExtensionGenerator
generator: ArithmeticExtensionGenerator
generator: RandomAccessGenerator
generator: RandomAccessGenerator
generator: RandomAccessGenerator
generator: RandomAccessGenerator
generator: InterpolationGenerator
generator: PoseidonGenerator
generator: PoseidonGenerator
generator: PoseidonGenerator
generator: PoseidonGenerator
generator: PoseidonGenerator
generator: PoseidonGenerator
generator: PoseidonGenerator
generator: PoseidonGenerator
generator: PoseidonGenerator
generator: PoseidonGenerator
generator: PoseidonGenerator
generator: PoseidonGenerator
generator: RandomAccessGenerator
generator: RandomAccessGenerator
generator: RandomAccessGenerator
generator: RandomAccessGenerator
generator: InterpolationGenerator
generator: PoseidonGenerator
generator: PoseidonGenerator
generator: PoseidonGenerator
generator: PoseidonGenerator
generator: PoseidonGenerator
generator: PoseidonGenerator
generator: PoseidonGenerator
generator: PoseidonGenerator
generator: RandomAccessGenerator
generator: RandomAccessGenerator
generator: RandomAccessGenerator
generator: RandomAccessGenerator
generator: ArithmeticBaseGenerator
generator: ArithmeticBaseGenerator
generator: ArithmeticBaseGenerator
generator: ArithmeticBaseGenerator
generator: ArithmeticBaseGenerator
generator: ArithmeticBaseGenerator
generator: ArithmeticBaseGenerator
generator: ArithmeticBaseGenerator
generator: ArithmeticBaseGenerator
generator: ArithmeticBaseGenerator
generator: ArithmeticBaseGenerator
generator: ArithmeticBaseGenerator
generator: ArithmeticBaseGenerator
generator: ArithmeticBaseGenerator
generator: ArithmeticBaseGenerator
generator: ArithmeticBaseGenerator
generator: ArithmeticBaseGenerator
generator: ArithmeticBaseGenerator
generator: ArithmeticBaseGenerator
generator: ArithmeticBaseGenerator
generator: ReducingExtensionGenerator
generator: BaseSplitGenerator + Base: 2
generator: BaseSplitGenerator + Base: 2
generator: PoseidonGenerator
generator: PoseidonGenerator
generator: PoseidonGenerator
generator: PoseidonGenerator
generator: PoseidonGenerator
generator: PoseidonGenerator
generator: PoseidonGenerator
generator: PoseidonGenerator
generator: PoseidonGenerator
generator: PoseidonGenerator
generator: PoseidonGenerator
generator: PoseidonGenerator
generator: PoseidonGenerator
generator: PoseidonGenerator
generator: PoseidonGenerator
generator: PoseidonGenerator
generator: PoseidonGenerator
generator: PoseidonGenerator
generator: PoseidonGenerator
generator: PoseidonGenerator
generator: PoseidonGenerator
generator: PoseidonGenerator
generator: PoseidonGenerator
generator: RandomAccessGenerator
generator: RandomAccessGenerator
generator: RandomAccessGenerator
generator: RandomAccessGenerator
generator: PoseidonGenerator
generator: PoseidonGenerator
generator: PoseidonGenerator
generator: PoseidonGenerator
generator: PoseidonGenerator
generator: PoseidonGenerator
generator: PoseidonGenerator
generator: PoseidonGenerator
generator: PoseidonGenerator
generator: PoseidonGenerator
generator: PoseidonGenerator
generator: PoseidonGenerator
generator: PoseidonGenerator
generator: PoseidonGenerator
generator: PoseidonGenerator
generator: PoseidonGenerator
generator: PoseidonGenerator
generator: PoseidonGenerator
generator: PoseidonGenerator
generator: PoseidonGenerator
generator: PoseidonGenerator
generator: PoseidonGenerator
generator: PoseidonGenerator
generator: PoseidonGenerator
generator: PoseidonGenerator
generator: PoseidonGenerator
generator: PoseidonGenerator
generator: PoseidonGenerator
generator: PoseidonGenerator
generator: RandomAccessGenerator
generator: RandomAccessGenerator
generator: RandomAccessGenerator
generator: RandomAccessGenerator
generator: PoseidonGenerator
generator: PoseidonGenerator
generator: PoseidonGenerator
generator: PoseidonGenerator
generator: PoseidonGenerator
generator: PoseidonGenerator
generator: PoseidonGenerator
generator: PoseidonGenerator
generator: PoseidonGenerator
generator: PoseidonGenerator
generator: PoseidonGenerator
generator: PoseidonGenerator
generator: PoseidonGenerator
generator: PoseidonGenerator
generator: PoseidonGenerator
generator: RandomAccessGenerator
generator: RandomAccessGenerator
generator: RandomAccessGenerator
generator: RandomAccessGenerator
generator: PoseidonGenerator
generator: PoseidonGenerator
generator: PoseidonGenerator
generator: PoseidonGenerator
generator: PoseidonGenerator
generator: PoseidonGenerator
generator: PoseidonGenerator
generator: PoseidonGenerator
generator: PoseidonGenerator
generator: PoseidonGenerator
generator: PoseidonGenerator
generator: PoseidonGenerator
generator: PoseidonGenerator
generator: PoseidonGenerator
generator: RandomAccessGenerator
generator: RandomAccessGenerator
generator: RandomAccessGenerator
generator: RandomAccessGenerator
generator: ReducingGenerator
generator: ReducingGenerator
generator: ReducingGenerator
generator: ReducingGenerator
generator: ReducingGenerator
generator: ReducingGenerator
generator: MulExtensionGenerator
generator: MulExtensionGenerator
generator: MulExtensionGenerator
generator: MulExtensionGenerator
generator: MulExtensionGenerator
generator: MulExtensionGenerator
generator: MulExtensionGenerator
generator: MulExtensionGenerator
generator: MulExtensionGenerator
generator: MulExtensionGenerator
generator: MulExtensionGenerator
generator: MulExtensionGenerator
generator: MulExtensionGenerator
generator: RandomAccessGenerator
generator: RandomAccessGenerator
generator: RandomAccessGenerator
generator: RandomAccessGenerator
generator: ArithmeticBaseGenerator
generator: ArithmeticBaseGenerator
generator: ArithmeticBaseGenerator
generator: ArithmeticBaseGenerator
generator: ArithmeticBaseGenerator
generator: ArithmeticBaseGenerator
generator: ArithmeticBaseGenerator
generator: ArithmeticBaseGenerator
generator: ArithmeticBaseGenerator
generator: ArithmeticBaseGenerator
generator: ArithmeticBaseGenerator
generator: ArithmeticBaseGenerator
generator: ArithmeticBaseGenerator
generator: ArithmeticBaseGenerator
generator: ArithmeticBaseGenerator
generator: ArithmeticBaseGenerator
generator: ArithmeticBaseGenerator
generator: ArithmeticBaseGenerator
generator: ArithmeticBaseGenerator
generator: ArithmeticBaseGenerator
generator: InterpolationGenerator
generator: PoseidonGenerator
generator: PoseidonGenerator
generator: PoseidonGenerator
generator: PoseidonGenerator
generator: PoseidonGenerator
generator: PoseidonGenerator
generator: PoseidonGenerator
generator: PoseidonGenerator
generator: PoseidonGenerator
generator: PoseidonGenerator
generator: PoseidonGenerator
generator: PoseidonGenerator
generator: RandomAccessGenerator
generator: RandomAccessGenerator
generator: RandomAccessGenerator
generator: RandomAccessGenerator
generator: InterpolationGenerator
generator: PoseidonGenerator
generator: PoseidonGenerator
generator: PoseidonGenerator
generator: PoseidonGenerator
generator: PoseidonGenerator
generator: PoseidonGenerator
generator: PoseidonGenerator
generator: PoseidonGenerator
generator: RandomAccessGenerator
generator: RandomAccessGenerator
generator: RandomAccessGenerator
generator: RandomAccessGenerator
generator: ReducingExtensionGenerator
generator: BaseSplitGenerator + Base: 2
generator: BaseSplitGenerator + Base: 2
generator: ArithmeticBaseGenerator
generator: ArithmeticBaseGenerator
generator: ArithmeticBaseGenerator
generator: ArithmeticBaseGenerator
generator: ArithmeticBaseGenerator
generator: ArithmeticBaseGenerator
generator: ArithmeticBaseGenerator
generator: ArithmeticBaseGenerator
generator: ArithmeticBaseGenerator
generator: ArithmeticBaseGenerator
generator: ArithmeticBaseGenerator
generator: ArithmeticBaseGenerator
generator: ArithmeticBaseGenerator
generator: ArithmeticBaseGenerator
generator: ArithmeticBaseGenerator
generator: ArithmeticBaseGenerator
generator: ArithmeticBaseGenerator
generator: ArithmeticBaseGenerator
generator: ArithmeticBaseGenerator
generator: ArithmeticBaseGenerator
generator: PoseidonGenerator
generator: PoseidonGenerator
generator: PoseidonGenerator
generator: PoseidonGenerator
generator: PoseidonGenerator
generator: PoseidonGenerator
generator: PoseidonGenerator
generator: PoseidonGenerator
generator: PoseidonGenerator
generator: PoseidonGenerator
generator: PoseidonGenerator
generator: PoseidonGenerator
generator: PoseidonGenerator
generator: PoseidonGenerator
generator: PoseidonGenerator
generator: PoseidonGenerator
generator: PoseidonGenerator
generator: PoseidonGenerator
generator: PoseidonGenerator
generator: PoseidonGenerator
generator: PoseidonGenerator
generator: PoseidonGenerator
generator: PoseidonGenerator
generator: RandomAccessGenerator
generator: RandomAccessGenerator
generator: RandomAccessGenerator
generator: RandomAccessGenerator
generator: PoseidonGenerator
generator: PoseidonGenerator
generator: PoseidonGenerator
generator: PoseidonGenerator
generator: PoseidonGenerator
generator: PoseidonGenerator
generator: PoseidonGenerator
generator: PoseidonGenerator
generator: PoseidonGenerator
generator: PoseidonGenerator
generator: PoseidonGenerator
generator: PoseidonGenerator
generator: PoseidonGenerator
generator: PoseidonGenerator
generator: PoseidonGenerator
generator: PoseidonGenerator
generator: PoseidonGenerator
generator: PoseidonGenerator
generator: PoseidonGenerator
generator: PoseidonGenerator
generator: PoseidonGenerator
generator: PoseidonGenerator
generator: PoseidonGenerator
generator: PoseidonGenerator
generator: PoseidonGenerator
generator: PoseidonGenerator
generator: PoseidonGenerator
generator: PoseidonGenerator
generator: PoseidonGenerator
generator: RandomAccessGenerator
generator: RandomAccessGenerator
generator: RandomAccessGenerator
generator: RandomAccessGenerator
generator: PoseidonGenerator
generator: PoseidonGenerator
generator: PoseidonGenerator
generator: PoseidonGenerator
generator: PoseidonGenerator
generator: PoseidonGenerator
generator: PoseidonGenerator
generator: PoseidonGenerator
generator: PoseidonGenerator
generator: PoseidonGenerator
generator: PoseidonGenerator
generator: PoseidonGenerator
generator: PoseidonGenerator
generator: PoseidonGenerator
generator: PoseidonGenerator
generator: RandomAccessGenerator
generator: RandomAccessGenerator
generator: RandomAccessGenerator
generator: RandomAccessGenerator
generator: PoseidonGenerator
generator: PoseidonGenerator
generator: PoseidonGenerator
generator: PoseidonGenerator
generator: PoseidonGenerator
generator: PoseidonGenerator
generator: PoseidonGenerator
generator: PoseidonGenerator
generator: PoseidonGenerator
generator: PoseidonGenerator
generator: PoseidonGenerator
generator: PoseidonGenerator
generator: PoseidonGenerator
generator: PoseidonGenerator
generator: RandomAccessGenerator
generator: RandomAccessGenerator
generator: RandomAccessGenerator
generator: RandomAccessGenerator
generator: ReducingGenerator
generator: ReducingGenerator
generator: ReducingGenerator
generator: ReducingGenerator
generator: ReducingGenerator
generator: ReducingGenerator
generator: ArithmeticExtensionGenerator
generator: ArithmeticExtensionGenerator
generator: ArithmeticExtensionGenerator
generator: ArithmeticExtensionGenerator
generator: ArithmeticExtensionGenerator
generator: ArithmeticExtensionGenerator
generator: ArithmeticExtensionGenerator
generator: ArithmeticExtensionGenerator
generator: ArithmeticExtensionGenerator
generator: ArithmeticExtensionGenerator
generator: ArithmeticExtensionGenerator
generator: ArithmeticExtensionGenerator
generator: ArithmeticExtensionGenerator
generator: ArithmeticExtensionGenerator
generator: ArithmeticExtensionGenerator
generator: ArithmeticExtensionGenerator
generator: ArithmeticExtensionGenerator
generator: ArithmeticExtensionGenerator
generator: ArithmeticExtensionGenerator
generator: ArithmeticExtensionGenerator
generator: RandomAccessGenerator
generator: RandomAccessGenerator
generator: RandomAccessGenerator
generator: RandomAccessGenerator
generator: InterpolationGenerator
generator: PoseidonGenerator
generator: PoseidonGenerator
generator: PoseidonGenerator
generator: PoseidonGenerator
generator: PoseidonGenerator
generator: PoseidonGenerator
generator: PoseidonGenerator
generator: PoseidonGenerator
generator: PoseidonGenerator
generator: PoseidonGenerator
generator: PoseidonGenerator
generator: PoseidonGenerator
generator: RandomAccessGenerator
generator: RandomAccessGenerator
generator: RandomAccessGenerator
generator: RandomAccessGenerator
generator: ArithmeticBaseGenerator
generator: ArithmeticBaseGenerator
generator: ArithmeticBaseGenerator
generator: ArithmeticBaseGenerator
generator: ArithmeticBaseGenerator
generator: ArithmeticBaseGenerator
generator: ArithmeticBaseGenerator
generator: ArithmeticBaseGenerator
generator: ArithmeticBaseGenerator
generator: ArithmeticBaseGenerator
generator: ArithmeticBaseGenerator
generator: ArithmeticBaseGenerator
generator: ArithmeticBaseGenerator
generator: ArithmeticBaseGenerator
generator: ArithmeticBaseGenerator
generator: ArithmeticBaseGenerator
generator: ArithmeticBaseGenerator
generator: ArithmeticBaseGenerator
generator: ArithmeticBaseGenerator
generator: ArithmeticBaseGenerator
generator: InterpolationGenerator
generator: PoseidonGenerator
generator: PoseidonGenerator
generator: PoseidonGenerator
generator: PoseidonGenerator
generator: PoseidonGenerator
generator: PoseidonGenerator
generator: PoseidonGenerator
generator: PoseidonGenerator
generator: RandomAccessGenerator
generator: RandomAccessGenerator
generator: RandomAccessGenerator
generator: RandomAccessGenerator
generator: ReducingExtensionGenerator
generator: BaseSplitGenerator + Base: 2
generator: BaseSplitGenerator + Base: 2
generator: PoseidonGenerator
generator: PoseidonGenerator
generator: PoseidonGenerator
generator: PoseidonGenerator
generator: PoseidonGenerator
generator: PoseidonGenerator
generator: PoseidonGenerator
generator: PoseidonGenerator
generator: PoseidonGenerator
generator: PoseidonGenerator
generator: PoseidonGenerator
generator: PoseidonGenerator
generator: PoseidonGenerator
generator: PoseidonGenerator
generator: PoseidonGenerator
generator: PoseidonGenerator
generator: PoseidonGenerator
generator: PoseidonGenerator
generator: PoseidonGenerator
generator: PoseidonGenerator
generator: PoseidonGenerator
generator: PoseidonGenerator
generator: PoseidonGenerator
generator: RandomAccessGenerator
generator: RandomAccessGenerator
generator: RandomAccessGenerator
generator: RandomAccessGenerator
generator: PoseidonGenerator
generator: PoseidonGenerator
generator: PoseidonGenerator
generator: PoseidonGenerator
generator: PoseidonGenerator
generator: PoseidonGenerator
generator: PoseidonGenerator
generator: PoseidonGenerator
generator: PoseidonGenerator
generator: PoseidonGenerator
generator: PoseidonGenerator
generator: PoseidonGenerator
generator: PoseidonGenerator
generator: PoseidonGenerator
generator: PoseidonGenerator
generator: PoseidonGenerator
generator: PoseidonGenerator
generator: PoseidonGenerator
generator: PoseidonGenerator
generator: PoseidonGenerator
generator: PoseidonGenerator
generator: PoseidonGenerator
generator: PoseidonGenerator
generator: PoseidonGenerator
generator: PoseidonGenerator
generator: PoseidonGenerator
generator: PoseidonGenerator
generator: PoseidonGenerator
generator: PoseidonGenerator
generator: RandomAccessGenerator
generator: RandomAccessGenerator
generator: RandomAccessGenerator
generator: RandomAccessGenerator
generator: PoseidonGenerator
generator: PoseidonGenerator
generator: PoseidonGenerator
generator: PoseidonGenerator
generator: PoseidonGenerator
generator: PoseidonGenerator
generator: PoseidonGenerator
generator: PoseidonGenerator
generator: PoseidonGenerator
generator: PoseidonGenerator
generator: PoseidonGenerator
generator: PoseidonGenerator
generator: PoseidonGenerator
generator: PoseidonGenerator
generator: PoseidonGenerator
generator: RandomAccessGenerator
generator: RandomAccessGenerator
generator: RandomAccessGenerator
generator: RandomAccessGenerator
generator: PoseidonGenerator
generator: PoseidonGenerator
generator: PoseidonGenerator
generator: PoseidonGenerator
generator: PoseidonGenerator
generator: PoseidonGenerator
generator: PoseidonGenerator
generator: PoseidonGenerator
generator: PoseidonGenerator
generator: PoseidonGenerator
generator: PoseidonGenerator
generator: PoseidonGenerator
generator: PoseidonGenerator
generator: PoseidonGenerator
generator: RandomAccessGenerator
generator: RandomAccessGenerator
generator: RandomAccessGenerator
generator: RandomAccessGenerator
generator: ReducingGenerator
generator: ReducingGenerator
generator: ReducingGenerator
generator: ReducingGenerator
generator: ReducingGenerator
generator: ReducingGenerator
generator: RandomAccessGenerator
generator: RandomAccessGenerator
generator: RandomAccessGenerator
generator: RandomAccessGenerator
generator: InterpolationGenerator
generator: PoseidonGenerator
generator: PoseidonGenerator
generator: PoseidonGenerator
generator: PoseidonGenerator
generator: PoseidonGenerator
generator: PoseidonGenerator
generator: PoseidonGenerator
generator: PoseidonGenerator
generator: PoseidonGenerator
generator: PoseidonGenerator
generator: PoseidonGenerator
generator: PoseidonGenerator
generator: RandomAccessGenerator
generator: RandomAccessGenerator
generator: RandomAccessGenerator
generator: RandomAccessGenerator
generator: InterpolationGenerator
generator: PoseidonGenerator
generator: PoseidonGenerator
generator: PoseidonGenerator
generator: PoseidonGenerator
generator: PoseidonGenerator
generator: PoseidonGenerator
generator: PoseidonGenerator
generator: PoseidonGenerator
generator: RandomAccessGenerator
generator: RandomAccessGenerator
generator: RandomAccessGenerator
generator: RandomAccessGenerator
generator: ReducingExtensionGenerator
generator: ArithmeticBaseGenerator
generator: ArithmeticBaseGenerator
generator: ArithmeticBaseGenerator
generator: ArithmeticBaseGenerator
generator: ArithmeticBaseGenerator
generator: ArithmeticBaseGenerator
generator: ArithmeticBaseGenerator
generator: ArithmeticBaseGenerator
generator: ArithmeticBaseGenerator
generator: ArithmeticBaseGenerator
generator: ArithmeticBaseGenerator
generator: ArithmeticBaseGenerator
generator: ArithmeticBaseGenerator
generator: ArithmeticBaseGenerator
generator: ArithmeticBaseGenerator
generator: ArithmeticBaseGenerator
generator: ArithmeticBaseGenerator
generator: ArithmeticBaseGenerator
generator: ArithmeticBaseGenerator
generator: ArithmeticBaseGenerator
generator: ArithmeticBaseGenerator
generator: ArithmeticBaseGenerator
generator: ArithmeticBaseGenerator
generator: ArithmeticBaseGenerator
generator: ArithmeticBaseGenerator
generator: ArithmeticBaseGenerator
generator: ArithmeticBaseGenerator
generator: ArithmeticBaseGenerator
generator: ArithmeticBaseGenerator
generator: ArithmeticBaseGenerator
generator: ArithmeticBaseGenerator
generator: ArithmeticBaseGenerator
generator: ArithmeticBaseGenerator
generator: ArithmeticBaseGenerator
generator: ArithmeticBaseGenerator
generator: ArithmeticBaseGenerator
generator: ArithmeticBaseGenerator
generator: ArithmeticBaseGenerator
generator: ArithmeticBaseGenerator
generator: ArithmeticBaseGenerator
generator: ArithmeticBaseGenerator
generator: ArithmeticBaseGenerator
generator: ArithmeticBaseGenerator
generator: ArithmeticBaseGenerator
generator: ArithmeticBaseGenerator
generator: ArithmeticBaseGenerator
generator: ArithmeticBaseGenerator
generator: ArithmeticBaseGenerator
generator: ArithmeticBaseGenerator
generator: ArithmeticBaseGenerator
generator: ArithmeticBaseGenerator
generator: ArithmeticBaseGenerator
generator: ArithmeticBaseGenerator
generator: ArithmeticBaseGenerator
generator: ArithmeticBaseGenerator
generator: ArithmeticBaseGenerator
generator: ArithmeticBaseGenerator
generator: ArithmeticBaseGenerator
generator: ArithmeticBaseGenerator
generator: ArithmeticBaseGenerator
generator: ArithmeticBaseGenerator
generator: ArithmeticBaseGenerator
generator: ArithmeticBaseGenerator
generator: ArithmeticBaseGenerator
generator: ArithmeticBaseGenerator
generator: ArithmeticBaseGenerator
generator: ArithmeticBaseGenerator
generator: ArithmeticBaseGenerator
generator: ArithmeticBaseGenerator
generator: ArithmeticBaseGenerator
generator: ArithmeticBaseGenerator
generator: ArithmeticBaseGenerator
generator: ArithmeticBaseGenerator
generator: ArithmeticBaseGenerator
generator: ArithmeticBaseGenerator
generator: ArithmeticBaseGenerator
generator: ArithmeticBaseGenerator
generator: ArithmeticBaseGenerator
generator: ArithmeticBaseGenerator
generator: ArithmeticBaseGenerator
generator: ArithmeticBaseGenerator
generator: ArithmeticBaseGenerator
generator: ArithmeticBaseGenerator
generator: ArithmeticBaseGenerator
generator: ArithmeticBaseGenerator
generator: ArithmeticBaseGenerator
generator: ArithmeticBaseGenerator
generator: ArithmeticBaseGenerator
generator: ArithmeticBaseGenerator
generator: ArithmeticBaseGenerator
generator: ArithmeticBaseGenerator
generator: ArithmeticBaseGenerator
generator: ArithmeticBaseGenerator
generator: ArithmeticBaseGenerator
generator: ArithmeticBaseGenerator
generator: ArithmeticBaseGenerator
generator: ArithmeticBaseGenerator
generator: ArithmeticBaseGenerator
generator: ArithmeticBaseGenerator
generator: ArithmeticBaseGenerator
generator: BaseSplitGenerator + Base: 2
generator: PoseidonGenerator
generator: PoseidonGenerator
generator: PoseidonGenerator
generator: PoseidonGenerator
generator: PoseidonGenerator
generator: PoseidonGenerator
generator: PoseidonGenerator
generator: PoseidonGenerator
generator: PoseidonGenerator
generator: PoseidonGenerator
generator: PoseidonGenerator
generator: PoseidonGenerator
generator: PoseidonGenerator
generator: PoseidonGenerator
generator: PoseidonGenerator
generator: PoseidonGenerator
generator: PoseidonGenerator
generator: PoseidonGenerator
generator: PoseidonGenerator
generator: PoseidonGenerator
generator: PoseidonGenerator
generator: PoseidonGenerator
generator: PoseidonGenerator
generator: PoseidonGenerator
generator: PoseidonGenerator
generator: PoseidonGenerator
generator: PoseidonGenerator
generator: PoseidonGenerator
generator: PoseidonGenerator
generator: PoseidonGenerator
generator: PoseidonGenerator
generator: PoseidonGenerator
generator: PoseidonGenerator
generator: PoseidonGenerator
generator: PoseidonGenerator
generator: PoseidonGenerator
generator: PoseidonGenerator
generator: PoseidonGenerator
generator: PoseidonGenerator
generator: PoseidonGenerator
generator: PoseidonGenerator
generator: PoseidonGenerator
generator: PoseidonGenerator
generator: PoseidonGenerator
generator: PoseidonGenerator
generator: PoseidonGenerator
generator: PoseidonGenerator
generator: PoseidonGenerator
generator: PoseidonGenerator
generator: PoseidonGenerator
generator: PoseidonGenerator
generator: PoseidonGenerator
generator: PoseidonGenerator
generator: PoseidonGenerator
generator: PoseidonGenerator
generator: PoseidonGenerator
generator: PoseidonGenerator
generator: PoseidonGenerator
generator: PoseidonGenerator
generator: PoseidonGenerator
generator: PoseidonGenerator
generator: PoseidonGenerator
generator: PoseidonGenerator
generator: PoseidonGenerator
generator: PoseidonGenerator
generator: ArithmeticBaseGenerator
generator: ArithmeticBaseGenerator
generator: ArithmeticBaseGenerator
generator: ArithmeticBaseGenerator
generator: ArithmeticBaseGenerator
generator: ArithmeticBaseGenerator
generator: ArithmeticBaseGenerator
generator: ArithmeticBaseGenerator
generator: ArithmeticBaseGenerator
generator: ArithmeticBaseGenerator
generator: ArithmeticBaseGenerator
generator: ArithmeticBaseGenerator
generator: ArithmeticBaseGenerator
generator: ArithmeticBaseGenerator
generator: ArithmeticBaseGenerator
generator: ArithmeticBaseGenerator
generator: ArithmeticBaseGenerator
generator: ArithmeticBaseGenerator
generator: ArithmeticBaseGenerator
generator: ArithmeticBaseGenerator
generator: ArithmeticBaseGenerator
generator: ArithmeticBaseGenerator
generator: ArithmeticBaseGenerator
generator: ArithmeticBaseGenerator
generator: ArithmeticBaseGenerator
generator: ArithmeticBaseGenerator
generator: ArithmeticBaseGenerator
generator: ArithmeticBaseGenerator
generator: ArithmeticBaseGenerator
generator: ArithmeticBaseGenerator
generator: ArithmeticBaseGenerator
generator: ArithmeticBaseGenerator
generator: ArithmeticBaseGenerator
generator: ArithmeticBaseGenerator
generator: ArithmeticBaseGenerator
generator: ArithmeticBaseGenerator
generator: ArithmeticBaseGenerator
generator: ArithmeticBaseGenerator
generator: ArithmeticBaseGenerator
generator: ArithmeticBaseGenerator
generator: ArithmeticBaseGenerator
generator: ArithmeticBaseGenerator
generator: ArithmeticBaseGenerator
generator: ArithmeticBaseGenerator
generator: ArithmeticBaseGenerator
generator: ArithmeticBaseGenerator
generator: ArithmeticBaseGenerator
generator: ArithmeticBaseGenerator
generator: ArithmeticBaseGenerator
generator: ArithmeticBaseGenerator
generator: ArithmeticBaseGenerator
generator: ArithmeticBaseGenerator
generator: ArithmeticBaseGenerator
generator: ArithmeticBaseGenerator
generator: ArithmeticBaseGenerator
generator: ArithmeticBaseGenerator
generator: ArithmeticBaseGenerator
generator: ArithmeticBaseGenerator
generator: ArithmeticBaseGenerator
generator: ArithmeticBaseGenerator
generator: ArithmeticBaseGenerator
generator: ArithmeticBaseGenerator
generator: ArithmeticBaseGenerator
generator: ArithmeticBaseGenerator
generator: ArithmeticBaseGenerator
generator: ArithmeticBaseGenerator
generator: ArithmeticBaseGenerator
generator: ArithmeticBaseGenerator
generator: ArithmeticBaseGenerator
generator: ArithmeticBaseGenerator
generator: ArithmeticBaseGenerator
generator: ArithmeticBaseGenerator
generator: ArithmeticBaseGenerator
generator: ArithmeticBaseGenerator
generator: ArithmeticBaseGenerator
generator: ArithmeticBaseGenerator
generator: ArithmeticBaseGenerator
generator: ArithmeticBaseGenerator
generator: ArithmeticBaseGenerator
generator: ArithmeticBaseGenerator
generator: ArithmeticBaseGenerator
generator: ArithmeticBaseGenerator
generator: ArithmeticBaseGenerator
generator: ArithmeticBaseGenerator
generator: ArithmeticBaseGenerator
generator: ArithmeticBaseGenerator
generator: ArithmeticBaseGenerator
generator: ArithmeticBaseGenerator
generator: ArithmeticBaseGenerator
generator: ArithmeticBaseGenerator
generator: ArithmeticBaseGenerator
generator: ArithmeticBaseGenerator
generator: ArithmeticBaseGenerator
generator: ArithmeticBaseGenerator
generator: ArithmeticBaseGenerator
generator: ArithmeticBaseGenerator
generator: ArithmeticBaseGenerator
generator: ArithmeticBaseGenerator
generator: ArithmeticBaseGenerator
generator: ArithmeticBaseGenerator
generator: BaseSplitGenerator + Base: 2
generator: PoseidonGenerator
generator: PoseidonGenerator
generator: PoseidonGenerator
generator: PoseidonGenerator
generator: PoseidonGenerator
generator: PoseidonGenerator
generator: PoseidonGenerator
generator: PoseidonGenerator
generator: PoseidonGenerator
generator: PoseidonGenerator
generator: PoseidonGenerator
generator: PoseidonGenerator
generator: PoseidonGenerator
generator: PoseidonGenerator
generator: PoseidonGenerator
generator: PoseidonGenerator
generator: PoseidonGenerator
generator: PoseidonGenerator
generator: PoseidonGenerator
generator: PoseidonGenerator
generator: PoseidonGenerator
generator: PoseidonGenerator
generator: PoseidonGenerator
generator: PoseidonGenerator
generator: PoseidonGenerator
generator: PoseidonGenerator
generator: PoseidonGenerator
generator: PoseidonGenerator
generator: PoseidonGenerator
generator: PoseidonGenerator
generator: PoseidonGenerator
generator: PoseidonGenerator
generator: PoseidonGenerator
generator: PoseidonGenerator
generator: PoseidonGenerator
generator: PoseidonGenerator
generator: PoseidonGenerator
generator: PoseidonGenerator
generator: PoseidonGenerator
generator: PoseidonGenerator
generator: PoseidonGenerator
generator: PoseidonGenerator
generator: PoseidonGenerator
generator: PoseidonGenerator
generator: PoseidonGenerator
generator: PoseidonGenerator
generator: PoseidonGenerator
generator: PoseidonGenerator
generator: PoseidonGenerator
generator: PoseidonGenerator
generator: PoseidonGenerator
generator: PoseidonGenerator
generator: PoseidonGenerator
generator: PoseidonGenerator
generator: PoseidonGenerator
generator: PoseidonGenerator
generator: PoseidonGenerator
generator: PoseidonGenerator
generator: PoseidonGenerator
generator: PoseidonGenerator
generator: PoseidonGenerator
generator: PoseidonGenerator
generator: PoseidonGenerator
generator: PoseidonGenerator
generator: PoseidonGenerator
generator: BaseSplitGenerator + Base: 2
generator: BaseSplitGenerator + Base: 2
generator: BaseSplitGenerator + Base: 2
generator: BaseSplitGenerator + Base: 2
generator: BaseSplitGenerator + Base: 2
generator: BaseSplitGenerator + Base: 2
generator: BaseSplitGenerator + Base: 2
generator: BaseSplitGenerator + Base: 2
generator: BaseSplitGenerator + Base: 2
generator: BaseSplitGenerator + Base: 2
generator: BaseSplitGenerator + Base: 2
generator: BaseSplitGenerator + Base: 2
generator: BaseSplitGenerator + Base: 2
generator: BaseSplitGenerator + Base: 2
generator: BaseSplitGenerator + Base: 2
generator: BaseSplitGenerator + Base: 2
generator: PoseidonGenerator
generator: PoseidonGenerator
generator: PoseidonGenerator
generator: PoseidonGenerator
generator: PoseidonGenerator
generator: PoseidonGenerator
generator: PoseidonGenerator
generator: PoseidonGenerator
generator: PoseidonGenerator
generator: PoseidonGenerator
generator: PoseidonGenerator
generator: PoseidonGenerator
generator: PoseidonGenerator
generator: PoseidonGenerator
generator: PoseidonGenerator
generator: PoseidonGenerator
generator: PoseidonGenerator
generator: PoseidonGenerator
generator: PoseidonGenerator
generator: PoseidonGenerator
generator: PoseidonGenerator
generator: PoseidonGenerator
generator: PoseidonGenerator
generator: PoseidonGenerator
generator: PoseidonGenerator
generator: PoseidonGenerator
generator: PoseidonGenerator
generator: PoseidonGenerator
generator: PoseidonGenerator
generator: PoseidonGenerator
generator: PoseidonGenerator
generator: PoseidonGenerator
generator: PoseidonGenerator
generator: PoseidonGenerator
generator: BaseSplitGenerator + Base: 2
generator: PoseidonGenerator
generator: PoseidonGenerator
generator: PoseidonGenerator
generator: PoseidonGenerator
generator: PoseidonGenerator
generator: PoseidonGenerator
generator: PoseidonGenerator
generator: PoseidonGenerator
generator: PoseidonGenerator
generator: PoseidonGenerator
generator: PoseidonGenerator
generator: PoseidonGenerator
generator: PoseidonGenerator
generator: PoseidonGenerator
generator: PoseidonGenerator
generator: PoseidonGenerator
generator: PoseidonGenerator
generator: PoseidonGenerator
generator: PoseidonGenerator
generator: PoseidonGenerator
generator: PoseidonGenerator
generator: PoseidonGenerator
generator: PoseidonGenerator
generator: PoseidonGenerator
generator: PoseidonGenerator
generator: PoseidonGenerator
generator: PoseidonGenerator
generator: PoseidonGenerator
generator: PoseidonGenerator
generator: PoseidonGenerator
generator: PoseidonGenerator
generator: PoseidonGenerator
generator: PoseidonGenerator
generator: PoseidonGenerator
generator: PoseidonGenerator
generator: PoseidonGenerator
generator: PoseidonGenerator
generator: PoseidonGenerator
generator: PoseidonGenerator
generator: PoseidonGenerator
generator: PoseidonGenerator
generator: PoseidonGenerator
generator: PoseidonGenerator
generator: PoseidonGenerator
generator: PoseidonGenerator
generator: PoseidonGenerator
generator: PoseidonGenerator
generator: PoseidonGenerator
generator: PoseidonGenerator
generator: PoseidonGenerator
generator: PoseidonGenerator
generator: PoseidonGenerator
generator: PoseidonGenerator
generator: PoseidonGenerator
generator: PoseidonGenerator
generator: PoseidonGenerator
generator: PoseidonGenerator
generator: PoseidonGenerator
generator: PoseidonGenerator
generator: PoseidonGenerator
generator: PoseidonGenerator
generator: PoseidonGenerator
generator: PoseidonGenerator
generator: PoseidonGenerator
generator: BaseSplitGenerator + Base: 2
generator: BaseSplitGenerator + Base: 2
generator: BaseSplitGenerator + Base: 2
generator: BaseSplitGenerator + Base: 2
generator: BaseSplitGenerator + Base: 2
generator: BaseSplitGenerator + Base: 2
generator: BaseSplitGenerator + Base: 2
generator: BaseSplitGenerator + Base: 2
generator: BaseSplitGenerator + Base: 2
generator: BaseSplitGenerator + Base: 2
generator: BaseSplitGenerator + Base: 2
generator: BaseSplitGenerator + Base: 2
generator: BaseSplitGenerator + Base: 2
generator: BaseSplitGenerator + Base: 2
generator: BaseSplitGenerator + Base: 2
generator: BaseSplitGenerator + Base: 2
generator: BaseSplitGenerator + Base: 2
generator: BaseSplitGenerator + Base: 2
generator: BaseSplitGenerator + Base: 2
generator: PoseidonGenerator
generator: PoseidonGenerator
generator: PoseidonGenerator
generator: PoseidonGenerator
generator: PoseidonGenerator
generator: PoseidonGenerator
generator: PoseidonGenerator
generator: PoseidonGenerator
generator: PoseidonGenerator
generator: PoseidonGenerator
generator: PoseidonGenerator
generator: PoseidonGenerator
generator: PoseidonGenerator
generator: PoseidonGenerator
generator: PoseidonGenerator
generator: PoseidonGenerator
generator: PoseidonGenerator
generator: PoseidonGenerator
generator: PoseidonGenerator
generator: PoseidonGenerator
generator: PoseidonGenerator
generator: PoseidonGenerator
generator: PoseidonGenerator
generator: PoseidonGenerator
generator: PoseidonGenerator
generator: PoseidonGenerator
generator: PoseidonGenerator
generator: PoseidonGenerator
generator: PoseidonGenerator
generator: PoseidonGenerator
generator: PoseidonGenerator
generator: PoseidonGenerator
generator: PoseidonGenerator
generator: PoseidonGenerator
generator: BaseSplitGenerator + Base: 2
generator: PoseidonGenerator
generator: PoseidonGenerator
generator: PoseidonGenerator
generator: PoseidonGenerator
generator: PoseidonGenerator
generator: PoseidonGenerator
generator: PoseidonGenerator
generator: PoseidonGenerator
generator: PoseidonGenerator
generator: PoseidonGenerator
generator: PoseidonGenerator
generator: PoseidonGenerator
generator: PoseidonGenerator
generator: PoseidonGenerator
generator: PoseidonGenerator
generator: PoseidonGenerator
generator: PoseidonGenerator
generator: PoseidonGenerator
generator: PoseidonGenerator
generator: PoseidonGenerator
generator: PoseidonGenerator
generator: PoseidonGenerator
generator: PoseidonGenerator
generator: PoseidonGenerator
generator: PoseidonGenerator
generator: PoseidonGenerator
generator: PoseidonGenerator
generator: PoseidonGenerator
generator: PoseidonGenerator
generator: PoseidonGenerator
generator: PoseidonGenerator
generator: PoseidonGenerator
generator: PoseidonGenerator
generator: PoseidonGenerator
generator: PoseidonGenerator
generator: PoseidonGenerator
generator: PoseidonGenerator
generator: PoseidonGenerator
generator: PoseidonGenerator
generator: PoseidonGenerator
generator: PoseidonGenerator
generator: PoseidonGenerator
generator: PoseidonGenerator
generator: PoseidonGenerator
generator: PoseidonGenerator
generator: PoseidonGenerator
generator: PoseidonGenerator
generator: PoseidonGenerator
generator: PoseidonGenerator
generator: PoseidonGenerator
generator: PoseidonGenerator
generator: PoseidonGenerator
generator: PoseidonGenerator
generator: PoseidonGenerator
generator: PoseidonGenerator
generator: PoseidonGenerator
generator: PoseidonGenerator
generator: PoseidonGenerator
generator: PoseidonGenerator
generator: PoseidonGenerator
generator: PoseidonGenerator
generator: PoseidonGenerator
generator: PoseidonGenerator
generator: PoseidonGenerator
generator: PoseidonGenerator
generator: PoseidonGenerator
generator: PoseidonGenerator
generator: PoseidonGenerator
generator: PoseidonGenerator
generator: PoseidonGenerator
generator: PoseidonGenerator
generator: PoseidonGenerator
generator: PoseidonGenerator
generator: PoseidonGenerator
generator: PoseidonGenerator
generator: PoseidonGenerator
generator: PoseidonGenerator
generator: PoseidonGenerator
generator: PoseidonGenerator
generator: PoseidonGenerator
generator: PoseidonGenerator
generator: PoseidonGenerator
generator: PoseidonGenerator
generator: PoseidonGenerator
generator: PoseidonGenerator
generator: PoseidonGenerator
generator: PoseidonGenerator
generator: PoseidonGenerator
generator: PoseidonGenerator
generator: PoseidonGenerator
generator: PoseidonGenerator
generator: PoseidonGenerator
generator: PoseidonGenerator
generator: PoseidonGenerator
generator: PoseidonGenerator
generator: PoseidonGenerator
generator: PoseidonGenerator
generator: PoseidonGenerator
generator: PoseidonGenerator
generator: PoseidonGenerator
generator: PoseidonGenerator
generator: PoseidonGenerator
generator: PoseidonGenerator
generator: PoseidonGenerator
generator: PoseidonGenerator
generator: PoseidonGenerator
generator: PoseidonGenerator
generator: PoseidonGenerator
generator: PoseidonGenerator
generator: PoseidonGenerator
generator: PoseidonGenerator
generator: PoseidonGenerator
generator: PoseidonGenerator
generator: PoseidonGenerator
generator: PoseidonGenerator
generator: PoseidonGenerator
generator: PoseidonGenerator
generator: PoseidonGenerator
generator: PoseidonGenerator
generator: PoseidonGenerator
generator: PoseidonGenerator
generator: PoseidonGenerator
generator: PoseidonGenerator
generator: PoseidonGenerator
generator: PoseidonGenerator
generator: PoseidonGenerator
generator: PoseidonGenerator
generator: PoseidonGenerator
generator: PoseidonGenerator
generator: PoseidonGenerator
generator: PoseidonGenerator
generator: PoseidonGenerator
generator: PoseidonGenerator
generator: PoseidonGenerator
generator: PoseidonGenerator
generator: PoseidonGenerator
generator: PoseidonGenerator
generator: PoseidonGenerator
generator: PoseidonGenerator
generator: PoseidonGenerator
generator: PoseidonGenerator
generator: PoseidonGenerator
generator: PoseidonGenerator
generator: PoseidonGenerator
generator: PoseidonGenerator
generator: PoseidonGenerator
generator: PoseidonGenerator
generator: PoseidonGenerator
generator: PoseidonGenerator
generator: PoseidonGenerator
generator: PoseidonGenerator
generator: PoseidonGenerator
generator: PoseidonGenerator
generator: PoseidonGenerator
generator: PoseidonGenerator
generator: PoseidonGenerator
generator: PoseidonGenerator
generator: PoseidonGenerator
generator: PoseidonGenerator
generator: PoseidonGenerator
generator: PoseidonGenerator
generator: PoseidonGenerator
generator: PoseidonGenerator
generator: PoseidonGenerator
generator: PoseidonGenerator
generator: PoseidonGenerator
generator: PoseidonGenerator
generator: PoseidonGenerator
generator: PoseidonGenerator
generator: PoseidonGenerator
generator: PoseidonGenerator
generator: PoseidonGenerator
generator: PoseidonGenerator
generator: PoseidonGenerator
generator: PoseidonGenerator
generator: PoseidonGenerator
generator: PoseidonGenerator
generator: PoseidonGenerator
generator: PoseidonGenerator
generator: PoseidonGenerator
generator: PoseidonGenerator
generator: PoseidonGenerator
generator: PoseidonGenerator
generator: PoseidonGenerator
generator: MulExtensionGenerator
generator: MulExtensionGenerator
generator: MulExtensionGenerator
generator: MulExtensionGenerator
generator: MulExtensionGenerator
generator: MulExtensionGenerator
generator: MulExtensionGenerator
generator: MulExtensionGenerator
generator: MulExtensionGenerator
generator: MulExtensionGenerator
generator: MulExtensionGenerator
generator: MulExtensionGenerator
generator: MulExtensionGenerator
generator: ArithmeticExtensionGenerator
generator: ArithmeticExtensionGenerator
generator: ArithmeticExtensionGenerator
generator: ArithmeticExtensionGenerator
generator: ArithmeticExtensionGenerator
generator: ArithmeticExtensionGenerator
generator: ArithmeticExtensionGenerator
generator: ArithmeticExtensionGenerator
generator: ArithmeticExtensionGenerator
generator: ArithmeticExtensionGenerator
generator: MulExtensionGenerator
generator: MulExtensionGenerator
generator: MulExtensionGenerator
generator: MulExtensionGenerator
generator: MulExtensionGenerator
generator: MulExtensionGenerator
generator: MulExtensionGenerator
generator: MulExtensionGenerator
generator: MulExtensionGenerator
generator: MulExtensionGenerator
generator: MulExtensionGenerator
generator: MulExtensionGenerator
generator: MulExtensionGenerator
generator: MulExtensionGenerator
generator: MulExtensionGenerator
generator: MulExtensionGenerator
generator: MulExtensionGenerator
generator: MulExtensionGenerator
generator: MulExtensionGenerator
generator: MulExtensionGenerator
generator: MulExtensionGenerator
generator: MulExtensionGenerator
generator: MulExtensionGenerator
generator: MulExtensionGenerator
generator: MulExtensionGenerator
generator: MulExtensionGenerator
generator: ReducingExtensionGenerator
generator: ReducingExtensionGenerator
generator: ArithmeticExtensionGenerator
generator: ArithmeticExtensionGenerator
generator: ArithmeticExtensionGenerator
generator: ArithmeticExtensionGenerator
generator: ArithmeticExtensionGenerator
generator: ArithmeticExtensionGenerator
generator: ArithmeticExtensionGenerator
generator: ArithmeticExtensionGenerator
generator: ArithmeticExtensionGenerator
generator: ArithmeticExtensionGenerator
generator: ArithmeticExtensionGenerator
generator: ArithmeticExtensionGenerator
generator: ArithmeticExtensionGenerator
generator: ArithmeticExtensionGenerator
generator: ArithmeticExtensionGenerator
generator: ArithmeticExtensionGenerator
generator: ArithmeticExtensionGenerator
generator: ArithmeticExtensionGenerator
generator: ArithmeticExtensionGenerator
generator: ArithmeticExtensionGenerator
generator: ArithmeticExtensionGenerator
generator: ArithmeticExtensionGenerator
generator: ArithmeticExtensionGenerator
generator: ArithmeticExtensionGenerator
generator: ArithmeticExtensionGenerator
generator: ArithmeticExtensionGenerator
generator: ArithmeticExtensionGenerator
generator: ArithmeticExtensionGenerator
generator: ArithmeticExtensionGenerator
generator: ArithmeticExtensionGenerator
generator: ArithmeticExtensionGenerator
generator: ArithmeticExtensionGenerator
generator: ArithmeticExtensionGenerator
generator: ArithmeticExtensionGenerator
generator: ArithmeticExtensionGenerator
generator: ArithmeticExtensionGenerator
generator: ArithmeticExtensionGenerator
generator: ArithmeticExtensionGenerator
generator: ArithmeticExtensionGenerator
generator: ArithmeticExtensionGenerator
generator: ArithmeticExtensionGenerator
generator: ArithmeticExtensionGenerator
generator: ArithmeticExtensionGenerator
generator: ArithmeticExtensionGenerator
generator: ArithmeticExtensionGenerator
generator: ArithmeticExtensionGenerator
generator: ArithmeticExtensionGenerator
generator: ArithmeticExtensionGenerator
generator: ArithmeticExtensionGenerator
generator: ArithmeticExtensionGenerator
generator: ArithmeticExtensionGenerator
generator: ArithmeticExtensionGenerator
generator: ArithmeticExtensionGenerator
generator: ArithmeticExtensionGenerator
generator: ArithmeticExtensionGenerator
generator: ArithmeticExtensionGenerator
generator: ArithmeticExtensionGenerator
generator: ArithmeticExtensionGenerator
generator: ArithmeticExtensionGenerator
generator: ArithmeticExtensionGenerator
generator: ArithmeticExtensionGenerator
generator: ArithmeticExtensionGenerator
generator: ArithmeticExtensionGenerator
generator: ArithmeticExtensionGenerator
generator: ArithmeticExtensionGenerator
generator: ArithmeticExtensionGenerator
generator: ArithmeticExtensionGenerator
generator: ArithmeticExtensionGenerator
generator: ArithmeticExtensionGenerator
generator: ArithmeticExtensionGenerator
generator: MulExtensionGenerator
generator: MulExtensionGenerator
generator: MulExtensionGenerator
generator: MulExtensionGenerator
generator: MulExtensionGenerator
generator: MulExtensionGenerator
generator: MulExtensionGenerator
generator: MulExtensionGenerator
generator: MulExtensionGenerator
generator: MulExtensionGenerator
generator: MulExtensionGenerator
generator: MulExtensionGenerator
generator: MulExtensionGenerator
generator: MulExtensionGenerator
generator: MulExtensionGenerator
generator: MulExtensionGenerator
generator: MulExtensionGenerator
generator: MulExtensionGenerator
generator: MulExtensionGenerator
generator: MulExtensionGenerator
generator: MulExtensionGenerator
generator: MulExtensionGenerator
generator: MulExtensionGenerator
generator: MulExtensionGenerator
generator: MulExtensionGenerator
generator: MulExtensionGenerator
generator: MulExtensionGenerator
generator: MulExtensionGenerator
generator: MulExtensionGenerator
generator: MulExtensionGenerator
generator: MulExtensionGenerator
generator: MulExtensionGenerator
generator: MulExtensionGenerator
generator: MulExtensionGenerator
generator: MulExtensionGenerator
generator: MulExtensionGenerator
generator: MulExtensionGenerator
generator: MulExtensionGenerator
generator: MulExtensionGenerator
generator: MulExtensionGenerator
generator: MulExtensionGenerator
generator: MulExtensionGenerator
generator: MulExtensionGenerator
generator: MulExtensionGenerator
generator: MulExtensionGenerator
generator: MulExtensionGenerator
generator: MulExtensionGenerator
generator: MulExtensionGenerator
generator: MulExtensionGenerator
generator: MulExtensionGenerator
generator: MulExtensionGenerator
generator: MulExtensionGenerator
generator: MulExtensionGenerator
generator: MulExtensionGenerator
generator: MulExtensionGenerator
generator: MulExtensionGenerator
generator: MulExtensionGenerator
generator: MulExtensionGenerator
generator: MulExtensionGenerator
generator: MulExtensionGenerator
generator: MulExtensionGenerator
generator: MulExtensionGenerator
generator: MulExtensionGenerator
generator: MulExtensionGenerator
generator: MulExtensionGenerator
generator: ArithmeticExtensionGenerator
generator: ArithmeticExtensionGenerator
generator: ArithmeticExtensionGenerator
generator: ArithmeticExtensionGenerator
generator: ArithmeticExtensionGenerator
generator: ArithmeticExtensionGenerator
generator: ArithmeticExtensionGenerator
generator: ArithmeticExtensionGenerator
generator: ArithmeticExtensionGenerator
generator: ArithmeticExtensionGenerator
generator: MulExtensionGenerator
generator: MulExtensionGenerator
generator: MulExtensionGenerator
generator: MulExtensionGenerator
generator: MulExtensionGenerator
generator: MulExtensionGenerator
generator: MulExtensionGenerator
generator: MulExtensionGenerator
generator: MulExtensionGenerator
generator: MulExtensionGenerator
generator: MulExtensionGenerator
generator: MulExtensionGenerator
generator: MulExtensionGenerator
generator: ArithmeticExtensionGenerator
generator: ArithmeticExtensionGenerator
generator: ArithmeticExtensionGenerator
generator: ArithmeticExtensionGenerator
generator: ArithmeticExtensionGenerator
generator: ArithmeticExtensionGenerator
generator: ArithmeticExtensionGenerator
generator: ArithmeticExtensionGenerator
generator: ArithmeticExtensionGenerator
generator: ArithmeticExtensionGenerator
generator: ArithmeticExtensionGenerator
generator: ArithmeticExtensionGenerator
generator: ArithmeticExtensionGenerator
generator: ArithmeticExtensionGenerator
generator: ArithmeticExtensionGenerator
generator: ArithmeticExtensionGenerator
generator: ArithmeticExtensionGenerator
generator: ArithmeticExtensionGenerator
generator: ArithmeticExtensionGenerator
generator: ArithmeticExtensionGenerator
generator: MulExtensionGenerator
generator: MulExtensionGenerator
generator: MulExtensionGenerator
generator: MulExtensionGenerator
generator: MulExtensionGenerator
generator: MulExtensionGenerator
generator: MulExtensionGenerator
generator: MulExtensionGenerator
generator: MulExtensionGenerator
generator: MulExtensionGenerator
generator: MulExtensionGenerator
generator: MulExtensionGenerator
generator: MulExtensionGenerator
generator: ArithmeticExtensionGenerator
generator: ArithmeticExtensionGenerator
generator: ArithmeticExtensionGenerator
generator: ArithmeticExtensionGenerator
generator: ArithmeticExtensionGenerator
generator: ArithmeticExtensionGenerator
generator: ArithmeticExtensionGenerator
generator: ArithmeticExtensionGenerator
generator: ArithmeticExtensionGenerator
generator: ArithmeticExtensionGenerator
generator: MulExtensionGenerator
generator: MulExtensionGenerator
generator: MulExtensionGenerator
generator: MulExtensionGenerator
generator: MulExtensionGenerator
generator: MulExtensionGenerator
generator: MulExtensionGenerator
generator: MulExtensionGenerator
generator: MulExtensionGenerator
generator: MulExtensionGenerator
generator: MulExtensionGenerator
generator: MulExtensionGenerator
generator: MulExtensionGenerator
generator: ArithmeticExtensionGenerator
generator: ArithmeticExtensionGenerator
generator: ArithmeticExtensionGenerator
generator: ArithmeticExtensionGenerator
generator: ArithmeticExtensionGenerator
generator: ArithmeticExtensionGenerator
generator: ArithmeticExtensionGenerator
generator: ArithmeticExtensionGenerator
generator: ArithmeticExtensionGenerator
generator: ArithmeticExtensionGenerator
generator: ArithmeticExtensionGenerator
generator: ArithmeticExtensionGenerator
generator: ArithmeticExtensionGenerator
generator: ArithmeticExtensionGenerator
generator: ArithmeticExtensionGenerator
generator: ArithmeticExtensionGenerator
generator: ArithmeticExtensionGenerator
generator: ArithmeticExtensionGenerator
generator: ArithmeticExtensionGenerator
generator: ArithmeticExtensionGenerator
generator: ArithmeticExtensionGenerator
generator: ArithmeticExtensionGenerator
generator: ArithmeticExtensionGenerator
generator: ArithmeticExtensionGenerator
generator: ArithmeticExtensionGenerator
generator: ArithmeticExtensionGenerator
generator: ArithmeticExtensionGenerator
generator: ArithmeticExtensionGenerator
generator: ArithmeticExtensionGenerator
generator: ArithmeticExtensionGenerator
generator: ArithmeticExtensionGenerator
generator: ArithmeticExtensionGenerator
generator: ArithmeticExtensionGenerator
generator: ArithmeticExtensionGenerator
generator: ArithmeticExtensionGenerator
generator: ArithmeticExtensionGenerator
generator: ArithmeticExtensionGenerator
generator: ArithmeticExtensionGenerator
generator: ArithmeticExtensionGenerator
generator: ArithmeticExtensionGenerator
generator: MulExtensionGenerator
generator: MulExtensionGenerator
generator: MulExtensionGenerator
generator: MulExtensionGenerator
generator: MulExtensionGenerator
generator: MulExtensionGenerator
generator: MulExtensionGenerator
generator: MulExtensionGenerator
generator: MulExtensionGenerator
generator: MulExtensionGenerator
generator: MulExtensionGenerator
generator: MulExtensionGenerator
generator: MulExtensionGenerator
generator: ArithmeticExtensionGenerator
generator: ArithmeticExtensionGenerator
generator: ArithmeticExtensionGenerator
generator: ArithmeticExtensionGenerator
generator: ArithmeticExtensionGenerator
generator: ArithmeticExtensionGenerator
generator: ArithmeticExtensionGenerator
generator: ArithmeticExtensionGenerator
generator: ArithmeticExtensionGenerator
generator: ArithmeticExtensionGenerator
generator: ArithmeticExtensionGenerator
generator: ArithmeticExtensionGenerator
generator: ArithmeticExtensionGenerator
generator: ArithmeticExtensionGenerator
generator: ArithmeticExtensionGenerator
generator: ArithmeticExtensionGenerator
generator: ArithmeticExtensionGenerator
generator: ArithmeticExtensionGenerator
generator: ArithmeticExtensionGenerator
generator: ArithmeticExtensionGenerator
generator: MulExtensionGenerator
generator: MulExtensionGenerator
generator: MulExtensionGenerator
generator: MulExtensionGenerator
generator: MulExtensionGenerator
generator: MulExtensionGenerator
generator: MulExtensionGenerator
generator: MulExtensionGenerator
generator: MulExtensionGenerator
generator: MulExtensionGenerator
generator: MulExtensionGenerator
generator: MulExtensionGenerator
generator: MulExtensionGenerator
generator: ArithmeticExtensionGenerator
generator: ArithmeticExtensionGenerator
generator: ArithmeticExtensionGenerator
generator: ArithmeticExtensionGenerator
generator: ArithmeticExtensionGenerator
generator: ArithmeticExtensionGenerator
generator: ArithmeticExtensionGenerator
generator: ArithmeticExtensionGenerator
generator: ArithmeticExtensionGenerator
generator: ArithmeticExtensionGenerator
generator: ArithmeticExtensionGenerator
generator: ArithmeticExtensionGenerator
generator: ArithmeticExtensionGenerator
generator: ArithmeticExtensionGenerator
generator: ArithmeticExtensionGenerator
generator: ArithmeticExtensionGenerator
generator: ArithmeticExtensionGenerator
generator: ArithmeticExtensionGenerator
generator: ArithmeticExtensionGenerator
generator: ArithmeticExtensionGenerator
generator: MulExtensionGenerator
generator: MulExtensionGenerator
generator: MulExtensionGenerator
generator: MulExtensionGenerator
generator: MulExtensionGenerator
generator: MulExtensionGenerator
generator: MulExtensionGenerator
generator: MulExtensionGenerator
generator: MulExtensionGenerator
generator: MulExtensionGenerator
generator: MulExtensionGenerator
generator: MulExtensionGenerator
generator: MulExtensionGenerator
generator: ArithmeticExtensionGenerator
generator: ArithmeticExtensionGenerator
generator: ArithmeticExtensionGenerator
generator: ArithmeticExtensionGenerator
generator: ArithmeticExtensionGenerator
generator: ArithmeticExtensionGenerator
generator: ArithmeticExtensionGenerator
generator: ArithmeticExtensionGenerator
generator: ArithmeticExtensionGenerator
generator: ArithmeticExtensionGenerator
generator: ArithmeticExtensionGenerator
generator: ArithmeticExtensionGenerator
generator: ArithmeticExtensionGenerator
generator: ArithmeticExtensionGenerator
generator: ArithmeticExtensionGenerator
generator: ArithmeticExtensionGenerator
generator: ArithmeticExtensionGenerator
generator: ArithmeticExtensionGenerator
generator: ArithmeticExtensionGenerator
generator: ArithmeticExtensionGenerator
generator: MulExtensionGenerator
generator: MulExtensionGenerator
generator: MulExtensionGenerator
generator: MulExtensionGenerator
generator: MulExtensionGenerator
generator: MulExtensionGenerator
generator: MulExtensionGenerator
generator: MulExtensionGenerator
generator: MulExtensionGenerator
generator: MulExtensionGenerator
generator: MulExtensionGenerator
generator: MulExtensionGenerator
generator: MulExtensionGenerator
generator: ArithmeticExtensionGenerator
generator: ArithmeticExtensionGenerator
generator: ArithmeticExtensionGenerator
generator: ArithmeticExtensionGenerator
generator: ArithmeticExtensionGenerator
generator: ArithmeticExtensionGenerator
generator: ArithmeticExtensionGenerator
generator: ArithmeticExtensionGenerator
generator: ArithmeticExtensionGenerator
generator: ArithmeticExtensionGenerator
generator: MulExtensionGenerator
generator: MulExtensionGenerator
generator: MulExtensionGenerator
generator: MulExtensionGenerator
generator: MulExtensionGenerator
generator: MulExtensionGenerator
generator: MulExtensionGenerator
generator: MulExtensionGenerator
generator: MulExtensionGenerator
generator: MulExtensionGenerator
generator: MulExtensionGenerator
generator: MulExtensionGenerator
generator: MulExtensionGenerator
generator: ArithmeticExtensionGenerator
generator: ArithmeticExtensionGenerator
generator: ArithmeticExtensionGenerator
generator: ArithmeticExtensionGenerator
generator: ArithmeticExtensionGenerator
generator: ArithmeticExtensionGenerator
generator: ArithmeticExtensionGenerator
generator: ArithmeticExtensionGenerator
generator: ArithmeticExtensionGenerator
generator: ArithmeticExtensionGenerator
generator: ArithmeticExtensionGenerator
generator: ArithmeticExtensionGenerator
generator: ArithmeticExtensionGenerator
generator: ArithmeticExtensionGenerator
generator: ArithmeticExtensionGenerator
generator: ArithmeticExtensionGenerator
generator: ArithmeticExtensionGenerator
generator: ArithmeticExtensionGenerator
generator: ArithmeticExtensionGenerator
generator: ArithmeticExtensionGenerator
generator: MulExtensionGenerator
generator: MulExtensionGenerator
generator: MulExtensionGenerator
generator: MulExtensionGenerator
generator: MulExtensionGenerator
generator: MulExtensionGenerator
generator: MulExtensionGenerator
generator: MulExtensionGenerator
generator: MulExtensionGenerator
generator: MulExtensionGenerator
generator: MulExtensionGenerator
generator: MulExtensionGenerator
generator: MulExtensionGenerator
generator: ArithmeticExtensionGenerator
generator: ArithmeticExtensionGenerator
generator: ArithmeticExtensionGenerator
generator: ArithmeticExtensionGenerator
generator: ArithmeticExtensionGenerator
generator: ArithmeticExtensionGenerator
generator: ArithmeticExtensionGenerator
generator: ArithmeticExtensionGenerator
generator: ArithmeticExtensionGenerator
generator: ArithmeticExtensionGenerator
generator: MulExtensionGenerator
generator: MulExtensionGenerator
generator: MulExtensionGenerator
generator: MulExtensionGenerator
generator: MulExtensionGenerator
generator: MulExtensionGenerator
generator: MulExtensionGenerator
generator: MulExtensionGenerator
generator: MulExtensionGenerator
generator: MulExtensionGenerator
generator: MulExtensionGenerator
generator: MulExtensionGenerator
generator: MulExtensionGenerator
generator: ArithmeticExtensionGenerator
generator: ArithmeticExtensionGenerator
generator: ArithmeticExtensionGenerator
generator: ArithmeticExtensionGenerator
generator: ArithmeticExtensionGenerator
generator: ArithmeticExtensionGenerator
generator: ArithmeticExtensionGenerator
generator: ArithmeticExtensionGenerator
generator: ArithmeticExtensionGenerator
generator: ArithmeticExtensionGenerator
generator: ArithmeticExtensionGenerator
generator: ArithmeticExtensionGenerator
generator: ArithmeticExtensionGenerator
generator: ArithmeticExtensionGenerator
generator: ArithmeticExtensionGenerator
generator: ArithmeticExtensionGenerator
generator: ArithmeticExtensionGenerator
generator: ArithmeticExtensionGenerator
generator: ArithmeticExtensionGenerator
generator: ArithmeticExtensionGenerator
generator: ArithmeticExtensionGenerator
generator: ArithmeticExtensionGenerator
generator: ArithmeticExtensionGenerator
generator: ArithmeticExtensionGenerator
generator: ArithmeticExtensionGenerator
generator: ArithmeticExtensionGenerator
generator: ArithmeticExtensionGenerator
generator: ArithmeticExtensionGenerator
generator: ArithmeticExtensionGenerator
generator: ArithmeticExtensionGenerator
generator: MulExtensionGenerator
generator: MulExtensionGenerator
generator: MulExtensionGenerator
generator: MulExtensionGenerator
generator: MulExtensionGenerator
generator: MulExtensionGenerator
generator: MulExtensionGenerator
generator: MulExtensionGenerator
generator: MulExtensionGenerator
generator: MulExtensionGenerator
generator: MulExtensionGenerator
generator: MulExtensionGenerator
generator: MulExtensionGenerator
generator: ArithmeticExtensionGenerator
generator: ArithmeticExtensionGenerator
generator: ArithmeticExtensionGenerator
generator: ArithmeticExtensionGenerator
generator: ArithmeticExtensionGenerator
generator: ArithmeticExtensionGenerator
generator: ArithmeticExtensionGenerator
generator: ArithmeticExtensionGenerator
generator: ArithmeticExtensionGenerator
generator: ArithmeticExtensionGenerator
generator: MulExtensionGenerator
generator: MulExtensionGenerator
generator: MulExtensionGenerator
generator: MulExtensionGenerator
generator: MulExtensionGenerator
generator: MulExtensionGenerator
generator: MulExtensionGenerator
generator: MulExtensionGenerator
generator: MulExtensionGenerator
generator: MulExtensionGenerator
generator: MulExtensionGenerator
generator: MulExtensionGenerator
generator: MulExtensionGenerator
generator: ArithmeticExtensionGenerator
generator: ArithmeticExtensionGenerator
generator: ArithmeticExtensionGenerator
generator: ArithmeticExtensionGenerator
generator: ArithmeticExtensionGenerator
generator: ArithmeticExtensionGenerator
generator: ArithmeticExtensionGenerator
generator: ArithmeticExtensionGenerator
generator: ArithmeticExtensionGenerator
generator: ArithmeticExtensionGenerator
generator: ArithmeticExtensionGenerator
generator: ArithmeticExtensionGenerator
generator: ArithmeticExtensionGenerator
generator: ArithmeticExtensionGenerator
generator: ArithmeticExtensionGenerator
generator: ArithmeticExtensionGenerator
generator: ArithmeticExtensionGenerator
generator: ArithmeticExtensionGenerator
generator: ArithmeticExtensionGenerator
generator: ArithmeticExtensionGenerator
generator: ArithmeticExtensionGenerator
generator: ArithmeticExtensionGenerator
generator: ArithmeticExtensionGenerator
generator: ArithmeticExtensionGenerator
generator: ArithmeticExtensionGenerator
generator: ArithmeticExtensionGenerator
generator: ArithmeticExtensionGenerator
generator: ArithmeticExtensionGenerator
generator: ArithmeticExtensionGenerator
generator: ArithmeticExtensionGenerator
generator: MulExtensionGenerator
generator: MulExtensionGenerator
generator: MulExtensionGenerator
generator: MulExtensionGenerator
generator: MulExtensionGenerator
generator: MulExtensionGenerator
generator: MulExtensionGenerator
generator: MulExtensionGenerator
generator: MulExtensionGenerator
generator: MulExtensionGenerator
generator: MulExtensionGenerator
generator: MulExtensionGenerator
generator: MulExtensionGenerator
generator: ArithmeticExtensionGenerator
generator: ArithmeticExtensionGenerator
generator: ArithmeticExtensionGenerator
generator: ArithmeticExtensionGenerator
generator: ArithmeticExtensionGenerator
generator: ArithmeticExtensionGenerator
generator: ArithmeticExtensionGenerator
generator: ArithmeticExtensionGenerator
generator: ArithmeticExtensionGenerator
generator: ArithmeticExtensionGenerator
generator: MulExtensionGenerator
generator: MulExtensionGenerator
generator: MulExtensionGenerator
generator: MulExtensionGenerator
generator: MulExtensionGenerator
generator: MulExtensionGenerator
generator: MulExtensionGenerator
generator: MulExtensionGenerator
generator: MulExtensionGenerator
generator: MulExtensionGenerator
generator: MulExtensionGenerator
generator: MulExtensionGenerator
generator: MulExtensionGenerator
generator: ArithmeticExtensionGenerator
generator: ArithmeticExtensionGenerator
generator: ArithmeticExtensionGenerator
generator: ArithmeticExtensionGenerator
generator: ArithmeticExtensionGenerator
generator: ArithmeticExtensionGenerator
generator: ArithmeticExtensionGenerator
generator: ArithmeticExtensionGenerator
generator: ArithmeticExtensionGenerator
generator: ArithmeticExtensionGenerator
generator: ArithmeticExtensionGenerator
generator: ArithmeticExtensionGenerator
generator: ArithmeticExtensionGenerator
generator: ArithmeticExtensionGenerator
generator: ArithmeticExtensionGenerator
generator: ArithmeticExtensionGenerator
generator: ArithmeticExtensionGenerator
generator: ArithmeticExtensionGenerator
generator: ArithmeticExtensionGenerator
generator: ArithmeticExtensionGenerator
generator: MulExtensionGenerator
generator: MulExtensionGenerator
generator: MulExtensionGenerator
generator: MulExtensionGenerator
generator: MulExtensionGenerator
generator: MulExtensionGenerator
generator: MulExtensionGenerator
generator: MulExtensionGenerator
generator: MulExtensionGenerator
generator: MulExtensionGenerator
generator: MulExtensionGenerator
generator: MulExtensionGenerator
generator: MulExtensionGenerator
generator: ArithmeticExtensionGenerator
generator: ArithmeticExtensionGenerator
generator: ArithmeticExtensionGenerator
generator: ArithmeticExtensionGenerator
generator: ArithmeticExtensionGenerator
generator: ArithmeticExtensionGenerator
generator: ArithmeticExtensionGenerator
generator: ArithmeticExtensionGenerator
generator: ArithmeticExtensionGenerator
generator: ArithmeticExtensionGenerator
generator: ArithmeticExtensionGenerator
generator: ArithmeticExtensionGenerator
generator: ArithmeticExtensionGenerator
generator: ArithmeticExtensionGenerator
generator: ArithmeticExtensionGenerator
generator: ArithmeticExtensionGenerator
generator: ArithmeticExtensionGenerator
generator: ArithmeticExtensionGenerator
generator: ArithmeticExtensionGenerator
generator: ArithmeticExtensionGenerator
generator: MulExtensionGenerator
generator: MulExtensionGenerator
generator: MulExtensionGenerator
generator: MulExtensionGenerator
generator: MulExtensionGenerator
generator: MulExtensionGenerator
generator: MulExtensionGenerator
generator: MulExtensionGenerator
generator: MulExtensionGenerator
generator: MulExtensionGenerator
generator: MulExtensionGenerator
generator: MulExtensionGenerator
generator: MulExtensionGenerator
generator: ArithmeticExtensionGenerator
generator: ArithmeticExtensionGenerator
generator: ArithmeticExtensionGenerator
generator: ArithmeticExtensionGenerator
generator: ArithmeticExtensionGenerator
generator: ArithmeticExtensionGenerator
generator: ArithmeticExtensionGenerator
generator: ArithmeticExtensionGenerator
generator: ArithmeticExtensionGenerator
generator: ArithmeticExtensionGenerator
generator: MulExtensionGenerator
generator: MulExtensionGenerator
generator: MulExtensionGenerator
generator: MulExtensionGenerator
generator: MulExtensionGenerator
generator: MulExtensionGenerator
generator: MulExtensionGenerator
generator: MulExtensionGenerator
generator: MulExtensionGenerator
generator: MulExtensionGenerator
generator: MulExtensionGenerator
generator: MulExtensionGenerator
generator: MulExtensionGenerator
generator: ArithmeticExtensionGenerator
generator: ArithmeticExtensionGenerator
generator: ArithmeticExtensionGenerator
generator: ArithmeticExtensionGenerator
generator: ArithmeticExtensionGenerator
generator: ArithmeticExtensionGenerator
generator: ArithmeticExtensionGenerator
generator: ArithmeticExtensionGenerator
generator: ArithmeticExtensionGenerator
generator: ArithmeticExtensionGenerator
generator: ArithmeticExtensionGenerator
generator: ArithmeticExtensionGenerator
generator: ArithmeticExtensionGenerator
generator: ArithmeticExtensionGenerator
generator: ArithmeticExtensionGenerator
generator: ArithmeticExtensionGenerator
generator: ArithmeticExtensionGenerator
generator: ArithmeticExtensionGenerator
generator: ArithmeticExtensionGenerator
generator: ArithmeticExtensionGenerator
generator: ArithmeticExtensionGenerator
generator: ArithmeticExtensionGenerator
generator: ArithmeticExtensionGenerator
generator: ArithmeticExtensionGenerator
generator: ArithmeticExtensionGenerator
generator: ArithmeticExtensionGenerator
generator: ArithmeticExtensionGenerator
generator: ArithmeticExtensionGenerator
generator: ArithmeticExtensionGenerator
generator: ArithmeticExtensionGenerator
generator: MulExtensionGenerator
generator: MulExtensionGenerator
generator: MulExtensionGenerator
generator: MulExtensionGenerator
generator: MulExtensionGenerator
generator: MulExtensionGenerator
generator: MulExtensionGenerator
generator: MulExtensionGenerator
generator: MulExtensionGenerator
generator: MulExtensionGenerator
generator: MulExtensionGenerator
generator: MulExtensionGenerator
generator: MulExtensionGenerator
generator: ArithmeticExtensionGenerator
generator: ArithmeticExtensionGenerator
generator: ArithmeticExtensionGenerator
generator: ArithmeticExtensionGenerator
generator: ArithmeticExtensionGenerator
generator: ArithmeticExtensionGenerator
generator: ArithmeticExtensionGenerator
generator: ArithmeticExtensionGenerator
generator: ArithmeticExtensionGenerator
generator: ArithmeticExtensionGenerator
generator: MulExtensionGenerator
generator: MulExtensionGenerator
generator: MulExtensionGenerator
generator: MulExtensionGenerator
generator: MulExtensionGenerator
generator: MulExtensionGenerator
generator: MulExtensionGenerator
generator: MulExtensionGenerator
generator: MulExtensionGenerator
generator: MulExtensionGenerator
generator: MulExtensionGenerator
generator: MulExtensionGenerator
generator: MulExtensionGenerator
generator: ArithmeticExtensionGenerator
generator: ArithmeticExtensionGenerator
generator: ArithmeticExtensionGenerator
generator: ArithmeticExtensionGenerator
generator: ArithmeticExtensionGenerator
generator: ArithmeticExtensionGenerator
generator: ArithmeticExtensionGenerator
generator: ArithmeticExtensionGenerator
generator: ArithmeticExtensionGenerator
generator: ArithmeticExtensionGenerator
generator: ArithmeticExtensionGenerator
generator: ArithmeticExtensionGenerator
generator: ArithmeticExtensionGenerator
generator: ArithmeticExtensionGenerator
generator: ArithmeticExtensionGenerator
generator: ArithmeticExtensionGenerator
generator: ArithmeticExtensionGenerator
generator: ArithmeticExtensionGenerator
generator: ArithmeticExtensionGenerator
generator: ArithmeticExtensionGenerator
generator: ArithmeticExtensionGenerator
generator: ArithmeticExtensionGenerator
generator: ArithmeticExtensionGenerator
generator: ArithmeticExtensionGenerator
generator: ArithmeticExtensionGenerator
generator: ArithmeticExtensionGenerator
generator: ArithmeticExtensionGenerator
generator: ArithmeticExtensionGenerator
generator: ArithmeticExtensionGenerator
generator: ArithmeticExtensionGenerator
generator: MulExtensionGenerator
generator: MulExtensionGenerator
generator: MulExtensionGenerator
generator: MulExtensionGenerator
generator: MulExtensionGenerator
generator: MulExtensionGenerator
generator: MulExtensionGenerator
generator: MulExtensionGenerator
generator: MulExtensionGenerator
generator: MulExtensionGenerator
generator: MulExtensionGenerator
generator: MulExtensionGenerator
generator: MulExtensionGenerator
generator: ArithmeticExtensionGenerator
generator: ArithmeticExtensionGenerator
generator: ArithmeticExtensionGenerator
generator: ArithmeticExtensionGenerator
generator: ArithmeticExtensionGenerator
generator: ArithmeticExtensionGenerator
generator: ArithmeticExtensionGenerator
generator: ArithmeticExtensionGenerator
generator: ArithmeticExtensionGenerator
generator: ArithmeticExtensionGenerator
generator: MulExtensionGenerator
generator: MulExtensionGenerator
generator: MulExtensionGenerator
generator: MulExtensionGenerator
generator: MulExtensionGenerator
generator: MulExtensionGenerator
generator: MulExtensionGenerator
generator: MulExtensionGenerator
generator: MulExtensionGenerator
generator: MulExtensionGenerator
generator: MulExtensionGenerator
generator: MulExtensionGenerator
generator: MulExtensionGenerator
generator: ArithmeticExtensionGenerator
generator: ArithmeticExtensionGenerator
generator: ArithmeticExtensionGenerator
generator: ArithmeticExtensionGenerator
generator: ArithmeticExtensionGenerator
generator: ArithmeticExtensionGenerator
generator: ArithmeticExtensionGenerator
generator: ArithmeticExtensionGenerator
generator: ArithmeticExtensionGenerator
generator: ArithmeticExtensionGenerator
generator: MulExtensionGenerator
generator: MulExtensionGenerator
generator: MulExtensionGenerator
generator: MulExtensionGenerator
generator: MulExtensionGenerator
generator: MulExtensionGenerator
generator: MulExtensionGenerator
generator: MulExtensionGenerator
generator: MulExtensionGenerator
generator: MulExtensionGenerator
generator: MulExtensionGenerator
generator: MulExtensionGenerator
generator: MulExtensionGenerator
generator: ArithmeticExtensionGenerator
generator: ArithmeticExtensionGenerator
generator: ArithmeticExtensionGenerator
generator: ArithmeticExtensionGenerator
generator: ArithmeticExtensionGenerator
generator: ArithmeticExtensionGenerator
generator: ArithmeticExtensionGenerator
generator: ArithmeticExtensionGenerator
generator: ArithmeticExtensionGenerator
generator: ArithmeticExtensionGenerator
generator: ArithmeticExtensionGenerator
generator: ArithmeticExtensionGenerator
generator: ArithmeticExtensionGenerator
generator: ArithmeticExtensionGenerator
generator: ArithmeticExtensionGenerator
generator: ArithmeticExtensionGenerator
generator: ArithmeticExtensionGenerator
generator: ArithmeticExtensionGenerator
generator: ArithmeticExtensionGenerator
generator: ArithmeticExtensionGenerator
generator: ArithmeticExtensionGenerator
generator: ArithmeticExtensionGenerator
generator: ArithmeticExtensionGenerator
generator: ArithmeticExtensionGenerator
generator: ArithmeticExtensionGenerator
generator: ArithmeticExtensionGenerator
generator: ArithmeticExtensionGenerator
generator: ArithmeticExtensionGenerator
generator: ArithmeticExtensionGenerator
generator: ArithmeticExtensionGenerator
generator: MulExtensionGenerator
generator: MulExtensionGenerator
generator: MulExtensionGenerator
generator: MulExtensionGenerator
generator: MulExtensionGenerator
generator: MulExtensionGenerator
generator: MulExtensionGenerator
generator: MulExtensionGenerator
generator: MulExtensionGenerator
generator: MulExtensionGenerator
generator: MulExtensionGenerator
generator: MulExtensionGenerator
generator: MulExtensionGenerator
generator: ArithmeticExtensionGenerator
generator: ArithmeticExtensionGenerator
generator: ArithmeticExtensionGenerator
generator: ArithmeticExtensionGenerator
generator: ArithmeticExtensionGenerator
generator: ArithmeticExtensionGenerator
generator: ArithmeticExtensionGenerator
generator: ArithmeticExtensionGenerator
generator: ArithmeticExtensionGenerator
generator: ArithmeticExtensionGenerator
generator: MulExtensionGenerator
generator: MulExtensionGenerator
generator: MulExtensionGenerator
generator: MulExtensionGenerator
generator: MulExtensionGenerator
generator: MulExtensionGenerator
generator: MulExtensionGenerator
generator: MulExtensionGenerator
generator: MulExtensionGenerator
generator: MulExtensionGenerator
generator: MulExtensionGenerator
generator: MulExtensionGenerator
generator: MulExtensionGenerator
generator: ArithmeticExtensionGenerator
generator: ArithmeticExtensionGenerator
generator: ArithmeticExtensionGenerator
generator: ArithmeticExtensionGenerator
generator: ArithmeticExtensionGenerator
generator: ArithmeticExtensionGenerator
generator: ArithmeticExtensionGenerator
generator: ArithmeticExtensionGenerator
generator: ArithmeticExtensionGenerator
generator: ArithmeticExtensionGenerator
generator: ArithmeticExtensionGenerator
generator: ArithmeticExtensionGenerator
generator: ArithmeticExtensionGenerator
generator: ArithmeticExtensionGenerator
generator: ArithmeticExtensionGenerator
generator: ArithmeticExtensionGenerator
generator: ArithmeticExtensionGenerator
generator: ArithmeticExtensionGenerator
generator: ArithmeticExtensionGenerator
generator: ArithmeticExtensionGenerator
generator: ArithmeticExtensionGenerator
generator: ArithmeticExtensionGenerator
generator: ArithmeticExtensionGenerator
generator: ArithmeticExtensionGenerator
generator: ArithmeticExtensionGenerator
generator: ArithmeticExtensionGenerator
generator: ArithmeticExtensionGenerator
generator: ArithmeticExtensionGenerator
generator: ArithmeticExtensionGenerator
generator: ArithmeticExtensionGenerator
generator: MulExtensionGenerator
generator: MulExtensionGenerator
generator: MulExtensionGenerator
generator: MulExtensionGenerator
generator: MulExtensionGenerator
generator: MulExtensionGenerator
generator: MulExtensionGenerator
generator: MulExtensionGenerator
generator: MulExtensionGenerator
generator: MulExtensionGenerator
generator: MulExtensionGenerator
generator: MulExtensionGenerator
generator: MulExtensionGenerator
generator: ArithmeticExtensionGenerator
generator: ArithmeticExtensionGenerator
generator: ArithmeticExtensionGenerator
generator: ArithmeticExtensionGenerator
generator: ArithmeticExtensionGenerator
generator: ArithmeticExtensionGenerator
generator: ArithmeticExtensionGenerator
generator: ArithmeticExtensionGenerator
generator: ArithmeticExtensionGenerator
generator: ArithmeticExtensionGenerator
generator: ArithmeticExtensionGenerator
generator: ArithmeticExtensionGenerator
generator: ArithmeticExtensionGenerator
generator: ArithmeticExtensionGenerator
generator: ArithmeticExtensionGenerator
generator: ArithmeticExtensionGenerator
generator: ArithmeticExtensionGenerator
generator: ArithmeticExtensionGenerator
generator: ArithmeticExtensionGenerator
generator: ArithmeticExtensionGenerator
generator: ArithmeticExtensionGenerator
generator: ArithmeticExtensionGenerator
generator: ArithmeticExtensionGenerator
generator: ArithmeticExtensionGenerator
generator: ArithmeticExtensionGenerator
generator: ArithmeticExtensionGenerator
generator: ArithmeticExtensionGenerator
generator: ArithmeticExtensionGenerator
generator: ArithmeticExtensionGenerator
generator: ArithmeticExtensionGenerator
generator: ArithmeticExtensionGenerator
generator: ArithmeticExtensionGenerator
generator: ArithmeticExtensionGenerator
generator: ArithmeticExtensionGenerator
generator: ArithmeticExtensionGenerator
generator: ArithmeticExtensionGenerator
generator: ArithmeticExtensionGenerator
generator: ArithmeticExtensionGenerator
generator: ArithmeticExtensionGenerator
generator: ArithmeticExtensionGenerator
generator: ArithmeticExtensionGenerator
generator: ArithmeticExtensionGenerator
generator: ArithmeticExtensionGenerator
generator: ArithmeticExtensionGenerator
generator: ArithmeticExtensionGenerator
generator: ArithmeticExtensionGenerator
generator: ArithmeticExtensionGenerator
generator: ArithmeticExtensionGenerator
generator: ArithmeticExtensionGenerator
generator: ArithmeticExtensionGenerator
generator: ArithmeticExtensionGenerator
generator: ArithmeticExtensionGenerator
generator: ArithmeticExtensionGenerator
generator: ArithmeticExtensionGenerator
generator: ArithmeticExtensionGenerator
generator: ArithmeticExtensionGenerator
generator: ArithmeticExtensionGenerator
generator: ArithmeticExtensionGenerator
generator: ArithmeticExtensionGenerator
generator: ArithmeticExtensionGenerator
generator: ArithmeticExtensionGenerator
generator: ArithmeticExtensionGenerator
generator: ArithmeticExtensionGenerator
generator: ArithmeticExtensionGenerator
generator: ArithmeticExtensionGenerator
generator: ArithmeticExtensionGenerator
generator: ArithmeticExtensionGenerator
generator: ArithmeticExtensionGenerator
generator: ArithmeticExtensionGenerator
generator: ArithmeticExtensionGenerator
generator: MulExtensionGenerator
generator: MulExtensionGenerator
generator: MulExtensionGenerator
generator: MulExtensionGenerator
generator: MulExtensionGenerator
generator: MulExtensionGenerator
generator: MulExtensionGenerator
generator: MulExtensionGenerator
generator: MulExtensionGenerator
generator: MulExtensionGenerator
generator: MulExtensionGenerator
generator: MulExtensionGenerator
generator: MulExtensionGenerator
generator: MulExtensionGenerator
generator: MulExtensionGenerator
generator: MulExtensionGenerator
generator: MulExtensionGenerator
generator: MulExtensionGenerator
generator: MulExtensionGenerator
generator: MulExtensionGenerator
generator: MulExtensionGenerator
generator: MulExtensionGenerator
generator: MulExtensionGenerator
generator: MulExtensionGenerator
generator: MulExtensionGenerator
generator: MulExtensionGenerator
generator: MulExtensionGenerator
generator: MulExtensionGenerator
generator: MulExtensionGenerator
generator: MulExtensionGenerator
generator: MulExtensionGenerator
generator: MulExtensionGenerator
generator: MulExtensionGenerator
generator: MulExtensionGenerator
generator: MulExtensionGenerator
generator: MulExtensionGenerator
generator: MulExtensionGenerator
generator: MulExtensionGenerator
generator: MulExtensionGenerator
generator: MulExtensionGenerator
generator: MulExtensionGenerator
generator: MulExtensionGenerator
generator: MulExtensionGenerator
generator: MulExtensionGenerator
generator: MulExtensionGenerator
generator: MulExtensionGenerator
generator: MulExtensionGenerator
generator: MulExtensionGenerator
generator: MulExtensionGenerator
generator: MulExtensionGenerator
generator: MulExtensionGenerator
generator: MulExtensionGenerator
generator: ArithmeticExtensionGenerator
generator: ArithmeticExtensionGenerator
generator: ArithmeticExtensionGenerator
generator: ArithmeticExtensionGenerator
generator: ArithmeticExtensionGenerator
generator: ArithmeticExtensionGenerator
generator: ArithmeticExtensionGenerator
generator: ArithmeticExtensionGenerator
generator: ArithmeticExtensionGenerator
generator: ArithmeticExtensionGenerator
generator: ArithmeticExtensionGenerator
generator: ArithmeticExtensionGenerator
generator: ArithmeticExtensionGenerator
generator: ArithmeticExtensionGenerator
generator: ArithmeticExtensionGenerator
generator: ArithmeticExtensionGenerator
generator: ArithmeticExtensionGenerator
generator: ArithmeticExtensionGenerator
generator: ArithmeticExtensionGenerator
generator: ArithmeticExtensionGenerator
generator: ArithmeticExtensionGenerator
generator: ArithmeticExtensionGenerator
generator: ArithmeticExtensionGenerator
generator: ArithmeticExtensionGenerator
generator: ArithmeticExtensionGenerator
generator: ArithmeticExtensionGenerator
generator: ArithmeticExtensionGenerator
generator: ArithmeticExtensionGenerator
generator: ArithmeticExtensionGenerator
generator: ArithmeticExtensionGenerator
generator: MulExtensionGenerator
generator: MulExtensionGenerator
generator: MulExtensionGenerator
generator: MulExtensionGenerator
generator: MulExtensionGenerator
generator: MulExtensionGenerator
generator: MulExtensionGenerator
generator: MulExtensionGenerator
generator: MulExtensionGenerator
generator: MulExtensionGenerator
generator: MulExtensionGenerator
generator: MulExtensionGenerator
generator: MulExtensionGenerator
generator: MulExtensionGenerator
generator: MulExtensionGenerator
generator: MulExtensionGenerator
generator: MulExtensionGenerator
generator: MulExtensionGenerator
generator: MulExtensionGenerator
generator: MulExtensionGenerator
generator: MulExtensionGenerator
generator: MulExtensionGenerator
generator: MulExtensionGenerator
generator: MulExtensionGenerator
generator: MulExtensionGenerator
generator: MulExtensionGenerator
generator: MulExtensionGenerator
generator: MulExtensionGenerator
generator: MulExtensionGenerator
generator: MulExtensionGenerator
generator: MulExtensionGenerator
generator: MulExtensionGenerator
generator: MulExtensionGenerator
generator: MulExtensionGenerator
generator: MulExtensionGenerator
generator: MulExtensionGenerator
generator: MulExtensionGenerator
generator: MulExtensionGenerator
generator: MulExtensionGenerator
generator: MulExtensionGenerator
generator: MulExtensionGenerator
generator: MulExtensionGenerator
generator: MulExtensionGenerator
generator: MulExtensionGenerator
generator: MulExtensionGenerator
generator: MulExtensionGenerator
generator: MulExtensionGenerator
generator: MulExtensionGenerator
generator: MulExtensionGenerator
generator: MulExtensionGenerator
generator: MulExtensionGenerator
generator: MulExtensionGenerator
generator: PoseidonMdsGenerator
generator: ArithmeticExtensionGenerator
generator: ArithmeticExtensionGenerator
generator: ArithmeticExtensionGenerator
generator: ArithmeticExtensionGenerator
generator: ArithmeticExtensionGenerator
generator: ArithmeticExtensionGenerator
generator: ArithmeticExtensionGenerator
generator: ArithmeticExtensionGenerator
generator: ArithmeticExtensionGenerator
generator: ArithmeticExtensionGenerator
generator: ArithmeticExtensionGenerator
generator: ArithmeticExtensionGenerator
generator: ArithmeticExtensionGenerator
generator: ArithmeticExtensionGenerator
generator: ArithmeticExtensionGenerator
generator: ArithmeticExtensionGenerator
generator: ArithmeticExtensionGenerator
generator: ArithmeticExtensionGenerator
generator: ArithmeticExtensionGenerator
generator: ArithmeticExtensionGenerator
generator: MulExtensionGenerator
generator: MulExtensionGenerator
generator: MulExtensionGenerator
generator: MulExtensionGenerator
generator: MulExtensionGenerator
generator: MulExtensionGenerator
generator: MulExtensionGenerator
generator: MulExtensionGenerator
generator: MulExtensionGenerator
generator: MulExtensionGenerator
generator: MulExtensionGenerator
generator: MulExtensionGenerator
generator: MulExtensionGenerator
generator: MulExtensionGenerator
generator: MulExtensionGenerator
generator: MulExtensionGenerator
generator: MulExtensionGenerator
generator: MulExtensionGenerator
generator: MulExtensionGenerator
generator: MulExtensionGenerator
generator: MulExtensionGenerator
generator: MulExtensionGenerator
generator: MulExtensionGenerator
generator: MulExtensionGenerator
generator: MulExtensionGenerator
generator: MulExtensionGenerator
generator: MulExtensionGenerator
generator: MulExtensionGenerator
generator: MulExtensionGenerator
generator: MulExtensionGenerator
generator: MulExtensionGenerator
generator: MulExtensionGenerator
generator: MulExtensionGenerator
generator: MulExtensionGenerator
generator: MulExtensionGenerator
generator: MulExtensionGenerator
generator: MulExtensionGenerator
generator: MulExtensionGenerator
generator: MulExtensionGenerator
generator: MulExtensionGenerator
generator: MulExtensionGenerator
generator: MulExtensionGenerator
generator: MulExtensionGenerator
generator: MulExtensionGenerator
generator: MulExtensionGenerator
generator: MulExtensionGenerator
generator: MulExtensionGenerator
generator: MulExtensionGenerator
generator: MulExtensionGenerator
generator: MulExtensionGenerator
generator: MulExtensionGenerator
generator: MulExtensionGenerator
generator: PoseidonMdsGenerator
generator: ArithmeticExtensionGenerator
generator: ArithmeticExtensionGenerator
generator: ArithmeticExtensionGenerator
generator: ArithmeticExtensionGenerator
generator: ArithmeticExtensionGenerator
generator: ArithmeticExtensionGenerator
generator: ArithmeticExtensionGenerator
generator: ArithmeticExtensionGenerator
generator: ArithmeticExtensionGenerator
generator: ArithmeticExtensionGenerator
generator: ArithmeticExtensionGenerator
generator: ArithmeticExtensionGenerator
generator: ArithmeticExtensionGenerator
generator: ArithmeticExtensionGenerator
generator: ArithmeticExtensionGenerator
generator: ArithmeticExtensionGenerator
generator: ArithmeticExtensionGenerator
generator: ArithmeticExtensionGenerator
generator: ArithmeticExtensionGenerator
generator: ArithmeticExtensionGenerator
generator: MulExtensionGenerator
generator: MulExtensionGenerator
generator: MulExtensionGenerator
generator: MulExtensionGenerator
generator: MulExtensionGenerator
generator: MulExtensionGenerator
generator: MulExtensionGenerator
generator: MulExtensionGenerator
generator: MulExtensionGenerator
generator: MulExtensionGenerator
generator: MulExtensionGenerator
generator: MulExtensionGenerator
generator: MulExtensionGenerator
generator: MulExtensionGenerator
generator: MulExtensionGenerator
generator: MulExtensionGenerator
generator: MulExtensionGenerator
generator: MulExtensionGenerator
generator: MulExtensionGenerator
generator: MulExtensionGenerator
generator: MulExtensionGenerator
generator: MulExtensionGenerator
generator: MulExtensionGenerator
generator: MulExtensionGenerator
generator: MulExtensionGenerator
generator: MulExtensionGenerator
generator: MulExtensionGenerator
generator: MulExtensionGenerator
generator: MulExtensionGenerator
generator: MulExtensionGenerator
generator: MulExtensionGenerator
generator: MulExtensionGenerator
generator: MulExtensionGenerator
generator: MulExtensionGenerator
generator: MulExtensionGenerator
generator: MulExtensionGenerator
generator: MulExtensionGenerator
generator: MulExtensionGenerator
generator: MulExtensionGenerator
generator: PoseidonMdsGenerator
generator: ArithmeticExtensionGenerator
generator: ArithmeticExtensionGenerator
generator: ArithmeticExtensionGenerator
generator: ArithmeticExtensionGenerator
generator: ArithmeticExtensionGenerator
generator: ArithmeticExtensionGenerator
generator: ArithmeticExtensionGenerator
generator: ArithmeticExtensionGenerator
generator: ArithmeticExtensionGenerator
generator: ArithmeticExtensionGenerator
generator: ArithmeticExtensionGenerator
generator: ArithmeticExtensionGenerator
generator: ArithmeticExtensionGenerator
generator: ArithmeticExtensionGenerator
generator: ArithmeticExtensionGenerator
generator: ArithmeticExtensionGenerator
generator: ArithmeticExtensionGenerator
generator: ArithmeticExtensionGenerator
generator: ArithmeticExtensionGenerator
generator: ArithmeticExtensionGenerator
generator: ArithmeticExtensionGenerator
generator: ArithmeticExtensionGenerator
generator: ArithmeticExtensionGenerator
generator: ArithmeticExtensionGenerator
generator: ArithmeticExtensionGenerator
generator: ArithmeticExtensionGenerator
generator: ArithmeticExtensionGenerator
generator: ArithmeticExtensionGenerator
generator: ArithmeticExtensionGenerator
generator: ArithmeticExtensionGenerator
generator: ArithmeticExtensionGenerator
generator: ArithmeticExtensionGenerator
generator: ArithmeticExtensionGenerator
generator: ArithmeticExtensionGenerator
generator: ArithmeticExtensionGenerator
generator: ArithmeticExtensionGenerator
generator: ArithmeticExtensionGenerator
generator: ArithmeticExtensionGenerator
generator: ArithmeticExtensionGenerator
generator: ArithmeticExtensionGenerator
generator: MulExtensionGenerator
generator: MulExtensionGenerator
generator: MulExtensionGenerator
generator: MulExtensionGenerator
generator: MulExtensionGenerator
generator: MulExtensionGenerator
generator: MulExtensionGenerator
generator: MulExtensionGenerator
generator: MulExtensionGenerator
generator: MulExtensionGenerator
generator: MulExtensionGenerator
generator: MulExtensionGenerator
generator: MulExtensionGenerator
generator: MulExtensionGenerator
generator: MulExtensionGenerator
generator: MulExtensionGenerator
generator: MulExtensionGenerator
generator: MulExtensionGenerator
generator: MulExtensionGenerator
generator: MulExtensionGenerator
generator: MulExtensionGenerator
generator: MulExtensionGenerator
generator: MulExtensionGenerator
generator: MulExtensionGenerator
generator: MulExtensionGenerator
generator: MulExtensionGenerator
generator: MulExtensionGenerator
generator: MulExtensionGenerator
generator: MulExtensionGenerator
generator: MulExtensionGenerator
generator: MulExtensionGenerator
generator: MulExtensionGenerator
generator: MulExtensionGenerator
generator: MulExtensionGenerator
generator: MulExtensionGenerator
generator: MulExtensionGenerator
generator: MulExtensionGenerator
generator: MulExtensionGenerator
generator: MulExtensionGenerator
generator: MulExtensionGenerator
generator: MulExtensionGenerator
generator: MulExtensionGenerator
generator: MulExtensionGenerator
generator: MulExtensionGenerator
generator: MulExtensionGenerator
generator: MulExtensionGenerator
generator: MulExtensionGenerator
generator: MulExtensionGenerator
generator: MulExtensionGenerator
generator: MulExtensionGenerator
generator: MulExtensionGenerator
generator: MulExtensionGenerator
generator: PoseidonMdsGenerator
generator: ArithmeticExtensionGenerator
generator: ArithmeticExtensionGenerator
generator: ArithmeticExtensionGenerator
generator: ArithmeticExtensionGenerator
generator: ArithmeticExtensionGenerator
generator: ArithmeticExtensionGenerator
generator: ArithmeticExtensionGenerator
generator: ArithmeticExtensionGenerator
generator: ArithmeticExtensionGenerator
generator: ArithmeticExtensionGenerator
generator: PoseidonMdsGenerator
generator: ArithmeticExtensionGenerator
generator: ArithmeticExtensionGenerator
generator: ArithmeticExtensionGenerator
generator: ArithmeticExtensionGenerator
generator: ArithmeticExtensionGenerator
generator: ArithmeticExtensionGenerator
generator: ArithmeticExtensionGenerator
generator: ArithmeticExtensionGenerator
generator: ArithmeticExtensionGenerator
generator: ArithmeticExtensionGenerator
generator: MulExtensionGenerator
generator: MulExtensionGenerator
generator: MulExtensionGenerator
generator: MulExtensionGenerator
generator: MulExtensionGenerator
generator: MulExtensionGenerator
generator: MulExtensionGenerator
generator: MulExtensionGenerator
generator: MulExtensionGenerator
generator: MulExtensionGenerator
generator: MulExtensionGenerator
generator: MulExtensionGenerator
generator: MulExtensionGenerator
generator: PoseidonMdsGenerator
generator: ArithmeticExtensionGenerator
generator: ArithmeticExtensionGenerator
generator: ArithmeticExtensionGenerator
generator: ArithmeticExtensionGenerator
generator: ArithmeticExtensionGenerator
generator: ArithmeticExtensionGenerator
generator: ArithmeticExtensionGenerator
generator: ArithmeticExtensionGenerator
generator: ArithmeticExtensionGenerator
generator: ArithmeticExtensionGenerator
generator: PoseidonMdsGenerator
generator: ArithmeticExtensionGenerator
generator: ArithmeticExtensionGenerator
generator: ArithmeticExtensionGenerator
generator: ArithmeticExtensionGenerator
generator: ArithmeticExtensionGenerator
generator: ArithmeticExtensionGenerator
generator: ArithmeticExtensionGenerator
generator: ArithmeticExtensionGenerator
generator: ArithmeticExtensionGenerator
generator: ArithmeticExtensionGenerator
generator: PoseidonMdsGenerator
generator: ArithmeticExtensionGenerator
generator: ArithmeticExtensionGenerator
generator: ArithmeticExtensionGenerator
generator: ArithmeticExtensionGenerator
generator: ArithmeticExtensionGenerator
generator: ArithmeticExtensionGenerator
generator: ArithmeticExtensionGenerator
generator: ArithmeticExtensionGenerator
generator: ArithmeticExtensionGenerator
generator: ArithmeticExtensionGenerator
generator: ArithmeticExtensionGenerator
generator: ArithmeticExtensionGenerator
generator: ArithmeticExtensionGenerator
generator: ArithmeticExtensionGenerator
generator: ArithmeticExtensionGenerator
generator: ArithmeticExtensionGenerator
generator: ArithmeticExtensionGenerator
generator: ArithmeticExtensionGenerator
generator: ArithmeticExtensionGenerator
generator: ArithmeticExtensionGenerator
generator: MulExtensionGenerator
generator: MulExtensionGenerator
generator: MulExtensionGenerator
generator: MulExtensionGenerator
generator: MulExtensionGenerator
generator: MulExtensionGenerator
generator: MulExtensionGenerator
generator: MulExtensionGenerator
generator: MulExtensionGenerator
generator: MulExtensionGenerator
generator: MulExtensionGenerator
generator: MulExtensionGenerator
generator: MulExtensionGenerator
generator: PoseidonMdsGenerator
generator: ArithmeticExtensionGenerator
generator: ArithmeticExtensionGenerator
generator: ArithmeticExtensionGenerator
generator: ArithmeticExtensionGenerator
generator: ArithmeticExtensionGenerator
generator: ArithmeticExtensionGenerator
generator: ArithmeticExtensionGenerator
generator: ArithmeticExtensionGenerator
generator: ArithmeticExtensionGenerator
generator: ArithmeticExtensionGenerator
generator: PoseidonMdsGenerator
generator: ArithmeticExtensionGenerator
generator: ArithmeticExtensionGenerator
generator: ArithmeticExtensionGenerator
generator: ArithmeticExtensionGenerator
generator: ArithmeticExtensionGenerator
generator: ArithmeticExtensionGenerator
generator: ArithmeticExtensionGenerator
generator: ArithmeticExtensionGenerator
generator: ArithmeticExtensionGenerator
generator: ArithmeticExtensionGenerator
generator: PoseidonMdsGenerator
generator: ArithmeticExtensionGenerator
generator: ArithmeticExtensionGenerator
generator: ArithmeticExtensionGenerator
generator: ArithmeticExtensionGenerator
generator: ArithmeticExtensionGenerator
generator: ArithmeticExtensionGenerator
generator: ArithmeticExtensionGenerator
generator: ArithmeticExtensionGenerator
generator: ArithmeticExtensionGenerator
generator: ArithmeticExtensionGenerator
generator: PoseidonMdsGenerator
generator: ArithmeticExtensionGenerator
generator: ArithmeticExtensionGenerator
generator: ArithmeticExtensionGenerator
generator: ArithmeticExtensionGenerator
generator: ArithmeticExtensionGenerator
generator: ArithmeticExtensionGenerator
generator: ArithmeticExtensionGenerator
generator: ArithmeticExtensionGenerator
generator: ArithmeticExtensionGenerator
generator: ArithmeticExtensionGenerator
generator: MulExtensionGenerator
generator: MulExtensionGenerator
generator: MulExtensionGenerator
generator: MulExtensionGenerator
generator: MulExtensionGenerator
generator: MulExtensionGenerator
generator: MulExtensionGenerator
generator: MulExtensionGenerator
generator: MulExtensionGenerator
generator: MulExtensionGenerator
generator: MulExtensionGenerator
generator: MulExtensionGenerator
generator: MulExtensionGenerator
generator: PoseidonMdsGenerator
generator: ArithmeticExtensionGenerator
generator: ArithmeticExtensionGenerator
generator: ArithmeticExtensionGenerator
generator: ArithmeticExtensionGenerator
generator: ArithmeticExtensionGenerator
generator: ArithmeticExtensionGenerator
generator: ArithmeticExtensionGenerator
generator: ArithmeticExtensionGenerator
generator: ArithmeticExtensionGenerator
generator: ArithmeticExtensionGenerator
generator: ArithmeticExtensionGenerator
generator: ArithmeticExtensionGenerator
generator: ArithmeticExtensionGenerator
generator: ArithmeticExtensionGenerator
generator: ArithmeticExtensionGenerator
generator: ArithmeticExtensionGenerator
generator: ArithmeticExtensionGenerator
generator: ArithmeticExtensionGenerator
generator: ArithmeticExtensionGenerator
generator: ArithmeticExtensionGenerator
generator: ArithmeticExtensionGenerator
generator: ArithmeticExtensionGenerator
generator: ArithmeticExtensionGenerator
generator: ArithmeticExtensionGenerator
generator: ArithmeticExtensionGenerator
generator: ArithmeticExtensionGenerator
generator: ArithmeticExtensionGenerator
generator: ArithmeticExtensionGenerator
generator: ArithmeticExtensionGenerator
generator: ArithmeticExtensionGenerator
generator: PoseidonMdsGenerator
generator: ArithmeticExtensionGenerator
generator: ArithmeticExtensionGenerator
generator: ArithmeticExtensionGenerator
generator: ArithmeticExtensionGenerator
generator: ArithmeticExtensionGenerator
generator: ArithmeticExtensionGenerator
generator: ArithmeticExtensionGenerator
generator: ArithmeticExtensionGenerator
generator: ArithmeticExtensionGenerator
generator: ArithmeticExtensionGenerator
generator: PoseidonMdsGenerator
generator: ArithmeticExtensionGenerator
generator: ArithmeticExtensionGenerator
generator: ArithmeticExtensionGenerator
generator: ArithmeticExtensionGenerator
generator: ArithmeticExtensionGenerator
generator: ArithmeticExtensionGenerator
generator: ArithmeticExtensionGenerator
generator: ArithmeticExtensionGenerator
generator: ArithmeticExtensionGenerator
generator: ArithmeticExtensionGenerator
generator: MulExtensionGenerator
generator: MulExtensionGenerator
generator: MulExtensionGenerator
generator: MulExtensionGenerator
generator: MulExtensionGenerator
generator: MulExtensionGenerator
generator: MulExtensionGenerator
generator: MulExtensionGenerator
generator: MulExtensionGenerator
generator: MulExtensionGenerator
generator: MulExtensionGenerator
generator: MulExtensionGenerator
generator: MulExtensionGenerator
generator: PoseidonMdsGenerator
generator: ArithmeticExtensionGenerator
generator: ArithmeticExtensionGenerator
generator: ArithmeticExtensionGenerator
generator: ArithmeticExtensionGenerator
generator: ArithmeticExtensionGenerator
generator: ArithmeticExtensionGenerator
generator: ArithmeticExtensionGenerator
generator: ArithmeticExtensionGenerator
generator: ArithmeticExtensionGenerator
generator: ArithmeticExtensionGenerator
generator: PoseidonMdsGenerator
generator: ArithmeticExtensionGenerator
generator: ArithmeticExtensionGenerator
generator: ArithmeticExtensionGenerator
generator: ArithmeticExtensionGenerator
generator: ArithmeticExtensionGenerator
generator: ArithmeticExtensionGenerator
generator: ArithmeticExtensionGenerator
generator: ArithmeticExtensionGenerator
generator: ArithmeticExtensionGenerator
generator: ArithmeticExtensionGenerator
generator: PoseidonMdsGenerator
generator: ArithmeticExtensionGenerator
generator: ArithmeticExtensionGenerator
generator: ArithmeticExtensionGenerator
generator: ArithmeticExtensionGenerator
generator: ArithmeticExtensionGenerator
generator: ArithmeticExtensionGenerator
generator: ArithmeticExtensionGenerator
generator: ArithmeticExtensionGenerator
generator: ArithmeticExtensionGenerator
generator: ArithmeticExtensionGenerator
generator: ArithmeticExtensionGenerator
generator: ArithmeticExtensionGenerator
generator: ArithmeticExtensionGenerator
generator: ArithmeticExtensionGenerator
generator: ArithmeticExtensionGenerator
generator: ArithmeticExtensionGenerator
generator: ArithmeticExtensionGenerator
generator: ArithmeticExtensionGenerator
generator: ArithmeticExtensionGenerator
generator: ArithmeticExtensionGenerator
generator: MulExtensionGenerator
generator: MulExtensionGenerator
generator: MulExtensionGenerator
generator: MulExtensionGenerator
generator: MulExtensionGenerator
generator: MulExtensionGenerator
generator: MulExtensionGenerator
generator: MulExtensionGenerator
generator: MulExtensionGenerator
generator: MulExtensionGenerator
generator: MulExtensionGenerator
generator: MulExtensionGenerator
generator: MulExtensionGenerator
generator: PoseidonMdsGenerator
generator: ArithmeticExtensionGenerator
generator: ArithmeticExtensionGenerator
generator: ArithmeticExtensionGenerator
generator: ArithmeticExtensionGenerator
generator: ArithmeticExtensionGenerator
generator: ArithmeticExtensionGenerator
generator: ArithmeticExtensionGenerator
generator: ArithmeticExtensionGenerator
generator: ArithmeticExtensionGenerator
generator: ArithmeticExtensionGenerator
generator: PoseidonMdsGenerator
generator: ArithmeticExtensionGenerator
generator: ArithmeticExtensionGenerator
generator: ArithmeticExtensionGenerator
generator: ArithmeticExtensionGenerator
generator: ArithmeticExtensionGenerator
generator: ArithmeticExtensionGenerator
generator: ArithmeticExtensionGenerator
generator: ArithmeticExtensionGenerator
generator: ArithmeticExtensionGenerator
generator: ArithmeticExtensionGenerator
generator: PoseidonMdsGenerator
generator: ArithmeticExtensionGenerator
generator: ArithmeticExtensionGenerator
generator: ArithmeticExtensionGenerator
generator: ArithmeticExtensionGenerator
generator: ArithmeticExtensionGenerator
generator: ArithmeticExtensionGenerator
generator: ArithmeticExtensionGenerator
generator: ArithmeticExtensionGenerator
generator: ArithmeticExtensionGenerator
generator: ArithmeticExtensionGenerator
generator: MulExtensionGenerator
generator: MulExtensionGenerator
generator: MulExtensionGenerator
generator: MulExtensionGenerator
generator: MulExtensionGenerator
generator: MulExtensionGenerator
generator: MulExtensionGenerator
generator: MulExtensionGenerator
generator: MulExtensionGenerator
generator: MulExtensionGenerator
generator: MulExtensionGenerator
generator: MulExtensionGenerator
generator: MulExtensionGenerator
generator: PoseidonMdsGenerator
generator: ArithmeticExtensionGenerator
generator: ArithmeticExtensionGenerator
generator: ArithmeticExtensionGenerator
generator: ArithmeticExtensionGenerator
generator: ArithmeticExtensionGenerator
generator: ArithmeticExtensionGenerator
generator: ArithmeticExtensionGenerator
generator: ArithmeticExtensionGenerator
generator: ArithmeticExtensionGenerator
generator: ArithmeticExtensionGenerator
generator: PoseidonMdsGenerator
generator: ArithmeticExtensionGenerator
generator: ArithmeticExtensionGenerator
generator: ArithmeticExtensionGenerator
generator: ArithmeticExtensionGenerator
generator: ArithmeticExtensionGenerator
generator: ArithmeticExtensionGenerator
generator: ArithmeticExtensionGenerator
generator: ArithmeticExtensionGenerator
generator: ArithmeticExtensionGenerator
generator: ArithmeticExtensionGenerator
generator: ArithmeticExtensionGenerator
generator: ArithmeticExtensionGenerator
generator: ArithmeticExtensionGenerator
generator: ArithmeticExtensionGenerator
generator: ArithmeticExtensionGenerator
generator: ArithmeticExtensionGenerator
generator: ArithmeticExtensionGenerator
generator: ArithmeticExtensionGenerator
generator: ArithmeticExtensionGenerator
generator: ArithmeticExtensionGenerator
generator: ArithmeticExtensionGenerator
generator: ArithmeticExtensionGenerator
generator: ArithmeticExtensionGenerator
generator: ArithmeticExtensionGenerator
generator: ArithmeticExtensionGenerator
generator: ArithmeticExtensionGenerator
generator: ArithmeticExtensionGenerator
generator: ArithmeticExtensionGenerator
generator: ArithmeticExtensionGenerator
generator: ArithmeticExtensionGenerator
generator: PoseidonMdsGenerator
generator: ArithmeticExtensionGenerator
generator: ArithmeticExtensionGenerator
generator: ArithmeticExtensionGenerator
generator: ArithmeticExtensionGenerator
generator: ArithmeticExtensionGenerator
generator: ArithmeticExtensionGenerator
generator: ArithmeticExtensionGenerator
generator: ArithmeticExtensionGenerator
generator: ArithmeticExtensionGenerator
generator: ArithmeticExtensionGenerator
generator: PoseidonMdsGenerator
generator: ArithmeticExtensionGenerator
generator: ArithmeticExtensionGenerator
generator: ArithmeticExtensionGenerator
generator: ArithmeticExtensionGenerator
generator: ArithmeticExtensionGenerator
generator: ArithmeticExtensionGenerator
generator: ArithmeticExtensionGenerator
generator: ArithmeticExtensionGenerator
generator: ArithmeticExtensionGenerator
generator: ArithmeticExtensionGenerator
generator: MulExtensionGenerator
generator: MulExtensionGenerator
generator: MulExtensionGenerator
generator: MulExtensionGenerator
generator: MulExtensionGenerator
generator: MulExtensionGenerator
generator: MulExtensionGenerator
generator: MulExtensionGenerator
generator: MulExtensionGenerator
generator: MulExtensionGenerator
generator: MulExtensionGenerator
generator: MulExtensionGenerator
generator: MulExtensionGenerator
generator: PoseidonMdsGenerator
generator: ArithmeticExtensionGenerator
generator: ArithmeticExtensionGenerator
generator: ArithmeticExtensionGenerator
generator: ArithmeticExtensionGenerator
generator: ArithmeticExtensionGenerator
generator: ArithmeticExtensionGenerator
generator: ArithmeticExtensionGenerator
generator: ArithmeticExtensionGenerator
generator: ArithmeticExtensionGenerator
generator: ArithmeticExtensionGenerator
generator: ArithmeticExtensionGenerator
generator: ArithmeticExtensionGenerator
generator: ArithmeticExtensionGenerator
generator: ArithmeticExtensionGenerator
generator: ArithmeticExtensionGenerator
generator: ArithmeticExtensionGenerator
generator: ArithmeticExtensionGenerator
generator: ArithmeticExtensionGenerator
generator: ArithmeticExtensionGenerator
generator: ArithmeticExtensionGenerator
generator: MulExtensionGenerator
generator: MulExtensionGenerator
generator: MulExtensionGenerator
generator: MulExtensionGenerator
generator: MulExtensionGenerator
generator: MulExtensionGenerator
generator: MulExtensionGenerator
generator: MulExtensionGenerator
generator: MulExtensionGenerator
generator: MulExtensionGenerator
generator: MulExtensionGenerator
generator: MulExtensionGenerator
generator: MulExtensionGenerator
generator: MulExtensionGenerator
generator: MulExtensionGenerator
generator: MulExtensionGenerator
generator: MulExtensionGenerator
generator: MulExtensionGenerator
generator: MulExtensionGenerator
generator: MulExtensionGenerator
generator: MulExtensionGenerator
generator: MulExtensionGenerator
generator: MulExtensionGenerator
generator: MulExtensionGenerator
generator: MulExtensionGenerator
generator: MulExtensionGenerator
generator: MulExtensionGenerator
generator: MulExtensionGenerator
generator: MulExtensionGenerator
generator: MulExtensionGenerator
generator: MulExtensionGenerator
generator: MulExtensionGenerator
generator: MulExtensionGenerator
generator: MulExtensionGenerator
generator: MulExtensionGenerator
generator: MulExtensionGenerator
generator: MulExtensionGenerator
generator: MulExtensionGenerator
generator: MulExtensionGenerator
generator: PoseidonMdsGenerator
generator: ArithmeticExtensionGenerator
generator: ArithmeticExtensionGenerator
generator: ArithmeticExtensionGenerator
generator: ArithmeticExtensionGenerator
generator: ArithmeticExtensionGenerator
generator: ArithmeticExtensionGenerator
generator: ArithmeticExtensionGenerator
generator: ArithmeticExtensionGenerator
generator: ArithmeticExtensionGenerator
generator: ArithmeticExtensionGenerator
generator: ArithmeticExtensionGenerator
generator: ArithmeticExtensionGenerator
generator: ArithmeticExtensionGenerator
generator: ArithmeticExtensionGenerator
generator: ArithmeticExtensionGenerator
generator: ArithmeticExtensionGenerator
generator: ArithmeticExtensionGenerator
generator: ArithmeticExtensionGenerator
generator: ArithmeticExtensionGenerator
generator: ArithmeticExtensionGenerator
generator: MulExtensionGenerator
generator: MulExtensionGenerator
generator: MulExtensionGenerator
generator: MulExtensionGenerator
generator: MulExtensionGenerator
generator: MulExtensionGenerator
generator: MulExtensionGenerator
generator: MulExtensionGenerator
generator: MulExtensionGenerator
generator: MulExtensionGenerator
generator: MulExtensionGenerator
generator: MulExtensionGenerator
generator: MulExtensionGenerator
generator: MulExtensionGenerator
generator: MulExtensionGenerator
generator: MulExtensionGenerator
generator: MulExtensionGenerator
generator: MulExtensionGenerator
generator: MulExtensionGenerator
generator: MulExtensionGenerator
generator: MulExtensionGenerator
generator: MulExtensionGenerator
generator: MulExtensionGenerator
generator: MulExtensionGenerator
generator: MulExtensionGenerator
generator: MulExtensionGenerator
generator: MulExtensionGenerator
generator: MulExtensionGenerator
generator: MulExtensionGenerator
generator: MulExtensionGenerator
generator: MulExtensionGenerator
generator: MulExtensionGenerator
generator: MulExtensionGenerator
generator: MulExtensionGenerator
generator: MulExtensionGenerator
generator: MulExtensionGenerator
generator: MulExtensionGenerator
generator: MulExtensionGenerator
generator: MulExtensionGenerator
generator: MulExtensionGenerator
generator: MulExtensionGenerator
generator: MulExtensionGenerator
generator: MulExtensionGenerator
generator: MulExtensionGenerator
generator: MulExtensionGenerator
generator: MulExtensionGenerator
generator: MulExtensionGenerator
generator: MulExtensionGenerator
generator: MulExtensionGenerator
generator: MulExtensionGenerator
generator: MulExtensionGenerator
generator: MulExtensionGenerator
generator: PoseidonMdsGenerator
generator: ArithmeticExtensionGenerator
generator: ArithmeticExtensionGenerator
generator: ArithmeticExtensionGenerator
generator: ArithmeticExtensionGenerator
generator: ArithmeticExtensionGenerator
generator: ArithmeticExtensionGenerator
generator: ArithmeticExtensionGenerator
generator: ArithmeticExtensionGenerator
generator: ArithmeticExtensionGenerator
generator: ArithmeticExtensionGenerator
generator: ArithmeticExtensionGenerator
generator: ArithmeticExtensionGenerator
generator: ArithmeticExtensionGenerator
generator: ArithmeticExtensionGenerator
generator: ArithmeticExtensionGenerator
generator: ArithmeticExtensionGenerator
generator: ArithmeticExtensionGenerator
generator: ArithmeticExtensionGenerator
generator: ArithmeticExtensionGenerator
generator: ArithmeticExtensionGenerator
generator: ArithmeticExtensionGenerator
generator: ArithmeticExtensionGenerator
generator: ArithmeticExtensionGenerator
generator: ArithmeticExtensionGenerator
generator: ArithmeticExtensionGenerator
generator: ArithmeticExtensionGenerator
generator: ArithmeticExtensionGenerator
generator: ArithmeticExtensionGenerator
generator: ArithmeticExtensionGenerator
generator: ArithmeticExtensionGenerator
generator: MulExtensionGenerator
generator: MulExtensionGenerator
generator: MulExtensionGenerator
generator: MulExtensionGenerator
generator: MulExtensionGenerator
generator: MulExtensionGenerator
generator: MulExtensionGenerator
generator: MulExtensionGenerator
generator: MulExtensionGenerator
generator: MulExtensionGenerator
generator: MulExtensionGenerator
generator: MulExtensionGenerator
generator: MulExtensionGenerator
generator: MulExtensionGenerator
generator: MulExtensionGenerator
generator: MulExtensionGenerator
generator: MulExtensionGenerator
generator: MulExtensionGenerator
generator: MulExtensionGenerator
generator: MulExtensionGenerator
generator: MulExtensionGenerator
generator: MulExtensionGenerator
generator: MulExtensionGenerator
generator: MulExtensionGenerator
generator: MulExtensionGenerator
generator: MulExtensionGenerator
generator: MulExtensionGenerator
generator: MulExtensionGenerator
generator: MulExtensionGenerator
generator: MulExtensionGenerator
generator: MulExtensionGenerator
generator: MulExtensionGenerator
generator: MulExtensionGenerator
generator: MulExtensionGenerator
generator: MulExtensionGenerator
generator: MulExtensionGenerator
generator: MulExtensionGenerator
generator: MulExtensionGenerator
generator: MulExtensionGenerator
generator: MulExtensionGenerator
generator: MulExtensionGenerator
generator: MulExtensionGenerator
generator: MulExtensionGenerator
generator: MulExtensionGenerator
generator: MulExtensionGenerator
generator: MulExtensionGenerator
generator: MulExtensionGenerator
generator: MulExtensionGenerator
generator: MulExtensionGenerator
generator: MulExtensionGenerator
generator: MulExtensionGenerator
generator: MulExtensionGenerator
generator: PoseidonMdsGenerator
generator: ArithmeticExtensionGenerator
generator: ArithmeticExtensionGenerator
generator: ArithmeticExtensionGenerator
generator: ArithmeticExtensionGenerator
generator: ArithmeticExtensionGenerator
generator: ArithmeticExtensionGenerator
generator: ArithmeticExtensionGenerator
generator: ArithmeticExtensionGenerator
generator: ArithmeticExtensionGenerator
generator: ArithmeticExtensionGenerator
generator: ArithmeticExtensionGenerator
generator: ArithmeticExtensionGenerator
generator: ArithmeticExtensionGenerator
generator: ArithmeticExtensionGenerator
generator: ArithmeticExtensionGenerator
generator: ArithmeticExtensionGenerator
generator: ArithmeticExtensionGenerator
generator: ArithmeticExtensionGenerator
generator: ArithmeticExtensionGenerator
generator: ArithmeticExtensionGenerator
generator: ArithmeticExtensionGenerator
generator: ArithmeticExtensionGenerator
generator: ArithmeticExtensionGenerator
generator: ArithmeticExtensionGenerator
generator: ArithmeticExtensionGenerator
generator: ArithmeticExtensionGenerator
generator: ArithmeticExtensionGenerator
generator: ArithmeticExtensionGenerator
generator: ArithmeticExtensionGenerator
generator: ArithmeticExtensionGenerator
generator: MulExtensionGenerator
generator: MulExtensionGenerator
generator: MulExtensionGenerator
generator: MulExtensionGenerator
generator: MulExtensionGenerator
generator: MulExtensionGenerator
generator: MulExtensionGenerator
generator: MulExtensionGenerator
generator: MulExtensionGenerator
generator: MulExtensionGenerator
generator: MulExtensionGenerator
generator: MulExtensionGenerator
generator: MulExtensionGenerator
generator: MulExtensionGenerator
generator: MulExtensionGenerator
generator: MulExtensionGenerator
generator: MulExtensionGenerator
generator: MulExtensionGenerator
generator: MulExtensionGenerator
generator: MulExtensionGenerator
generator: MulExtensionGenerator
generator: MulExtensionGenerator
generator: MulExtensionGenerator
generator: MulExtensionGenerator
generator: MulExtensionGenerator
generator: MulExtensionGenerator
generator: MulExtensionGenerator
generator: MulExtensionGenerator
generator: MulExtensionGenerator
generator: MulExtensionGenerator
generator: MulExtensionGenerator
generator: MulExtensionGenerator
generator: MulExtensionGenerator
generator: MulExtensionGenerator
generator: MulExtensionGenerator
generator: MulExtensionGenerator
generator: MulExtensionGenerator
generator: MulExtensionGenerator
generator: MulExtensionGenerator
generator: MulExtensionGenerator
generator: MulExtensionGenerator
generator: MulExtensionGenerator
generator: MulExtensionGenerator
generator: MulExtensionGenerator
generator: MulExtensionGenerator
generator: MulExtensionGenerator
generator: MulExtensionGenerator
generator: MulExtensionGenerator
generator: MulExtensionGenerator
generator: MulExtensionGenerator
generator: MulExtensionGenerator
generator: MulExtensionGenerator
generator: PoseidonMdsGenerator
generator: ArithmeticExtensionGenerator
generator: ArithmeticExtensionGenerator
generator: ArithmeticExtensionGenerator
generator: ArithmeticExtensionGenerator
generator: ArithmeticExtensionGenerator
generator: ArithmeticExtensionGenerator
generator: ArithmeticExtensionGenerator
generator: ArithmeticExtensionGenerator
generator: ArithmeticExtensionGenerator
generator: ArithmeticExtensionGenerator
generator: ArithmeticExtensionGenerator
generator: ArithmeticExtensionGenerator
generator: ArithmeticExtensionGenerator
generator: ArithmeticExtensionGenerator
generator: ArithmeticExtensionGenerator
generator: ArithmeticExtensionGenerator
generator: ArithmeticExtensionGenerator
generator: ArithmeticExtensionGenerator
generator: ArithmeticExtensionGenerator
generator: ArithmeticExtensionGenerator
generator: ArithmeticExtensionGenerator
generator: ArithmeticExtensionGenerator
generator: ArithmeticExtensionGenerator
generator: ArithmeticExtensionGenerator
generator: ArithmeticExtensionGenerator
generator: ArithmeticExtensionGenerator
generator: ArithmeticExtensionGenerator
generator: ArithmeticExtensionGenerator
generator: ArithmeticExtensionGenerator
generator: ArithmeticExtensionGenerator
generator: ArithmeticExtensionGenerator
generator: ArithmeticExtensionGenerator
generator: ArithmeticExtensionGenerator
generator: ArithmeticExtensionGenerator
generator: ArithmeticExtensionGenerator
generator: ArithmeticExtensionGenerator
generator: ArithmeticExtensionGenerator
generator: ArithmeticExtensionGenerator
generator: ArithmeticExtensionGenerator
generator: ArithmeticExtensionGenerator
generator: ArithmeticExtensionGenerator
generator: ArithmeticExtensionGenerator
generator: ArithmeticExtensionGenerator
generator: ArithmeticExtensionGenerator
generator: ArithmeticExtensionGenerator
generator: ArithmeticExtensionGenerator
generator: ArithmeticExtensionGenerator
generator: ArithmeticExtensionGenerator
generator: ArithmeticExtensionGenerator
generator: ArithmeticExtensionGenerator
generator: ArithmeticExtensionGenerator
generator: ArithmeticExtensionGenerator
generator: ArithmeticExtensionGenerator
generator: ArithmeticExtensionGenerator
generator: ArithmeticExtensionGenerator
generator: ArithmeticExtensionGenerator
generator: ArithmeticExtensionGenerator
generator: ArithmeticExtensionGenerator
generator: ArithmeticExtensionGenerator
generator: ArithmeticExtensionGenerator
generator: ArithmeticExtensionGenerator
generator: ArithmeticExtensionGenerator
generator: ArithmeticExtensionGenerator
generator: ArithmeticExtensionGenerator
generator: ArithmeticExtensionGenerator
generator: ArithmeticExtensionGenerator
generator: ArithmeticExtensionGenerator
generator: ArithmeticExtensionGenerator
generator: ArithmeticExtensionGenerator
generator: ArithmeticExtensionGenerator
generator: ArithmeticExtensionGenerator
generator: ArithmeticExtensionGenerator
generator: ArithmeticExtensionGenerator
generator: ArithmeticExtensionGenerator
generator: ArithmeticExtensionGenerator
generator: ArithmeticExtensionGenerator
generator: ArithmeticExtensionGenerator
generator: ArithmeticExtensionGenerator
generator: ArithmeticExtensionGenerator
generator: ArithmeticExtensionGenerator
generator: ArithmeticExtensionGenerator
generator: ArithmeticExtensionGenerator
generator: ArithmeticExtensionGenerator
generator: ArithmeticExtensionGenerator
generator: ArithmeticExtensionGenerator
generator: ArithmeticExtensionGenerator
generator: ArithmeticExtensionGenerator
generator: ArithmeticExtensionGenerator
generator: ArithmeticExtensionGenerator
generator: ArithmeticExtensionGenerator
generator: ArithmeticExtensionGenerator
generator: ArithmeticExtensionGenerator
generator: ArithmeticExtensionGenerator
generator: ArithmeticExtensionGenerator
generator: ArithmeticExtensionGenerator
generator: ArithmeticExtensionGenerator
generator: ArithmeticExtensionGenerator
generator: ArithmeticExtensionGenerator
generator: ArithmeticExtensionGenerator
generator: ArithmeticExtensionGenerator
generator: ArithmeticExtensionGenerator
generator: ArithmeticExtensionGenerator
generator: ArithmeticExtensionGenerator
generator: ArithmeticExtensionGenerator
generator: ArithmeticExtensionGenerator
generator: ArithmeticExtensionGenerator
generator: ArithmeticExtensionGenerator
generator: ArithmeticExtensionGenerator
generator: ArithmeticExtensionGenerator
generator: ArithmeticExtensionGenerator
generator: ArithmeticExtensionGenerator
generator: ArithmeticExtensionGenerator
generator: ArithmeticExtensionGenerator
generator: ArithmeticExtensionGenerator
generator: ArithmeticExtensionGenerator
generator: ArithmeticExtensionGenerator
generator: ArithmeticExtensionGenerator
generator: ArithmeticExtensionGenerator
generator: ArithmeticExtensionGenerator
generator: ArithmeticExtensionGenerator
generator: MulExtensionGenerator
generator: MulExtensionGenerator
generator: MulExtensionGenerator
generator: MulExtensionGenerator
generator: MulExtensionGenerator
generator: MulExtensionGenerator
generator: MulExtensionGenerator
generator: MulExtensionGenerator
generator: MulExtensionGenerator
generator: MulExtensionGenerator
generator: MulExtensionGenerator
generator: MulExtensionGenerator
generator: MulExtensionGenerator
generator: MulExtensionGenerator
generator: MulExtensionGenerator
generator: MulExtensionGenerator
generator: MulExtensionGenerator
generator: MulExtensionGenerator
generator: MulExtensionGenerator
generator: MulExtensionGenerator
generator: MulExtensionGenerator
generator: MulExtensionGenerator
generator: MulExtensionGenerator
generator: MulExtensionGenerator
generator: MulExtensionGenerator
generator: MulExtensionGenerator
generator: MulExtensionGenerator
generator: MulExtensionGenerator
generator: MulExtensionGenerator
generator: MulExtensionGenerator
generator: MulExtensionGenerator
generator: MulExtensionGenerator
generator: MulExtensionGenerator
generator: MulExtensionGenerator
generator: MulExtensionGenerator
generator: MulExtensionGenerator
generator: MulExtensionGenerator
generator: MulExtensionGenerator
generator: MulExtensionGenerator
generator: MulExtensionGenerator
generator: MulExtensionGenerator
generator: MulExtensionGenerator
generator: MulExtensionGenerator
generator: MulExtensionGenerator
generator: MulExtensionGenerator
generator: MulExtensionGenerator
generator: MulExtensionGenerator
generator: MulExtensionGenerator
generator: MulExtensionGenerator
generator: MulExtensionGenerator
generator: MulExtensionGenerator
generator: MulExtensionGenerator
generator: MulExtensionGenerator
generator: MulExtensionGenerator
generator: MulExtensionGenerator
generator: MulExtensionGenerator
generator: MulExtensionGenerator
generator: MulExtensionGenerator
generator: MulExtensionGenerator
generator: MulExtensionGenerator
generator: MulExtensionGenerator
generator: MulExtensionGenerator
generator: MulExtensionGenerator
generator: MulExtensionGenerator
generator: MulExtensionGenerator
generator: MulExtensionGenerator
generator: MulExtensionGenerator
generator: MulExtensionGenerator
generator: MulExtensionGenerator
generator: MulExtensionGenerator
generator: MulExtensionGenerator
generator: MulExtensionGenerator
generator: MulExtensionGenerator
generator: MulExtensionGenerator
generator: MulExtensionGenerator
generator: MulExtensionGenerator
generator: MulExtensionGenerator
generator: MulExtensionGenerator
generator: ArithmeticExtensionGenerator
generator: ArithmeticExtensionGenerator
generator: ArithmeticExtensionGenerator
generator: ArithmeticExtensionGenerator
generator: ArithmeticExtensionGenerator
generator: ArithmeticExtensionGenerator
generator: ArithmeticExtensionGenerator
generator: ArithmeticExtensionGenerator
generator: ArithmeticExtensionGenerator
generator: ArithmeticExtensionGenerator
generator: ArithmeticExtensionGenerator
generator: ArithmeticExtensionGenerator
generator: ArithmeticExtensionGenerator
generator: ArithmeticExtensionGenerator
generator: ArithmeticExtensionGenerator
generator: ArithmeticExtensionGenerator
generator: ArithmeticExtensionGenerator
generator: ArithmeticExtensionGenerator
generator: ArithmeticExtensionGenerator
generator: ArithmeticExtensionGenerator
generator: ArithmeticExtensionGenerator
generator: ArithmeticExtensionGenerator
generator: ArithmeticExtensionGenerator
generator: ArithmeticExtensionGenerator
generator: ArithmeticExtensionGenerator
generator: ArithmeticExtensionGenerator
generator: ArithmeticExtensionGenerator
generator: ArithmeticExtensionGenerator
generator: ArithmeticExtensionGenerator
generator: ArithmeticExtensionGenerator
generator: ArithmeticExtensionGenerator
generator: ArithmeticExtensionGenerator
generator: ArithmeticExtensionGenerator
generator: ArithmeticExtensionGenerator
generator: ArithmeticExtensionGenerator
generator: ArithmeticExtensionGenerator
generator: ArithmeticExtensionGenerator
generator: ArithmeticExtensionGenerator
generator: ArithmeticExtensionGenerator
generator: ArithmeticExtensionGenerator
generator: ArithmeticExtensionGenerator
generator: ArithmeticExtensionGenerator
generator: ArithmeticExtensionGenerator
generator: ArithmeticExtensionGenerator
generator: ArithmeticExtensionGenerator
generator: ArithmeticExtensionGenerator
generator: ArithmeticExtensionGenerator
generator: ArithmeticExtensionGenerator
generator: ArithmeticExtensionGenerator
generator: ArithmeticExtensionGenerator
generator: ArithmeticExtensionGenerator
generator: ArithmeticExtensionGenerator
generator: ArithmeticExtensionGenerator
generator: ArithmeticExtensionGenerator
generator: ArithmeticExtensionGenerator
generator: ArithmeticExtensionGenerator
generator: ArithmeticExtensionGenerator
generator: ArithmeticExtensionGenerator
generator: ArithmeticExtensionGenerator
generator: ArithmeticExtensionGenerator
generator: ArithmeticExtensionGenerator
generator: ArithmeticExtensionGenerator
generator: ArithmeticExtensionGenerator
generator: ArithmeticExtensionGenerator
generator: ArithmeticExtensionGenerator
generator: ArithmeticExtensionGenerator
generator: ArithmeticExtensionGenerator
generator: ArithmeticExtensionGenerator
generator: ArithmeticExtensionGenerator
generator: ArithmeticExtensionGenerator
generator: ArithmeticExtensionGenerator
generator: ArithmeticExtensionGenerator
generator: ArithmeticExtensionGenerator
generator: ArithmeticExtensionGenerator
generator: ArithmeticExtensionGenerator
generator: ArithmeticExtensionGenerator
generator: ArithmeticExtensionGenerator
generator: ArithmeticExtensionGenerator
generator: ArithmeticExtensionGenerator
generator: ArithmeticExtensionGenerator
generator: ArithmeticExtensionGenerator
generator: ArithmeticExtensionGenerator
generator: ArithmeticExtensionGenerator
generator: ArithmeticExtensionGenerator
generator: ArithmeticExtensionGenerator
generator: ArithmeticExtensionGenerator
generator: ArithmeticExtensionGenerator
generator: ArithmeticExtensionGenerator
generator: ArithmeticExtensionGenerator
generator: ArithmeticExtensionGenerator
generator: ArithmeticExtensionGenerator
generator: ArithmeticExtensionGenerator
generator: ArithmeticExtensionGenerator
generator: ArithmeticExtensionGenerator
generator: ArithmeticExtensionGenerator
generator: ArithmeticExtensionGenerator
generator: ArithmeticExtensionGenerator
generator: ArithmeticExtensionGenerator
generator: ArithmeticExtensionGenerator
generator: ArithmeticExtensionGenerator
generator: ArithmeticExtensionGenerator
generator: ArithmeticExtensionGenerator
generator: ArithmeticExtensionGenerator
generator: ArithmeticExtensionGenerator
generator: ArithmeticExtensionGenerator
generator: ArithmeticExtensionGenerator
generator: ArithmeticExtensionGenerator
generator: ArithmeticExtensionGenerator
generator: ArithmeticExtensionGenerator
generator: ArithmeticExtensionGenerator
generator: ArithmeticExtensionGenerator
generator: ArithmeticExtensionGenerator
generator: ArithmeticExtensionGenerator
generator: ArithmeticExtensionGenerator
generator: ArithmeticExtensionGenerator
generator: ArithmeticExtensionGenerator
generator: ArithmeticExtensionGenerator
generator: ArithmeticExtensionGenerator
generator: ArithmeticExtensionGenerator
generator: ArithmeticExtensionGenerator
generator: ArithmeticExtensionGenerator
generator: ArithmeticExtensionGenerator
generator: ArithmeticExtensionGenerator
generator: ArithmeticExtensionGenerator
generator: ArithmeticExtensionGenerator
generator: ArithmeticExtensionGenerator
generator: ArithmeticExtensionGenerator
generator: ArithmeticExtensionGenerator
generator: ArithmeticExtensionGenerator
generator: ArithmeticExtensionGenerator
generator: ArithmeticExtensionGenerator
generator: ArithmeticExtensionGenerator
generator: ArithmeticExtensionGenerator
generator: ArithmeticExtensionGenerator
generator: ArithmeticExtensionGenerator
generator: ArithmeticExtensionGenerator
generator: ArithmeticExtensionGenerator
generator: ArithmeticExtensionGenerator
generator: ArithmeticExtensionGenerator
generator: ArithmeticExtensionGenerator
generator: ArithmeticExtensionGenerator
generator: ArithmeticExtensionGenerator
generator: ArithmeticExtensionGenerator
generator: ArithmeticExtensionGenerator
generator: ArithmeticExtensionGenerator
generator: ArithmeticExtensionGenerator
generator: ArithmeticExtensionGenerator
generator: ArithmeticExtensionGenerator
generator: ArithmeticExtensionGenerator
generator: ArithmeticExtensionGenerator
generator: ArithmeticExtensionGenerator
generator: ArithmeticExtensionGenerator
generator: ArithmeticExtensionGenerator
generator: ArithmeticExtensionGenerator
generator: ArithmeticExtensionGenerator
generator: ArithmeticExtensionGenerator
generator: ArithmeticExtensionGenerator
generator: ArithmeticExtensionGenerator
generator: ArithmeticExtensionGenerator
generator: ArithmeticExtensionGenerator
generator: ArithmeticExtensionGenerator
generator: ArithmeticExtensionGenerator
generator: ArithmeticExtensionGenerator
generator: ArithmeticExtensionGenerator
generator: ArithmeticExtensionGenerator
generator: ArithmeticExtensionGenerator
generator: ArithmeticExtensionGenerator
generator: ArithmeticExtensionGenerator
generator: ArithmeticExtensionGenerator
generator: ArithmeticExtensionGenerator
generator: ArithmeticExtensionGenerator
generator: ArithmeticExtensionGenerator
generator: ArithmeticExtensionGenerator
generator: ArithmeticExtensionGenerator
generator: ArithmeticExtensionGenerator
generator: ArithmeticExtensionGenerator
generator: ArithmeticExtensionGenerator
generator: ArithmeticExtensionGenerator
generator: ArithmeticExtensionGenerator
generator: ArithmeticExtensionGenerator
generator: ArithmeticExtensionGenerator
generator: ArithmeticExtensionGenerator
generator: ArithmeticExtensionGenerator
generator: ArithmeticExtensionGenerator
generator: ArithmeticExtensionGenerator
generator: ArithmeticExtensionGenerator
generator: ArithmeticExtensionGenerator
generator: ArithmeticExtensionGenerator
generator: ArithmeticExtensionGenerator
generator: ArithmeticExtensionGenerator
generator: ArithmeticExtensionGenerator
generator: ArithmeticExtensionGenerator
generator: ArithmeticExtensionGenerator
generator: ArithmeticExtensionGenerator
generator: ArithmeticExtensionGenerator
generator: ArithmeticExtensionGenerator
generator: ArithmeticExtensionGenerator
generator: ArithmeticExtensionGenerator
generator: ArithmeticExtensionGenerator
generator: ArithmeticExtensionGenerator
generator: ArithmeticExtensionGenerator
generator: ArithmeticExtensionGenerator
generator: ArithmeticExtensionGenerator
generator: ArithmeticExtensionGenerator
generator: ArithmeticExtensionGenerator
generator: ArithmeticExtensionGenerator
generator: ArithmeticExtensionGenerator
generator: ArithmeticExtensionGenerator
generator: ArithmeticExtensionGenerator
generator: ArithmeticExtensionGenerator
generator: ArithmeticExtensionGenerator
generator: ArithmeticExtensionGenerator
generator: ArithmeticExtensionGenerator
generator: ArithmeticExtensionGenerator
generator: ArithmeticExtensionGenerator
generator: ArithmeticExtensionGenerator
generator: ArithmeticExtensionGenerator
generator: ArithmeticExtensionGenerator
generator: ArithmeticExtensionGenerator
generator: ArithmeticExtensionGenerator
generator: ArithmeticExtensionGenerator
generator: ArithmeticExtensionGenerator
generator: ArithmeticExtensionGenerator
generator: ArithmeticExtensionGenerator
generator: ArithmeticExtensionGenerator
generator: ArithmeticExtensionGenerator
generator: ArithmeticExtensionGenerator
generator: ArithmeticExtensionGenerator
generator: ArithmeticExtensionGenerator
generator: ArithmeticExtensionGenerator
generator: ArithmeticExtensionGenerator
generator: ArithmeticExtensionGenerator
generator: ArithmeticExtensionGenerator
generator: ArithmeticExtensionGenerator
generator: ArithmeticExtensionGenerator
generator: ArithmeticExtensionGenerator
generator: ArithmeticExtensionGenerator
generator: ArithmeticExtensionGenerator
generator: ArithmeticExtensionGenerator
generator: ArithmeticExtensionGenerator
generator: MulExtensionGenerator
generator: MulExtensionGenerator
generator: MulExtensionGenerator
generator: MulExtensionGenerator
generator: MulExtensionGenerator
generator: MulExtensionGenerator
generator: MulExtensionGenerator
generator: MulExtensionGenerator
generator: MulExtensionGenerator
generator: MulExtensionGenerator
generator: MulExtensionGenerator
generator: MulExtensionGenerator
generator: MulExtensionGenerator
generator: MulExtensionGenerator
generator: MulExtensionGenerator
generator: MulExtensionGenerator
generator: MulExtensionGenerator
generator: MulExtensionGenerator
generator: MulExtensionGenerator
generator: MulExtensionGenerator
generator: MulExtensionGenerator
generator: MulExtensionGenerator
generator: MulExtensionGenerator
generator: MulExtensionGenerator
generator: MulExtensionGenerator
generator: MulExtensionGenerator
generator: MulExtensionGenerator
generator: MulExtensionGenerator
generator: MulExtensionGenerator
generator: MulExtensionGenerator
generator: MulExtensionGenerator
generator: MulExtensionGenerator
generator: MulExtensionGenerator
generator: MulExtensionGenerator
generator: MulExtensionGenerator
generator: MulExtensionGenerator
generator: MulExtensionGenerator
generator: MulExtensionGenerator
generator: MulExtensionGenerator
generator: MulExtensionGenerator
generator: MulExtensionGenerator
generator: MulExtensionGenerator
generator: MulExtensionGenerator
generator: MulExtensionGenerator
generator: MulExtensionGenerator
generator: MulExtensionGenerator
generator: MulExtensionGenerator
generator: MulExtensionGenerator
generator: MulExtensionGenerator
generator: MulExtensionGenerator
generator: MulExtensionGenerator
generator: MulExtensionGenerator
generator: MulExtensionGenerator
generator: MulExtensionGenerator
generator: MulExtensionGenerator
generator: MulExtensionGenerator
generator: MulExtensionGenerator
generator: MulExtensionGenerator
generator: MulExtensionGenerator
generator: MulExtensionGenerator
generator: MulExtensionGenerator
generator: MulExtensionGenerator
generator: MulExtensionGenerator
generator: MulExtensionGenerator
generator: MulExtensionGenerator
generator: MulExtensionGenerator
generator: MulExtensionGenerator
generator: MulExtensionGenerator
generator: MulExtensionGenerator
generator: MulExtensionGenerator
generator: MulExtensionGenerator
generator: MulExtensionGenerator
generator: MulExtensionGenerator
generator: MulExtensionGenerator
generator: MulExtensionGenerator
generator: MulExtensionGenerator
generator: MulExtensionGenerator
generator: MulExtensionGenerator
generator: MulExtensionGenerator
generator: MulExtensionGenerator
generator: MulExtensionGenerator
generator: MulExtensionGenerator
generator: MulExtensionGenerator
generator: MulExtensionGenerator
generator: MulExtensionGenerator
generator: MulExtensionGenerator
generator: MulExtensionGenerator
generator: MulExtensionGenerator
generator: MulExtensionGenerator
generator: MulExtensionGenerator
generator: MulExtensionGenerator
generator: ArithmeticExtensionGenerator
generator: ArithmeticExtensionGenerator
generator: ArithmeticExtensionGenerator
generator: ArithmeticExtensionGenerator
generator: ArithmeticExtensionGenerator
generator: ArithmeticExtensionGenerator
generator: ArithmeticExtensionGenerator
generator: ArithmeticExtensionGenerator
generator: ArithmeticExtensionGenerator
generator: ArithmeticExtensionGenerator
generator: MulExtensionGenerator
generator: MulExtensionGenerator
generator: MulExtensionGenerator
generator: MulExtensionGenerator
generator: MulExtensionGenerator
generator: MulExtensionGenerator
generator: MulExtensionGenerator
generator: MulExtensionGenerator
generator: MulExtensionGenerator
generator: MulExtensionGenerator
generator: MulExtensionGenerator
generator: MulExtensionGenerator
generator: MulExtensionGenerator
generator: MulExtensionGenerator
generator: MulExtensionGenerator
generator: MulExtensionGenerator
generator: MulExtensionGenerator
generator: MulExtensionGenerator
generator: MulExtensionGenerator
generator: MulExtensionGenerator
generator: MulExtensionGenerator
generator: MulExtensionGenerator
generator: MulExtensionGenerator
generator: MulExtensionGenerator
generator: MulExtensionGenerator
generator: MulExtensionGenerator
generator: MulExtensionGenerator
generator: MulExtensionGenerator
generator: MulExtensionGenerator
generator: MulExtensionGenerator
generator: MulExtensionGenerator
generator: MulExtensionGenerator
generator: MulExtensionGenerator
generator: MulExtensionGenerator
generator: MulExtensionGenerator
generator: MulExtensionGenerator
generator: MulExtensionGenerator
generator: MulExtensionGenerator
generator: MulExtensionGenerator
generator: MulExtensionGenerator
generator: MulExtensionGenerator
generator: MulExtensionGenerator
generator: MulExtensionGenerator
generator: MulExtensionGenerator
generator: MulExtensionGenerator
generator: MulExtensionGenerator
generator: MulExtensionGenerator
generator: MulExtensionGenerator
generator: MulExtensionGenerator
generator: MulExtensionGenerator
generator: MulExtensionGenerator
generator: MulExtensionGenerator
generator: MulExtensionGenerator
generator: MulExtensionGenerator
generator: MulExtensionGenerator
generator: MulExtensionGenerator
generator: MulExtensionGenerator
generator: MulExtensionGenerator
generator: MulExtensionGenerator
generator: MulExtensionGenerator
generator: MulExtensionGenerator
generator: MulExtensionGenerator
generator: MulExtensionGenerator
generator: MulExtensionGenerator
generator: MulExtensionGenerator
generator: ArithmeticExtensionGenerator
generator: ArithmeticExtensionGenerator
generator: ArithmeticExtensionGenerator
generator: ArithmeticExtensionGenerator
generator: ArithmeticExtensionGenerator
generator: ArithmeticExtensionGenerator
generator: ArithmeticExtensionGenerator
generator: ArithmeticExtensionGenerator
generator: ArithmeticExtensionGenerator
generator: ArithmeticExtensionGenerator
generator: ArithmeticExtensionGenerator
generator: ArithmeticExtensionGenerator
generator: ArithmeticExtensionGenerator
generator: ArithmeticExtensionGenerator
generator: ArithmeticExtensionGenerator
generator: ArithmeticExtensionGenerator
generator: ArithmeticExtensionGenerator
generator: ArithmeticExtensionGenerator
generator: ArithmeticExtensionGenerator
generator: ArithmeticExtensionGenerator
generator: ArithmeticExtensionGenerator
generator: ArithmeticExtensionGenerator
generator: ArithmeticExtensionGenerator
generator: ArithmeticExtensionGenerator
generator: ArithmeticExtensionGenerator
generator: ArithmeticExtensionGenerator
generator: ArithmeticExtensionGenerator
generator: ArithmeticExtensionGenerator
generator: ArithmeticExtensionGenerator
generator: ArithmeticExtensionGenerator
generator: ArithmeticExtensionGenerator
generator: ArithmeticExtensionGenerator
generator: ArithmeticExtensionGenerator
generator: ArithmeticExtensionGenerator
generator: ArithmeticExtensionGenerator
generator: ArithmeticExtensionGenerator
generator: ArithmeticExtensionGenerator
generator: ArithmeticExtensionGenerator
generator: ArithmeticExtensionGenerator
generator: ArithmeticExtensionGenerator
generator: ArithmeticExtensionGenerator
generator: ArithmeticExtensionGenerator
generator: ArithmeticExtensionGenerator
generator: ArithmeticExtensionGenerator
generator: ArithmeticExtensionGenerator
generator: ArithmeticExtensionGenerator
generator: ArithmeticExtensionGenerator
generator: ArithmeticExtensionGenerator
generator: ArithmeticExtensionGenerator
generator: ArithmeticExtensionGenerator
generator: ArithmeticExtensionGenerator
generator: ArithmeticExtensionGenerator
generator: ArithmeticExtensionGenerator
generator: ArithmeticExtensionGenerator
generator: ArithmeticExtensionGenerator
generator: ArithmeticExtensionGenerator
generator: ArithmeticExtensionGenerator
generator: ArithmeticExtensionGenerator
generator: ArithmeticExtensionGenerator
generator: ArithmeticExtensionGenerator
generator: ArithmeticExtensionGenerator
generator: ArithmeticExtensionGenerator
generator: ArithmeticExtensionGenerator
generator: ArithmeticExtensionGenerator
generator: ArithmeticExtensionGenerator
generator: ArithmeticExtensionGenerator
generator: ArithmeticExtensionGenerator
generator: ArithmeticExtensionGenerator
generator: ArithmeticExtensionGenerator
generator: ArithmeticExtensionGenerator
generator: ArithmeticExtensionGenerator
generator: ArithmeticExtensionGenerator
generator: ArithmeticExtensionGenerator
generator: ArithmeticExtensionGenerator
generator: ArithmeticExtensionGenerator
generator: ArithmeticExtensionGenerator
generator: ArithmeticExtensionGenerator
generator: ArithmeticExtensionGenerator
generator: ArithmeticExtensionGenerator
generator: ArithmeticExtensionGenerator
generator: ArithmeticExtensionGenerator
generator: ArithmeticExtensionGenerator
generator: ArithmeticExtensionGenerator
generator: ArithmeticExtensionGenerator
generator: ArithmeticExtensionGenerator
generator: ArithmeticExtensionGenerator
generator: ArithmeticExtensionGenerator
generator: ArithmeticExtensionGenerator
generator: ArithmeticExtensionGenerator
generator: ArithmeticExtensionGenerator
generator: ArithmeticExtensionGenerator
generator: ArithmeticExtensionGenerator
generator: ArithmeticExtensionGenerator
generator: ArithmeticExtensionGenerator
generator: ArithmeticExtensionGenerator
generator: ArithmeticExtensionGenerator
generator: ArithmeticExtensionGenerator
generator: ArithmeticExtensionGenerator
generator: ArithmeticExtensionGenerator
generator: ArithmeticExtensionGenerator
generator: ArithmeticExtensionGenerator
generator: ArithmeticExtensionGenerator
generator: ArithmeticExtensionGenerator
generator: ArithmeticExtensionGenerator
generator: ArithmeticExtensionGenerator
generator: ArithmeticExtensionGenerator
generator: ArithmeticExtensionGenerator
generator: ArithmeticExtensionGenerator
generator: ArithmeticExtensionGenerator
generator: ArithmeticExtensionGenerator
generator: ArithmeticExtensionGenerator
generator: ArithmeticExtensionGenerator
generator: ArithmeticExtensionGenerator
generator: ArithmeticExtensionGenerator
generator: ArithmeticExtensionGenerator
generator: ArithmeticExtensionGenerator
generator: ArithmeticExtensionGenerator
generator: ArithmeticExtensionGenerator
generator: ArithmeticExtensionGenerator
generator: ArithmeticExtensionGenerator
generator: ArithmeticExtensionGenerator
generator: ArithmeticExtensionGenerator
generator: ArithmeticExtensionGenerator
generator: ArithmeticExtensionGenerator
generator: ArithmeticExtensionGenerator
generator: ArithmeticExtensionGenerator
generator: ArithmeticExtensionGenerator
generator: ArithmeticExtensionGenerator
generator: ArithmeticExtensionGenerator
generator: ArithmeticExtensionGenerator
generator: ArithmeticExtensionGenerator
generator: ArithmeticExtensionGenerator
generator: ArithmeticExtensionGenerator
generator: ArithmeticExtensionGenerator
generator: ArithmeticExtensionGenerator
generator: ArithmeticExtensionGenerator
generator: ArithmeticExtensionGenerator
generator: ArithmeticExtensionGenerator
generator: ArithmeticExtensionGenerator
generator: ArithmeticExtensionGenerator
generator: ArithmeticExtensionGenerator
generator: ArithmeticExtensionGenerator
generator: ArithmeticExtensionGenerator
generator: ArithmeticExtensionGenerator
generator: ArithmeticExtensionGenerator
generator: ArithmeticExtensionGenerator
generator: ArithmeticExtensionGenerator
generator: ArithmeticExtensionGenerator
generator: ArithmeticExtensionGenerator
generator: ArithmeticExtensionGenerator
generator: ArithmeticExtensionGenerator
generator: ArithmeticExtensionGenerator
generator: ArithmeticExtensionGenerator
generator: ArithmeticExtensionGenerator
generator: ArithmeticExtensionGenerator
generator: ArithmeticExtensionGenerator
generator: ArithmeticExtensionGenerator
generator: ArithmeticExtensionGenerator
generator: ArithmeticExtensionGenerator
generator: ArithmeticExtensionGenerator
generator: ArithmeticExtensionGenerator
generator: ArithmeticExtensionGenerator
generator: ArithmeticExtensionGenerator
generator: ArithmeticExtensionGenerator
generator: ArithmeticExtensionGenerator
generator: ArithmeticExtensionGenerator
generator: ArithmeticExtensionGenerator
generator: ArithmeticExtensionGenerator
generator: ArithmeticExtensionGenerator
generator: ArithmeticExtensionGenerator
generator: ArithmeticExtensionGenerator
generator: ArithmeticExtensionGenerator
generator: ArithmeticExtensionGenerator
generator: ArithmeticExtensionGenerator
generator: ArithmeticExtensionGenerator
generator: ArithmeticExtensionGenerator
generator: ArithmeticExtensionGenerator
generator: ArithmeticExtensionGenerator
generator: ArithmeticExtensionGenerator
generator: ArithmeticExtensionGenerator
generator: ArithmeticExtensionGenerator
generator: ArithmeticExtensionGenerator
generator: ArithmeticExtensionGenerator
generator: ArithmeticExtensionGenerator
generator: ArithmeticExtensionGenerator
generator: ArithmeticExtensionGenerator
generator: ArithmeticExtensionGenerator
generator: ArithmeticExtensionGenerator
generator: ArithmeticExtensionGenerator
generator: ArithmeticExtensionGenerator
generator: ArithmeticExtensionGenerator
generator: ArithmeticExtensionGenerator
generator: ArithmeticExtensionGenerator
generator: ArithmeticExtensionGenerator
generator: ArithmeticExtensionGenerator
generator: ArithmeticExtensionGenerator
generator: ArithmeticExtensionGenerator
generator: ArithmeticExtensionGenerator
generator: ArithmeticExtensionGenerator
generator: ArithmeticExtensionGenerator
generator: ArithmeticExtensionGenerator
generator: ArithmeticExtensionGenerator
generator: ArithmeticExtensionGenerator
generator: ArithmeticExtensionGenerator
generator: ArithmeticExtensionGenerator
generator: ArithmeticExtensionGenerator
generator: ArithmeticExtensionGenerator
generator: ArithmeticExtensionGenerator
generator: ArithmeticExtensionGenerator
generator: ArithmeticExtensionGenerator
generator: ArithmeticExtensionGenerator
generator: ArithmeticExtensionGenerator
generator: ArithmeticExtensionGenerator
generator: ArithmeticExtensionGenerator
generator: ArithmeticExtensionGenerator
generator: ArithmeticExtensionGenerator
generator: ArithmeticExtensionGenerator
generator: ArithmeticExtensionGenerator
generator: ArithmeticExtensionGenerator
generator: ArithmeticExtensionGenerator
generator: ArithmeticExtensionGenerator
generator: ArithmeticExtensionGenerator
generator: ArithmeticExtensionGenerator
generator: ArithmeticExtensionGenerator
generator: ArithmeticExtensionGenerator
generator: ArithmeticExtensionGenerator
generator: ArithmeticExtensionGenerator
generator: ArithmeticExtensionGenerator
generator: ArithmeticExtensionGenerator
generator: ArithmeticExtensionGenerator
generator: ArithmeticExtensionGenerator
generator: ArithmeticExtensionGenerator
generator: ArithmeticExtensionGenerator
generator: ArithmeticExtensionGenerator
generator: ArithmeticExtensionGenerator
generator: ArithmeticExtensionGenerator
generator: ArithmeticExtensionGenerator
generator: ArithmeticExtensionGenerator
generator: ArithmeticExtensionGenerator
generator: ArithmeticExtensionGenerator
generator: MulExtensionGenerator
generator: MulExtensionGenerator
generator: MulExtensionGenerator
generator: MulExtensionGenerator
generator: MulExtensionGenerator
generator: MulExtensionGenerator
generator: MulExtensionGenerator
generator: MulExtensionGenerator
generator: MulExtensionGenerator
generator: MulExtensionGenerator
generator: MulExtensionGenerator
generator: MulExtensionGenerator
generator: MulExtensionGenerator
generator: MulExtensionGenerator
generator: MulExtensionGenerator
generator: MulExtensionGenerator
generator: MulExtensionGenerator
generator: MulExtensionGenerator
generator: MulExtensionGenerator
generator: MulExtensionGenerator
generator: MulExtensionGenerator
generator: MulExtensionGenerator
generator: MulExtensionGenerator
generator: MulExtensionGenerator
generator: MulExtensionGenerator
generator: MulExtensionGenerator
generator: MulExtensionGenerator
generator: MulExtensionGenerator
generator: MulExtensionGenerator
generator: MulExtensionGenerator
generator: MulExtensionGenerator
generator: MulExtensionGenerator
generator: MulExtensionGenerator
generator: MulExtensionGenerator
generator: MulExtensionGenerator
generator: MulExtensionGenerator
generator: MulExtensionGenerator
generator: MulExtensionGenerator
generator: MulExtensionGenerator
generator: MulExtensionGenerator
generator: MulExtensionGenerator
generator: MulExtensionGenerator
generator: MulExtensionGenerator
generator: MulExtensionGenerator
generator: MulExtensionGenerator
generator: MulExtensionGenerator
generator: MulExtensionGenerator
generator: MulExtensionGenerator
generator: MulExtensionGenerator
generator: MulExtensionGenerator
generator: MulExtensionGenerator
generator: MulExtensionGenerator
generator: MulExtensionGenerator
generator: MulExtensionGenerator
generator: MulExtensionGenerator
generator: MulExtensionGenerator
generator: MulExtensionGenerator
generator: MulExtensionGenerator
generator: MulExtensionGenerator
generator: MulExtensionGenerator
generator: MulExtensionGenerator
generator: MulExtensionGenerator
generator: MulExtensionGenerator
generator: MulExtensionGenerator
generator: MulExtensionGenerator
generator: MulExtensionGenerator
generator: MulExtensionGenerator
generator: MulExtensionGenerator
generator: MulExtensionGenerator
generator: MulExtensionGenerator
generator: MulExtensionGenerator
generator: MulExtensionGenerator
generator: MulExtensionGenerator
generator: MulExtensionGenerator
generator: MulExtensionGenerator
generator: MulExtensionGenerator
generator: MulExtensionGenerator
generator: MulExtensionGenerator
generator: ArithmeticExtensionGenerator
generator: ArithmeticExtensionGenerator
generator: ArithmeticExtensionGenerator
generator: ArithmeticExtensionGenerator
generator: ArithmeticExtensionGenerator
generator: ArithmeticExtensionGenerator
generator: ArithmeticExtensionGenerator
generator: ArithmeticExtensionGenerator
generator: ArithmeticExtensionGenerator
generator: ArithmeticExtensionGenerator
generator: MulExtensionGenerator
generator: MulExtensionGenerator
generator: MulExtensionGenerator
generator: MulExtensionGenerator
generator: MulExtensionGenerator
generator: MulExtensionGenerator
generator: MulExtensionGenerator
generator: MulExtensionGenerator
generator: MulExtensionGenerator
generator: MulExtensionGenerator
generator: MulExtensionGenerator
generator: MulExtensionGenerator
generator: MulExtensionGenerator
generator: MulExtensionGenerator
generator: MulExtensionGenerator
generator: MulExtensionGenerator
generator: MulExtensionGenerator
generator: MulExtensionGenerator
generator: MulExtensionGenerator
generator: MulExtensionGenerator
generator: MulExtensionGenerator
generator: MulExtensionGenerator
generator: MulExtensionGenerator
generator: MulExtensionGenerator
generator: MulExtensionGenerator
generator: MulExtensionGenerator
generator: MulExtensionGenerator
generator: MulExtensionGenerator
generator: MulExtensionGenerator
generator: MulExtensionGenerator
generator: MulExtensionGenerator
generator: MulExtensionGenerator
generator: MulExtensionGenerator
generator: MulExtensionGenerator
generator: MulExtensionGenerator
generator: MulExtensionGenerator
generator: MulExtensionGenerator
generator: MulExtensionGenerator
generator: MulExtensionGenerator
generator: MulExtensionGenerator
generator: MulExtensionGenerator
generator: MulExtensionGenerator
generator: MulExtensionGenerator
generator: MulExtensionGenerator
generator: MulExtensionGenerator
generator: MulExtensionGenerator
generator: MulExtensionGenerator
generator: MulExtensionGenerator
generator: MulExtensionGenerator
generator: MulExtensionGenerator
generator: MulExtensionGenerator
generator: MulExtensionGenerator
generator: MulExtensionGenerator
generator: MulExtensionGenerator
generator: MulExtensionGenerator
generator: MulExtensionGenerator
generator: MulExtensionGenerator
generator: MulExtensionGenerator
generator: MulExtensionGenerator
generator: MulExtensionGenerator
generator: MulExtensionGenerator
generator: MulExtensionGenerator
generator: MulExtensionGenerator
generator: MulExtensionGenerator
generator: MulExtensionGenerator
generator: MulExtensionGenerator
generator: MulExtensionGenerator
generator: MulExtensionGenerator
generator: MulExtensionGenerator
generator: MulExtensionGenerator
generator: MulExtensionGenerator
generator: MulExtensionGenerator
generator: MulExtensionGenerator
generator: MulExtensionGenerator
generator: MulExtensionGenerator
generator: MulExtensionGenerator
generator: MulExtensionGenerator
generator: MulExtensionGenerator
generator: ReducingExtensionGenerator
generator: ReducingExtensionGenerator
generator: ReducingExtensionGenerator
generator: ReducingExtensionGenerator
generator: ReducingExtensionGenerator
generator: ReducingExtensionGenerator
generator: ReducingExtensionGenerator
generator: ReducingExtensionGenerator
generator: ReducingExtensionGenerator
generator: ReducingExtensionGenerator
generator: ArithmeticExtensionGenerator
generator: ArithmeticExtensionGenerator
generator: ArithmeticExtensionGenerator
generator: ArithmeticExtensionGenerator
generator: ArithmeticExtensionGenerator
generator: ArithmeticExtensionGenerator
generator: ArithmeticExtensionGenerator
generator: ArithmeticExtensionGenerator
generator: ArithmeticExtensionGenerator
generator: ArithmeticExtensionGenerator
generator: ArithmeticExtensionGenerator
generator: ArithmeticExtensionGenerator
generator: ArithmeticExtensionGenerator
generator: ArithmeticExtensionGenerator
generator: ArithmeticExtensionGenerator
generator: ArithmeticExtensionGenerator
generator: ArithmeticExtensionGenerator
generator: ArithmeticExtensionGenerator
generator: ArithmeticExtensionGenerator
generator: ArithmeticExtensionGenerator
generator: BaseSplitGenerator + Base: 2
generator: ReducingExtensionGenerator
generator: ReducingExtensionGenerator
generator: ReducingExtensionGenerator
generator: ReducingExtensionGenerator
generator: ReducingExtensionGenerator
generator: ReducingExtensionGenerator
generator: ReducingExtensionGenerator
generator: ReducingExtensionGenerator
generator: BaseSplitGenerator + Base: 2
generator: BaseSplitGenerator + Base: 2
generator: ArithmeticBaseGenerator
generator: ArithmeticBaseGenerator
generator: ArithmeticBaseGenerator
generator: ArithmeticBaseGenerator
generator: ArithmeticBaseGenerator
generator: ArithmeticBaseGenerator
generator: ArithmeticBaseGenerator
generator: ArithmeticBaseGenerator
generator: ArithmeticBaseGenerator
generator: ArithmeticBaseGenerator
generator: ArithmeticBaseGenerator
generator: ArithmeticBaseGenerator
generator: ArithmeticBaseGenerator
generator: ArithmeticBaseGenerator
generator: ArithmeticBaseGenerator
generator: ArithmeticBaseGenerator
generator: ArithmeticBaseGenerator
generator: ArithmeticBaseGenerator
generator: ArithmeticBaseGenerator
generator: ArithmeticBaseGenerator
generator: PoseidonGenerator
generator: PoseidonGenerator
generator: PoseidonGenerator
generator: PoseidonGenerator
generator: PoseidonGenerator
generator: PoseidonGenerator
generator: PoseidonGenerator
generator: PoseidonGenerator
generator: PoseidonGenerator
generator: PoseidonGenerator
generator: PoseidonGenerator
generator: PoseidonGenerator
generator: PoseidonGenerator
generator: PoseidonGenerator
generator: PoseidonGenerator
generator: PoseidonGenerator
generator: PoseidonGenerator
generator: PoseidonGenerator
generator: PoseidonGenerator
generator: PoseidonGenerator
generator: PoseidonGenerator
generator: PoseidonGenerator
generator: PoseidonGenerator
generator: RandomAccessGenerator
generator: RandomAccessGenerator
generator: RandomAccessGenerator
generator: RandomAccessGenerator
generator: PoseidonGenerator
generator: PoseidonGenerator
generator: PoseidonGenerator
generator: PoseidonGenerator
generator: PoseidonGenerator
generator: PoseidonGenerator
generator: PoseidonGenerator
generator: PoseidonGenerator
generator: PoseidonGenerator
generator: PoseidonGenerator
generator: PoseidonGenerator
generator: PoseidonGenerator
generator: PoseidonGenerator
generator: PoseidonGenerator
generator: PoseidonGenerator
generator: PoseidonGenerator
generator: PoseidonGenerator
generator: PoseidonGenerator
generator: PoseidonGenerator
generator: PoseidonGenerator
generator: PoseidonGenerator
generator: PoseidonGenerator
generator: PoseidonGenerator
generator: PoseidonGenerator
generator: PoseidonGenerator
generator: PoseidonGenerator
generator: PoseidonGenerator
generator: PoseidonGenerator
generator: PoseidonGenerator
generator: RandomAccessGenerator
generator: RandomAccessGenerator
generator: RandomAccessGenerator
generator: RandomAccessGenerator
generator: PoseidonGenerator
generator: PoseidonGenerator
generator: PoseidonGenerator
generator: PoseidonGenerator
generator: PoseidonGenerator
generator: PoseidonGenerator
generator: PoseidonGenerator
generator: PoseidonGenerator
generator: PoseidonGenerator
generator: PoseidonGenerator
generator: PoseidonGenerator
generator: PoseidonGenerator
generator: PoseidonGenerator
generator: PoseidonGenerator
generator: PoseidonGenerator
generator: RandomAccessGenerator
generator: RandomAccessGenerator
generator: RandomAccessGenerator
generator: RandomAccessGenerator
generator: PoseidonGenerator
generator: PoseidonGenerator
generator: PoseidonGenerator
generator: PoseidonGenerator
generator: PoseidonGenerator
generator: PoseidonGenerator
generator: PoseidonGenerator
generator: PoseidonGenerator
generator: PoseidonGenerator
generator: PoseidonGenerator
generator: PoseidonGenerator
generator: PoseidonGenerator
generator: PoseidonGenerator
generator: PoseidonGenerator
generator: RandomAccessGenerator
generator: RandomAccessGenerator
generator: RandomAccessGenerator
generator: RandomAccessGenerator
generator: ReducingGenerator
generator: ReducingGenerator
generator: ReducingGenerator
generator: ReducingGenerator
generator: ReducingGenerator
generator: ReducingGenerator
generator: RandomAccessGenerator
generator: RandomAccessGenerator
generator: RandomAccessGenerator
generator: RandomAccessGenerator
generator: InterpolationGenerator
generator: PoseidonGenerator
generator: PoseidonGenerator
generator: PoseidonGenerator
generator: PoseidonGenerator
generator: PoseidonGenerator
generator: PoseidonGenerator
generator: PoseidonGenerator
generator: PoseidonGenerator
generator: PoseidonGenerator
generator: PoseidonGenerator
generator: PoseidonGenerator
generator: PoseidonGenerator
generator: RandomAccessGenerator
generator: RandomAccessGenerator
generator: RandomAccessGenerator
generator: RandomAccessGenerator
generator: InterpolationGenerator
generator: PoseidonGenerator
generator: PoseidonGenerator
generator: PoseidonGenerator
generator: PoseidonGenerator
generator: PoseidonGenerator
generator: PoseidonGenerator
generator: PoseidonGenerator
generator: PoseidonGenerator
generator: RandomAccessGenerator
generator: RandomAccessGenerator
generator: RandomAccessGenerator
generator: RandomAccessGenerator
generator: ArithmeticBaseGenerator
generator: ArithmeticBaseGenerator
generator: ArithmeticBaseGenerator
generator: ArithmeticBaseGenerator
generator: ArithmeticBaseGenerator
generator: ArithmeticBaseGenerator
generator: ArithmeticBaseGenerator
generator: ArithmeticBaseGenerator
generator: ArithmeticBaseGenerator
generator: ArithmeticBaseGenerator
generator: ArithmeticBaseGenerator
generator: ArithmeticBaseGenerator
generator: ArithmeticBaseGenerator
generator: ArithmeticBaseGenerator
generator: ArithmeticBaseGenerator
generator: ArithmeticBaseGenerator
generator: ArithmeticBaseGenerator
generator: ArithmeticBaseGenerator
generator: ArithmeticBaseGenerator
generator: ArithmeticBaseGenerator
generator: ReducingExtensionGenerator
generator: BaseSplitGenerator + Base: 2
generator: BaseSplitGenerator + Base: 2
generator: PoseidonGenerator
generator: PoseidonGenerator
generator: PoseidonGenerator
generator: PoseidonGenerator
generator: PoseidonGenerator
generator: PoseidonGenerator
generator: PoseidonGenerator
generator: PoseidonGenerator
generator: PoseidonGenerator
generator: PoseidonGenerator
generator: PoseidonGenerator
generator: PoseidonGenerator
generator: PoseidonGenerator
generator: PoseidonGenerator
generator: PoseidonGenerator
generator: PoseidonGenerator
generator: PoseidonGenerator
generator: PoseidonGenerator
generator: PoseidonGenerator
generator: PoseidonGenerator
generator: PoseidonGenerator
generator: PoseidonGenerator
generator: PoseidonGenerator
generator: RandomAccessGenerator
generator: RandomAccessGenerator
generator: RandomAccessGenerator
generator: RandomAccessGenerator
generator: PoseidonGenerator
generator: PoseidonGenerator
generator: PoseidonGenerator
generator: PoseidonGenerator
generator: PoseidonGenerator
generator: PoseidonGenerator
generator: PoseidonGenerator
generator: PoseidonGenerator
generator: PoseidonGenerator
generator: PoseidonGenerator
generator: PoseidonGenerator
generator: PoseidonGenerator
generator: PoseidonGenerator
generator: PoseidonGenerator
generator: PoseidonGenerator
generator: PoseidonGenerator
generator: PoseidonGenerator
generator: PoseidonGenerator
generator: PoseidonGenerator
generator: PoseidonGenerator
generator: PoseidonGenerator
generator: PoseidonGenerator
generator: PoseidonGenerator
generator: PoseidonGenerator
generator: PoseidonGenerator
generator: PoseidonGenerator
generator: PoseidonGenerator
generator: PoseidonGenerator
generator: PoseidonGenerator
generator: RandomAccessGenerator
generator: RandomAccessGenerator
generator: RandomAccessGenerator
generator: RandomAccessGenerator
generator: PoseidonGenerator
generator: PoseidonGenerator
generator: PoseidonGenerator
generator: PoseidonGenerator
generator: PoseidonGenerator
generator: PoseidonGenerator
generator: PoseidonGenerator
generator: PoseidonGenerator
generator: PoseidonGenerator
generator: PoseidonGenerator
generator: PoseidonGenerator
generator: PoseidonGenerator
generator: PoseidonGenerator
generator: PoseidonGenerator
generator: PoseidonGenerator
generator: RandomAccessGenerator
generator: RandomAccessGenerator
generator: RandomAccessGenerator
generator: RandomAccessGenerator
generator: PoseidonGenerator
generator: PoseidonGenerator
generator: PoseidonGenerator
generator: PoseidonGenerator
generator: PoseidonGenerator
generator: PoseidonGenerator
generator: PoseidonGenerator
generator: PoseidonGenerator
generator: PoseidonGenerator
generator: PoseidonGenerator
generator: PoseidonGenerator
generator: PoseidonGenerator
generator: PoseidonGenerator
generator: PoseidonGenerator
generator: RandomAccessGenerator
generator: RandomAccessGenerator
generator: RandomAccessGenerator
generator: RandomAccessGenerator
generator: ReducingGenerator
generator: ReducingGenerator
generator: ReducingGenerator
generator: ReducingGenerator
generator: ReducingGenerator
generator: ReducingGenerator
generator: ArithmeticExtensionGenerator
generator: ArithmeticExtensionGenerator
generator: ArithmeticExtensionGenerator
generator: ArithmeticExtensionGenerator
generator: ArithmeticExtensionGenerator
generator: ArithmeticExtensionGenerator
generator: ArithmeticExtensionGenerator
generator: ArithmeticExtensionGenerator
generator: ArithmeticExtensionGenerator
generator: ArithmeticExtensionGenerator
generator: RandomAccessGenerator
generator: RandomAccessGenerator
generator: RandomAccessGenerator
generator: RandomAccessGenerator
generator: InterpolationGenerator
generator: PoseidonGenerator
generator: PoseidonGenerator
generator: PoseidonGenerator
generator: PoseidonGenerator
generator: PoseidonGenerator
generator: PoseidonGenerator
generator: PoseidonGenerator
generator: PoseidonGenerator
generator: PoseidonGenerator
generator: PoseidonGenerator
generator: PoseidonGenerator
generator: PoseidonGenerator
generator: RandomAccessGenerator
generator: RandomAccessGenerator
generator: RandomAccessGenerator
generator: RandomAccessGenerator
generator: InterpolationGenerator
generator: PoseidonGenerator
generator: PoseidonGenerator
generator: PoseidonGenerator
generator: PoseidonGenerator
generator: PoseidonGenerator
generator: PoseidonGenerator
generator: PoseidonGenerator
generator: PoseidonGenerator
generator: RandomAccessGenerator
generator: RandomAccessGenerator
generator: RandomAccessGenerator
generator: RandomAccessGenerator
generator: ReducingExtensionGenerator
generator: BaseSplitGenerator + Base: 2
generator: BaseSplitGenerator + Base: 2
generator: ArithmeticBaseGenerator
generator: ArithmeticBaseGenerator
generator: ArithmeticBaseGenerator
generator: ArithmeticBaseGenerator
generator: ArithmeticBaseGenerator
generator: ArithmeticBaseGenerator
generator: ArithmeticBaseGenerator
generator: ArithmeticBaseGenerator
generator: ArithmeticBaseGenerator
generator: ArithmeticBaseGenerator
generator: ArithmeticBaseGenerator
generator: ArithmeticBaseGenerator
generator: ArithmeticBaseGenerator
generator: ArithmeticBaseGenerator
generator: ArithmeticBaseGenerator
generator: ArithmeticBaseGenerator
generator: ArithmeticBaseGenerator
generator: ArithmeticBaseGenerator
generator: ArithmeticBaseGenerator
generator: ArithmeticBaseGenerator
generator: PoseidonGenerator
generator: PoseidonGenerator
generator: PoseidonGenerator
generator: PoseidonGenerator
generator: PoseidonGenerator
generator: PoseidonGenerator
generator: PoseidonGenerator
generator: PoseidonGenerator
generator: PoseidonGenerator
generator: PoseidonGenerator
generator: PoseidonGenerator
generator: PoseidonGenerator
generator: PoseidonGenerator
generator: PoseidonGenerator
generator: PoseidonGenerator
generator: PoseidonGenerator
generator: PoseidonGenerator
generator: PoseidonGenerator
generator: PoseidonGenerator
generator: PoseidonGenerator
generator: PoseidonGenerator
generator: PoseidonGenerator
generator: PoseidonGenerator
generator: RandomAccessGenerator
generator: RandomAccessGenerator
generator: RandomAccessGenerator
generator: RandomAccessGenerator
generator: PoseidonGenerator
generator: PoseidonGenerator
generator: PoseidonGenerator
generator: PoseidonGenerator
generator: PoseidonGenerator
generator: PoseidonGenerator
generator: PoseidonGenerator
generator: PoseidonGenerator
generator: PoseidonGenerator
generator: PoseidonGenerator
generator: PoseidonGenerator
generator: PoseidonGenerator
generator: PoseidonGenerator
generator: PoseidonGenerator
generator: PoseidonGenerator
generator: PoseidonGenerator
generator: PoseidonGenerator
generator: PoseidonGenerator
generator: PoseidonGenerator
generator: PoseidonGenerator
generator: PoseidonGenerator
generator: PoseidonGenerator
generator: PoseidonGenerator
generator: PoseidonGenerator
generator: PoseidonGenerator
generator: PoseidonGenerator
generator: PoseidonGenerator
generator: PoseidonGenerator
generator: PoseidonGenerator
generator: RandomAccessGenerator
generator: RandomAccessGenerator
generator: RandomAccessGenerator
generator: RandomAccessGenerator
generator: PoseidonGenerator
generator: PoseidonGenerator
generator: PoseidonGenerator
generator: PoseidonGenerator
generator: PoseidonGenerator
generator: PoseidonGenerator
generator: PoseidonGenerator
generator: PoseidonGenerator
generator: PoseidonGenerator
generator: PoseidonGenerator
generator: PoseidonGenerator
generator: PoseidonGenerator
generator: PoseidonGenerator
generator: PoseidonGenerator
generator: PoseidonGenerator
generator: RandomAccessGenerator
generator: RandomAccessGenerator
generator: RandomAccessGenerator
generator: RandomAccessGenerator
generator: PoseidonGenerator
generator: PoseidonGenerator
generator: PoseidonGenerator
generator: PoseidonGenerator
generator: PoseidonGenerator
generator: PoseidonGenerator
generator: PoseidonGenerator
generator: PoseidonGenerator
generator: PoseidonGenerator
generator: PoseidonGenerator
generator: PoseidonGenerator
generator: PoseidonGenerator
generator: PoseidonGenerator
generator: PoseidonGenerator
generator: RandomAccessGenerator
generator: RandomAccessGenerator
generator: RandomAccessGenerator
generator: RandomAccessGenerator
generator: ReducingGenerator
generator: ReducingGenerator
generator: ReducingGenerator
generator: ReducingGenerator
generator: ReducingGenerator
generator: ReducingGenerator
generator: MulExtensionGenerator
generator: MulExtensionGenerator
generator: MulExtensionGenerator
generator: MulExtensionGenerator
generator: MulExtensionGenerator
generator: MulExtensionGenerator
generator: MulExtensionGenerator
generator: MulExtensionGenerator
generator: MulExtensionGenerator
generator: MulExtensionGenerator
generator: MulExtensionGenerator
generator: MulExtensionGenerator
generator: MulExtensionGenerator
generator: RandomAccessGenerator
generator: RandomAccessGenerator
generator: RandomAccessGenerator
generator: RandomAccessGenerator
generator: InterpolationGenerator
generator: PoseidonGenerator
generator: PoseidonGenerator
generator: PoseidonGenerator
generator: PoseidonGenerator
generator: PoseidonGenerator
generator: PoseidonGenerator
generator: PoseidonGenerator
generator: PoseidonGenerator
generator: PoseidonGenerator
generator: PoseidonGenerator
generator: PoseidonGenerator
generator: PoseidonGenerator
generator: RandomAccessGenerator
generator: RandomAccessGenerator
generator: RandomAccessGenerator
generator: RandomAccessGenerator
generator: ArithmeticBaseGenerator
generator: ArithmeticBaseGenerator
generator: ArithmeticBaseGenerator
generator: ArithmeticBaseGenerator
generator: ArithmeticBaseGenerator
generator: ArithmeticBaseGenerator
generator: ArithmeticBaseGenerator
generator: ArithmeticBaseGenerator
generator: ArithmeticBaseGenerator
generator: ArithmeticBaseGenerator
generator: ArithmeticBaseGenerator
generator: ArithmeticBaseGenerator
generator: ArithmeticBaseGenerator
generator: ArithmeticBaseGenerator
generator: ArithmeticBaseGenerator
generator: ArithmeticBaseGenerator
generator: ArithmeticBaseGenerator
generator: ArithmeticBaseGenerator
generator: ArithmeticBaseGenerator
generator: ArithmeticBaseGenerator
generator: InterpolationGenerator
generator: PoseidonGenerator
generator: PoseidonGenerator
generator: PoseidonGenerator
generator: PoseidonGenerator
generator: PoseidonGenerator
generator: PoseidonGenerator
generator: PoseidonGenerator
generator: PoseidonGenerator
generator: RandomAccessGenerator
generator: RandomAccessGenerator
generator: RandomAccessGenerator
generator: RandomAccessGenerator
generator: ReducingExtensionGenerator
generator: BaseSplitGenerator + Base: 2
generator: BaseSplitGenerator + Base: 2
generator: PoseidonGenerator
generator: PoseidonGenerator
generator: PoseidonGenerator
generator: PoseidonGenerator
generator: PoseidonGenerator
generator: PoseidonGenerator
generator: PoseidonGenerator
generator: PoseidonGenerator
generator: PoseidonGenerator
generator: PoseidonGenerator
generator: PoseidonGenerator
generator: PoseidonGenerator
generator: PoseidonGenerator
generator: PoseidonGenerator
generator: PoseidonGenerator
generator: PoseidonGenerator
generator: PoseidonGenerator
generator: PoseidonGenerator
generator: PoseidonGenerator
generator: PoseidonGenerator
generator: PoseidonGenerator
generator: PoseidonGenerator
generator: PoseidonGenerator
generator: RandomAccessGenerator
generator: RandomAccessGenerator
generator: RandomAccessGenerator
generator: RandomAccessGenerator
generator: PoseidonGenerator
generator: PoseidonGenerator
generator: PoseidonGenerator
generator: PoseidonGenerator
generator: PoseidonGenerator
generator: PoseidonGenerator
generator: PoseidonGenerator
generator: PoseidonGenerator
generator: PoseidonGenerator
generator: PoseidonGenerator
generator: PoseidonGenerator
generator: PoseidonGenerator
generator: PoseidonGenerator
generator: PoseidonGenerator
generator: PoseidonGenerator
generator: PoseidonGenerator
generator: PoseidonGenerator
generator: PoseidonGenerator
generator: PoseidonGenerator
generator: PoseidonGenerator
generator: PoseidonGenerator
generator: PoseidonGenerator
generator: PoseidonGenerator
generator: PoseidonGenerator
generator: PoseidonGenerator
generator: PoseidonGenerator
generator: PoseidonGenerator
generator: PoseidonGenerator
generator: PoseidonGenerator
generator: RandomAccessGenerator
generator: RandomAccessGenerator
generator: RandomAccessGenerator
generator: RandomAccessGenerator
generator: PoseidonGenerator
generator: PoseidonGenerator
generator: PoseidonGenerator
generator: PoseidonGenerator
generator: PoseidonGenerator
generator: PoseidonGenerator
generator: PoseidonGenerator
generator: PoseidonGenerator
generator: PoseidonGenerator
generator: PoseidonGenerator
generator: PoseidonGenerator
generator: PoseidonGenerator
generator: PoseidonGenerator
generator: PoseidonGenerator
generator: PoseidonGenerator
generator: RandomAccessGenerator
generator: RandomAccessGenerator
generator: RandomAccessGenerator
generator: RandomAccessGenerator
generator: PoseidonGenerator
generator: PoseidonGenerator
generator: PoseidonGenerator
generator: PoseidonGenerator
generator: PoseidonGenerator
generator: PoseidonGenerator
generator: PoseidonGenerator
generator: PoseidonGenerator
generator: PoseidonGenerator
generator: PoseidonGenerator
generator: PoseidonGenerator
generator: PoseidonGenerator
generator: PoseidonGenerator
generator: PoseidonGenerator
generator: RandomAccessGenerator
generator: RandomAccessGenerator
generator: RandomAccessGenerator
generator: RandomAccessGenerator
generator: ReducingGenerator
generator: ReducingGenerator
generator: ReducingGenerator
generator: ReducingGenerator
generator: ReducingGenerator
generator: ReducingGenerator
generator: ArithmeticExtensionGenerator
generator: ArithmeticExtensionGenerator
generator: ArithmeticExtensionGenerator
generator: ArithmeticExtensionGenerator
generator: ArithmeticExtensionGenerator
generator: ArithmeticExtensionGenerator
generator: ArithmeticExtensionGenerator
generator: ArithmeticExtensionGenerator
generator: ArithmeticExtensionGenerator
generator: ArithmeticExtensionGenerator
generator: ArithmeticExtensionGenerator
generator: ArithmeticExtensionGenerator
generator: ArithmeticExtensionGenerator
generator: ArithmeticExtensionGenerator
generator: ArithmeticExtensionGenerator
generator: ArithmeticExtensionGenerator
generator: ArithmeticExtensionGenerator
generator: ArithmeticExtensionGenerator
generator: ArithmeticExtensionGenerator
generator: ArithmeticExtensionGenerator
generator: RandomAccessGenerator
generator: RandomAccessGenerator
generator: RandomAccessGenerator
generator: RandomAccessGenerator
generator: InterpolationGenerator
generator: PoseidonGenerator
generator: PoseidonGenerator
generator: PoseidonGenerator
generator: PoseidonGenerator
generator: PoseidonGenerator
generator: PoseidonGenerator
generator: PoseidonGenerator
generator: PoseidonGenerator
generator: PoseidonGenerator
generator: PoseidonGenerator
generator: PoseidonGenerator
generator: PoseidonGenerator
generator: RandomAccessGenerator
generator: RandomAccessGenerator
generator: RandomAccessGenerator
generator: RandomAccessGenerator
generator: InterpolationGenerator
generator: PoseidonGenerator
generator: PoseidonGenerator
generator: PoseidonGenerator
generator: PoseidonGenerator
generator: PoseidonGenerator
generator: PoseidonGenerator
generator: PoseidonGenerator
generator: PoseidonGenerator
generator: RandomAccessGenerator
generator: RandomAccessGenerator
generator: RandomAccessGenerator
generator: RandomAccessGenerator
generator: ReducingExtensionGenerator
generator: BaseSplitGenerator + Base: 2
generator: BaseSplitGenerator + Base: 2
generator: ArithmeticBaseGenerator
generator: ArithmeticBaseGenerator
generator: ArithmeticBaseGenerator
generator: ArithmeticBaseGenerator
generator: ArithmeticBaseGenerator
generator: ArithmeticBaseGenerator
generator: ArithmeticBaseGenerator
generator: ArithmeticBaseGenerator
generator: ArithmeticBaseGenerator
generator: ArithmeticBaseGenerator
generator: ArithmeticBaseGenerator
generator: ArithmeticBaseGenerator
generator: ArithmeticBaseGenerator
generator: ArithmeticBaseGenerator
generator: ArithmeticBaseGenerator
generator: ArithmeticBaseGenerator
generator: ArithmeticBaseGenerator
generator: ArithmeticBaseGenerator
generator: ArithmeticBaseGenerator
generator: ArithmeticBaseGenerator
generator: PoseidonGenerator
generator: PoseidonGenerator
generator: PoseidonGenerator
generator: PoseidonGenerator
generator: PoseidonGenerator
generator: PoseidonGenerator
generator: PoseidonGenerator
generator: PoseidonGenerator
generator: PoseidonGenerator
generator: PoseidonGenerator
generator: PoseidonGenerator
generator: PoseidonGenerator
generator: PoseidonGenerator
generator: PoseidonGenerator
generator: PoseidonGenerator
generator: PoseidonGenerator
generator: PoseidonGenerator
generator: PoseidonGenerator
generator: PoseidonGenerator
generator: PoseidonGenerator
generator: PoseidonGenerator
generator: PoseidonGenerator
generator: PoseidonGenerator
generator: RandomAccessGenerator
generator: RandomAccessGenerator
generator: RandomAccessGenerator
generator: RandomAccessGenerator
generator: PoseidonGenerator
generator: PoseidonGenerator
generator: PoseidonGenerator
generator: PoseidonGenerator
generator: PoseidonGenerator
generator: PoseidonGenerator
generator: PoseidonGenerator
generator: PoseidonGenerator
generator: PoseidonGenerator
generator: PoseidonGenerator
generator: PoseidonGenerator
generator: PoseidonGenerator
generator: PoseidonGenerator
generator: PoseidonGenerator
generator: PoseidonGenerator
generator: PoseidonGenerator
generator: PoseidonGenerator
generator: PoseidonGenerator
generator: PoseidonGenerator
generator: PoseidonGenerator
generator: PoseidonGenerator
generator: PoseidonGenerator
generator: PoseidonGenerator
generator: PoseidonGenerator
generator: PoseidonGenerator
generator: PoseidonGenerator
generator: PoseidonGenerator
generator: PoseidonGenerator
generator: PoseidonGenerator
generator: RandomAccessGenerator
generator: RandomAccessGenerator
generator: RandomAccessGenerator
generator: RandomAccessGenerator
generator: PoseidonGenerator
generator: PoseidonGenerator
generator: PoseidonGenerator
generator: PoseidonGenerator
generator: PoseidonGenerator
generator: PoseidonGenerator
generator: PoseidonGenerator
generator: PoseidonGenerator
generator: PoseidonGenerator
generator: PoseidonGenerator
generator: PoseidonGenerator
generator: PoseidonGenerator
generator: PoseidonGenerator
generator: PoseidonGenerator
generator: PoseidonGenerator
generator: RandomAccessGenerator
generator: RandomAccessGenerator
generator: RandomAccessGenerator
generator: RandomAccessGenerator
generator: PoseidonGenerator
generator: PoseidonGenerator
generator: PoseidonGenerator
generator: PoseidonGenerator
generator: PoseidonGenerator
generator: PoseidonGenerator
generator: PoseidonGenerator
generator: PoseidonGenerator
generator: PoseidonGenerator
generator: PoseidonGenerator
generator: PoseidonGenerator
generator: PoseidonGenerator
generator: PoseidonGenerator
generator: PoseidonGenerator
generator: RandomAccessGenerator
generator: RandomAccessGenerator
generator: RandomAccessGenerator
generator: RandomAccessGenerator
generator: ArithmeticBaseGenerator
generator: ArithmeticBaseGenerator
generator: ArithmeticBaseGenerator
generator: ArithmeticBaseGenerator
generator: ArithmeticBaseGenerator
generator: ArithmeticBaseGenerator
generator: ArithmeticBaseGenerator
generator: ArithmeticBaseGenerator
generator: ArithmeticBaseGenerator
generator: ArithmeticBaseGenerator
generator: ArithmeticBaseGenerator
generator: ArithmeticBaseGenerator
generator: ArithmeticBaseGenerator
generator: ArithmeticBaseGenerator
generator: ArithmeticBaseGenerator
generator: ArithmeticBaseGenerator
generator: ArithmeticBaseGenerator
generator: ArithmeticBaseGenerator
generator: ArithmeticBaseGenerator
generator: ArithmeticBaseGenerator
generator: ArithmeticBaseGenerator
generator: ArithmeticBaseGenerator
generator: ArithmeticBaseGenerator
generator: ArithmeticBaseGenerator
generator: ArithmeticBaseGenerator
generator: ArithmeticBaseGenerator
generator: ArithmeticBaseGenerator
generator: ArithmeticBaseGenerator
generator: ArithmeticBaseGenerator
generator: ArithmeticBaseGenerator
generator: ArithmeticBaseGenerator
generator: ArithmeticBaseGenerator
generator: ArithmeticBaseGenerator
generator: ArithmeticBaseGenerator
generator: ArithmeticBaseGenerator
generator: ArithmeticBaseGenerator
generator: ArithmeticBaseGenerator
generator: ArithmeticBaseGenerator
generator: ArithmeticBaseGenerator
generator: ArithmeticBaseGenerator
generator: ArithmeticBaseGenerator
generator: ArithmeticBaseGenerator
generator: ArithmeticBaseGenerator
generator: ArithmeticBaseGenerator
generator: ArithmeticBaseGenerator
generator: ArithmeticBaseGenerator
generator: ArithmeticBaseGenerator
generator: ArithmeticBaseGenerator
generator: ArithmeticBaseGenerator
generator: ArithmeticBaseGenerator
generator: ArithmeticBaseGenerator
generator: ArithmeticBaseGenerator
generator: ArithmeticBaseGenerator
generator: ArithmeticBaseGenerator
generator: ArithmeticBaseGenerator
generator: ArithmeticBaseGenerator
generator: ArithmeticBaseGenerator
generator: ArithmeticBaseGenerator
generator: ArithmeticBaseGenerator
generator: ArithmeticBaseGenerator
generator: ArithmeticBaseGenerator
generator: ArithmeticBaseGenerator
generator: ArithmeticBaseGenerator
generator: ArithmeticBaseGenerator
generator: ArithmeticBaseGenerator
generator: ArithmeticBaseGenerator
generator: ArithmeticBaseGenerator
generator: ArithmeticBaseGenerator
generator: ArithmeticBaseGenerator
generator: ArithmeticBaseGenerator
generator: ArithmeticBaseGenerator
generator: ArithmeticBaseGenerator
generator: ArithmeticBaseGenerator
generator: ArithmeticBaseGenerator
generator: ArithmeticBaseGenerator
generator: ArithmeticBaseGenerator
generator: ArithmeticBaseGenerator
generator: ArithmeticBaseGenerator
generator: ArithmeticBaseGenerator
generator: ArithmeticBaseGenerator
generator: ArithmeticBaseGenerator
generator: ArithmeticBaseGenerator
generator: ArithmeticBaseGenerator
generator: ArithmeticBaseGenerator
generator: ArithmeticBaseGenerator
generator: ArithmeticBaseGenerator
generator: ArithmeticBaseGenerator
generator: ArithmeticBaseGenerator
generator: ArithmeticBaseGenerator
generator: ArithmeticBaseGenerator
generator: ArithmeticBaseGenerator
generator: ArithmeticBaseGenerator
generator: ArithmeticBaseGenerator
generator: ArithmeticBaseGenerator
generator: ArithmeticBaseGenerator
generator: ArithmeticBaseGenerator
generator: ArithmeticBaseGenerator
generator: ArithmeticBaseGenerator
generator: ArithmeticBaseGenerator
generator: ArithmeticBaseGenerator
generator: ArithmeticBaseGenerator
generator: ArithmeticBaseGenerator
generator: ArithmeticBaseGenerator
generator: ArithmeticBaseGenerator
generator: ArithmeticBaseGenerator
generator: ArithmeticBaseGenerator
generator: ArithmeticBaseGenerator
generator: ArithmeticBaseGenerator
generator: ArithmeticBaseGenerator
generator: ArithmeticBaseGenerator
generator: ArithmeticBaseGenerator
generator: ArithmeticBaseGenerator
generator: ArithmeticBaseGenerator
generator: ArithmeticBaseGenerator
generator: ArithmeticBaseGenerator
generator: ArithmeticBaseGenerator
generator: ArithmeticBaseGenerator
generator: ArithmeticBaseGenerator
generator: ArithmeticBaseGenerator
generator: ArithmeticBaseGenerator
generator: ArithmeticBaseGenerator
generator: ArithmeticBaseGenerator
generator: ArithmeticBaseGenerator
generator: ArithmeticBaseGenerator
generator: ArithmeticBaseGenerator
generator: ArithmeticBaseGenerator
generator: ArithmeticBaseGenerator
generator: ArithmeticBaseGenerator
generator: ArithmeticBaseGenerator
generator: ArithmeticBaseGenerator
generator: ArithmeticBaseGenerator
generator: ArithmeticBaseGenerator
generator: ArithmeticBaseGenerator
generator: ArithmeticBaseGenerator
generator: ArithmeticBaseGenerator
generator: ArithmeticBaseGenerator
generator: ArithmeticBaseGenerator
generator: ArithmeticBaseGenerator
generator: ArithmeticBaseGenerator
generator: ArithmeticBaseGenerator
generator: ArithmeticBaseGenerator
generator: ArithmeticBaseGenerator
generator: ArithmeticBaseGenerator
generator: ArithmeticBaseGenerator
generator: ArithmeticBaseGenerator
generator: ArithmeticBaseGenerator
generator: ArithmeticBaseGenerator
generator: ArithmeticBaseGenerator
generator: ArithmeticBaseGenerator
generator: ArithmeticBaseGenerator
generator: ArithmeticBaseGenerator
generator: ArithmeticBaseGenerator
generator: ArithmeticBaseGenerator
generator: ArithmeticBaseGenerator
generator: ArithmeticBaseGenerator
generator: ArithmeticBaseGenerator
generator: ArithmeticBaseGenerator
generator: ArithmeticBaseGenerator
generator: ArithmeticBaseGenerator
generator: ArithmeticBaseGenerator
generator: ArithmeticBaseGenerator
generator: ArithmeticBaseGenerator
generator: ArithmeticBaseGenerator
generator: ArithmeticBaseGenerator
generator: ArithmeticBaseGenerator
generator: ArithmeticBaseGenerator
generator: ArithmeticBaseGenerator
generator: ArithmeticBaseGenerator
generator: ArithmeticBaseGenerator
generator: ArithmeticBaseGenerator
generator: ArithmeticBaseGenerator
generator: ArithmeticBaseGenerator
generator: ArithmeticBaseGenerator
generator: ArithmeticBaseGenerator
generator: ArithmeticBaseGenerator
generator: ArithmeticBaseGenerator
generator: ArithmeticBaseGenerator
generator: ArithmeticBaseGenerator
generator: ArithmeticBaseGenerator
generator: ArithmeticBaseGenerator
generator: ArithmeticBaseGenerator
generator: ArithmeticBaseGenerator
generator: ArithmeticBaseGenerator
generator: ArithmeticBaseGenerator
generator: ArithmeticBaseGenerator
generator: ArithmeticBaseGenerator
generator: ArithmeticBaseGenerator
generator: ArithmeticBaseGenerator
generator: ArithmeticBaseGenerator
generator: ArithmeticBaseGenerator
generator: ArithmeticBaseGenerator
generator: ArithmeticBaseGenerator
generator: ArithmeticBaseGenerator
generator: ArithmeticBaseGenerator
generator: ArithmeticBaseGenerator
generator: ArithmeticBaseGenerator
generator: ArithmeticBaseGenerator
generator: ArithmeticBaseGenerator
generator: ArithmeticBaseGenerator
generator: ArithmeticBaseGenerator
generator: ArithmeticBaseGenerator
generator: ArithmeticBaseGenerator
generator: ArithmeticBaseGenerator
generator: ArithmeticBaseGenerator
generator: ArithmeticBaseGenerator
generator: ArithmeticBaseGenerator
generator: ArithmeticBaseGenerator
generator: ArithmeticBaseGenerator
generator: ArithmeticBaseGenerator
generator: ArithmeticBaseGenerator
generator: ArithmeticBaseGenerator
generator: ArithmeticBaseGenerator
generator: ArithmeticBaseGenerator
generator: ArithmeticBaseGenerator
generator: ArithmeticBaseGenerator
generator: ArithmeticBaseGenerator
generator: ArithmeticBaseGenerator
generator: ArithmeticBaseGenerator
generator: ArithmeticBaseGenerator
generator: ArithmeticBaseGenerator
generator: ArithmeticBaseGenerator
generator: ArithmeticBaseGenerator
generator: ArithmeticBaseGenerator
generator: ArithmeticBaseGenerator
generator: ArithmeticBaseGenerator
generator: ArithmeticBaseGenerator
generator: ArithmeticBaseGenerator
generator: ArithmeticBaseGenerator
generator: ArithmeticBaseGenerator
generator: ArithmeticBaseGenerator
generator: ArithmeticBaseGenerator
generator: ArithmeticBaseGenerator
generator: ArithmeticBaseGenerator
generator: ArithmeticBaseGenerator
generator: ArithmeticBaseGenerator
generator: ArithmeticBaseGenerator
generator: ArithmeticBaseGenerator
generator: ArithmeticBaseGenerator
generator: ArithmeticBaseGenerator
generator: ArithmeticBaseGenerator
generator: ArithmeticBaseGenerator
generator: ArithmeticBaseGenerator
generator: ArithmeticBaseGenerator
generator: ArithmeticBaseGenerator
generator: ArithmeticBaseGenerator
generator: ArithmeticBaseGenerator
generator: ArithmeticBaseGenerator
generator: ArithmeticBaseGenerator
generator: ArithmeticBaseGenerator
generator: ArithmeticBaseGenerator
generator: ArithmeticBaseGenerator
generator: ArithmeticBaseGenerator
generator: ArithmeticBaseGenerator
generator: ArithmeticBaseGenerator
generator: ArithmeticBaseGenerator
generator: ArithmeticBaseGenerator
generator: ArithmeticBaseGenerator
generator: ArithmeticBaseGenerator
generator: ArithmeticBaseGenerator
generator: ArithmeticBaseGenerator
generator: ArithmeticBaseGenerator
generator: ArithmeticBaseGenerator
generator: ArithmeticBaseGenerator
generator: ArithmeticBaseGenerator
generator: ArithmeticBaseGenerator
generator: ArithmeticBaseGenerator
generator: ArithmeticBaseGenerator
generator: ArithmeticBaseGenerator
generator: ArithmeticBaseGenerator
generator: ArithmeticBaseGenerator
generator: ArithmeticBaseGenerator
generator: ArithmeticBaseGenerator
generator: ArithmeticBaseGenerator
generator: ArithmeticBaseGenerator
generator: ArithmeticBaseGenerator
generator: ArithmeticBaseGenerator
generator: ArithmeticBaseGenerator
generator: ArithmeticBaseGenerator
generator: ArithmeticBaseGenerator
generator: ArithmeticBaseGenerator
generator: ArithmeticBaseGenerator
generator: ArithmeticBaseGenerator
generator: ArithmeticBaseGenerator
generator: ArithmeticBaseGenerator
generator: ArithmeticBaseGenerator
generator: ArithmeticBaseGenerator
generator: ArithmeticBaseGenerator
generator: ArithmeticBaseGenerator
generator: ArithmeticBaseGenerator
generator: ArithmeticBaseGenerator
generator: ArithmeticBaseGenerator
generator: ArithmeticBaseGenerator
generator: ArithmeticBaseGenerator
generator: ArithmeticBaseGenerator
generator: ArithmeticBaseGenerator
generator: ArithmeticBaseGenerator
generator: ArithmeticBaseGenerator
generator: ArithmeticBaseGenerator
generator: ArithmeticBaseGenerator
generator: ArithmeticBaseGenerator
generator: ArithmeticBaseGenerator
generator: ArithmeticBaseGenerator
generator: ArithmeticBaseGenerator
generator: ArithmeticBaseGenerator
generator: ArithmeticBaseGenerator
generator: ArithmeticBaseGenerator
generator: ArithmeticBaseGenerator
generator: ArithmeticBaseGenerator
generator: ArithmeticBaseGenerator
generator: ArithmeticBaseGenerator
generator: ArithmeticBaseGenerator
generator: ArithmeticBaseGenerator
generator: ArithmeticBaseGenerator
generator: ArithmeticBaseGenerator
generator: ArithmeticBaseGenerator
generator: ArithmeticBaseGenerator
generator: ArithmeticBaseGenerator
generator: ArithmeticBaseGenerator
generator: ArithmeticBaseGenerator
generator: ArithmeticBaseGenerator
generator: ReducingGenerator
generator: ReducingGenerator
generator: ReducingGenerator
generator: ReducingGenerator
generator: ReducingGenerator
generator: ReducingGenerator
generator: RandomAccessGenerator
generator: RandomAccessGenerator
generator: RandomAccessGenerator
generator: RandomAccessGenerator
generator: ArithmeticBaseGenerator
generator: ArithmeticBaseGenerator
generator: ArithmeticBaseGenerator
generator: ArithmeticBaseGenerator
generator: ArithmeticBaseGenerator
generator: ArithmeticBaseGenerator
generator: ArithmeticBaseGenerator
generator: ArithmeticBaseGenerator
generator: ArithmeticBaseGenerator
generator: ArithmeticBaseGenerator
generator: ArithmeticBaseGenerator
generator: ArithmeticBaseGenerator
generator: ArithmeticBaseGenerator
generator: ArithmeticBaseGenerator
generator: ArithmeticBaseGenerator
generator: ArithmeticBaseGenerator
generator: ArithmeticBaseGenerator
generator: ArithmeticBaseGenerator
generator: ArithmeticBaseGenerator
generator: ArithmeticBaseGenerator
generator: ArithmeticBaseGenerator
generator: ArithmeticBaseGenerator
generator: ArithmeticBaseGenerator
generator: ArithmeticBaseGenerator
generator: ArithmeticBaseGenerator
generator: ArithmeticBaseGenerator
generator: ArithmeticBaseGenerator
generator: ArithmeticBaseGenerator
generator: ArithmeticBaseGenerator
generator: ArithmeticBaseGenerator
generator: ArithmeticBaseGenerator
generator: ArithmeticBaseGenerator
generator: ArithmeticBaseGenerator
generator: ArithmeticBaseGenerator
generator: ArithmeticBaseGenerator
generator: ArithmeticBaseGenerator
generator: ArithmeticBaseGenerator
generator: ArithmeticBaseGenerator
generator: ArithmeticBaseGenerator
generator: ArithmeticBaseGenerator
generator: ArithmeticBaseGenerator
generator: ArithmeticBaseGenerator
generator: ArithmeticBaseGenerator
generator: ArithmeticBaseGenerator
generator: ArithmeticBaseGenerator
generator: ArithmeticBaseGenerator
generator: ArithmeticBaseGenerator
generator: ArithmeticBaseGenerator
generator: ArithmeticBaseGenerator
generator: ArithmeticBaseGenerator
generator: ArithmeticBaseGenerator
generator: ArithmeticBaseGenerator
generator: ArithmeticBaseGenerator
generator: ArithmeticBaseGenerator
generator: ArithmeticBaseGenerator
generator: ArithmeticBaseGenerator
generator: ArithmeticBaseGenerator
generator: ArithmeticBaseGenerator
generator: ArithmeticBaseGenerator
generator: ArithmeticBaseGenerator
generator: InterpolationGenerator
generator: PoseidonGenerator
generator: PoseidonGenerator
generator: PoseidonGenerator
generator: PoseidonGenerator
generator: PoseidonGenerator
generator: PoseidonGenerator
generator: PoseidonGenerator
generator: PoseidonGenerator
generator: PoseidonGenerator
generator: PoseidonGenerator
generator: PoseidonGenerator
generator: PoseidonGenerator
generator: RandomAccessGenerator
generator: RandomAccessGenerator
generator: RandomAccessGenerator
generator: RandomAccessGenerator
generator: ArithmeticBaseGenerator
generator: ArithmeticBaseGenerator
generator: ArithmeticBaseGenerator
generator: ArithmeticBaseGenerator
generator: ArithmeticBaseGenerator
generator: ArithmeticBaseGenerator
generator: ArithmeticBaseGenerator
generator: ArithmeticBaseGenerator
generator: ArithmeticBaseGenerator
generator: ArithmeticBaseGenerator
generator: ArithmeticBaseGenerator
generator: ArithmeticBaseGenerator
generator: ArithmeticBaseGenerator
generator: ArithmeticBaseGenerator
generator: ArithmeticBaseGenerator
generator: ArithmeticBaseGenerator
generator: ArithmeticBaseGenerator
generator: ArithmeticBaseGenerator
generator: ArithmeticBaseGenerator
generator: ArithmeticBaseGenerator
generator: InterpolationGenerator
generator: PoseidonGenerator
generator: PoseidonGenerator
generator: PoseidonGenerator
generator: PoseidonGenerator
generator: PoseidonGenerator
generator: PoseidonGenerator
generator: PoseidonGenerator
generator: PoseidonGenerator
generator: RandomAccessGenerator
generator: RandomAccessGenerator
generator: RandomAccessGenerator
generator: RandomAccessGenerator
generator: ReducingExtensionGenerator
generator: BaseSplitGenerator + Base: 2
generator: BaseSplitGenerator + Base: 2
generator: PoseidonGenerator
generator: PoseidonGenerator
generator: PoseidonGenerator
generator: PoseidonGenerator
generator: PoseidonGenerator
generator: PoseidonGenerator
generator: PoseidonGenerator
generator: PoseidonGenerator
generator: PoseidonGenerator
generator: PoseidonGenerator
generator: PoseidonGenerator
generator: PoseidonGenerator
generator: PoseidonGenerator
generator: PoseidonGenerator
generator: PoseidonGenerator
generator: PoseidonGenerator
generator: PoseidonGenerator
generator: PoseidonGenerator
generator: PoseidonGenerator
generator: PoseidonGenerator
generator: PoseidonGenerator
generator: PoseidonGenerator
generator: PoseidonGenerator
generator: RandomAccessGenerator
generator: RandomAccessGenerator
generator: RandomAccessGenerator
generator: RandomAccessGenerator
generator: PoseidonGenerator
generator: PoseidonGenerator
generator: PoseidonGenerator
generator: PoseidonGenerator
generator: PoseidonGenerator
generator: PoseidonGenerator
generator: PoseidonGenerator
generator: PoseidonGenerator
generator: PoseidonGenerator
generator: PoseidonGenerator
generator: PoseidonGenerator
generator: PoseidonGenerator
generator: PoseidonGenerator
generator: PoseidonGenerator
generator: PoseidonGenerator
generator: PoseidonGenerator
generator: PoseidonGenerator
generator: PoseidonGenerator
generator: PoseidonGenerator
generator: PoseidonGenerator
generator: PoseidonGenerator
generator: PoseidonGenerator
generator: PoseidonGenerator
generator: PoseidonGenerator
generator: PoseidonGenerator
generator: PoseidonGenerator
generator: PoseidonGenerator
generator: PoseidonGenerator
generator: PoseidonGenerator
generator: RandomAccessGenerator
generator: RandomAccessGenerator
generator: RandomAccessGenerator
generator: RandomAccessGenerator
generator: PoseidonGenerator
generator: PoseidonGenerator
generator: PoseidonGenerator
generator: PoseidonGenerator
generator: PoseidonGenerator
generator: PoseidonGenerator
generator: PoseidonGenerator
generator: PoseidonGenerator
generator: PoseidonGenerator
generator: PoseidonGenerator
generator: PoseidonGenerator
generator: PoseidonGenerator
generator: PoseidonGenerator
generator: PoseidonGenerator
generator: PoseidonGenerator
generator: RandomAccessGenerator
generator: RandomAccessGenerator
generator: RandomAccessGenerator
generator: RandomAccessGenerator
generator: PoseidonGenerator
generator: PoseidonGenerator
generator: PoseidonGenerator
generator: PoseidonGenerator
generator: PoseidonGenerator
generator: PoseidonGenerator
generator: PoseidonGenerator
generator: PoseidonGenerator
generator: PoseidonGenerator
generator: PoseidonGenerator
generator: PoseidonGenerator
generator: PoseidonGenerator
generator: PoseidonGenerator
generator: PoseidonGenerator
generator: RandomAccessGenerator
generator: RandomAccessGenerator
generator: RandomAccessGenerator
generator: RandomAccessGenerator
generator: ReducingGenerator
generator: ReducingGenerator
generator: ReducingGenerator
generator: ReducingGenerator
generator: ReducingGenerator
generator: ReducingGenerator
generator: MulExtensionGenerator
generator: MulExtensionGenerator
generator: MulExtensionGenerator
generator: MulExtensionGenerator
generator: MulExtensionGenerator
generator: MulExtensionGenerator
generator: MulExtensionGenerator
generator: MulExtensionGenerator
generator: MulExtensionGenerator
generator: MulExtensionGenerator
generator: MulExtensionGenerator
generator: MulExtensionGenerator
generator: MulExtensionGenerator
generator: RandomAccessGenerator
generator: RandomAccessGenerator
generator: RandomAccessGenerator
generator: RandomAccessGenerator
generator: InterpolationGenerator
generator: PoseidonGenerator
generator: PoseidonGenerator
generator: PoseidonGenerator
generator: PoseidonGenerator
generator: PoseidonGenerator
generator: PoseidonGenerator
generator: PoseidonGenerator
generator: PoseidonGenerator
generator: PoseidonGenerator
generator: PoseidonGenerator
generator: PoseidonGenerator
generator: PoseidonGenerator
generator: RandomAccessGenerator
generator: RandomAccessGenerator
generator: RandomAccessGenerator
generator: RandomAccessGenerator
generator: InterpolationGenerator
generator: PoseidonGenerator
generator: PoseidonGenerator
generator: PoseidonGenerator
generator: PoseidonGenerator
generator: PoseidonGenerator
generator: PoseidonGenerator
generator: PoseidonGenerator
generator: PoseidonGenerator
generator: RandomAccessGenerator
generator: RandomAccessGenerator
generator: RandomAccessGenerator
generator: RandomAccessGenerator
generator: ReducingExtensionGenerator
generator: BaseSplitGenerator + Base: 2
generator: BaseSplitGenerator + Base: 2
generator: ArithmeticBaseGenerator
generator: ArithmeticBaseGenerator
generator: ArithmeticBaseGenerator
generator: ArithmeticBaseGenerator
generator: ArithmeticBaseGenerator
generator: ArithmeticBaseGenerator
generator: ArithmeticBaseGenerator
generator: ArithmeticBaseGenerator
generator: ArithmeticBaseGenerator
generator: ArithmeticBaseGenerator
generator: ArithmeticBaseGenerator
generator: ArithmeticBaseGenerator
generator: ArithmeticBaseGenerator
generator: ArithmeticBaseGenerator
generator: ArithmeticBaseGenerator
generator: ArithmeticBaseGenerator
generator: ArithmeticBaseGenerator
generator: ArithmeticBaseGenerator
generator: ArithmeticBaseGenerator
generator: ArithmeticBaseGenerator
generator: PoseidonGenerator
generator: PoseidonGenerator
generator: PoseidonGenerator
generator: PoseidonGenerator
generator: PoseidonGenerator
generator: PoseidonGenerator
generator: PoseidonGenerator
generator: PoseidonGenerator
generator: PoseidonGenerator
generator: PoseidonGenerator
generator: PoseidonGenerator
generator: PoseidonGenerator
generator: PoseidonGenerator
generator: PoseidonGenerator
generator: PoseidonGenerator
generator: PoseidonGenerator
generator: PoseidonGenerator
generator: PoseidonGenerator
generator: PoseidonGenerator
generator: PoseidonGenerator
generator: PoseidonGenerator
generator: PoseidonGenerator
generator: PoseidonGenerator
generator: RandomAccessGenerator
generator: RandomAccessGenerator
generator: RandomAccessGenerator
generator: RandomAccessGenerator
generator: PoseidonGenerator
generator: PoseidonGenerator
generator: PoseidonGenerator
generator: PoseidonGenerator
generator: PoseidonGenerator
generator: PoseidonGenerator
generator: PoseidonGenerator
generator: PoseidonGenerator
generator: PoseidonGenerator
generator: PoseidonGenerator
generator: PoseidonGenerator
generator: PoseidonGenerator
generator: PoseidonGenerator
generator: PoseidonGenerator
generator: PoseidonGenerator
generator: PoseidonGenerator
generator: PoseidonGenerator
generator: PoseidonGenerator
generator: PoseidonGenerator
generator: PoseidonGenerator
generator: PoseidonGenerator
generator: PoseidonGenerator
generator: PoseidonGenerator
generator: PoseidonGenerator
generator: PoseidonGenerator
generator: PoseidonGenerator
generator: PoseidonGenerator
generator: PoseidonGenerator
generator: PoseidonGenerator
generator: RandomAccessGenerator
generator: RandomAccessGenerator
generator: RandomAccessGenerator
generator: RandomAccessGenerator
generator: PoseidonGenerator
generator: PoseidonGenerator
generator: PoseidonGenerator
generator: PoseidonGenerator
generator: PoseidonGenerator
generator: PoseidonGenerator
generator: PoseidonGenerator
generator: PoseidonGenerator
generator: PoseidonGenerator
generator: PoseidonGenerator
generator: PoseidonGenerator
generator: PoseidonGenerator
generator: PoseidonGenerator
generator: PoseidonGenerator
generator: PoseidonGenerator
generator: RandomAccessGenerator
generator: RandomAccessGenerator
generator: RandomAccessGenerator
generator: RandomAccessGenerator
generator: PoseidonGenerator
generator: PoseidonGenerator
generator: PoseidonGenerator
generator: PoseidonGenerator
generator: PoseidonGenerator
generator: PoseidonGenerator
generator: PoseidonGenerator
generator: PoseidonGenerator
generator: PoseidonGenerator
generator: PoseidonGenerator
generator: PoseidonGenerator
generator: PoseidonGenerator
generator: PoseidonGenerator
generator: PoseidonGenerator
generator: RandomAccessGenerator
generator: RandomAccessGenerator
generator: RandomAccessGenerator
generator: RandomAccessGenerator
generator: ReducingGenerator
generator: ReducingGenerator
generator: ReducingGenerator
generator: ReducingGenerator
generator: ReducingGenerator
generator: ReducingGenerator
generator: ArithmeticExtensionGenerator
generator: ArithmeticExtensionGenerator
generator: ArithmeticExtensionGenerator
generator: ArithmeticExtensionGenerator
generator: ArithmeticExtensionGenerator
generator: ArithmeticExtensionGenerator
generator: ArithmeticExtensionGenerator
generator: ArithmeticExtensionGenerator
generator: ArithmeticExtensionGenerator
generator: ArithmeticExtensionGenerator
generator: RandomAccessGenerator
generator: RandomAccessGenerator
generator: RandomAccessGenerator
generator: RandomAccessGenerator
generator: InterpolationGenerator
generator: PoseidonGenerator
generator: PoseidonGenerator
generator: PoseidonGenerator
generator: PoseidonGenerator
generator: PoseidonGenerator
generator: PoseidonGenerator
generator: PoseidonGenerator
generator: PoseidonGenerator
generator: PoseidonGenerator
generator: PoseidonGenerator
generator: PoseidonGenerator
generator: PoseidonGenerator
generator: RandomAccessGenerator
generator: RandomAccessGenerator
generator: RandomAccessGenerator
generator: RandomAccessGenerator
generator: ArithmeticBaseGenerator
generator: ArithmeticBaseGenerator
generator: ArithmeticBaseGenerator
generator: ArithmeticBaseGenerator
generator: ArithmeticBaseGenerator
generator: ArithmeticBaseGenerator
generator: ArithmeticBaseGenerator
generator: ArithmeticBaseGenerator
generator: ArithmeticBaseGenerator
generator: ArithmeticBaseGenerator
generator: ArithmeticBaseGenerator
generator: ArithmeticBaseGenerator
generator: ArithmeticBaseGenerator
generator: ArithmeticBaseGenerator
generator: ArithmeticBaseGenerator
generator: ArithmeticBaseGenerator
generator: ArithmeticBaseGenerator
generator: ArithmeticBaseGenerator
generator: ArithmeticBaseGenerator
generator: ArithmeticBaseGenerator
generator: InterpolationGenerator
generator: PoseidonGenerator
generator: PoseidonGenerator
generator: PoseidonGenerator
generator: PoseidonGenerator
generator: PoseidonGenerator
generator: PoseidonGenerator
generator: PoseidonGenerator
generator: PoseidonGenerator
generator: RandomAccessGenerator
generator: RandomAccessGenerator
generator: RandomAccessGenerator
generator: RandomAccessGenerator
generator: ReducingExtensionGenerator
generator: BaseSplitGenerator + Base: 2
generator: BaseSplitGenerator + Base: 2
generator: PoseidonGenerator
generator: PoseidonGenerator
generator: PoseidonGenerator
generator: PoseidonGenerator
generator: PoseidonGenerator
generator: PoseidonGenerator
generator: PoseidonGenerator
generator: PoseidonGenerator
generator: PoseidonGenerator
generator: PoseidonGenerator
generator: PoseidonGenerator
generator: PoseidonGenerator
generator: PoseidonGenerator
generator: PoseidonGenerator
generator: PoseidonGenerator
generator: PoseidonGenerator
generator: PoseidonGenerator
generator: PoseidonGenerator
generator: PoseidonGenerator
generator: PoseidonGenerator
generator: PoseidonGenerator
generator: PoseidonGenerator
generator: PoseidonGenerator
generator: RandomAccessGenerator
generator: RandomAccessGenerator
generator: RandomAccessGenerator
generator: RandomAccessGenerator
generator: PoseidonGenerator
generator: PoseidonGenerator
generator: PoseidonGenerator
generator: PoseidonGenerator
generator: PoseidonGenerator
generator: PoseidonGenerator
generator: PoseidonGenerator
generator: PoseidonGenerator
generator: PoseidonGenerator
generator: PoseidonGenerator
generator: PoseidonGenerator
generator: PoseidonGenerator
generator: PoseidonGenerator
generator: PoseidonGenerator
generator: PoseidonGenerator
generator: PoseidonGenerator
generator: PoseidonGenerator
generator: PoseidonGenerator
generator: PoseidonGenerator
generator: PoseidonGenerator
generator: PoseidonGenerator
generator: PoseidonGenerator
generator: PoseidonGenerator
generator: PoseidonGenerator
generator: PoseidonGenerator
generator: PoseidonGenerator
generator: PoseidonGenerator
generator: PoseidonGenerator
generator: PoseidonGenerator
generator: RandomAccessGenerator
generator: RandomAccessGenerator
generator: RandomAccessGenerator
generator: RandomAccessGenerator
generator: PoseidonGenerator
generator: PoseidonGenerator
generator: PoseidonGenerator
generator: PoseidonGenerator
generator: PoseidonGenerator
generator: PoseidonGenerator
generator: PoseidonGenerator
generator: PoseidonGenerator
generator: PoseidonGenerator
generator: PoseidonGenerator
generator: PoseidonGenerator
generator: PoseidonGenerator
generator: PoseidonGenerator
generator: PoseidonGenerator
generator: PoseidonGenerator
generator: RandomAccessGenerator
generator: RandomAccessGenerator
generator: RandomAccessGenerator
generator: RandomAccessGenerator
generator: PoseidonGenerator
generator: PoseidonGenerator
generator: PoseidonGenerator
generator: PoseidonGenerator
generator: PoseidonGenerator
generator: PoseidonGenerator
generator: PoseidonGenerator
generator: PoseidonGenerator
generator: PoseidonGenerator
generator: PoseidonGenerator
generator: PoseidonGenerator
generator: PoseidonGenerator
generator: PoseidonGenerator
generator: PoseidonGenerator
generator: RandomAccessGenerator
generator: RandomAccessGenerator
generator: RandomAccessGenerator
generator: RandomAccessGenerator
generator: ReducingGenerator
generator: ReducingGenerator
generator: ReducingGenerator
generator: ReducingGenerator
generator: ReducingGenerator
generator: ReducingGenerator
generator: RandomAccessGenerator
generator: RandomAccessGenerator
generator: RandomAccessGenerator
generator: RandomAccessGenerator
generator: InterpolationGenerator
generator: PoseidonGenerator
generator: PoseidonGenerator
generator: PoseidonGenerator
generator: PoseidonGenerator
generator: PoseidonGenerator
generator: PoseidonGenerator
generator: PoseidonGenerator
generator: PoseidonGenerator
generator: PoseidonGenerator
generator: PoseidonGenerator
generator: PoseidonGenerator
generator: PoseidonGenerator
generator: RandomAccessGenerator
generator: RandomAccessGenerator
generator: RandomAccessGenerator
generator: RandomAccessGenerator
generator: InterpolationGenerator
generator: PoseidonGenerator
generator: PoseidonGenerator
generator: PoseidonGenerator
generator: PoseidonGenerator
generator: PoseidonGenerator
generator: PoseidonGenerator
generator: PoseidonGenerator
generator: PoseidonGenerator
generator: RandomAccessGenerator
generator: RandomAccessGenerator
generator: RandomAccessGenerator
generator: RandomAccessGenerator
generator: ReducingExtensionGenerator
generator: BaseSplitGenerator + Base: 2
generator: BaseSplitGenerator + Base: 2
generator: ArithmeticBaseGenerator
generator: ArithmeticBaseGenerator
generator: ArithmeticBaseGenerator
generator: ArithmeticBaseGenerator
generator: ArithmeticBaseGenerator
generator: ArithmeticBaseGenerator
generator: ArithmeticBaseGenerator
generator: ArithmeticBaseGenerator
generator: ArithmeticBaseGenerator
generator: ArithmeticBaseGenerator
generator: ArithmeticBaseGenerator
generator: ArithmeticBaseGenerator
generator: ArithmeticBaseGenerator
generator: ArithmeticBaseGenerator
generator: ArithmeticBaseGenerator
generator: ArithmeticBaseGenerator
generator: ArithmeticBaseGenerator
generator: ArithmeticBaseGenerator
generator: ArithmeticBaseGenerator
generator: ArithmeticBaseGenerator
generator: PoseidonGenerator
generator: PoseidonGenerator
generator: PoseidonGenerator
generator: PoseidonGenerator
generator: PoseidonGenerator
generator: PoseidonGenerator
generator: PoseidonGenerator
generator: PoseidonGenerator
generator: PoseidonGenerator
generator: PoseidonGenerator
generator: PoseidonGenerator
generator: PoseidonGenerator
generator: PoseidonGenerator
generator: PoseidonGenerator
generator: PoseidonGenerator
generator: PoseidonGenerator
generator: PoseidonGenerator
generator: PoseidonGenerator
generator: PoseidonGenerator
generator: PoseidonGenerator
generator: PoseidonGenerator
generator: PoseidonGenerator
generator: PoseidonGenerator
generator: RandomAccessGenerator
generator: RandomAccessGenerator
generator: RandomAccessGenerator
generator: RandomAccessGenerator
generator: PoseidonGenerator
generator: PoseidonGenerator
generator: PoseidonGenerator
generator: PoseidonGenerator
generator: PoseidonGenerator
generator: PoseidonGenerator
generator: PoseidonGenerator
generator: PoseidonGenerator
generator: PoseidonGenerator
generator: PoseidonGenerator
generator: PoseidonGenerator
generator: PoseidonGenerator
generator: PoseidonGenerator
generator: PoseidonGenerator
generator: PoseidonGenerator
generator: PoseidonGenerator
generator: PoseidonGenerator
generator: PoseidonGenerator
generator: PoseidonGenerator
generator: PoseidonGenerator
generator: PoseidonGenerator
generator: PoseidonGenerator
generator: PoseidonGenerator
generator: PoseidonGenerator
generator: PoseidonGenerator
generator: PoseidonGenerator
generator: PoseidonGenerator
generator: PoseidonGenerator
generator: PoseidonGenerator
generator: RandomAccessGenerator
generator: RandomAccessGenerator
generator: RandomAccessGenerator
generator: RandomAccessGenerator
generator: PoseidonGenerator
generator: PoseidonGenerator
generator: PoseidonGenerator
generator: PoseidonGenerator
generator: PoseidonGenerator
generator: PoseidonGenerator
generator: PoseidonGenerator
generator: PoseidonGenerator
generator: PoseidonGenerator
generator: PoseidonGenerator
generator: PoseidonGenerator
generator: PoseidonGenerator
generator: PoseidonGenerator
generator: PoseidonGenerator
generator: PoseidonGenerator
generator: RandomAccessGenerator
generator: RandomAccessGenerator
generator: RandomAccessGenerator
generator: RandomAccessGenerator
generator: PoseidonGenerator
generator: PoseidonGenerator
generator: PoseidonGenerator
generator: PoseidonGenerator
generator: PoseidonGenerator
generator: PoseidonGenerator
generator: PoseidonGenerator
generator: PoseidonGenerator
generator: PoseidonGenerator
generator: PoseidonGenerator
generator: PoseidonGenerator
generator: PoseidonGenerator
generator: PoseidonGenerator
generator: PoseidonGenerator
generator: RandomAccessGenerator
generator: RandomAccessGenerator
generator: RandomAccessGenerator
generator: RandomAccessGenerator
generator: ArithmeticBaseGenerator
generator: ArithmeticBaseGenerator
generator: ArithmeticBaseGenerator
generator: ArithmeticBaseGenerator
generator: ArithmeticBaseGenerator
generator: ArithmeticBaseGenerator
generator: ArithmeticBaseGenerator
generator: ArithmeticBaseGenerator
generator: ArithmeticBaseGenerator
generator: ArithmeticBaseGenerator
generator: ArithmeticBaseGenerator
generator: ArithmeticBaseGenerator
generator: ArithmeticBaseGenerator
generator: ArithmeticBaseGenerator
generator: ArithmeticBaseGenerator
generator: ArithmeticBaseGenerator
generator: ArithmeticBaseGenerator
generator: ArithmeticBaseGenerator
generator: ArithmeticBaseGenerator
generator: ArithmeticBaseGenerator
generator: ReducingGenerator
generator: ReducingGenerator
generator: ReducingGenerator
generator: ReducingGenerator
generator: ReducingGenerator
generator: ReducingGenerator
generator: ArithmeticExtensionGenerator
generator: ArithmeticExtensionGenerator
generator: ArithmeticExtensionGenerator
generator: ArithmeticExtensionGenerator
generator: ArithmeticExtensionGenerator
generator: ArithmeticExtensionGenerator
generator: ArithmeticExtensionGenerator
generator: ArithmeticExtensionGenerator
generator: ArithmeticExtensionGenerator
generator: ArithmeticExtensionGenerator
generator: MulExtensionGenerator
generator: MulExtensionGenerator
generator: MulExtensionGenerator
generator: MulExtensionGenerator
generator: MulExtensionGenerator
generator: MulExtensionGenerator
generator: MulExtensionGenerator
generator: MulExtensionGenerator
generator: MulExtensionGenerator
generator: MulExtensionGenerator
generator: MulExtensionGenerator
generator: MulExtensionGenerator
generator: MulExtensionGenerator
generator: ArithmeticExtensionGenerator
generator: ArithmeticExtensionGenerator
generator: ArithmeticExtensionGenerator
generator: ArithmeticExtensionGenerator
generator: ArithmeticExtensionGenerator
generator: ArithmeticExtensionGenerator
generator: ArithmeticExtensionGenerator
generator: ArithmeticExtensionGenerator
generator: ArithmeticExtensionGenerator
generator: ArithmeticExtensionGenerator
generator: RandomAccessGenerator
generator: RandomAccessGenerator
generator: RandomAccessGenerator
generator: RandomAccessGenerator
generator: InterpolationGenerator
generator: PoseidonGenerator
generator: PoseidonGenerator
generator: PoseidonGenerator
generator: PoseidonGenerator
generator: PoseidonGenerator
generator: PoseidonGenerator
generator: PoseidonGenerator
generator: PoseidonGenerator
generator: PoseidonGenerator
generator: PoseidonGenerator
generator: PoseidonGenerator
generator: PoseidonGenerator
generator: RandomAccessGenerator
generator: RandomAccessGenerator
generator: RandomAccessGenerator
generator: RandomAccessGenerator
generator: InterpolationGenerator
generator: PoseidonGenerator
generator: PoseidonGenerator
generator: PoseidonGenerator
generator: PoseidonGenerator
generator: PoseidonGenerator
generator: PoseidonGenerator
generator: PoseidonGenerator
generator: PoseidonGenerator
generator: RandomAccessGenerator
generator: RandomAccessGenerator
generator: RandomAccessGenerator
generator: RandomAccessGenerator
generator: ReducingExtensionGenerator
generator: BaseSplitGenerator + Base: 2
generator: BaseSplitGenerator + Base: 2
generator: PoseidonGenerator
generator: PoseidonGenerator
generator: PoseidonGenerator
generator: PoseidonGenerator
generator: PoseidonGenerator
generator: PoseidonGenerator
generator: PoseidonGenerator
generator: PoseidonGenerator
generator: PoseidonGenerator
generator: PoseidonGenerator
generator: PoseidonGenerator
generator: PoseidonGenerator
generator: PoseidonGenerator
generator: PoseidonGenerator
generator: PoseidonGenerator
generator: PoseidonGenerator
generator: PoseidonGenerator
generator: PoseidonGenerator
generator: PoseidonGenerator
generator: PoseidonGenerator
generator: PoseidonGenerator
generator: PoseidonGenerator
generator: PoseidonGenerator
generator: RandomAccessGenerator
generator: RandomAccessGenerator
generator: RandomAccessGenerator
generator: RandomAccessGenerator
generator: PoseidonGenerator
generator: PoseidonGenerator
generator: PoseidonGenerator
generator: PoseidonGenerator
generator: PoseidonGenerator
generator: PoseidonGenerator
generator: PoseidonGenerator
generator: PoseidonGenerator
generator: PoseidonGenerator
generator: PoseidonGenerator
generator: PoseidonGenerator
generator: PoseidonGenerator
generator: PoseidonGenerator
generator: PoseidonGenerator
generator: PoseidonGenerator
generator: PoseidonGenerator
generator: PoseidonGenerator
generator: PoseidonGenerator
generator: PoseidonGenerator
generator: PoseidonGenerator
generator: PoseidonGenerator
generator: PoseidonGenerator
generator: PoseidonGenerator
generator: PoseidonGenerator
generator: PoseidonGenerator
generator: PoseidonGenerator
generator: PoseidonGenerator
generator: PoseidonGenerator
generator: PoseidonGenerator
generator: RandomAccessGenerator
generator: RandomAccessGenerator
generator: RandomAccessGenerator
generator: RandomAccessGenerator
generator: PoseidonGenerator
generator: PoseidonGenerator
generator: PoseidonGenerator
generator: PoseidonGenerator
generator: PoseidonGenerator
generator: PoseidonGenerator
generator: PoseidonGenerator
generator: PoseidonGenerator
generator: PoseidonGenerator
generator: PoseidonGenerator
generator: PoseidonGenerator
generator: PoseidonGenerator
generator: PoseidonGenerator
generator: PoseidonGenerator
generator: PoseidonGenerator
generator: RandomAccessGenerator
generator: RandomAccessGenerator
generator: RandomAccessGenerator
generator: RandomAccessGenerator
generator: PoseidonGenerator
generator: PoseidonGenerator
generator: PoseidonGenerator
generator: PoseidonGenerator
generator: PoseidonGenerator
generator: PoseidonGenerator
generator: PoseidonGenerator
generator: PoseidonGenerator
generator: PoseidonGenerator
generator: PoseidonGenerator
generator: PoseidonGenerator
generator: PoseidonGenerator
generator: PoseidonGenerator
generator: PoseidonGenerator
generator: RandomAccessGenerator
generator: RandomAccessGenerator
generator: RandomAccessGenerator
generator: RandomAccessGenerator
generator: ReducingGenerator
generator: ReducingGenerator
generator: ReducingGenerator
generator: ReducingGenerator
generator: ReducingGenerator
generator: ReducingGenerator
generator: RandomAccessGenerator
generator: RandomAccessGenerator
generator: RandomAccessGenerator
generator: RandomAccessGenerator
generator: InterpolationGenerator
generator: PoseidonGenerator
generator: PoseidonGenerator
generator: PoseidonGenerator
generator: PoseidonGenerator
generator: PoseidonGenerator
generator: PoseidonGenerator
generator: PoseidonGenerator
generator: PoseidonGenerator
generator: PoseidonGenerator
generator: PoseidonGenerator
generator: PoseidonGenerator
generator: PoseidonGenerator
generator: RandomAccessGenerator
generator: RandomAccessGenerator
generator: RandomAccessGenerator
generator: RandomAccessGenerator
generator: InterpolationGenerator
generator: PoseidonGenerator
generator: PoseidonGenerator
generator: PoseidonGenerator
generator: PoseidonGenerator
generator: PoseidonGenerator
generator: PoseidonGenerator
generator: PoseidonGenerator
generator: PoseidonGenerator
generator: RandomAccessGenerator
generator: RandomAccessGenerator
generator: RandomAccessGenerator
generator: RandomAccessGenerator
generator: ArithmeticBaseGenerator
generator: ArithmeticBaseGenerator
generator: ArithmeticBaseGenerator
generator: ArithmeticBaseGenerator
generator: ArithmeticBaseGenerator
generator: ArithmeticBaseGenerator
generator: ArithmeticBaseGenerator
generator: ArithmeticBaseGenerator
generator: ArithmeticBaseGenerator
generator: ArithmeticBaseGenerator
generator: ArithmeticBaseGenerator
generator: ArithmeticBaseGenerator
generator: ArithmeticBaseGenerator
generator: ArithmeticBaseGenerator
generator: ArithmeticBaseGenerator
generator: ArithmeticBaseGenerator
generator: ArithmeticBaseGenerator
generator: ArithmeticBaseGenerator
generator: ArithmeticBaseGenerator
generator: ArithmeticBaseGenerator
generator: ReducingExtensionGenerator
generator: BaseSplitGenerator + Base: 2
generator: BaseSplitGenerator + Base: 2
generator: ArithmeticBaseGenerator
generator: ArithmeticBaseGenerator
generator: ArithmeticBaseGenerator
generator: ArithmeticBaseGenerator
generator: ArithmeticBaseGenerator
generator: ArithmeticBaseGenerator
generator: ArithmeticBaseGenerator
generator: ArithmeticBaseGenerator
generator: ArithmeticBaseGenerator
generator: ArithmeticBaseGenerator
generator: ArithmeticBaseGenerator
generator: ArithmeticBaseGenerator
generator: ArithmeticBaseGenerator
generator: ArithmeticBaseGenerator
generator: ArithmeticBaseGenerator
generator: ArithmeticBaseGenerator
generator: ArithmeticBaseGenerator
generator: ArithmeticBaseGenerator
generator: ArithmeticBaseGenerator
generator: ArithmeticBaseGenerator
generator: PoseidonGenerator
generator: PoseidonGenerator
generator: PoseidonGenerator
generator: PoseidonGenerator
generator: PoseidonGenerator
generator: PoseidonGenerator
generator: PoseidonGenerator
generator: PoseidonGenerator
generator: PoseidonGenerator
generator: PoseidonGenerator
generator: PoseidonGenerator
generator: PoseidonGenerator
generator: PoseidonGenerator
generator: PoseidonGenerator
generator: PoseidonGenerator
generator: PoseidonGenerator
generator: PoseidonGenerator
generator: PoseidonGenerator
generator: PoseidonGenerator
generator: PoseidonGenerator
generator: PoseidonGenerator
generator: PoseidonGenerator
generator: PoseidonGenerator
generator: RandomAccessGenerator
generator: RandomAccessGenerator
generator: RandomAccessGenerator
generator: RandomAccessGenerator
generator: PoseidonGenerator
generator: PoseidonGenerator
generator: PoseidonGenerator
generator: PoseidonGenerator
generator: PoseidonGenerator
generator: PoseidonGenerator
generator: PoseidonGenerator
generator: PoseidonGenerator
generator: PoseidonGenerator
generator: PoseidonGenerator
generator: PoseidonGenerator
generator: PoseidonGenerator
generator: PoseidonGenerator
generator: PoseidonGenerator
generator: PoseidonGenerator
generator: PoseidonGenerator
generator: PoseidonGenerator
generator: PoseidonGenerator
generator: PoseidonGenerator
generator: PoseidonGenerator
generator: PoseidonGenerator
generator: PoseidonGenerator
generator: PoseidonGenerator
generator: PoseidonGenerator
generator: PoseidonGenerator
generator: PoseidonGenerator
generator: PoseidonGenerator
generator: PoseidonGenerator
generator: PoseidonGenerator
generator: RandomAccessGenerator
generator: RandomAccessGenerator
generator: RandomAccessGenerator
generator: RandomAccessGenerator
generator: PoseidonGenerator
generator: PoseidonGenerator
generator: PoseidonGenerator
generator: PoseidonGenerator
generator: PoseidonGenerator
generator: PoseidonGenerator
generator: PoseidonGenerator
generator: PoseidonGenerator
generator: PoseidonGenerator
generator: PoseidonGenerator
generator: PoseidonGenerator
generator: PoseidonGenerator
generator: PoseidonGenerator
generator: PoseidonGenerator
generator: PoseidonGenerator
generator: RandomAccessGenerator
generator: RandomAccessGenerator
generator: RandomAccessGenerator
generator: RandomAccessGenerator
generator: PoseidonGenerator
generator: PoseidonGenerator
generator: PoseidonGenerator
generator: PoseidonGenerator
generator: PoseidonGenerator
generator: PoseidonGenerator
generator: PoseidonGenerator
generator: PoseidonGenerator
generator: PoseidonGenerator
generator: PoseidonGenerator
generator: PoseidonGenerator
generator: PoseidonGenerator
generator: PoseidonGenerator
generator: PoseidonGenerator
generator: RandomAccessGenerator
generator: RandomAccessGenerator
generator: RandomAccessGenerator
generator: RandomAccessGenerator
generator: ReducingGenerator
generator: ReducingGenerator
generator: ReducingGenerator
generator: ReducingGenerator
generator: ReducingGenerator
generator: ReducingGenerator
generator: RandomAccessGenerator
generator: RandomAccessGenerator
generator: RandomAccessGenerator
generator: RandomAccessGenerator
generator: InterpolationGenerator
generator: PoseidonGenerator
generator: PoseidonGenerator
generator: PoseidonGenerator
generator: PoseidonGenerator
generator: PoseidonGenerator
generator: PoseidonGenerator
generator: PoseidonGenerator
generator: PoseidonGenerator
generator: PoseidonGenerator
generator: PoseidonGenerator
generator: PoseidonGenerator
generator: PoseidonGenerator
generator: RandomAccessGenerator
generator: RandomAccessGenerator
generator: RandomAccessGenerator
generator: RandomAccessGenerator
generator: ArithmeticBaseGenerator
generator: ArithmeticBaseGenerator
generator: ArithmeticBaseGenerator
generator: ArithmeticBaseGenerator
generator: ArithmeticBaseGenerator
generator: ArithmeticBaseGenerator
generator: ArithmeticBaseGenerator
generator: ArithmeticBaseGenerator
generator: ArithmeticBaseGenerator
generator: ArithmeticBaseGenerator
generator: ArithmeticBaseGenerator
generator: ArithmeticBaseGenerator
generator: ArithmeticBaseGenerator
generator: ArithmeticBaseGenerator
generator: ArithmeticBaseGenerator
generator: ArithmeticBaseGenerator
generator: ArithmeticBaseGenerator
generator: ArithmeticBaseGenerator
generator: ArithmeticBaseGenerator
generator: ArithmeticBaseGenerator
generator: InterpolationGenerator
generator: PoseidonGenerator
generator: PoseidonGenerator
generator: PoseidonGenerator
generator: PoseidonGenerator
generator: PoseidonGenerator
generator: PoseidonGenerator
generator: PoseidonGenerator
generator: PoseidonGenerator
generator: RandomAccessGenerator
generator: RandomAccessGenerator
generator: RandomAccessGenerator
generator: RandomAccessGenerator
generator: ReducingExtensionGenerator
generator: BaseSplitGenerator + Base: 2
generator: BaseSplitGenerator + Base: 2
generator: PoseidonGenerator
generator: PoseidonGenerator
generator: PoseidonGenerator
generator: PoseidonGenerator
generator: PoseidonGenerator
generator: PoseidonGenerator
generator: PoseidonGenerator
generator: PoseidonGenerator
generator: PoseidonGenerator
generator: PoseidonGenerator
generator: PoseidonGenerator
generator: PoseidonGenerator
generator: PoseidonGenerator
generator: PoseidonGenerator
generator: PoseidonGenerator
generator: PoseidonGenerator
generator: PoseidonGenerator
generator: PoseidonGenerator
generator: PoseidonGenerator
generator: PoseidonGenerator
generator: PoseidonGenerator
generator: PoseidonGenerator
generator: PoseidonGenerator
generator: RandomAccessGenerator
generator: RandomAccessGenerator
generator: RandomAccessGenerator
generator: RandomAccessGenerator
generator: PoseidonGenerator
generator: PoseidonGenerator
generator: PoseidonGenerator
generator: PoseidonGenerator
generator: PoseidonGenerator
generator: PoseidonGenerator
generator: PoseidonGenerator
generator: PoseidonGenerator
generator: PoseidonGenerator
generator: PoseidonGenerator
generator: PoseidonGenerator
generator: PoseidonGenerator
generator: PoseidonGenerator
generator: PoseidonGenerator
generator: PoseidonGenerator
generator: PoseidonGenerator
generator: PoseidonGenerator
generator: PoseidonGenerator
generator: PoseidonGenerator
generator: PoseidonGenerator
generator: PoseidonGenerator
generator: PoseidonGenerator
generator: PoseidonGenerator
generator: PoseidonGenerator
generator: PoseidonGenerator
generator: PoseidonGenerator
generator: PoseidonGenerator
generator: PoseidonGenerator
generator: PoseidonGenerator
generator: RandomAccessGenerator
generator: RandomAccessGenerator
generator: RandomAccessGenerator
generator: RandomAccessGenerator
generator: PoseidonGenerator
generator: PoseidonGenerator
generator: PoseidonGenerator
generator: PoseidonGenerator
generator: PoseidonGenerator
generator: PoseidonGenerator
generator: PoseidonGenerator
generator: PoseidonGenerator
generator: PoseidonGenerator
generator: PoseidonGenerator
generator: PoseidonGenerator
generator: PoseidonGenerator
generator: PoseidonGenerator
generator: PoseidonGenerator
generator: PoseidonGenerator
generator: RandomAccessGenerator
generator: RandomAccessGenerator
generator: RandomAccessGenerator
generator: RandomAccessGenerator
generator: PoseidonGenerator
generator: PoseidonGenerator
generator: PoseidonGenerator
generator: PoseidonGenerator
generator: PoseidonGenerator
generator: PoseidonGenerator
generator: PoseidonGenerator
generator: PoseidonGenerator
generator: PoseidonGenerator
generator: PoseidonGenerator
generator: PoseidonGenerator
generator: PoseidonGenerator
generator: PoseidonGenerator
generator: PoseidonGenerator
generator: RandomAccessGenerator
generator: RandomAccessGenerator
generator: RandomAccessGenerator
generator: RandomAccessGenerator
generator: ReducingGenerator
generator: ReducingGenerator
generator: ReducingGenerator
generator: ReducingGenerator
generator: ReducingGenerator
generator: ReducingGenerator
generator: ArithmeticExtensionGenerator
generator: ArithmeticExtensionGenerator
generator: ArithmeticExtensionGenerator
generator: ArithmeticExtensionGenerator
generator: ArithmeticExtensionGenerator
generator: ArithmeticExtensionGenerator
generator: ArithmeticExtensionGenerator
generator: ArithmeticExtensionGenerator
generator: ArithmeticExtensionGenerator
generator: ArithmeticExtensionGenerator
generator: MulExtensionGenerator
generator: MulExtensionGenerator
generator: MulExtensionGenerator
generator: MulExtensionGenerator
generator: MulExtensionGenerator
generator: MulExtensionGenerator
generator: MulExtensionGenerator
generator: MulExtensionGenerator
generator: MulExtensionGenerator
generator: MulExtensionGenerator
generator: MulExtensionGenerator
generator: MulExtensionGenerator
generator: MulExtensionGenerator
generator: RandomAccessGenerator
generator: RandomAccessGenerator
generator: RandomAccessGenerator
generator: RandomAccessGenerator
generator: InterpolationGenerator
generator: PoseidonGenerator
generator: PoseidonGenerator
generator: PoseidonGenerator
generator: PoseidonGenerator
generator: PoseidonGenerator
generator: PoseidonGenerator
generator: PoseidonGenerator
generator: PoseidonGenerator
generator: PoseidonGenerator
generator: PoseidonGenerator
generator: PoseidonGenerator
generator: PoseidonGenerator
generator: RandomAccessGenerator
generator: RandomAccessGenerator
generator: RandomAccessGenerator
generator: RandomAccessGenerator
generator: InterpolationGenerator
generator: PoseidonGenerator
generator: PoseidonGenerator
generator: PoseidonGenerator
generator: PoseidonGenerator
generator: PoseidonGenerator
generator: PoseidonGenerator
generator: PoseidonGenerator
generator: PoseidonGenerator
generator: RandomAccessGenerator
generator: RandomAccessGenerator
generator: RandomAccessGenerator
generator: RandomAccessGenerator
generator: ArithmeticBaseGenerator
generator: ArithmeticBaseGenerator
generator: ArithmeticBaseGenerator
generator: ArithmeticBaseGenerator
generator: ArithmeticBaseGenerator
generator: ArithmeticBaseGenerator
generator: ArithmeticBaseGenerator
generator: ArithmeticBaseGenerator
generator: ArithmeticBaseGenerator
generator: ArithmeticBaseGenerator
generator: ArithmeticBaseGenerator
generator: ArithmeticBaseGenerator
generator: ArithmeticBaseGenerator
generator: ArithmeticBaseGenerator
generator: ArithmeticBaseGenerator
generator: ArithmeticBaseGenerator
generator: ArithmeticBaseGenerator
generator: ArithmeticBaseGenerator
generator: ArithmeticBaseGenerator
generator: ArithmeticBaseGenerator
generator: ReducingExtensionGenerator
generator: BaseSplitGenerator + Base: 2
generator: BaseSplitGenerator + Base: 2
generator: ArithmeticBaseGenerator
generator: ArithmeticBaseGenerator
generator: ArithmeticBaseGenerator
generator: ArithmeticBaseGenerator
generator: ArithmeticBaseGenerator
generator: ArithmeticBaseGenerator
generator: ArithmeticBaseGenerator
generator: ArithmeticBaseGenerator
generator: ArithmeticBaseGenerator
generator: ArithmeticBaseGenerator
generator: ArithmeticBaseGenerator
generator: ArithmeticBaseGenerator
generator: ArithmeticBaseGenerator
generator: ArithmeticBaseGenerator
generator: ArithmeticBaseGenerator
generator: ArithmeticBaseGenerator
generator: ArithmeticBaseGenerator
generator: ArithmeticBaseGenerator
generator: ArithmeticBaseGenerator
generator: ArithmeticBaseGenerator
generator: PoseidonGenerator
generator: PoseidonGenerator
generator: PoseidonGenerator
generator: PoseidonGenerator
generator: PoseidonGenerator
generator: PoseidonGenerator
generator: PoseidonGenerator
generator: PoseidonGenerator
generator: PoseidonGenerator
generator: PoseidonGenerator
generator: PoseidonGenerator
generator: PoseidonGenerator
generator: PoseidonGenerator
generator: PoseidonGenerator
generator: PoseidonGenerator
generator: PoseidonGenerator
generator: PoseidonGenerator
generator: PoseidonGenerator
generator: PoseidonGenerator
generator: PoseidonGenerator
generator: PoseidonGenerator
generator: PoseidonGenerator
generator: PoseidonGenerator
generator: RandomAccessGenerator
generator: RandomAccessGenerator
generator: RandomAccessGenerator
generator: RandomAccessGenerator
generator: PoseidonGenerator
generator: PoseidonGenerator
generator: PoseidonGenerator
generator: PoseidonGenerator
generator: PoseidonGenerator
generator: PoseidonGenerator
generator: PoseidonGenerator
generator: PoseidonGenerator
generator: PoseidonGenerator
generator: PoseidonGenerator
generator: PoseidonGenerator
generator: PoseidonGenerator
generator: PoseidonGenerator
generator: PoseidonGenerator
generator: PoseidonGenerator
generator: PoseidonGenerator
generator: PoseidonGenerator
generator: PoseidonGenerator
generator: PoseidonGenerator
generator: PoseidonGenerator
generator: PoseidonGenerator
generator: PoseidonGenerator
generator: PoseidonGenerator
generator: PoseidonGenerator
generator: PoseidonGenerator
generator: PoseidonGenerator
generator: PoseidonGenerator
generator: PoseidonGenerator
generator: PoseidonGenerator
generator: RandomAccessGenerator
generator: RandomAccessGenerator
generator: RandomAccessGenerator
generator: RandomAccessGenerator
generator: PoseidonGenerator
generator: PoseidonGenerator
generator: PoseidonGenerator
generator: PoseidonGenerator
generator: PoseidonGenerator
generator: PoseidonGenerator
generator: PoseidonGenerator
generator: PoseidonGenerator
generator: PoseidonGenerator
generator: PoseidonGenerator
generator: PoseidonGenerator
generator: PoseidonGenerator
generator: PoseidonGenerator
generator: PoseidonGenerator
generator: PoseidonGenerator
generator: RandomAccessGenerator
generator: RandomAccessGenerator
generator: RandomAccessGenerator
generator: RandomAccessGenerator
generator: PoseidonGenerator
generator: PoseidonGenerator
generator: PoseidonGenerator
generator: PoseidonGenerator
generator: PoseidonGenerator
generator: PoseidonGenerator
generator: PoseidonGenerator
generator: PoseidonGenerator
generator: PoseidonGenerator
generator: PoseidonGenerator
generator: PoseidonGenerator
generator: PoseidonGenerator
generator: PoseidonGenerator
generator: PoseidonGenerator
generator: RandomAccessGenerator
generator: RandomAccessGenerator
generator: RandomAccessGenerator
generator: RandomAccessGenerator
generator: ReducingGenerator
generator: ReducingGenerator
generator: ReducingGenerator
generator: ReducingGenerator
generator: ReducingGenerator
generator: ReducingGenerator
generator: RandomAccessGenerator
generator: RandomAccessGenerator
generator: RandomAccessGenerator
generator: RandomAccessGenerator
generator: InterpolationGenerator
generator: PoseidonGenerator
generator: PoseidonGenerator
generator: PoseidonGenerator
generator: PoseidonGenerator
generator: PoseidonGenerator
generator: PoseidonGenerator
generator: PoseidonGenerator
generator: PoseidonGenerator
generator: PoseidonGenerator
generator: PoseidonGenerator
generator: PoseidonGenerator
generator: PoseidonGenerator
generator: RandomAccessGenerator
generator: RandomAccessGenerator
generator: RandomAccessGenerator
generator: RandomAccessGenerator
generator: InterpolationGenerator
generator: PoseidonGenerator
generator: PoseidonGenerator
generator: PoseidonGenerator
generator: PoseidonGenerator
generator: PoseidonGenerator
generator: PoseidonGenerator
generator: PoseidonGenerator
generator: PoseidonGenerator
generator: RandomAccessGenerator
generator: RandomAccessGenerator
generator: RandomAccessGenerator
generator: RandomAccessGenerator
generator: ReducingExtensionGenerator
generator: BaseSplitGenerator + Base: 2
generator: BaseSplitGenerator + Base: 2
generator: PoseidonGenerator
generator: PoseidonGenerator
generator: PoseidonGenerator
generator: PoseidonGenerator
generator: PoseidonGenerator
generator: PoseidonGenerator
generator: PoseidonGenerator
generator: PoseidonGenerator
generator: PoseidonGenerator
generator: PoseidonGenerator
generator: PoseidonGenerator
generator: PoseidonGenerator
generator: PoseidonGenerator
generator: PoseidonGenerator
generator: PoseidonGenerator
generator: PoseidonGenerator
generator: PoseidonGenerator
generator: PoseidonGenerator
generator: PoseidonGenerator
generator: PoseidonGenerator
generator: PoseidonGenerator
generator: PoseidonGenerator
generator: PoseidonGenerator
generator: RandomAccessGenerator
generator: RandomAccessGenerator
generator: RandomAccessGenerator
generator: RandomAccessGenerator
generator: PoseidonGenerator
generator: PoseidonGenerator
generator: PoseidonGenerator
generator: PoseidonGenerator
generator: PoseidonGenerator
generator: PoseidonGenerator
generator: PoseidonGenerator
generator: PoseidonGenerator
generator: PoseidonGenerator
generator: PoseidonGenerator
generator: PoseidonGenerator
generator: PoseidonGenerator
generator: PoseidonGenerator
generator: PoseidonGenerator
generator: PoseidonGenerator
generator: PoseidonGenerator
generator: PoseidonGenerator
generator: PoseidonGenerator
generator: PoseidonGenerator
generator: PoseidonGenerator
generator: PoseidonGenerator
generator: PoseidonGenerator
generator: PoseidonGenerator
generator: PoseidonGenerator
generator: PoseidonGenerator
generator: PoseidonGenerator
generator: PoseidonGenerator
generator: PoseidonGenerator
generator: PoseidonGenerator
generator: RandomAccessGenerator
generator: RandomAccessGenerator
generator: RandomAccessGenerator
generator: RandomAccessGenerator
generator: PoseidonGenerator
generator: PoseidonGenerator
generator: PoseidonGenerator
generator: PoseidonGenerator
generator: PoseidonGenerator
generator: PoseidonGenerator
generator: PoseidonGenerator
generator: PoseidonGenerator
generator: PoseidonGenerator
generator: PoseidonGenerator
generator: PoseidonGenerator
generator: PoseidonGenerator
generator: PoseidonGenerator
generator: PoseidonGenerator
generator: PoseidonGenerator
generator: RandomAccessGenerator
generator: RandomAccessGenerator
generator: RandomAccessGenerator
generator: RandomAccessGenerator
generator: PoseidonGenerator
generator: PoseidonGenerator
generator: PoseidonGenerator
generator: PoseidonGenerator
generator: PoseidonGenerator
generator: PoseidonGenerator
generator: PoseidonGenerator
generator: PoseidonGenerator
generator: PoseidonGenerator
generator: PoseidonGenerator
generator: PoseidonGenerator
generator: PoseidonGenerator
generator: PoseidonGenerator
generator: PoseidonGenerator
generator: RandomAccessGenerator
generator: RandomAccessGenerator
generator: RandomAccessGenerator
generator: RandomAccessGenerator
generator: ReducingGenerator
generator: ReducingGenerator
generator: ReducingGenerator
generator: ReducingGenerator
generator: ReducingGenerator
generator: ReducingGenerator
generator: ArithmeticExtensionGenerator
generator: ArithmeticExtensionGenerator
generator: ArithmeticExtensionGenerator
generator: ArithmeticExtensionGenerator
generator: ArithmeticExtensionGenerator
generator: ArithmeticExtensionGenerator
generator: ArithmeticExtensionGenerator
generator: ArithmeticExtensionGenerator
generator: ArithmeticExtensionGenerator
generator: ArithmeticExtensionGenerator
generator: ArithmeticExtensionGenerator
generator: ArithmeticExtensionGenerator
generator: ArithmeticExtensionGenerator
generator: ArithmeticExtensionGenerator
generator: ArithmeticExtensionGenerator
generator: ArithmeticExtensionGenerator
generator: ArithmeticExtensionGenerator
generator: ArithmeticExtensionGenerator
generator: ArithmeticExtensionGenerator
generator: ArithmeticExtensionGenerator
generator: RandomAccessGenerator
generator: RandomAccessGenerator
generator: RandomAccessGenerator
generator: RandomAccessGenerator
generator: InterpolationGenerator
generator: PoseidonGenerator
generator: PoseidonGenerator
generator: PoseidonGenerator
generator: PoseidonGenerator
generator: PoseidonGenerator
generator: PoseidonGenerator
generator: PoseidonGenerator
generator: PoseidonGenerator
generator: PoseidonGenerator
generator: PoseidonGenerator
generator: PoseidonGenerator
generator: PoseidonGenerator
generator: RandomAccessGenerator
generator: RandomAccessGenerator
generator: RandomAccessGenerator
generator: RandomAccessGenerator
generator: ArithmeticBaseGenerator
generator: ArithmeticBaseGenerator
generator: ArithmeticBaseGenerator
generator: ArithmeticBaseGenerator
generator: ArithmeticBaseGenerator
generator: ArithmeticBaseGenerator
generator: ArithmeticBaseGenerator
generator: ArithmeticBaseGenerator
generator: ArithmeticBaseGenerator
generator: ArithmeticBaseGenerator
generator: ArithmeticBaseGenerator
generator: ArithmeticBaseGenerator
generator: ArithmeticBaseGenerator
generator: ArithmeticBaseGenerator
generator: ArithmeticBaseGenerator
generator: ArithmeticBaseGenerator
generator: ArithmeticBaseGenerator
generator: ArithmeticBaseGenerator
generator: ArithmeticBaseGenerator
generator: ArithmeticBaseGenerator
generator: InterpolationGenerator
generator: PoseidonGenerator
generator: PoseidonGenerator
generator: PoseidonGenerator
generator: PoseidonGenerator
generator: PoseidonGenerator
generator: PoseidonGenerator
generator: PoseidonGenerator
generator: PoseidonGenerator
generator: RandomAccessGenerator
generator: RandomAccessGenerator
generator: RandomAccessGenerator
generator: RandomAccessGenerator
generator: ReducingExtensionGenerator
generator: BaseSplitGenerator + Base: 2
generator: BaseSplitGenerator + Base: 2
generator: ArithmeticBaseGenerator
generator: ArithmeticBaseGenerator
generator: ArithmeticBaseGenerator
generator: ArithmeticBaseGenerator
generator: ArithmeticBaseGenerator
generator: ArithmeticBaseGenerator
generator: ArithmeticBaseGenerator
generator: ArithmeticBaseGenerator
generator: ArithmeticBaseGenerator
generator: ArithmeticBaseGenerator
generator: ArithmeticBaseGenerator
generator: ArithmeticBaseGenerator
generator: ArithmeticBaseGenerator
generator: ArithmeticBaseGenerator
generator: ArithmeticBaseGenerator
generator: ArithmeticBaseGenerator
generator: ArithmeticBaseGenerator
generator: ArithmeticBaseGenerator
generator: ArithmeticBaseGenerator
generator: ArithmeticBaseGenerator
generator: PoseidonGenerator
generator: PoseidonGenerator
generator: PoseidonGenerator
generator: PoseidonGenerator
generator: PoseidonGenerator
generator: PoseidonGenerator
generator: PoseidonGenerator
generator: PoseidonGenerator
generator: PoseidonGenerator
generator: PoseidonGenerator
generator: PoseidonGenerator
generator: PoseidonGenerator
generator: PoseidonGenerator
generator: PoseidonGenerator
generator: PoseidonGenerator
generator: PoseidonGenerator
generator: PoseidonGenerator
generator: PoseidonGenerator
generator: PoseidonGenerator
generator: PoseidonGenerator
generator: PoseidonGenerator
generator: PoseidonGenerator
generator: PoseidonGenerator
generator: RandomAccessGenerator
generator: RandomAccessGenerator
generator: RandomAccessGenerator
generator: RandomAccessGenerator
generator: PoseidonGenerator
generator: PoseidonGenerator
generator: PoseidonGenerator
generator: PoseidonGenerator
generator: PoseidonGenerator
generator: PoseidonGenerator
generator: PoseidonGenerator
generator: PoseidonGenerator
generator: PoseidonGenerator
generator: PoseidonGenerator
generator: PoseidonGenerator
generator: PoseidonGenerator
generator: PoseidonGenerator
generator: PoseidonGenerator
generator: PoseidonGenerator
generator: PoseidonGenerator
generator: PoseidonGenerator
generator: PoseidonGenerator
generator: PoseidonGenerator
generator: PoseidonGenerator
generator: PoseidonGenerator
generator: PoseidonGenerator
generator: PoseidonGenerator
generator: PoseidonGenerator
generator: PoseidonGenerator
generator: PoseidonGenerator
generator: PoseidonGenerator
generator: PoseidonGenerator
generator: PoseidonGenerator
generator: RandomAccessGenerator
generator: RandomAccessGenerator
generator: RandomAccessGenerator
generator: RandomAccessGenerator
generator: PoseidonGenerator
generator: PoseidonGenerator
generator: PoseidonGenerator
generator: PoseidonGenerator
generator: PoseidonGenerator
generator: PoseidonGenerator
generator: PoseidonGenerator
generator: PoseidonGenerator
generator: PoseidonGenerator
generator: PoseidonGenerator
generator: PoseidonGenerator
generator: PoseidonGenerator
generator: PoseidonGenerator
generator: PoseidonGenerator
generator: PoseidonGenerator
generator: RandomAccessGenerator
generator: RandomAccessGenerator
generator: RandomAccessGenerator
generator: RandomAccessGenerator
generator: PoseidonGenerator
generator: PoseidonGenerator
generator: PoseidonGenerator
generator: PoseidonGenerator
generator: PoseidonGenerator
generator: PoseidonGenerator
generator: PoseidonGenerator
generator: PoseidonGenerator
generator: PoseidonGenerator
generator: PoseidonGenerator
generator: PoseidonGenerator
generator: PoseidonGenerator
generator: PoseidonGenerator
generator: PoseidonGenerator
generator: RandomAccessGenerator
generator: RandomAccessGenerator
generator: RandomAccessGenerator
generator: RandomAccessGenerator
generator: ReducingGenerator
generator: ReducingGenerator
generator: ReducingGenerator
generator: ReducingGenerator
generator: ReducingGenerator
generator: ReducingGenerator
generator: RandomAccessGenerator
generator: RandomAccessGenerator
generator: RandomAccessGenerator
generator: RandomAccessGenerator
generator: ArithmeticBaseGenerator
generator: ArithmeticBaseGenerator
generator: ArithmeticBaseGenerator
generator: ArithmeticBaseGenerator
generator: ArithmeticBaseGenerator
generator: ArithmeticBaseGenerator
generator: ArithmeticBaseGenerator
generator: ArithmeticBaseGenerator
generator: ArithmeticBaseGenerator
generator: ArithmeticBaseGenerator
generator: ArithmeticBaseGenerator
generator: ArithmeticBaseGenerator
generator: ArithmeticBaseGenerator
generator: ArithmeticBaseGenerator
generator: ArithmeticBaseGenerator
generator: ArithmeticBaseGenerator
generator: ArithmeticBaseGenerator
generator: ArithmeticBaseGenerator
generator: ArithmeticBaseGenerator
generator: ArithmeticBaseGenerator
generator: ArithmeticBaseGenerator
generator: ArithmeticBaseGenerator
generator: ArithmeticBaseGenerator
generator: ArithmeticBaseGenerator
generator: ArithmeticBaseGenerator
generator: ArithmeticBaseGenerator
generator: ArithmeticBaseGenerator
generator: ArithmeticBaseGenerator
generator: ArithmeticBaseGenerator
generator: ArithmeticBaseGenerator
generator: ArithmeticBaseGenerator
generator: ArithmeticBaseGenerator
generator: ArithmeticBaseGenerator
generator: ArithmeticBaseGenerator
generator: ArithmeticBaseGenerator
generator: ArithmeticBaseGenerator
generator: ArithmeticBaseGenerator
generator: ArithmeticBaseGenerator
generator: ArithmeticBaseGenerator
generator: ArithmeticBaseGenerator
generator: ArithmeticBaseGenerator
generator: ArithmeticBaseGenerator
generator: ArithmeticBaseGenerator
generator: ArithmeticBaseGenerator
generator: ArithmeticBaseGenerator
generator: ArithmeticBaseGenerator
generator: ArithmeticBaseGenerator
generator: ArithmeticBaseGenerator
generator: ArithmeticBaseGenerator
generator: ArithmeticBaseGenerator
generator: ArithmeticBaseGenerator
generator: ArithmeticBaseGenerator
generator: ArithmeticBaseGenerator
generator: ArithmeticBaseGenerator
generator: ArithmeticBaseGenerator
generator: ArithmeticBaseGenerator
generator: ArithmeticBaseGenerator
generator: ArithmeticBaseGenerator
generator: ArithmeticBaseGenerator
generator: ArithmeticBaseGenerator
generator: InterpolationGenerator
generator: PoseidonGenerator
generator: PoseidonGenerator
generator: PoseidonGenerator
generator: PoseidonGenerator
generator: PoseidonGenerator
generator: PoseidonGenerator
generator: PoseidonGenerator
generator: PoseidonGenerator
generator: PoseidonGenerator
generator: PoseidonGenerator
generator: PoseidonGenerator
generator: PoseidonGenerator
generator: RandomAccessGenerator
generator: RandomAccessGenerator
generator: RandomAccessGenerator
generator: RandomAccessGenerator
generator: InterpolationGenerator
generator: PoseidonGenerator
generator: PoseidonGenerator
generator: PoseidonGenerator
generator: PoseidonGenerator
generator: PoseidonGenerator
generator: PoseidonGenerator
generator: PoseidonGenerator
generator: PoseidonGenerator
generator: RandomAccessGenerator
generator: RandomAccessGenerator
generator: RandomAccessGenerator
generator: RandomAccessGenerator
generator: ReducingExtensionGenerator
generator: BaseSplitGenerator + Base: 2
generator: BaseSplitGenerator + Base: 2
generator: PoseidonGenerator
generator: PoseidonGenerator
generator: PoseidonGenerator
generator: PoseidonGenerator
generator: PoseidonGenerator
generator: PoseidonGenerator
generator: PoseidonGenerator
generator: PoseidonGenerator
generator: PoseidonGenerator
generator: PoseidonGenerator
generator: PoseidonGenerator
generator: PoseidonGenerator
generator: PoseidonGenerator
generator: PoseidonGenerator
generator: PoseidonGenerator
generator: PoseidonGenerator
generator: PoseidonGenerator
generator: PoseidonGenerator
generator: PoseidonGenerator
generator: PoseidonGenerator
generator: PoseidonGenerator
generator: PoseidonGenerator
generator: PoseidonGenerator
generator: RandomAccessGenerator
generator: RandomAccessGenerator
generator: RandomAccessGenerator
generator: RandomAccessGenerator
generator: PoseidonGenerator
generator: PoseidonGenerator
generator: PoseidonGenerator
generator: PoseidonGenerator
generator: PoseidonGenerator
generator: PoseidonGenerator
generator: PoseidonGenerator
generator: PoseidonGenerator
generator: PoseidonGenerator
generator: PoseidonGenerator
generator: PoseidonGenerator
generator: PoseidonGenerator
generator: PoseidonGenerator
generator: PoseidonGenerator
generator: PoseidonGenerator
generator: PoseidonGenerator
generator: PoseidonGenerator
generator: PoseidonGenerator
generator: PoseidonGenerator
generator: PoseidonGenerator
generator: PoseidonGenerator
generator: PoseidonGenerator
generator: PoseidonGenerator
generator: PoseidonGenerator
generator: PoseidonGenerator
generator: PoseidonGenerator
generator: PoseidonGenerator
generator: PoseidonGenerator
generator: PoseidonGenerator
generator: RandomAccessGenerator
generator: RandomAccessGenerator
generator: RandomAccessGenerator
generator: RandomAccessGenerator
generator: PoseidonGenerator
generator: PoseidonGenerator
generator: PoseidonGenerator
generator: PoseidonGenerator
generator: PoseidonGenerator
generator: PoseidonGenerator
generator: PoseidonGenerator
generator: PoseidonGenerator
generator: PoseidonGenerator
generator: PoseidonGenerator
generator: PoseidonGenerator
generator: PoseidonGenerator
generator: PoseidonGenerator
generator: PoseidonGenerator
generator: PoseidonGenerator
generator: RandomAccessGenerator
generator: RandomAccessGenerator
generator: RandomAccessGenerator
generator: RandomAccessGenerator
generator: PoseidonGenerator
generator: PoseidonGenerator
generator: PoseidonGenerator
generator: PoseidonGenerator
generator: PoseidonGenerator
generator: PoseidonGenerator
generator: PoseidonGenerator
generator: PoseidonGenerator
generator: PoseidonGenerator
generator: PoseidonGenerator
generator: PoseidonGenerator
generator: PoseidonGenerator
generator: PoseidonGenerator
generator: PoseidonGenerator
generator: RandomAccessGenerator
generator: RandomAccessGenerator
generator: RandomAccessGenerator
generator: RandomAccessGenerator
generator: ReducingGenerator
generator: ReducingGenerator
generator: ReducingGenerator
generator: ReducingGenerator
generator: ReducingGenerator
generator: ReducingGenerator
generator: MulExtensionGenerator
generator: MulExtensionGenerator
generator: MulExtensionGenerator
generator: MulExtensionGenerator
generator: MulExtensionGenerator
generator: MulExtensionGenerator
generator: MulExtensionGenerator
generator: MulExtensionGenerator
generator: MulExtensionGenerator
generator: MulExtensionGenerator
generator: MulExtensionGenerator
generator: MulExtensionGenerator
generator: MulExtensionGenerator
generator: RandomAccessGenerator
generator: RandomAccessGenerator
generator: RandomAccessGenerator
generator: RandomAccessGenerator
generator: InterpolationGenerator
generator: PoseidonGenerator
generator: PoseidonGenerator
generator: PoseidonGenerator
generator: PoseidonGenerator
generator: PoseidonGenerator
generator: PoseidonGenerator
generator: PoseidonGenerator
generator: PoseidonGenerator
generator: PoseidonGenerator
generator: PoseidonGenerator
generator: PoseidonGenerator
generator: PoseidonGenerator
generator: RandomAccessGenerator
generator: RandomAccessGenerator
generator: RandomAccessGenerator
generator: RandomAccessGenerator
generator: ArithmeticBaseGenerator
generator: ArithmeticBaseGenerator
generator: ArithmeticBaseGenerator
generator: ArithmeticBaseGenerator
generator: ArithmeticBaseGenerator
generator: ArithmeticBaseGenerator
generator: ArithmeticBaseGenerator
generator: ArithmeticBaseGenerator
generator: ArithmeticBaseGenerator
generator: ArithmeticBaseGenerator
generator: ArithmeticBaseGenerator
generator: ArithmeticBaseGenerator
generator: ArithmeticBaseGenerator
generator: ArithmeticBaseGenerator
generator: ArithmeticBaseGenerator
generator: ArithmeticBaseGenerator
generator: ArithmeticBaseGenerator
generator: ArithmeticBaseGenerator
generator: ArithmeticBaseGenerator
generator: ArithmeticBaseGenerator
generator: InterpolationGenerator
generator: PoseidonGenerator
generator: PoseidonGenerator
generator: PoseidonGenerator
generator: PoseidonGenerator
generator: PoseidonGenerator
generator: PoseidonGenerator
generator: PoseidonGenerator
generator: PoseidonGenerator
generator: RandomAccessGenerator
generator: RandomAccessGenerator
generator: RandomAccessGenerator
generator: RandomAccessGenerator
generator: ReducingExtensionGenerator
generator: BaseSplitGenerator + Base: 2
generator: BaseSplitGenerator + Base: 2
generator: ArithmeticBaseGenerator
generator: ArithmeticBaseGenerator
generator: ArithmeticBaseGenerator
generator: ArithmeticBaseGenerator
generator: ArithmeticBaseGenerator
generator: ArithmeticBaseGenerator
generator: ArithmeticBaseGenerator
generator: ArithmeticBaseGenerator
generator: ArithmeticBaseGenerator
generator: ArithmeticBaseGenerator
generator: ArithmeticBaseGenerator
generator: ArithmeticBaseGenerator
generator: ArithmeticBaseGenerator
generator: ArithmeticBaseGenerator
generator: ArithmeticBaseGenerator
generator: ArithmeticBaseGenerator
generator: ArithmeticBaseGenerator
generator: ArithmeticBaseGenerator
generator: ArithmeticBaseGenerator
generator: ArithmeticBaseGenerator
generator: PoseidonGenerator
generator: PoseidonGenerator
generator: PoseidonGenerator
generator: PoseidonGenerator
generator: PoseidonGenerator
generator: PoseidonGenerator
generator: PoseidonGenerator
generator: PoseidonGenerator
generator: PoseidonGenerator
generator: PoseidonGenerator
generator: PoseidonGenerator
generator: PoseidonGenerator
generator: PoseidonGenerator
generator: PoseidonGenerator
generator: PoseidonGenerator
generator: PoseidonGenerator
generator: PoseidonGenerator
generator: PoseidonGenerator
generator: PoseidonGenerator
generator: PoseidonGenerator
generator: PoseidonGenerator
generator: PoseidonGenerator
generator: PoseidonGenerator
generator: RandomAccessGenerator
generator: RandomAccessGenerator
generator: RandomAccessGenerator
generator: RandomAccessGenerator
generator: PoseidonGenerator
generator: PoseidonGenerator
generator: PoseidonGenerator
generator: PoseidonGenerator
generator: PoseidonGenerator
generator: PoseidonGenerator
generator: PoseidonGenerator
generator: PoseidonGenerator
generator: PoseidonGenerator
generator: PoseidonGenerator
generator: PoseidonGenerator
generator: PoseidonGenerator
generator: PoseidonGenerator
generator: PoseidonGenerator
generator: PoseidonGenerator
generator: PoseidonGenerator
generator: PoseidonGenerator
generator: PoseidonGenerator
generator: PoseidonGenerator
generator: PoseidonGenerator
generator: PoseidonGenerator
generator: PoseidonGenerator
generator: PoseidonGenerator
generator: PoseidonGenerator
generator: PoseidonGenerator
generator: PoseidonGenerator
generator: PoseidonGenerator
generator: PoseidonGenerator
generator: PoseidonGenerator
generator: RandomAccessGenerator
generator: RandomAccessGenerator
generator: RandomAccessGenerator
generator: RandomAccessGenerator
generator: PoseidonGenerator
generator: PoseidonGenerator
generator: PoseidonGenerator
generator: PoseidonGenerator
generator: PoseidonGenerator
generator: PoseidonGenerator
generator: PoseidonGenerator
generator: PoseidonGenerator
generator: PoseidonGenerator
generator: PoseidonGenerator
generator: PoseidonGenerator
generator: PoseidonGenerator
generator: PoseidonGenerator
generator: PoseidonGenerator
generator: PoseidonGenerator
generator: RandomAccessGenerator
generator: RandomAccessGenerator
generator: RandomAccessGenerator
generator: RandomAccessGenerator
generator: PoseidonGenerator
generator: PoseidonGenerator
generator: PoseidonGenerator
generator: PoseidonGenerator
generator: PoseidonGenerator
generator: PoseidonGenerator
generator: PoseidonGenerator
generator: PoseidonGenerator
generator: PoseidonGenerator
generator: PoseidonGenerator
generator: PoseidonGenerator
generator: PoseidonGenerator
generator: PoseidonGenerator
generator: PoseidonGenerator
generator: RandomAccessGenerator
generator: RandomAccessGenerator
generator: RandomAccessGenerator
generator: RandomAccessGenerator
generator: ReducingGenerator
generator: ReducingGenerator
generator: ReducingGenerator
generator: ReducingGenerator
generator: ReducingGenerator
generator: ReducingGenerator
generator: ArithmeticExtensionGenerator
generator: ArithmeticExtensionGenerator
generator: ArithmeticExtensionGenerator
generator: ArithmeticExtensionGenerator
generator: ArithmeticExtensionGenerator
generator: ArithmeticExtensionGenerator
generator: ArithmeticExtensionGenerator
generator: ArithmeticExtensionGenerator
generator: ArithmeticExtensionGenerator
generator: ArithmeticExtensionGenerator
generator: RandomAccessGenerator
generator: RandomAccessGenerator
generator: RandomAccessGenerator
generator: RandomAccessGenerator
generator: InterpolationGenerator
generator: PoseidonGenerator
generator: PoseidonGenerator
generator: PoseidonGenerator
generator: PoseidonGenerator
generator: PoseidonGenerator
generator: PoseidonGenerator
generator: PoseidonGenerator
generator: PoseidonGenerator
generator: PoseidonGenerator
generator: PoseidonGenerator
generator: PoseidonGenerator
generator: PoseidonGenerator
generator: RandomAccessGenerator
generator: RandomAccessGenerator
generator: RandomAccessGenerator
generator: RandomAccessGenerator
generator: InterpolationGenerator
generator: PoseidonGenerator
generator: PoseidonGenerator
generator: PoseidonGenerator
generator: PoseidonGenerator
generator: PoseidonGenerator
generator: PoseidonGenerator
generator: PoseidonGenerator
generator: PoseidonGenerator
generator: RandomAccessGenerator
generator: RandomAccessGenerator
generator: RandomAccessGenerator
generator: RandomAccessGenerator
generator: ReducingExtensionGenerator
generator: BaseSplitGenerator + Base: 2
generator: BaseSplitGenerator + Base: 2
generator: PoseidonGenerator
generator: PoseidonGenerator
generator: PoseidonGenerator
generator: PoseidonGenerator
generator: PoseidonGenerator
generator: PoseidonGenerator
generator: PoseidonGenerator
generator: PoseidonGenerator
generator: PoseidonGenerator
generator: PoseidonGenerator
generator: PoseidonGenerator
generator: PoseidonGenerator
generator: PoseidonGenerator
generator: PoseidonGenerator
generator: PoseidonGenerator
generator: PoseidonGenerator
generator: PoseidonGenerator
generator: PoseidonGenerator
generator: PoseidonGenerator
generator: PoseidonGenerator
generator: PoseidonGenerator
generator: PoseidonGenerator
generator: PoseidonGenerator
generator: RandomAccessGenerator
generator: RandomAccessGenerator
generator: RandomAccessGenerator
generator: RandomAccessGenerator
generator: PoseidonGenerator
generator: PoseidonGenerator
generator: PoseidonGenerator
generator: PoseidonGenerator
generator: PoseidonGenerator
generator: PoseidonGenerator
generator: PoseidonGenerator
generator: PoseidonGenerator
generator: PoseidonGenerator
generator: PoseidonGenerator
generator: PoseidonGenerator
generator: PoseidonGenerator
generator: PoseidonGenerator
generator: PoseidonGenerator
generator: PoseidonGenerator
generator: PoseidonGenerator
generator: PoseidonGenerator
generator: PoseidonGenerator
generator: PoseidonGenerator
generator: PoseidonGenerator
generator: PoseidonGenerator
generator: PoseidonGenerator
generator: PoseidonGenerator
generator: PoseidonGenerator
generator: PoseidonGenerator
generator: PoseidonGenerator
generator: PoseidonGenerator
generator: PoseidonGenerator
generator: PoseidonGenerator
generator: RandomAccessGenerator
generator: RandomAccessGenerator
generator: RandomAccessGenerator
generator: RandomAccessGenerator
generator: PoseidonGenerator
generator: PoseidonGenerator
generator: PoseidonGenerator
generator: PoseidonGenerator
generator: PoseidonGenerator
generator: PoseidonGenerator
generator: PoseidonGenerator
generator: PoseidonGenerator
generator: PoseidonGenerator
generator: PoseidonGenerator
generator: PoseidonGenerator
generator: PoseidonGenerator
generator: PoseidonGenerator
generator: PoseidonGenerator
generator: PoseidonGenerator
generator: RandomAccessGenerator
generator: RandomAccessGenerator
generator: RandomAccessGenerator
generator: RandomAccessGenerator
generator: PoseidonGenerator
generator: PoseidonGenerator
generator: PoseidonGenerator
generator: PoseidonGenerator
generator: PoseidonGenerator
generator: PoseidonGenerator
generator: PoseidonGenerator
generator: PoseidonGenerator
generator: PoseidonGenerator
generator: PoseidonGenerator
generator: PoseidonGenerator
generator: PoseidonGenerator
generator: PoseidonGenerator
generator: PoseidonGenerator
generator: RandomAccessGenerator
generator: RandomAccessGenerator
generator: RandomAccessGenerator
generator: RandomAccessGenerator
generator: ReducingGenerator
generator: ReducingGenerator
generator: ReducingGenerator
generator: ReducingGenerator
generator: ReducingGenerator
generator: ReducingGenerator
generator: RandomAccessGenerator
generator: RandomAccessGenerator
generator: RandomAccessGenerator
generator: RandomAccessGenerator
generator: ArithmeticBaseGenerator
generator: ArithmeticBaseGenerator
generator: ArithmeticBaseGenerator
generator: ArithmeticBaseGenerator
generator: ArithmeticBaseGenerator
generator: ArithmeticBaseGenerator
generator: ArithmeticBaseGenerator
generator: ArithmeticBaseGenerator
generator: ArithmeticBaseGenerator
generator: ArithmeticBaseGenerator
generator: ArithmeticBaseGenerator
generator: ArithmeticBaseGenerator
generator: ArithmeticBaseGenerator
generator: ArithmeticBaseGenerator
generator: ArithmeticBaseGenerator
generator: ArithmeticBaseGenerator
generator: ArithmeticBaseGenerator
generator: ArithmeticBaseGenerator
generator: ArithmeticBaseGenerator
generator: ArithmeticBaseGenerator
generator: ArithmeticBaseGenerator
generator: ArithmeticBaseGenerator
generator: ArithmeticBaseGenerator
generator: ArithmeticBaseGenerator
generator: ArithmeticBaseGenerator
generator: ArithmeticBaseGenerator
generator: ArithmeticBaseGenerator
generator: ArithmeticBaseGenerator
generator: ArithmeticBaseGenerator
generator: ArithmeticBaseGenerator
generator: ArithmeticBaseGenerator
generator: ArithmeticBaseGenerator
generator: ArithmeticBaseGenerator
generator: ArithmeticBaseGenerator
generator: ArithmeticBaseGenerator
generator: ArithmeticBaseGenerator
generator: ArithmeticBaseGenerator
generator: ArithmeticBaseGenerator
generator: ArithmeticBaseGenerator
generator: ArithmeticBaseGenerator
generator: InterpolationGenerator
generator: PoseidonGenerator
generator: PoseidonGenerator
generator: PoseidonGenerator
generator: PoseidonGenerator
generator: PoseidonGenerator
generator: PoseidonGenerator
generator: PoseidonGenerator
generator: PoseidonGenerator
generator: PoseidonGenerator
generator: PoseidonGenerator
generator: PoseidonGenerator
generator: PoseidonGenerator
generator: RandomAccessGenerator
generator: RandomAccessGenerator
generator: RandomAccessGenerator
generator: RandomAccessGenerator
generator: InterpolationGenerator
generator: PoseidonGenerator
generator: PoseidonGenerator
generator: PoseidonGenerator
generator: PoseidonGenerator
generator: PoseidonGenerator
generator: PoseidonGenerator
generator: PoseidonGenerator
generator: PoseidonGenerator
generator: RandomAccessGenerator
generator: RandomAccessGenerator
generator: RandomAccessGenerator
generator: RandomAccessGenerator
generator: ReducingExtensionGenerator
generator: BaseSplitGenerator + Base: 2
generator: BaseSplitGenerator + Base: 2
generator: ArithmeticBaseGenerator
generator: ArithmeticBaseGenerator
generator: ArithmeticBaseGenerator
generator: ArithmeticBaseGenerator
generator: ArithmeticBaseGenerator
generator: ArithmeticBaseGenerator
generator: ArithmeticBaseGenerator
generator: ArithmeticBaseGenerator
generator: ArithmeticBaseGenerator
generator: ArithmeticBaseGenerator
generator: ArithmeticBaseGenerator
generator: ArithmeticBaseGenerator
generator: ArithmeticBaseGenerator
generator: ArithmeticBaseGenerator
generator: ArithmeticBaseGenerator
generator: ArithmeticBaseGenerator
generator: ArithmeticBaseGenerator
generator: ArithmeticBaseGenerator
generator: ArithmeticBaseGenerator
generator: ArithmeticBaseGenerator
generator: PoseidonGenerator
generator: PoseidonGenerator
generator: PoseidonGenerator
generator: PoseidonGenerator
generator: PoseidonGenerator
generator: PoseidonGenerator
generator: PoseidonGenerator
generator: PoseidonGenerator
generator: PoseidonGenerator
generator: PoseidonGenerator
generator: PoseidonGenerator
generator: PoseidonGenerator
generator: PoseidonGenerator
generator: PoseidonGenerator
generator: PoseidonGenerator
generator: PoseidonGenerator
generator: PoseidonGenerator
generator: PoseidonGenerator
generator: PoseidonGenerator
generator: PoseidonGenerator
generator: PoseidonGenerator
generator: PoseidonGenerator
generator: PoseidonGenerator
generator: RandomAccessGenerator
generator: RandomAccessGenerator
generator: RandomAccessGenerator
generator: RandomAccessGenerator
generator: PoseidonGenerator
generator: PoseidonGenerator
generator: PoseidonGenerator
generator: PoseidonGenerator
generator: PoseidonGenerator
generator: PoseidonGenerator
generator: PoseidonGenerator
generator: PoseidonGenerator
generator: PoseidonGenerator
generator: PoseidonGenerator
generator: PoseidonGenerator
generator: PoseidonGenerator
generator: PoseidonGenerator
generator: PoseidonGenerator
generator: PoseidonGenerator
generator: PoseidonGenerator
generator: PoseidonGenerator
generator: PoseidonGenerator
generator: PoseidonGenerator
generator: PoseidonGenerator
generator: PoseidonGenerator
generator: PoseidonGenerator
generator: PoseidonGenerator
generator: PoseidonGenerator
generator: PoseidonGenerator
generator: PoseidonGenerator
generator: PoseidonGenerator
generator: PoseidonGenerator
generator: PoseidonGenerator
generator: RandomAccessGenerator
generator: RandomAccessGenerator
generator: RandomAccessGenerator
generator: RandomAccessGenerator
generator: PoseidonGenerator
generator: PoseidonGenerator
generator: PoseidonGenerator
generator: PoseidonGenerator
generator: PoseidonGenerator
generator: PoseidonGenerator
generator: PoseidonGenerator
generator: PoseidonGenerator
generator: PoseidonGenerator
generator: PoseidonGenerator
generator: PoseidonGenerator
generator: PoseidonGenerator
generator: PoseidonGenerator
generator: PoseidonGenerator
generator: PoseidonGenerator
generator: RandomAccessGenerator
generator: RandomAccessGenerator
generator: RandomAccessGenerator
generator: RandomAccessGenerator
generator: PoseidonGenerator
generator: PoseidonGenerator
generator: PoseidonGenerator
generator: PoseidonGenerator
generator: PoseidonGenerator
generator: PoseidonGenerator
generator: PoseidonGenerator
generator: PoseidonGenerator
generator: PoseidonGenerator
generator: PoseidonGenerator
generator: PoseidonGenerator
generator: PoseidonGenerator
generator: PoseidonGenerator
generator: PoseidonGenerator
generator: RandomAccessGenerator
generator: RandomAccessGenerator
generator: RandomAccessGenerator
generator: RandomAccessGenerator
generator: ReducingGenerator
generator: ReducingGenerator
generator: ReducingGenerator
generator: ReducingGenerator
generator: ReducingGenerator
generator: ReducingGenerator
generator: MulExtensionGenerator
generator: MulExtensionGenerator
generator: MulExtensionGenerator
generator: MulExtensionGenerator
generator: MulExtensionGenerator
generator: MulExtensionGenerator
generator: MulExtensionGenerator
generator: MulExtensionGenerator
generator: MulExtensionGenerator
generator: MulExtensionGenerator
generator: MulExtensionGenerator
generator: MulExtensionGenerator
generator: MulExtensionGenerator
generator: ArithmeticExtensionGenerator
generator: ArithmeticExtensionGenerator
generator: ArithmeticExtensionGenerator
generator: ArithmeticExtensionGenerator
generator: ArithmeticExtensionGenerator
generator: ArithmeticExtensionGenerator
generator: ArithmeticExtensionGenerator
generator: ArithmeticExtensionGenerator
generator: ArithmeticExtensionGenerator
generator: ArithmeticExtensionGenerator
generator: ArithmeticExtensionGenerator
generator: ArithmeticExtensionGenerator
generator: ArithmeticExtensionGenerator
generator: ArithmeticExtensionGenerator
generator: ArithmeticExtensionGenerator
generator: ArithmeticExtensionGenerator
generator: ArithmeticExtensionGenerator
generator: ArithmeticExtensionGenerator
generator: ArithmeticExtensionGenerator
generator: ArithmeticExtensionGenerator
generator: RandomAccessGenerator
generator: RandomAccessGenerator
generator: RandomAccessGenerator
generator: RandomAccessGenerator
generator: InterpolationGenerator
generator: PoseidonGenerator
generator: PoseidonGenerator
generator: PoseidonGenerator
generator: PoseidonGenerator
generator: PoseidonGenerator
generator: PoseidonGenerator
generator: PoseidonGenerator
generator: PoseidonGenerator
generator: PoseidonGenerator
generator: PoseidonGenerator
generator: PoseidonGenerator
generator: PoseidonGenerator
generator: RandomAccessGenerator
generator: RandomAccessGenerator
generator: RandomAccessGenerator
generator: RandomAccessGenerator
generator: InterpolationGenerator
generator: PoseidonGenerator
generator: PoseidonGenerator
generator: PoseidonGenerator
generator: PoseidonGenerator
generator: PoseidonGenerator
generator: PoseidonGenerator
generator: PoseidonGenerator
generator: PoseidonGenerator
generator: RandomAccessGenerator
generator: RandomAccessGenerator
generator: RandomAccessGenerator
generator: RandomAccessGenerator
generator: ArithmeticBaseGenerator
generator: ArithmeticBaseGenerator
generator: ArithmeticBaseGenerator
generator: ArithmeticBaseGenerator
generator: ArithmeticBaseGenerator
generator: ArithmeticBaseGenerator
generator: ArithmeticBaseGenerator
generator: ArithmeticBaseGenerator
generator: ArithmeticBaseGenerator
generator: ArithmeticBaseGenerator
generator: ArithmeticBaseGenerator
generator: ArithmeticBaseGenerator
generator: ArithmeticBaseGenerator
generator: ArithmeticBaseGenerator
generator: ArithmeticBaseGenerator
generator: ArithmeticBaseGenerator
generator: ArithmeticBaseGenerator
generator: ArithmeticBaseGenerator
generator: ArithmeticBaseGenerator
generator: ArithmeticBaseGenerator
generator: ReducingExtensionGenerator
generator: BaseSplitGenerator + Base: 2
generator: BaseSplitGenerator + Base: 2
generator: PoseidonGenerator
generator: PoseidonGenerator
generator: PoseidonGenerator
generator: PoseidonGenerator
generator: PoseidonGenerator
generator: PoseidonGenerator
generator: PoseidonGenerator
generator: PoseidonGenerator
generator: PoseidonGenerator
generator: PoseidonGenerator
generator: PoseidonGenerator
generator: PoseidonGenerator
generator: PoseidonGenerator
generator: PoseidonGenerator
generator: PoseidonGenerator
generator: PoseidonGenerator
generator: PoseidonGenerator
generator: PoseidonGenerator
generator: PoseidonGenerator
generator: PoseidonGenerator
generator: PoseidonGenerator
generator: PoseidonGenerator
generator: PoseidonGenerator
generator: RandomAccessGenerator
generator: RandomAccessGenerator
generator: RandomAccessGenerator
generator: RandomAccessGenerator
generator: PoseidonGenerator
generator: PoseidonGenerator
generator: PoseidonGenerator
generator: PoseidonGenerator
generator: PoseidonGenerator
generator: PoseidonGenerator
generator: PoseidonGenerator
generator: PoseidonGenerator
generator: PoseidonGenerator
generator: PoseidonGenerator
generator: PoseidonGenerator
generator: PoseidonGenerator
generator: PoseidonGenerator
generator: PoseidonGenerator
generator: PoseidonGenerator
generator: PoseidonGenerator
generator: PoseidonGenerator
generator: PoseidonGenerator
generator: PoseidonGenerator
generator: PoseidonGenerator
generator: PoseidonGenerator
generator: PoseidonGenerator
generator: PoseidonGenerator
generator: PoseidonGenerator
generator: PoseidonGenerator
generator: PoseidonGenerator
generator: PoseidonGenerator
generator: PoseidonGenerator
generator: PoseidonGenerator
generator: RandomAccessGenerator
generator: RandomAccessGenerator
generator: RandomAccessGenerator
generator: RandomAccessGenerator
generator: PoseidonGenerator
generator: PoseidonGenerator
generator: PoseidonGenerator
generator: PoseidonGenerator
generator: PoseidonGenerator
generator: PoseidonGenerator
generator: PoseidonGenerator
generator: PoseidonGenerator
generator: PoseidonGenerator
generator: PoseidonGenerator
generator: PoseidonGenerator
generator: PoseidonGenerator
generator: PoseidonGenerator
generator: PoseidonGenerator
generator: PoseidonGenerator
generator: RandomAccessGenerator
generator: RandomAccessGenerator
generator: RandomAccessGenerator
generator: RandomAccessGenerator
generator: PoseidonGenerator
generator: PoseidonGenerator
generator: PoseidonGenerator
generator: PoseidonGenerator
generator: PoseidonGenerator
generator: PoseidonGenerator
generator: PoseidonGenerator
generator: PoseidonGenerator
generator: PoseidonGenerator
generator: PoseidonGenerator
generator: PoseidonGenerator
generator: PoseidonGenerator
generator: PoseidonGenerator
generator: PoseidonGenerator
generator: RandomAccessGenerator
generator: RandomAccessGenerator
generator: RandomAccessGenerator
generator: RandomAccessGenerator
generator: ReducingGenerator
generator: ReducingGenerator
generator: ReducingGenerator
generator: ReducingGenerator
generator: ReducingGenerator
generator: ReducingGenerator
generator: RandomAccessGenerator
generator: RandomAccessGenerator
generator: RandomAccessGenerator
generator: RandomAccessGenerator
generator: InterpolationGenerator
generator: PoseidonGenerator
generator: PoseidonGenerator
generator: PoseidonGenerator
generator: PoseidonGenerator
generator: PoseidonGenerator
generator: PoseidonGenerator
generator: PoseidonGenerator
generator: PoseidonGenerator
generator: PoseidonGenerator
generator: PoseidonGenerator
generator: PoseidonGenerator
generator: PoseidonGenerator
generator: RandomAccessGenerator
generator: RandomAccessGenerator
generator: RandomAccessGenerator
generator: RandomAccessGenerator
generator: InterpolationGenerator
generator: PoseidonGenerator
generator: PoseidonGenerator
generator: PoseidonGenerator
generator: PoseidonGenerator
generator: PoseidonGenerator
generator: PoseidonGenerator
generator: PoseidonGenerator
generator: PoseidonGenerator
generator: RandomAccessGenerator
generator: RandomAccessGenerator
generator: RandomAccessGenerator
generator: RandomAccessGenerator
generator: ReducingExtensionGenerator
generator: BaseSplitGenerator + Base: 2
generator: BaseSplitGenerator + Base: 2
generator: ArithmeticBaseGenerator
generator: ArithmeticBaseGenerator
generator: ArithmeticBaseGenerator
generator: ArithmeticBaseGenerator
generator: ArithmeticBaseGenerator
generator: ArithmeticBaseGenerator
generator: ArithmeticBaseGenerator
generator: ArithmeticBaseGenerator
generator: ArithmeticBaseGenerator
generator: ArithmeticBaseGenerator
generator: ArithmeticBaseGenerator
generator: ArithmeticBaseGenerator
generator: ArithmeticBaseGenerator
generator: ArithmeticBaseGenerator
generator: ArithmeticBaseGenerator
generator: ArithmeticBaseGenerator
generator: ArithmeticBaseGenerator
generator: ArithmeticBaseGenerator
generator: ArithmeticBaseGenerator
generator: ArithmeticBaseGenerator
generator: PoseidonGenerator
generator: PoseidonGenerator
generator: PoseidonGenerator
generator: PoseidonGenerator
generator: PoseidonGenerator
generator: PoseidonGenerator
generator: PoseidonGenerator
generator: PoseidonGenerator
generator: PoseidonGenerator
generator: PoseidonGenerator
generator: PoseidonGenerator
generator: PoseidonGenerator
generator: PoseidonGenerator
generator: PoseidonGenerator
generator: PoseidonGenerator
generator: PoseidonGenerator
generator: PoseidonGenerator
generator: PoseidonGenerator
generator: PoseidonGenerator
generator: PoseidonGenerator
generator: PoseidonGenerator
generator: PoseidonGenerator
generator: PoseidonGenerator
generator: RandomAccessGenerator
generator: RandomAccessGenerator
generator: RandomAccessGenerator
generator: RandomAccessGenerator
generator: PoseidonGenerator
generator: PoseidonGenerator
generator: PoseidonGenerator
generator: PoseidonGenerator
generator: PoseidonGenerator
generator: PoseidonGenerator
generator: PoseidonGenerator
generator: PoseidonGenerator
generator: PoseidonGenerator
generator: PoseidonGenerator
generator: PoseidonGenerator
generator: PoseidonGenerator
generator: PoseidonGenerator
generator: PoseidonGenerator
generator: PoseidonGenerator
generator: PoseidonGenerator
generator: PoseidonGenerator
generator: PoseidonGenerator
generator: PoseidonGenerator
generator: PoseidonGenerator
generator: PoseidonGenerator
generator: PoseidonGenerator
generator: PoseidonGenerator
generator: PoseidonGenerator
generator: PoseidonGenerator
generator: PoseidonGenerator
generator: PoseidonGenerator
generator: PoseidonGenerator
generator: PoseidonGenerator
generator: RandomAccessGenerator
generator: RandomAccessGenerator
generator: RandomAccessGenerator
generator: RandomAccessGenerator
generator: PoseidonGenerator
generator: PoseidonGenerator
generator: PoseidonGenerator
generator: PoseidonGenerator
generator: PoseidonGenerator
generator: PoseidonGenerator
generator: PoseidonGenerator
generator: PoseidonGenerator
generator: PoseidonGenerator
generator: PoseidonGenerator
generator: PoseidonGenerator
generator: PoseidonGenerator
generator: PoseidonGenerator
generator: PoseidonGenerator
generator: PoseidonGenerator
generator: RandomAccessGenerator
generator: RandomAccessGenerator
generator: RandomAccessGenerator
generator: RandomAccessGenerator
generator: PoseidonGenerator
generator: PoseidonGenerator
generator: PoseidonGenerator
generator: PoseidonGenerator
generator: PoseidonGenerator
generator: PoseidonGenerator
generator: PoseidonGenerator
generator: PoseidonGenerator
generator: PoseidonGenerator
generator: PoseidonGenerator
generator: PoseidonGenerator
generator: PoseidonGenerator
generator: PoseidonGenerator
generator: PoseidonGenerator
generator: RandomAccessGenerator
generator: RandomAccessGenerator
generator: RandomAccessGenerator
generator: RandomAccessGenerator
generator: ReducingGenerator
generator: ReducingGenerator
generator: ReducingGenerator
generator: ReducingGenerator
generator: ReducingGenerator
generator: ReducingGenerator
generator: RandomAccessGenerator
generator: RandomAccessGenerator
generator: RandomAccessGenerator
generator: RandomAccessGenerator
generator: InterpolationGenerator
generator: PoseidonGenerator
generator: PoseidonGenerator
generator: PoseidonGenerator
generator: PoseidonGenerator
generator: PoseidonGenerator
generator: PoseidonGenerator
generator: PoseidonGenerator
generator: PoseidonGenerator
generator: PoseidonGenerator
generator: PoseidonGenerator
generator: PoseidonGenerator
generator: PoseidonGenerator
generator: RandomAccessGenerator
generator: RandomAccessGenerator
generator: RandomAccessGenerator
generator: RandomAccessGenerator
generator: InterpolationGenerator
generator: PoseidonGenerator
generator: PoseidonGenerator
generator: PoseidonGenerator
generator: PoseidonGenerator
generator: PoseidonGenerator
generator: PoseidonGenerator
generator: PoseidonGenerator
generator: PoseidonGenerator
generator: RandomAccessGenerator
generator: RandomAccessGenerator
generator: RandomAccessGenerator
generator: RandomAccessGenerator
generator: ArithmeticBaseGenerator
generator: ArithmeticBaseGenerator
generator: ArithmeticBaseGenerator
generator: ArithmeticBaseGenerator
generator: ArithmeticBaseGenerator
generator: ArithmeticBaseGenerator
generator: ArithmeticBaseGenerator
generator: ArithmeticBaseGenerator
generator: ArithmeticBaseGenerator
generator: ArithmeticBaseGenerator
generator: ArithmeticBaseGenerator
generator: ArithmeticBaseGenerator
generator: ArithmeticBaseGenerator
generator: ArithmeticBaseGenerator
generator: ArithmeticBaseGenerator
generator: ArithmeticBaseGenerator
generator: ArithmeticBaseGenerator
generator: ArithmeticBaseGenerator
generator: ArithmeticBaseGenerator
generator: ArithmeticBaseGenerator
generator: ReducingExtensionGenerator
generator: BaseSplitGenerator + Base: 2
generator: BaseSplitGenerator + Base: 2
generator: PoseidonGenerator
generator: PoseidonGenerator
generator: PoseidonGenerator
generator: PoseidonGenerator
generator: PoseidonGenerator
generator: PoseidonGenerator
generator: PoseidonGenerator
generator: PoseidonGenerator
generator: PoseidonGenerator
generator: PoseidonGenerator
generator: PoseidonGenerator
generator: PoseidonGenerator
generator: PoseidonGenerator
generator: PoseidonGenerator
generator: PoseidonGenerator
generator: PoseidonGenerator
generator: PoseidonGenerator
generator: PoseidonGenerator
generator: PoseidonGenerator
generator: PoseidonGenerator
generator: PoseidonGenerator
generator: PoseidonGenerator
generator: PoseidonGenerator
generator: RandomAccessGenerator
generator: RandomAccessGenerator
generator: RandomAccessGenerator
generator: RandomAccessGenerator
generator: PoseidonGenerator
generator: PoseidonGenerator
generator: PoseidonGenerator
generator: PoseidonGenerator
generator: PoseidonGenerator
generator: PoseidonGenerator
generator: PoseidonGenerator
generator: PoseidonGenerator
generator: PoseidonGenerator
generator: PoseidonGenerator
generator: PoseidonGenerator
generator: PoseidonGenerator
generator: PoseidonGenerator
generator: PoseidonGenerator
generator: PoseidonGenerator
generator: PoseidonGenerator
generator: PoseidonGenerator
generator: PoseidonGenerator
generator: PoseidonGenerator
generator: PoseidonGenerator
generator: PoseidonGenerator
generator: PoseidonGenerator
generator: PoseidonGenerator
generator: PoseidonGenerator
generator: PoseidonGenerator
generator: PoseidonGenerator
generator: PoseidonGenerator
generator: PoseidonGenerator
generator: PoseidonGenerator
generator: RandomAccessGenerator
generator: RandomAccessGenerator
generator: RandomAccessGenerator
generator: RandomAccessGenerator
generator: PoseidonGenerator
generator: PoseidonGenerator
generator: PoseidonGenerator
generator: PoseidonGenerator
generator: PoseidonGenerator
generator: PoseidonGenerator
generator: PoseidonGenerator
generator: PoseidonGenerator
generator: PoseidonGenerator
generator: PoseidonGenerator
generator: PoseidonGenerator
generator: PoseidonGenerator
generator: PoseidonGenerator
generator: PoseidonGenerator
generator: PoseidonGenerator
generator: RandomAccessGenerator
generator: RandomAccessGenerator
generator: RandomAccessGenerator
generator: RandomAccessGenerator
generator: PoseidonGenerator
generator: PoseidonGenerator
generator: PoseidonGenerator
generator: PoseidonGenerator
generator: PoseidonGenerator
generator: PoseidonGenerator
generator: PoseidonGenerator
generator: PoseidonGenerator
generator: PoseidonGenerator
generator: PoseidonGenerator
generator: PoseidonGenerator
generator: PoseidonGenerator
generator: PoseidonGenerator
generator: PoseidonGenerator
generator: RandomAccessGenerator
generator: RandomAccessGenerator
generator: RandomAccessGenerator
generator: RandomAccessGenerator
generator: ReducingGenerator
generator: ReducingGenerator
generator: ReducingGenerator
generator: ReducingGenerator
generator: ReducingGenerator
generator: ReducingGenerator
generator: ArithmeticExtensionGenerator
generator: ArithmeticExtensionGenerator
generator: ArithmeticExtensionGenerator
generator: ArithmeticExtensionGenerator
generator: ArithmeticExtensionGenerator
generator: ArithmeticExtensionGenerator
generator: ArithmeticExtensionGenerator
generator: ArithmeticExtensionGenerator
generator: ArithmeticExtensionGenerator
generator: ArithmeticExtensionGenerator
generator: MulExtensionGenerator
generator: MulExtensionGenerator
generator: MulExtensionGenerator
generator: MulExtensionGenerator
generator: MulExtensionGenerator
generator: MulExtensionGenerator
generator: MulExtensionGenerator
generator: MulExtensionGenerator
generator: MulExtensionGenerator
generator: MulExtensionGenerator
generator: MulExtensionGenerator
generator: MulExtensionGenerator
generator: MulExtensionGenerator
generator: RandomAccessGenerator
generator: RandomAccessGenerator
generator: RandomAccessGenerator
generator: RandomAccessGenerator
generator: InterpolationGenerator
generator: PoseidonGenerator
generator: PoseidonGenerator
generator: PoseidonGenerator
generator: PoseidonGenerator
generator: PoseidonGenerator
generator: PoseidonGenerator
generator: PoseidonGenerator
generator: PoseidonGenerator
generator: PoseidonGenerator
generator: PoseidonGenerator
generator: PoseidonGenerator
generator: PoseidonGenerator
generator: RandomAccessGenerator
generator: RandomAccessGenerator
generator: RandomAccessGenerator
generator: RandomAccessGenerator
generator: InterpolationGenerator
generator: PoseidonGenerator
generator: PoseidonGenerator
generator: PoseidonGenerator
generator: PoseidonGenerator
generator: PoseidonGenerator
generator: PoseidonGenerator
generator: PoseidonGenerator
generator: PoseidonGenerator
generator: RandomAccessGenerator
generator: RandomAccessGenerator
generator: RandomAccessGenerator
generator: RandomAccessGenerator
generator: ReducingExtensionGenerator
generator: BaseSplitGenerator + Base: 2
generator: BaseSplitGenerator + Base: 2
generator: ArithmeticBaseGenerator
generator: ArithmeticBaseGenerator
generator: ArithmeticBaseGenerator
generator: ArithmeticBaseGenerator
generator: ArithmeticBaseGenerator
generator: ArithmeticBaseGenerator
generator: ArithmeticBaseGenerator
generator: ArithmeticBaseGenerator
generator: ArithmeticBaseGenerator
generator: ArithmeticBaseGenerator
generator: ArithmeticBaseGenerator
generator: ArithmeticBaseGenerator
generator: ArithmeticBaseGenerator
generator: ArithmeticBaseGenerator
generator: ArithmeticBaseGenerator
generator: ArithmeticBaseGenerator
generator: ArithmeticBaseGenerator
generator: ArithmeticBaseGenerator
generator: ArithmeticBaseGenerator
generator: ArithmeticBaseGenerator
generator: PoseidonGenerator
generator: PoseidonGenerator
generator: PoseidonGenerator
generator: PoseidonGenerator
generator: PoseidonGenerator
generator: PoseidonGenerator
generator: PoseidonGenerator
generator: PoseidonGenerator
generator: PoseidonGenerator
generator: PoseidonGenerator
generator: PoseidonGenerator
generator: PoseidonGenerator
generator: PoseidonGenerator
generator: PoseidonGenerator
generator: PoseidonGenerator
generator: PoseidonGenerator
generator: PoseidonGenerator
generator: PoseidonGenerator
generator: PoseidonGenerator
generator: PoseidonGenerator
generator: PoseidonGenerator
generator: PoseidonGenerator
generator: PoseidonGenerator
generator: RandomAccessGenerator
generator: RandomAccessGenerator
generator: RandomAccessGenerator
generator: RandomAccessGenerator
generator: PoseidonGenerator
generator: PoseidonGenerator
generator: PoseidonGenerator
generator: PoseidonGenerator
generator: PoseidonGenerator
generator: PoseidonGenerator
generator: PoseidonGenerator
generator: PoseidonGenerator
generator: PoseidonGenerator
generator: PoseidonGenerator
generator: PoseidonGenerator
generator: PoseidonGenerator
generator: PoseidonGenerator
generator: PoseidonGenerator
generator: PoseidonGenerator
generator: PoseidonGenerator
generator: PoseidonGenerator
generator: PoseidonGenerator
generator: PoseidonGenerator
generator: PoseidonGenerator
generator: PoseidonGenerator
generator: PoseidonGenerator
generator: PoseidonGenerator
generator: PoseidonGenerator
generator: PoseidonGenerator
generator: PoseidonGenerator
generator: PoseidonGenerator
generator: PoseidonGenerator
generator: PoseidonGenerator
generator: RandomAccessGenerator
generator: RandomAccessGenerator
generator: RandomAccessGenerator
generator: RandomAccessGenerator
generator: PoseidonGenerator
generator: PoseidonGenerator
generator: PoseidonGenerator
generator: PoseidonGenerator
generator: PoseidonGenerator
generator: PoseidonGenerator
generator: PoseidonGenerator
generator: PoseidonGenerator
generator: PoseidonGenerator
generator: PoseidonGenerator
generator: PoseidonGenerator
generator: PoseidonGenerator
generator: PoseidonGenerator
generator: PoseidonGenerator
generator: PoseidonGenerator
generator: RandomAccessGenerator
generator: RandomAccessGenerator
generator: RandomAccessGenerator
generator: RandomAccessGenerator
generator: PoseidonGenerator
generator: PoseidonGenerator
generator: PoseidonGenerator
generator: PoseidonGenerator
generator: PoseidonGenerator
generator: PoseidonGenerator
generator: PoseidonGenerator
generator: PoseidonGenerator
generator: PoseidonGenerator
generator: PoseidonGenerator
generator: PoseidonGenerator
generator: PoseidonGenerator
generator: PoseidonGenerator
generator: PoseidonGenerator
generator: RandomAccessGenerator
generator: RandomAccessGenerator
generator: RandomAccessGenerator
generator: RandomAccessGenerator
generator: ReducingGenerator
generator: ReducingGenerator
generator: ReducingGenerator
generator: ReducingGenerator
generator: ReducingGenerator
generator: ReducingGenerator
generator: RandomAccessGenerator
generator: RandomAccessGenerator
generator: RandomAccessGenerator
generator: RandomAccessGenerator
generator: InterpolationGenerator
generator: PoseidonGenerator
generator: PoseidonGenerator
generator: PoseidonGenerator
generator: PoseidonGenerator
generator: PoseidonGenerator
generator: PoseidonGenerator
generator: PoseidonGenerator
generator: PoseidonGenerator
generator: PoseidonGenerator
generator: PoseidonGenerator
generator: PoseidonGenerator
generator: PoseidonGenerator
generator: RandomAccessGenerator
generator: RandomAccessGenerator
generator: RandomAccessGenerator
generator: RandomAccessGenerator
generator: ArithmeticBaseGenerator
generator: ArithmeticBaseGenerator
generator: ArithmeticBaseGenerator
generator: ArithmeticBaseGenerator
generator: ArithmeticBaseGenerator
generator: ArithmeticBaseGenerator
generator: ArithmeticBaseGenerator
generator: ArithmeticBaseGenerator
generator: ArithmeticBaseGenerator
generator: ArithmeticBaseGenerator
generator: ArithmeticBaseGenerator
generator: ArithmeticBaseGenerator
generator: ArithmeticBaseGenerator
generator: ArithmeticBaseGenerator
generator: ArithmeticBaseGenerator
generator: ArithmeticBaseGenerator
generator: ArithmeticBaseGenerator
generator: ArithmeticBaseGenerator
generator: ArithmeticBaseGenerator
generator: ArithmeticBaseGenerator
generator: InterpolationGenerator
generator: PoseidonGenerator
generator: PoseidonGenerator
generator: PoseidonGenerator
generator: PoseidonGenerator
generator: PoseidonGenerator
generator: PoseidonGenerator
generator: PoseidonGenerator
generator: PoseidonGenerator
generator: RandomAccessGenerator
generator: RandomAccessGenerator
generator: RandomAccessGenerator
generator: RandomAccessGenerator
generator: ReducingExtensionGenerator
generator: BaseSplitGenerator + Base: 2
generator: BaseSplitGenerator + Base: 2
generator: PoseidonGenerator
generator: PoseidonGenerator
generator: PoseidonGenerator
generator: PoseidonGenerator
generator: PoseidonGenerator
generator: PoseidonGenerator
generator: PoseidonGenerator
generator: PoseidonGenerator
generator: PoseidonGenerator
generator: PoseidonGenerator
generator: PoseidonGenerator
generator: PoseidonGenerator
generator: PoseidonGenerator
generator: PoseidonGenerator
generator: PoseidonGenerator
generator: PoseidonGenerator
generator: PoseidonGenerator
generator: PoseidonGenerator
generator: PoseidonGenerator
generator: PoseidonGenerator
generator: PoseidonGenerator
generator: PoseidonGenerator
generator: PoseidonGenerator
generator: RandomAccessGenerator
generator: RandomAccessGenerator
generator: RandomAccessGenerator
generator: RandomAccessGenerator
generator: PoseidonGenerator
generator: PoseidonGenerator
generator: PoseidonGenerator
generator: PoseidonGenerator
generator: PoseidonGenerator
generator: PoseidonGenerator
generator: PoseidonGenerator
generator: PoseidonGenerator
generator: PoseidonGenerator
generator: PoseidonGenerator
generator: PoseidonGenerator
generator: PoseidonGenerator
generator: PoseidonGenerator
generator: PoseidonGenerator
generator: PoseidonGenerator
generator: PoseidonGenerator
generator: PoseidonGenerator
generator: PoseidonGenerator
generator: PoseidonGenerator
generator: PoseidonGenerator
generator: PoseidonGenerator
generator: PoseidonGenerator
generator: PoseidonGenerator
generator: PoseidonGenerator
generator: PoseidonGenerator
generator: PoseidonGenerator
generator: PoseidonGenerator
generator: PoseidonGenerator
generator: PoseidonGenerator
generator: RandomAccessGenerator
generator: RandomAccessGenerator
generator: RandomAccessGenerator
generator: RandomAccessGenerator
generator: PoseidonGenerator
generator: PoseidonGenerator
generator: PoseidonGenerator
generator: PoseidonGenerator
generator: PoseidonGenerator
generator: PoseidonGenerator
generator: PoseidonGenerator
generator: PoseidonGenerator
generator: PoseidonGenerator
generator: PoseidonGenerator
generator: PoseidonGenerator
generator: PoseidonGenerator
generator: PoseidonGenerator
generator: PoseidonGenerator
generator: PoseidonGenerator
generator: RandomAccessGenerator
generator: RandomAccessGenerator
generator: RandomAccessGenerator
generator: RandomAccessGenerator
generator: PoseidonGenerator
generator: PoseidonGenerator
generator: PoseidonGenerator
generator: PoseidonGenerator
generator: PoseidonGenerator
generator: PoseidonGenerator
generator: PoseidonGenerator
generator: PoseidonGenerator
generator: PoseidonGenerator
generator: PoseidonGenerator
generator: PoseidonGenerator
generator: PoseidonGenerator
generator: PoseidonGenerator
generator: PoseidonGenerator
generator: RandomAccessGenerator
generator: RandomAccessGenerator
generator: RandomAccessGenerator
generator: RandomAccessGenerator
generator: ReducingGenerator
generator: ReducingGenerator
generator: ReducingGenerator
generator: ReducingGenerator
generator: ReducingGenerator
generator: ReducingGenerator
generator: ArithmeticExtensionGenerator
generator: ArithmeticExtensionGenerator
generator: ArithmeticExtensionGenerator
generator: ArithmeticExtensionGenerator
generator: ArithmeticExtensionGenerator
generator: ArithmeticExtensionGenerator
generator: ArithmeticExtensionGenerator
generator: ArithmeticExtensionGenerator
generator: ArithmeticExtensionGenerator
generator: ArithmeticExtensionGenerator
generator: ArithmeticExtensionGenerator
generator: ArithmeticExtensionGenerator
generator: ArithmeticExtensionGenerator
generator: ArithmeticExtensionGenerator
generator: ArithmeticExtensionGenerator
generator: ArithmeticExtensionGenerator
generator: ArithmeticExtensionGenerator
generator: ArithmeticExtensionGenerator
generator: ArithmeticExtensionGenerator
generator: RandomAccessGenerator
generator: RandomAccessGenerator
generator: RandomAccessGenerator
generator: RandomAccessGenerator
generator: InterpolationGenerator
generator: PoseidonGenerator
generator: PoseidonGenerator
generator: PoseidonGenerator
generator: PoseidonGenerator
generator: PoseidonGenerator
generator: PoseidonGenerator
generator: PoseidonGenerator
generator: PoseidonGenerator
generator: PoseidonGenerator
generator: PoseidonGenerator
generator: PoseidonGenerator
generator: PoseidonGenerator
generator: RandomAccessGenerator
generator: RandomAccessGenerator
generator: RandomAccessGenerator
generator: RandomAccessGenerator
generator: InterpolationGenerator
generator: PoseidonGenerator
generator: PoseidonGenerator
generator: PoseidonGenerator
generator: PoseidonGenerator
generator: PoseidonGenerator
generator: PoseidonGenerator
generator: PoseidonGenerator
generator: PoseidonGenerator
generator: RandomAccessGenerator
generator: RandomAccessGenerator
generator: RandomAccessGenerator
generator: RandomAccessGenerator
generator: ReducingExtensionGenerator
generator: BaseSplitGenerator + Base: 2
generator: BaseSplitGenerator + Base: 2
generator: ArithmeticBaseGenerator
generator: ArithmeticBaseGenerator
generator: ArithmeticBaseGenerator
generator: ArithmeticBaseGenerator
generator: ArithmeticBaseGenerator
generator: ArithmeticBaseGenerator
generator: ArithmeticBaseGenerator
generator: ArithmeticBaseGenerator
generator: ArithmeticBaseGenerator
generator: ArithmeticBaseGenerator
generator: ArithmeticBaseGenerator
generator: ArithmeticBaseGenerator
generator: ArithmeticBaseGenerator
generator: ArithmeticBaseGenerator
generator: ArithmeticBaseGenerator
generator: ArithmeticBaseGenerator
generator: ArithmeticBaseGenerator
generator: ArithmeticBaseGenerator
generator: ArithmeticBaseGenerator
generator: ArithmeticBaseGenerator
generator: PoseidonGenerator
generator: PoseidonGenerator
generator: PoseidonGenerator
generator: PoseidonGenerator
generator: PoseidonGenerator
generator: PoseidonGenerator
generator: PoseidonGenerator
generator: PoseidonGenerator
generator: PoseidonGenerator
generator: PoseidonGenerator
generator: PoseidonGenerator
generator: PoseidonGenerator
generator: PoseidonGenerator
generator: PoseidonGenerator
generator: PoseidonGenerator
generator: PoseidonGenerator
generator: PoseidonGenerator
generator: PoseidonGenerator
generator: PoseidonGenerator
generator: PoseidonGenerator
generator: PoseidonGenerator
generator: PoseidonGenerator
generator: PoseidonGenerator
generator: RandomAccessGenerator
generator: RandomAccessGenerator
generator: RandomAccessGenerator
generator: RandomAccessGenerator
generator: PoseidonGenerator
generator: PoseidonGenerator
generator: PoseidonGenerator
generator: PoseidonGenerator
generator: PoseidonGenerator
generator: PoseidonGenerator
generator: PoseidonGenerator
generator: PoseidonGenerator
generator: PoseidonGenerator
generator: PoseidonGenerator
generator: PoseidonGenerator
generator: PoseidonGenerator
generator: PoseidonGenerator
generator: PoseidonGenerator
generator: PoseidonGenerator
generator: PoseidonGenerator
generator: PoseidonGenerator
generator: PoseidonGenerator
generator: PoseidonGenerator
generator: PoseidonGenerator
generator: PoseidonGenerator
generator: PoseidonGenerator
generator: PoseidonGenerator
generator: PoseidonGenerator
generator: PoseidonGenerator
generator: PoseidonGenerator
generator: PoseidonGenerator
generator: PoseidonGenerator
generator: PoseidonGenerator
generator: RandomAccessGenerator
generator: RandomAccessGenerator
generator: RandomAccessGenerator
generator: RandomAccessGenerator
generator: PoseidonGenerator
generator: PoseidonGenerator
generator: PoseidonGenerator
generator: PoseidonGenerator
generator: PoseidonGenerator
generator: PoseidonGenerator
generator: PoseidonGenerator
generator: PoseidonGenerator
generator: PoseidonGenerator
generator: PoseidonGenerator
generator: PoseidonGenerator
generator: PoseidonGenerator
generator: PoseidonGenerator
generator: PoseidonGenerator
generator: PoseidonGenerator
generator: RandomAccessGenerator
generator: RandomAccessGenerator
generator: RandomAccessGenerator
generator: RandomAccessGenerator
generator: PoseidonGenerator
generator: PoseidonGenerator
generator: PoseidonGenerator
generator: PoseidonGenerator
generator: PoseidonGenerator
generator: PoseidonGenerator
generator: PoseidonGenerator
generator: PoseidonGenerator
generator: PoseidonGenerator
generator: PoseidonGenerator
generator: PoseidonGenerator
generator: PoseidonGenerator
generator: PoseidonGenerator
generator: PoseidonGenerator
generator: RandomAccessGenerator
generator: RandomAccessGenerator
generator: RandomAccessGenerator
generator: RandomAccessGenerator
generator: ArithmeticBaseGenerator
generator: ArithmeticBaseGenerator
generator: ArithmeticBaseGenerator
generator: ArithmeticBaseGenerator
generator: ArithmeticBaseGenerator
generator: ArithmeticBaseGenerator
generator: ArithmeticBaseGenerator
generator: ArithmeticBaseGenerator
generator: ArithmeticBaseGenerator
generator: ArithmeticBaseGenerator
generator: ArithmeticBaseGenerator
generator: ArithmeticBaseGenerator
generator: ArithmeticBaseGenerator
generator: ArithmeticBaseGenerator
generator: ArithmeticBaseGenerator
generator: ArithmeticBaseGenerator
generator: ArithmeticBaseGenerator
generator: ArithmeticBaseGenerator
generator: ArithmeticBaseGenerator
generator: ArithmeticBaseGenerator
generator: ArithmeticBaseGenerator
generator: ArithmeticBaseGenerator
generator: ArithmeticBaseGenerator
generator: ArithmeticBaseGenerator
generator: ArithmeticBaseGenerator
generator: ArithmeticBaseGenerator
generator: ArithmeticBaseGenerator
generator: ArithmeticBaseGenerator
generator: ArithmeticBaseGenerator
generator: ArithmeticBaseGenerator
generator: ArithmeticBaseGenerator
generator: ArithmeticBaseGenerator
generator: ArithmeticBaseGenerator
generator: ArithmeticBaseGenerator
generator: ArithmeticBaseGenerator
generator: ArithmeticBaseGenerator
generator: ArithmeticBaseGenerator
generator: ArithmeticBaseGenerator
generator: ArithmeticBaseGenerator
generator: ArithmeticBaseGenerator
generator: ArithmeticBaseGenerator
generator: ArithmeticBaseGenerator
generator: ArithmeticBaseGenerator
generator: ArithmeticBaseGenerator
generator: ArithmeticBaseGenerator
generator: ArithmeticBaseGenerator
generator: ArithmeticBaseGenerator
generator: ArithmeticBaseGenerator
generator: ArithmeticBaseGenerator
generator: ArithmeticBaseGenerator
generator: ArithmeticBaseGenerator
generator: ArithmeticBaseGenerator
generator: ArithmeticBaseGenerator
generator: ArithmeticBaseGenerator
generator: ArithmeticBaseGenerator
generator: ArithmeticBaseGenerator
generator: ArithmeticBaseGenerator
generator: ArithmeticBaseGenerator
generator: ArithmeticBaseGenerator
generator: ArithmeticBaseGenerator
generator: ArithmeticBaseGenerator
generator: ArithmeticBaseGenerator
generator: ArithmeticBaseGenerator
generator: ArithmeticBaseGenerator
generator: ArithmeticBaseGenerator
generator: ArithmeticBaseGenerator
generator: ArithmeticBaseGenerator
generator: ArithmeticBaseGenerator
generator: ArithmeticBaseGenerator
generator: ArithmeticBaseGenerator
generator: ArithmeticBaseGenerator
generator: ArithmeticBaseGenerator
generator: ReducingGenerator
generator: ReducingGenerator
generator: ReducingGenerator
generator: ReducingGenerator
generator: ReducingGenerator
generator: ReducingGenerator
generator: MulExtensionGenerator
generator: MulExtensionGenerator
generator: MulExtensionGenerator
generator: MulExtensionGenerator
generator: MulExtensionGenerator
generator: MulExtensionGenerator
generator: MulExtensionGenerator
generator: MulExtensionGenerator
generator: MulExtensionGenerator
generator: MulExtensionGenerator
generator: MulExtensionGenerator
generator: MulExtensionGenerator
generator: MulExtensionGenerator
generator: RandomAccessGenerator
generator: RandomAccessGenerator
generator: RandomAccessGenerator
generator: RandomAccessGenerator
generator: ArithmeticBaseGenerator
generator: ArithmeticBaseGenerator
generator: ArithmeticBaseGenerator
generator: ArithmeticBaseGenerator
generator: ArithmeticBaseGenerator
generator: ArithmeticBaseGenerator
generator: ArithmeticBaseGenerator
generator: ArithmeticBaseGenerator
generator: ArithmeticBaseGenerator
generator: ArithmeticBaseGenerator
generator: ArithmeticBaseGenerator
generator: ArithmeticBaseGenerator
generator: ArithmeticBaseGenerator
generator: ArithmeticBaseGenerator
generator: ArithmeticBaseGenerator
generator: ArithmeticBaseGenerator
generator: ArithmeticBaseGenerator
generator: ArithmeticBaseGenerator
generator: ArithmeticBaseGenerator
generator: ArithmeticBaseGenerator
generator: ArithmeticBaseGenerator
generator: ArithmeticBaseGenerator
generator: ArithmeticBaseGenerator
generator: ArithmeticBaseGenerator
generator: InterpolationGenerator
generator: PoseidonGenerator
generator: PoseidonGenerator
generator: PoseidonGenerator
generator: PoseidonGenerator
generator: PoseidonGenerator
generator: PoseidonGenerator
generator: PoseidonGenerator
generator: PoseidonGenerator
generator: PoseidonGenerator
generator: PoseidonGenerator
generator: PoseidonGenerator
generator: PoseidonGenerator
generator: RandomAccessGenerator
generator: RandomAccessGenerator
generator: RandomAccessGenerator
generator: RandomAccessGenerator
generator: ArithmeticBaseGenerator
generator: ArithmeticBaseGenerator
generator: ArithmeticBaseGenerator
generator: ArithmeticBaseGenerator
generator: ArithmeticBaseGenerator
generator: ArithmeticBaseGenerator
generator: ArithmeticBaseGenerator
generator: ArithmeticBaseGenerator
generator: ArithmeticBaseGenerator
generator: ArithmeticBaseGenerator
generator: ArithmeticBaseGenerator
generator: ArithmeticBaseGenerator
generator: ArithmeticBaseGenerator
generator: ArithmeticBaseGenerator
generator: ArithmeticBaseGenerator
generator: ArithmeticBaseGenerator
generator: ArithmeticBaseGenerator
generator: ArithmeticBaseGenerator
generator: ArithmeticBaseGenerator
generator: ArithmeticBaseGenerator
generator: InterpolationGenerator
generator: PoseidonGenerator
generator: PoseidonGenerator
generator: PoseidonGenerator
generator: PoseidonGenerator
generator: PoseidonGenerator
generator: PoseidonGenerator
generator: PoseidonGenerator
generator: PoseidonGenerator
generator: RandomAccessGenerator
generator: RandomAccessGenerator
generator: RandomAccessGenerator
generator: RandomAccessGenerator
generator: ReducingExtensionGenerator
generator: BaseSplitGenerator + Base: 2
generator: BaseSplitGenerator + Base: 2
generator: PoseidonGenerator
generator: PoseidonGenerator
generator: PoseidonGenerator
generator: PoseidonGenerator
generator: PoseidonGenerator
generator: PoseidonGenerator
generator: PoseidonGenerator
generator: PoseidonGenerator
generator: PoseidonGenerator
generator: PoseidonGenerator
generator: PoseidonGenerator
generator: PoseidonGenerator
generator: PoseidonGenerator
generator: PoseidonGenerator
generator: PoseidonGenerator
generator: PoseidonGenerator
generator: PoseidonGenerator
generator: PoseidonGenerator
generator: PoseidonGenerator
generator: PoseidonGenerator
generator: PoseidonGenerator
generator: PoseidonGenerator
generator: PoseidonGenerator
generator: RandomAccessGenerator
generator: RandomAccessGenerator
generator: RandomAccessGenerator
generator: RandomAccessGenerator
generator: PoseidonGenerator
generator: PoseidonGenerator
generator: PoseidonGenerator
generator: PoseidonGenerator
generator: PoseidonGenerator
generator: PoseidonGenerator
generator: PoseidonGenerator
generator: PoseidonGenerator
generator: PoseidonGenerator
generator: PoseidonGenerator
generator: PoseidonGenerator
generator: PoseidonGenerator
generator: PoseidonGenerator
generator: PoseidonGenerator
generator: PoseidonGenerator
generator: PoseidonGenerator
generator: PoseidonGenerator
generator: PoseidonGenerator
generator: PoseidonGenerator
generator: PoseidonGenerator
generator: PoseidonGenerator
generator: PoseidonGenerator
generator: PoseidonGenerator
generator: PoseidonGenerator
generator: PoseidonGenerator
generator: PoseidonGenerator
generator: PoseidonGenerator
generator: PoseidonGenerator
generator: PoseidonGenerator
generator: RandomAccessGenerator
generator: RandomAccessGenerator
generator: RandomAccessGenerator
generator: RandomAccessGenerator
generator: PoseidonGenerator
generator: PoseidonGenerator
generator: PoseidonGenerator
generator: PoseidonGenerator
generator: PoseidonGenerator
generator: PoseidonGenerator
generator: PoseidonGenerator
generator: PoseidonGenerator
generator: PoseidonGenerator
generator: PoseidonGenerator
generator: PoseidonGenerator
generator: PoseidonGenerator
generator: PoseidonGenerator
generator: PoseidonGenerator
generator: PoseidonGenerator
generator: RandomAccessGenerator
generator: RandomAccessGenerator
generator: RandomAccessGenerator
generator: RandomAccessGenerator
generator: PoseidonGenerator
generator: PoseidonGenerator
generator: PoseidonGenerator
generator: PoseidonGenerator
generator: PoseidonGenerator
generator: PoseidonGenerator
generator: PoseidonGenerator
generator: PoseidonGenerator
generator: PoseidonGenerator
generator: PoseidonGenerator
generator: PoseidonGenerator
generator: PoseidonGenerator
generator: PoseidonGenerator
generator: PoseidonGenerator
generator: RandomAccessGenerator
generator: RandomAccessGenerator
generator: RandomAccessGenerator
generator: RandomAccessGenerator
generator: ReducingGenerator
generator: ReducingGenerator
generator: ReducingGenerator
generator: ReducingGenerator
generator: ReducingGenerator
generator: ReducingGenerator
generator: RandomAccessGenerator
generator: RandomAccessGenerator
generator: RandomAccessGenerator
generator: RandomAccessGenerator
generator: InterpolationGenerator
generator: PoseidonGenerator
generator: PoseidonGenerator
generator: PoseidonGenerator
generator: PoseidonGenerator
generator: PoseidonGenerator
generator: PoseidonGenerator
generator: PoseidonGenerator
generator: PoseidonGenerator
generator: PoseidonGenerator
generator: PoseidonGenerator
generator: PoseidonGenerator
generator: PoseidonGenerator
generator: RandomAccessGenerator
generator: RandomAccessGenerator
generator: RandomAccessGenerator
generator: RandomAccessGenerator
generator: InterpolationGenerator
generator: PoseidonGenerator
generator: PoseidonGenerator
generator: PoseidonGenerator
generator: PoseidonGenerator
generator: PoseidonGenerator
generator: PoseidonGenerator
generator: PoseidonGenerator
generator: PoseidonGenerator
generator: RandomAccessGenerator
generator: RandomAccessGenerator
generator: RandomAccessGenerator
generator: RandomAccessGenerator
generator: ReducingExtensionGenerator
generator: BaseSplitGenerator + Base: 2
generator: BaseSplitGenerator + Base: 2
generator: ArithmeticBaseGenerator
generator: ArithmeticBaseGenerator
generator: ArithmeticBaseGenerator
generator: ArithmeticBaseGenerator
generator: ArithmeticBaseGenerator
generator: ArithmeticBaseGenerator
generator: ArithmeticBaseGenerator
generator: ArithmeticBaseGenerator
generator: ArithmeticBaseGenerator
generator: ArithmeticBaseGenerator
generator: ArithmeticBaseGenerator
generator: ArithmeticBaseGenerator
generator: ArithmeticBaseGenerator
generator: ArithmeticBaseGenerator
generator: ArithmeticBaseGenerator
generator: ArithmeticBaseGenerator
generator: ArithmeticBaseGenerator
generator: ArithmeticBaseGenerator
generator: ArithmeticBaseGenerator
generator: ArithmeticBaseGenerator
generator: PoseidonGenerator
generator: PoseidonGenerator
generator: PoseidonGenerator
generator: PoseidonGenerator
generator: PoseidonGenerator
generator: PoseidonGenerator
generator: PoseidonGenerator
generator: PoseidonGenerator
generator: PoseidonGenerator
generator: PoseidonGenerator
generator: PoseidonGenerator
generator: PoseidonGenerator
generator: PoseidonGenerator
generator: PoseidonGenerator
generator: PoseidonGenerator
generator: PoseidonGenerator
generator: PoseidonGenerator
generator: PoseidonGenerator
generator: PoseidonGenerator
generator: PoseidonGenerator
generator: PoseidonGenerator
generator: PoseidonGenerator
generator: PoseidonGenerator
generator: RandomAccessGenerator
generator: RandomAccessGenerator
generator: RandomAccessGenerator
generator: RandomAccessGenerator
generator: PoseidonGenerator
generator: PoseidonGenerator
generator: PoseidonGenerator
generator: PoseidonGenerator
generator: PoseidonGenerator
generator: PoseidonGenerator
generator: PoseidonGenerator
generator: PoseidonGenerator
generator: PoseidonGenerator
generator: PoseidonGenerator
generator: PoseidonGenerator
generator: PoseidonGenerator
generator: PoseidonGenerator
generator: PoseidonGenerator
generator: PoseidonGenerator
generator: PoseidonGenerator
generator: PoseidonGenerator
generator: PoseidonGenerator
generator: PoseidonGenerator
generator: PoseidonGenerator
generator: PoseidonGenerator
generator: PoseidonGenerator
generator: PoseidonGenerator
generator: PoseidonGenerator
generator: PoseidonGenerator
generator: PoseidonGenerator
generator: PoseidonGenerator
generator: PoseidonGenerator
generator: PoseidonGenerator
generator: RandomAccessGenerator
generator: RandomAccessGenerator
generator: RandomAccessGenerator
generator: RandomAccessGenerator
generator: PoseidonGenerator
generator: PoseidonGenerator
generator: PoseidonGenerator
generator: PoseidonGenerator
generator: PoseidonGenerator
generator: PoseidonGenerator
generator: PoseidonGenerator
generator: PoseidonGenerator
generator: PoseidonGenerator
generator: PoseidonGenerator
generator: PoseidonGenerator
generator: PoseidonGenerator
generator: PoseidonGenerator
generator: PoseidonGenerator
generator: PoseidonGenerator
generator: RandomAccessGenerator
generator: RandomAccessGenerator
generator: RandomAccessGenerator
generator: RandomAccessGenerator
generator: PoseidonGenerator
generator: PoseidonGenerator
generator: PoseidonGenerator
generator: PoseidonGenerator
generator: PoseidonGenerator
generator: PoseidonGenerator
generator: PoseidonGenerator
generator: PoseidonGenerator
generator: PoseidonGenerator
generator: PoseidonGenerator
generator: PoseidonGenerator
generator: PoseidonGenerator
generator: PoseidonGenerator
generator: PoseidonGenerator
generator: RandomAccessGenerator
generator: RandomAccessGenerator
generator: RandomAccessGenerator
generator: RandomAccessGenerator
generator: ReducingGenerator
generator: ReducingGenerator
generator: ReducingGenerator
generator: ReducingGenerator
generator: ReducingGenerator
generator: ReducingGenerator
generator: ArithmeticExtensionGenerator
generator: ArithmeticExtensionGenerator
generator: ArithmeticExtensionGenerator
generator: ArithmeticExtensionGenerator
generator: ArithmeticExtensionGenerator
generator: ArithmeticExtensionGenerator
generator: ArithmeticExtensionGenerator
generator: ArithmeticExtensionGenerator
generator: RandomAccessGenerator
generator: RandomAccessGenerator
generator: RandomAccessGenerator
generator: RandomAccessGenerator
generator: InterpolationGenerator
generator: PoseidonGenerator
generator: PoseidonGenerator
generator: PoseidonGenerator
generator: PoseidonGenerator
generator: PoseidonGenerator
generator: PoseidonGenerator
generator: PoseidonGenerator
generator: PoseidonGenerator
generator: PoseidonGenerator
generator: PoseidonGenerator
generator: PoseidonGenerator
generator: PoseidonGenerator
generator: RandomAccessGenerator
generator: RandomAccessGenerator
generator: RandomAccessGenerator
generator: RandomAccessGenerator
generator: ArithmeticBaseGenerator
generator: ArithmeticBaseGenerator
generator: ArithmeticBaseGenerator
generator: ArithmeticBaseGenerator
generator: ArithmeticBaseGenerator
generator: ArithmeticBaseGenerator
generator: ArithmeticBaseGenerator
generator: ArithmeticBaseGenerator
generator: ArithmeticBaseGenerator
generator: ArithmeticBaseGenerator
generator: ArithmeticBaseGenerator
generator: ArithmeticBaseGenerator
generator: ArithmeticBaseGenerator
generator: ArithmeticBaseGenerator
generator: ArithmeticBaseGenerator
generator: ArithmeticBaseGenerator
generator: ArithmeticBaseGenerator
generator: ArithmeticBaseGenerator
generator: ArithmeticBaseGenerator
generator: ArithmeticBaseGenerator
generator: InterpolationGenerator
generator: PoseidonGenerator
generator: PoseidonGenerator
generator: PoseidonGenerator
generator: PoseidonGenerator
generator: PoseidonGenerator
generator: PoseidonGenerator
generator: PoseidonGenerator
generator: PoseidonGenerator
generator: RandomAccessGenerator
generator: RandomAccessGenerator
generator: RandomAccessGenerator
generator: RandomAccessGenerator
generator: ReducingExtensionGenerator
generator: BaseSplitGenerator + Base: 2
generator: BaseSplitGenerator + Base: 2
generator: PoseidonGenerator
generator: PoseidonGenerator
generator: PoseidonGenerator
generator: PoseidonGenerator
generator: PoseidonGenerator
generator: PoseidonGenerator
generator: PoseidonGenerator
generator: PoseidonGenerator
generator: PoseidonGenerator
generator: PoseidonGenerator
generator: PoseidonGenerator
generator: PoseidonGenerator
generator: PoseidonGenerator
generator: PoseidonGenerator
generator: PoseidonGenerator
generator: PoseidonGenerator
generator: PoseidonGenerator
generator: PoseidonGenerator
generator: PoseidonGenerator
generator: PoseidonGenerator
generator: PoseidonGenerator
generator: PoseidonGenerator
generator: PoseidonGenerator
generator: RandomAccessGenerator
generator: RandomAccessGenerator
generator: RandomAccessGenerator
generator: RandomAccessGenerator
generator: PoseidonGenerator
generator: PoseidonGenerator
generator: PoseidonGenerator
generator: PoseidonGenerator
generator: PoseidonGenerator
generator: PoseidonGenerator
generator: PoseidonGenerator
generator: PoseidonGenerator
generator: PoseidonGenerator
generator: PoseidonGenerator
generator: PoseidonGenerator
generator: PoseidonGenerator
generator: PoseidonGenerator
generator: PoseidonGenerator
generator: PoseidonGenerator
generator: PoseidonGenerator
generator: PoseidonGenerator
generator: PoseidonGenerator
generator: PoseidonGenerator
generator: PoseidonGenerator
generator: PoseidonGenerator
generator: PoseidonGenerator
generator: PoseidonGenerator
generator: PoseidonGenerator
generator: PoseidonGenerator
generator: PoseidonGenerator
generator: PoseidonGenerator
generator: PoseidonGenerator
generator: PoseidonGenerator
generator: RandomAccessGenerator
generator: RandomAccessGenerator
generator: RandomAccessGenerator
generator: RandomAccessGenerator
generator: PoseidonGenerator
generator: PoseidonGenerator
generator: PoseidonGenerator
generator: PoseidonGenerator
generator: PoseidonGenerator
generator: PoseidonGenerator
generator: PoseidonGenerator
generator: PoseidonGenerator
generator: PoseidonGenerator
generator: PoseidonGenerator
generator: PoseidonGenerator
generator: PoseidonGenerator
generator: PoseidonGenerator
generator: PoseidonGenerator
generator: PoseidonGenerator
generator: RandomAccessGenerator
generator: RandomAccessGenerator
generator: RandomAccessGenerator
generator: RandomAccessGenerator
generator: PoseidonGenerator
generator: PoseidonGenerator
generator: PoseidonGenerator
generator: PoseidonGenerator
generator: PoseidonGenerator
generator: PoseidonGenerator
generator: PoseidonGenerator
generator: PoseidonGenerator
generator: PoseidonGenerator
generator: PoseidonGenerator
generator: PoseidonGenerator
generator: PoseidonGenerator
generator: PoseidonGenerator
generator: PoseidonGenerator
generator: RandomAccessGenerator
generator: RandomAccessGenerator
generator: RandomAccessGenerator
generator: RandomAccessGenerator
generator: ReducingGenerator
generator: ReducingGenerator
generator: ReducingGenerator
generator: ReducingGenerator
generator: ReducingGenerator
generator: ReducingGenerator
generator: RandomAccessGenerator
generator: RandomAccessGenerator
generator: RandomAccessGenerator
generator: RandomAccessGenerator
generator: InterpolationGenerator
generator: PoseidonGenerator
generator: PoseidonGenerator
generator: PoseidonGenerator
generator: PoseidonGenerator
generator: PoseidonGenerator
generator: PoseidonGenerator
generator: PoseidonGenerator
generator: PoseidonGenerator
generator: PoseidonGenerator
generator: PoseidonGenerator
generator: PoseidonGenerator
generator: PoseidonGenerator
generator: RandomAccessGenerator
generator: RandomAccessGenerator
generator: RandomAccessGenerator
generator: RandomAccessGenerator
generator: InterpolationGenerator
generator: PoseidonGenerator
generator: PoseidonGenerator
generator: PoseidonGenerator
generator: PoseidonGenerator
generator: PoseidonGenerator
generator: PoseidonGenerator
generator: PoseidonGenerator
generator: PoseidonGenerator
generator: RandomAccessGenerator
generator: RandomAccessGenerator
generator: RandomAccessGenerator
generator: RandomAccessGenerator
generator: ReducingExtensionGenerator
generator: ArithmeticBaseGenerator
generator: ArithmeticBaseGenerator
generator: ArithmeticBaseGenerator
generator: ArithmeticBaseGenerator
generator: ArithmeticBaseGenerator
generator: ArithmeticBaseGenerator
generator: ArithmeticBaseGenerator
generator: ArithmeticBaseGenerator
generator: ArithmeticBaseGenerator
generator: ArithmeticBaseGenerator
generator: ArithmeticBaseGenerator
generator: ArithmeticBaseGenerator
generator: ArithmeticBaseGenerator
generator: ArithmeticBaseGenerator
generator: ArithmeticBaseGenerator
generator: ArithmeticBaseGenerator
generator: ArithmeticBaseGenerator
generator: ArithmeticBaseGenerator
generator: ArithmeticBaseGenerator
generator: ArithmeticBaseGenerator
generator: BaseSplitGenerator + Base: 2
generator: BaseSplitGenerator + Base: 2
generator: BaseSplitGenerator + Base: 2
generator: PoseidonGenerator
generator: PoseidonGenerator
generator: PoseidonGenerator
generator: PoseidonGenerator
generator: PoseidonGenerator
generator: PoseidonGenerator
generator: PoseidonGenerator
generator: PoseidonGenerator
generator: PoseidonGenerator
generator: PoseidonGenerator
generator: PoseidonGenerator
generator: PoseidonGenerator
generator: PoseidonGenerator
generator: PoseidonGenerator
generator: PoseidonGenerator
generator: PoseidonGenerator
generator: PoseidonGenerator
generator: PoseidonGenerator
generator: PoseidonGenerator
generator: PoseidonGenerator
generator: PoseidonGenerator
generator: PoseidonGenerator
generator: PoseidonGenerator
generator: PoseidonGenerator
generator: PoseidonGenerator
generator: PoseidonGenerator
generator: PoseidonGenerator
generator: PoseidonGenerator
generator: PoseidonGenerator
generator: PoseidonGenerator
generator: PoseidonGenerator
generator: PoseidonGenerator
generator: PoseidonGenerator
generator: BaseSplitGenerator + Base: 2
generator: BaseSplitGenerator + Base: 2
generator: BaseSplitGenerator + Base: 2
generator: BaseSplitGenerator + Base: 2
generator: BaseSplitGenerator + Base: 2
generator: BaseSplitGenerator + Base: 2
generator: BaseSplitGenerator + Base: 2
generator: BaseSplitGenerator + Base: 2
generator: BaseSplitGenerator + Base: 2
generator: BaseSplitGenerator + Base: 2
generator: BaseSplitGenerator + Base: 2
generator: BaseSplitGenerator + Base: 2
generator: BaseSplitGenerator + Base: 2
generator: BaseSplitGenerator + Base: 2
generator: BaseSplitGenerator + Base: 2
generator: BaseSplitGenerator + Base: 2
generator: BaseSplitGenerator + Base: 2
generator: BaseSplitGenerator + Base: 2
generator: BaseSplitGenerator + Base: 2
generator: BaseSplitGenerator + Base: 2
generator: BaseSplitGenerator + Base: 2
generator: BaseSplitGenerator + Base: 2
generator: BaseSplitGenerator + Base: 2
generator: BaseSplitGenerator + Base: 2
generator: BaseSplitGenerator + Base: 2
generator: BaseSplitGenerator + Base: 2
generator: PoseidonGenerator
generator: PoseidonGenerator
generator: PoseidonGenerator
generator: PoseidonGenerator
generator: PoseidonGenerator
generator: PoseidonGenerator
generator: PoseidonGenerator
generator: PoseidonGenerator
generator: PoseidonGenerator
generator: PoseidonGenerator
generator: BaseSplitGenerator + Base: 2
generator: BaseSplitGenerator + Base: 2
generator: BaseSplitGenerator + Base: 2
generator: BaseSplitGenerator + Base: 2
generator: BaseSplitGenerator + Base: 2
generator: BaseSplitGenerator + Base: 2
generator: BaseSplitGenerator + Base: 2
generator: BaseSplitGenerator + Base: 2
generator: BaseSplitGenerator + Base: 2
generator: BaseSplitGenerator + Base: 2
generator: BaseSplitGenerator + Base: 2
generator: BaseSplitGenerator + Base: 2
generator: BaseSplitGenerator + Base: 2
generator: BaseSplitGenerator + Base: 2
generator: BaseSplitGenerator + Base: 2
generator: BaseSplitGenerator + Base: 2
generator: BaseSplitGenerator + Base: 2
generator: BaseSplitGenerator + Base: 2
generator: BaseSplitGenerator + Base: 2
generator: BaseSplitGenerator + Base: 2
generator: BaseSplitGenerator + Base: 2
generator: BaseSplitGenerator + Base: 2
generator: BaseSplitGenerator + Base: 2
generator: BaseSplitGenerator + Base: 2
generator: BaseSplitGenerator + Base: 2
generator: BaseSplitGenerator + Base: 2
generator: BaseSplitGenerator + Base: 2
generator: BaseSplitGenerator + Base: 2
generator: BaseSplitGenerator + Base: 2
generator: BaseSplitGenerator + Base: 2
generator: BaseSplitGenerator + Base: 2
generator: BaseSplitGenerator + Base: 2
generator: BaseSplitGenerator + Base: 2
generator: BaseSplitGenerator + Base: 2
generator: BaseSplitGenerator + Base: 2
generator: BaseSplitGenerator + Base: 2
generator: BaseSplitGenerator + Base: 2
generator: BaseSplitGenerator + Base: 2
generator: BaseSplitGenerator + Base: 2
generator: BaseSplitGenerator + Base: 2
generator: BaseSplitGenerator + Base: 2
generator: PoseidonGenerator
generator: PoseidonGenerator
generator: PoseidonGenerator
generator: ComparisonGenerator
generator: ComparisonGenerator
generator: ArithmeticBaseGenerator
generator: ArithmeticBaseGenerator
generator: ArithmeticBaseGenerator
generator: ArithmeticBaseGenerator
generator: ArithmeticBaseGenerator
generator: ArithmeticBaseGenerator
generator: ArithmeticBaseGenerator
generator: ArithmeticBaseGenerator
generator: ArithmeticBaseGenerator
generator: ArithmeticBaseGenerator
generator: ArithmeticBaseGenerator
generator: ArithmeticBaseGenerator
generator: ArithmeticBaseGenerator
generator: ArithmeticBaseGenerator
generator: ArithmeticBaseGenerator
generator: ArithmeticBaseGenerator
generator: ArithmeticBaseGenerator
generator: ArithmeticBaseGenerator
generator: ArithmeticBaseGenerator
generator: ArithmeticBaseGenerator
generator: ArithmeticBaseGenerator
generator: ArithmeticBaseGenerator
generator: ArithmeticBaseGenerator
generator: ArithmeticBaseGenerator
generator: ArithmeticBaseGenerator
generator: ArithmeticBaseGenerator
generator: ArithmeticBaseGenerator
generator: ArithmeticBaseGenerator
generator: ArithmeticBaseGenerator
generator: ArithmeticBaseGenerator
generator: ArithmeticBaseGenerator
generator: ArithmeticBaseGenerator
generator: ArithmeticBaseGenerator
generator: ArithmeticBaseGenerator
generator: ArithmeticBaseGenerator
generator: ArithmeticBaseGenerator
generator: ArithmeticBaseGenerator
generator: ArithmeticBaseGenerator
generator: ArithmeticBaseGenerator
generator: ArithmeticBaseGenerator
generator: ComparisonGenerator
generator: ComparisonGenerator
generator: ComparisonGenerator
generator: ComparisonGenerator
generator: ComparisonGenerator
generator: ComparisonGenerator
generator: ComparisonGenerator
generator: ComparisonGenerator
generator: ComparisonGenerator
generator: ComparisonGenerator
generator: ComparisonGenerator
generator: ComparisonGenerator
generator: ComparisonGenerator
generator: ComparisonGenerator
generator: ArithmeticBaseGenerator
generator: ArithmeticBaseGenerator
generator: ArithmeticBaseGenerator
generator: ArithmeticBaseGenerator
generator: ArithmeticBaseGenerator
generator: ArithmeticBaseGenerator
generator: ArithmeticBaseGenerator
generator: ArithmeticBaseGenerator
generator: ArithmeticBaseGenerator
generator: ArithmeticBaseGenerator
generator: ArithmeticBaseGenerator
generator: ArithmeticBaseGenerator
generator: ArithmeticBaseGenerator
generator: ArithmeticBaseGenerator
generator: ArithmeticBaseGenerator
generator: ArithmeticBaseGenerator
generator: ArithmeticBaseGenerator
generator: ArithmeticBaseGenerator
generator: ArithmeticBaseGenerator
generator: ArithmeticBaseGenerator
generator: ArithmeticBaseGenerator
generator: ArithmeticBaseGenerator
generator: ArithmeticBaseGenerator
generator: ArithmeticBaseGenerator
generator: ArithmeticBaseGenerator
generator: ArithmeticBaseGenerator
generator: ArithmeticBaseGenerator
generator: ArithmeticBaseGenerator
generator: ArithmeticBaseGenerator
generator: ArithmeticBaseGenerator
generator: ArithmeticBaseGenerator
generator: ArithmeticBaseGenerator
generator: ArithmeticBaseGenerator
generator: ArithmeticBaseGenerator
generator: ArithmeticBaseGenerator
generator: ArithmeticBaseGenerator
generator: ArithmeticBaseGenerator
generator: ArithmeticBaseGenerator
generator: ArithmeticBaseGenerator
generator: ArithmeticBaseGenerator
generator: ComparisonGenerator
generator: ComparisonGenerator
generator: ComparisonGenerator
generator: ComparisonGenerator
generator: ComparisonGenerator
generator: ComparisonGenerator
generator: ComparisonGenerator
generator: ComparisonGenerator
generator: ComparisonGenerator
generator: ComparisonGenerator
generator: ComparisonGenerator
generator: ComparisonGenerator
generator: ComparisonGenerator
generator: ComparisonGenerator
generator: ComparisonGenerator
generator: ComparisonGenerator
generator: ArithmeticBaseGenerator
generator: ArithmeticBaseGenerator
generator: ArithmeticBaseGenerator
generator: ArithmeticBaseGenerator
generator: ArithmeticBaseGenerator
generator: ArithmeticBaseGenerator
generator: ArithmeticBaseGenerator
generator: ArithmeticBaseGenerator
generator: ArithmeticBaseGenerator
generator: ArithmeticBaseGenerator
generator: ArithmeticBaseGenerator
generator: ArithmeticBaseGenerator
generator: ArithmeticBaseGenerator
generator: ArithmeticBaseGenerator
generator: ArithmeticBaseGenerator
generator: ArithmeticBaseGenerator
generator: ArithmeticBaseGenerator
generator: ArithmeticBaseGenerator
generator: ArithmeticBaseGenerator
generator: ArithmeticBaseGenerator
generator: ArithmeticBaseGenerator
generator: ArithmeticBaseGenerator
generator: ArithmeticBaseGenerator
generator: ArithmeticBaseGenerator
generator: ArithmeticBaseGenerator
generator: ArithmeticBaseGenerator
generator: ArithmeticBaseGenerator
generator: ArithmeticBaseGenerator
generator: ArithmeticBaseGenerator
generator: ArithmeticBaseGenerator
generator: ArithmeticBaseGenerator
generator: ArithmeticBaseGenerator
generator: ArithmeticBaseGenerator
generator: ArithmeticBaseGenerator
generator: ArithmeticBaseGenerator
generator: ArithmeticBaseGenerator
generator: ArithmeticBaseGenerator
generator: ArithmeticBaseGenerator
generator: ArithmeticBaseGenerator
generator: ArithmeticBaseGenerator
generator: ArithmeticBaseGenerator
generator: ArithmeticBaseGenerator
generator: ArithmeticBaseGenerator
generator: ArithmeticBaseGenerator
generator: ArithmeticBaseGenerator
generator: ArithmeticBaseGenerator
generator: ArithmeticBaseGenerator
generator: ArithmeticBaseGenerator
generator: ArithmeticBaseGenerator
generator: ArithmeticBaseGenerator
generator: ArithmeticBaseGenerator
generator: ArithmeticBaseGenerator
generator: ArithmeticBaseGenerator
generator: ArithmeticBaseGenerator
generator: ArithmeticBaseGenerator
generator: ArithmeticBaseGenerator
generator: ArithmeticBaseGenerator
generator: ArithmeticBaseGenerator
generator: ArithmeticBaseGenerator
generator: ArithmeticBaseGenerator
generator: ArithmeticBaseGenerator
generator: ArithmeticBaseGenerator
generator: ArithmeticBaseGenerator
generator: ArithmeticBaseGenerator
generator: ArithmeticBaseGenerator
generator: ArithmeticBaseGenerator
generator: ArithmeticBaseGenerator
generator: ArithmeticBaseGenerator
generator: ArithmeticBaseGenerator
generator: ArithmeticBaseGenerator
generator: ArithmeticBaseGenerator
generator: ArithmeticBaseGenerator
generator: ArithmeticBaseGenerator
generator: ArithmeticBaseGenerator
generator: ArithmeticBaseGenerator
generator: ArithmeticBaseGenerator
generator: ArithmeticBaseGenerator
generator: ArithmeticBaseGenerator
generator: ArithmeticBaseGenerator
generator: ArithmeticBaseGenerator
generator: ArithmeticBaseGenerator
generator: ArithmeticBaseGenerator
generator: ArithmeticBaseGenerator
generator: ArithmeticBaseGenerator
generator: ArithmeticBaseGenerator
generator: ArithmeticBaseGenerator
generator: ArithmeticBaseGenerator
generator: ArithmeticBaseGenerator
generator: ArithmeticBaseGenerator
generator: ArithmeticBaseGenerator
generator: ArithmeticBaseGenerator
generator: ArithmeticBaseGenerator
generator: ArithmeticBaseGenerator
generator: ArithmeticBaseGenerator
generator: ArithmeticBaseGenerator
generator: ArithmeticBaseGenerator
generator: ArithmeticBaseGenerator
generator: ArithmeticBaseGenerator
generator: ArithmeticBaseGenerator
generator: ArithmeticBaseGenerator
generator: ArithmeticBaseGenerator
generator: ArithmeticBaseGenerator
generator: ArithmeticBaseGenerator
generator: ArithmeticBaseGenerator
generator: ArithmeticBaseGenerator
generator: ArithmeticBaseGenerator
generator: ArithmeticBaseGenerator
generator: ArithmeticBaseGenerator
generator: ArithmeticBaseGenerator
generator: ArithmeticBaseGenerator
generator: ArithmeticBaseGenerator
generator: ArithmeticBaseGenerator
generator: ArithmeticBaseGenerator
generator: ArithmeticBaseGenerator
generator: ArithmeticBaseGenerator
generator: ArithmeticBaseGenerator
generator: ArithmeticBaseGenerator
generator: ArithmeticBaseGenerator
generator: ArithmeticBaseGenerator
generator: ArithmeticBaseGenerator
generator: ArithmeticBaseGenerator
generator: ArithmeticBaseGenerator
generator: ArithmeticBaseGenerator
generator: ArithmeticBaseGenerator
generator: ArithmeticBaseGenerator
generator: ArithmeticBaseGenerator
generator: ArithmeticBaseGenerator
generator: ArithmeticBaseGenerator
generator: ArithmeticBaseGenerator
generator: ArithmeticBaseGenerator
generator: ArithmeticBaseGenerator
generator: ArithmeticBaseGenerator
generator: ArithmeticBaseGenerator
generator: ArithmeticBaseGenerator
generator: ArithmeticBaseGenerator
generator: ArithmeticBaseGenerator
generator: ArithmeticBaseGenerator
generator: ArithmeticBaseGenerator
generator: ArithmeticBaseGenerator
generator: ArithmeticBaseGenerator
generator: ArithmeticBaseGenerator
generator: BaseSplitGenerator + Base: 2
generator: PoseidonGenerator
generator: PoseidonGenerator
generator: PoseidonGenerator
generator: PoseidonGenerator
generator: PoseidonGenerator
generator: PoseidonGenerator
generator: PoseidonGenerator
generator: PoseidonGenerator
generator: PoseidonGenerator
generator: PoseidonGenerator
generator: PoseidonGenerator
generator: PoseidonGenerator
generator: PoseidonGenerator
generator: PoseidonGenerator
generator: PoseidonGenerator
generator: PoseidonGenerator
generator: PoseidonGenerator
generator: PoseidonGenerator
generator: PoseidonGenerator
generator: PoseidonGenerator
generator: PoseidonGenerator
generator: PoseidonGenerator
generator: PoseidonGenerator
generator: PoseidonGenerator
generator: PoseidonGenerator
generator: PoseidonGenerator
generator: PoseidonGenerator
generator: PoseidonGenerator
generator: PoseidonGenerator
generator: PoseidonGenerator
generator: PoseidonGenerator
generator: PoseidonGenerator
generator: PoseidonGenerator
generator: PoseidonGenerator
generator: PoseidonGenerator
generator: BaseSplitGenerator + Base: 2
generator: PoseidonGenerator
generator: PoseidonGenerator
generator: PoseidonGenerator
generator: PoseidonGenerator
generator: PoseidonGenerator
generator: PoseidonGenerator
generator: PoseidonGenerator
generator: PoseidonGenerator
generator: PoseidonGenerator
generator: PoseidonGenerator
generator: PoseidonGenerator
generator: PoseidonGenerator
generator: PoseidonGenerator
generator: PoseidonGenerator
generator: PoseidonGenerator
generator: PoseidonGenerator
generator: PoseidonGenerator
generator: PoseidonGenerator
generator: PoseidonGenerator
generator: PoseidonGenerator
generator: PoseidonGenerator
generator: PoseidonGenerator
generator: PoseidonGenerator
generator: PoseidonGenerator
generator: PoseidonGenerator
generator: PoseidonGenerator
generator: PoseidonGenerator
generator: PoseidonGenerator
generator: PoseidonGenerator
generator: PoseidonGenerator
generator: PoseidonGenerator
generator: PoseidonGenerator
generator: PoseidonGenerator
generator: PoseidonGenerator
generator: PoseidonGenerator
generator: BaseSplitGenerator + Base: 2
generator: PoseidonGenerator
generator: PoseidonGenerator
generator: PoseidonGenerator
generator: PoseidonGenerator
generator: PoseidonGenerator
generator: PoseidonGenerator
generator: PoseidonGenerator
generator: PoseidonGenerator
generator: PoseidonGenerator
generator: PoseidonGenerator
generator: PoseidonGenerator
generator: PoseidonGenerator
generator: PoseidonGenerator
generator: PoseidonGenerator
generator: PoseidonGenerator
generator: PoseidonGenerator
generator: PoseidonGenerator
generator: PoseidonGenerator
generator: PoseidonGenerator
generator: PoseidonGenerator
generator: PoseidonGenerator
generator: PoseidonGenerator
generator: PoseidonGenerator
generator: PoseidonGenerator
generator: PoseidonGenerator
generator: PoseidonGenerator
generator: PoseidonGenerator
generator: PoseidonGenerator
generator: PoseidonGenerator
generator: PoseidonGenerator
generator: PoseidonGenerator
generator: PoseidonGenerator
generator: PoseidonGenerator
generator: PoseidonGenerator
generator: PoseidonGenerator
generator: BaseSplitGenerator + Base: 2
generator: PoseidonGenerator
generator: PoseidonGenerator
generator: PoseidonGenerator
generator: PoseidonGenerator
generator: PoseidonGenerator
generator: PoseidonGenerator
generator: PoseidonGenerator
generator: PoseidonGenerator
generator: PoseidonGenerator
generator: PoseidonGenerator
generator: PoseidonGenerator
generator: PoseidonGenerator
generator: PoseidonGenerator
generator: PoseidonGenerator
generator: PoseidonGenerator
generator: PoseidonGenerator
generator: PoseidonGenerator
generator: PoseidonGenerator
generator: PoseidonGenerator
generator: PoseidonGenerator
generator: PoseidonGenerator
generator: PoseidonGenerator
generator: PoseidonGenerator
generator: PoseidonGenerator
generator: PoseidonGenerator
generator: PoseidonGenerator
generator: PoseidonGenerator
generator: PoseidonGenerator
generator: PoseidonGenerator
generator: PoseidonGenerator
generator: PoseidonGenerator
generator: PoseidonGenerator
generator: PoseidonGenerator
generator: PoseidonGenerator
generator: PoseidonGenerator
generator: BaseSplitGenerator + Base: 2
generator: PoseidonGenerator
generator: PoseidonGenerator
generator: PoseidonGenerator
generator: PoseidonGenerator
generator: PoseidonGenerator
generator: PoseidonGenerator
generator: PoseidonGenerator
generator: PoseidonGenerator
generator: PoseidonGenerator
generator: PoseidonGenerator
generator: PoseidonGenerator
generator: PoseidonGenerator
generator: PoseidonGenerator
generator: PoseidonGenerator
generator: PoseidonGenerator
generator: PoseidonGenerator
generator: PoseidonGenerator
generator: PoseidonGenerator
generator: PoseidonGenerator
generator: PoseidonGenerator
generator: PoseidonGenerator
generator: PoseidonGenerator
generator: PoseidonGenerator
generator: PoseidonGenerator
generator: PoseidonGenerator
generator: PoseidonGenerator
generator: PoseidonGenerator
generator: PoseidonGenerator
generator: PoseidonGenerator
generator: PoseidonGenerator
generator: PoseidonGenerator
generator: PoseidonGenerator
generator: PoseidonGenerator
generator: U32AddManyGenerator
generator: U32AddManyGenerator
generator: U32AddManyGenerator
generator: U32AddManyGenerator
generator: U32AddManyGenerator
generator: U32AddManyGenerator
generator: U32AddManyGenerator
generator: U32AddManyGenerator
generator: BaseSplitGenerator + Base: 2
generator: PoseidonGenerator
generator: PoseidonGenerator
generator: PoseidonGenerator
generator: PoseidonGenerator
generator: PoseidonGenerator
generator: PoseidonGenerator
generator: PoseidonGenerator
generator: PoseidonGenerator
generator: PoseidonGenerator
generator: PoseidonGenerator
generator: PoseidonGenerator
generator: PoseidonGenerator
generator: PoseidonGenerator
generator: PoseidonGenerator
generator: PoseidonGenerator
generator: PoseidonGenerator
generator: PoseidonGenerator
generator: PoseidonGenerator
generator: PoseidonGenerator
generator: PoseidonGenerator
generator: PoseidonGenerator
generator: PoseidonGenerator
generator: PoseidonGenerator
generator: PoseidonGenerator
generator: PoseidonGenerator
generator: PoseidonGenerator
generator: PoseidonGenerator
generator: PoseidonGenerator
generator: PoseidonGenerator
generator: PoseidonGenerator
generator: PoseidonGenerator
generator: PoseidonGenerator
generator: PoseidonGenerator
generator: PoseidonGenerator
generator: BaseSplitGenerator + Base: 2
generator: BaseSplitGenerator + Base: 2
generator: BaseSplitGenerator + Base: 2
generator: BaseSplitGenerator + Base: 2
generator: BaseSplitGenerator + Base: 2
generator: BaseSplitGenerator + Base: 2
generator: BaseSplitGenerator + Base: 2
generator: BaseSplitGenerator + Base: 2
generator: BaseSplitGenerator + Base: 2
generator: ArithmeticBaseGenerator
generator: ArithmeticBaseGenerator
generator: ArithmeticBaseGenerator
generator: ArithmeticBaseGenerator
generator: ArithmeticBaseGenerator
generator: ArithmeticBaseGenerator
generator: ArithmeticBaseGenerator
generator: ArithmeticBaseGenerator
generator: ArithmeticBaseGenerator
generator: ArithmeticBaseGenerator
generator: ArithmeticBaseGenerator
generator: ArithmeticBaseGenerator
generator: ArithmeticBaseGenerator
generator: ArithmeticBaseGenerator
generator: ArithmeticBaseGenerator
generator: ArithmeticBaseGenerator
generator: ArithmeticBaseGenerator
generator: ArithmeticBaseGenerator
generator: ArithmeticBaseGenerator
generator: ArithmeticBaseGenerator
generator: BaseSplitGenerator + Base: 2
generator: ArithmeticBaseGenerator
generator: ArithmeticBaseGenerator
generator: ArithmeticBaseGenerator
generator: ArithmeticBaseGenerator
generator: ArithmeticBaseGenerator
generator: ArithmeticBaseGenerator
generator: ArithmeticBaseGenerator
generator: ArithmeticBaseGenerator
generator: ArithmeticBaseGenerator
generator: ArithmeticBaseGenerator
generator: ArithmeticBaseGenerator
generator: ArithmeticBaseGenerator
generator: ArithmeticBaseGenerator
generator: ArithmeticBaseGenerator
generator: ArithmeticBaseGenerator
generator: ArithmeticBaseGenerator
generator: ArithmeticBaseGenerator
generator: ArithmeticBaseGenerator
generator: ArithmeticBaseGenerator
generator: ArithmeticBaseGenerator
generator: ArithmeticBaseGenerator
generator: ArithmeticBaseGenerator
generator: ArithmeticBaseGenerator
generator: ArithmeticBaseGenerator
generator: ArithmeticBaseGenerator
generator: ArithmeticBaseGenerator
generator: ArithmeticBaseGenerator
generator: ArithmeticBaseGenerator
generator: ArithmeticBaseGenerator
generator: ArithmeticBaseGenerator
generator: ArithmeticBaseGenerator
generator: ArithmeticBaseGenerator
generator: ArithmeticBaseGenerator
generator: ArithmeticBaseGenerator
generator: ArithmeticBaseGenerator
generator: ArithmeticBaseGenerator
generator: ArithmeticBaseGenerator
generator: ArithmeticBaseGenerator
generator: ArithmeticBaseGenerator
generator: ArithmeticBaseGenerator
generator: BaseSplitGenerator + Base: 2
generator: ArithmeticBaseGenerator
generator: ArithmeticBaseGenerator
generator: ArithmeticBaseGenerator
generator: ArithmeticBaseGenerator
generator: ArithmeticBaseGenerator
generator: ArithmeticBaseGenerator
generator: ArithmeticBaseGenerator
generator: ArithmeticBaseGenerator
generator: ArithmeticBaseGenerator
generator: ArithmeticBaseGenerator
generator: ArithmeticBaseGenerator
generator: ArithmeticBaseGenerator
generator: ArithmeticBaseGenerator
generator: ArithmeticBaseGenerator
generator: ArithmeticBaseGenerator
generator: ArithmeticBaseGenerator
generator: ArithmeticBaseGenerator
generator: ArithmeticBaseGenerator
generator: ArithmeticBaseGenerator
generator: ArithmeticBaseGenerator
generator: BaseSplitGenerator + Base: 2
generator: ArithmeticBaseGenerator
generator: ArithmeticBaseGenerator
generator: ArithmeticBaseGenerator
generator: ArithmeticBaseGenerator
generator: ArithmeticBaseGenerator
generator: ArithmeticBaseGenerator
generator: ArithmeticBaseGenerator
generator: ArithmeticBaseGenerator
generator: ArithmeticBaseGenerator
generator: ArithmeticBaseGenerator
generator: ArithmeticBaseGenerator
generator: ArithmeticBaseGenerator
generator: ArithmeticBaseGenerator
generator: ArithmeticBaseGenerator
generator: ArithmeticBaseGenerator
generator: ArithmeticBaseGenerator
generator: ArithmeticBaseGenerator
generator: ArithmeticBaseGenerator
generator: ArithmeticBaseGenerator
generator: ArithmeticBaseGenerator
generator: BaseSplitGenerator + Base: 2
generator: ArithmeticBaseGenerator
generator: ArithmeticBaseGenerator
generator: ArithmeticBaseGenerator
generator: ArithmeticBaseGenerator
generator: ArithmeticBaseGenerator
generator: ArithmeticBaseGenerator
generator: ArithmeticBaseGenerator
generator: ArithmeticBaseGenerator
generator: ArithmeticBaseGenerator
generator: ArithmeticBaseGenerator
generator: ArithmeticBaseGenerator
generator: ArithmeticBaseGenerator
generator: ArithmeticBaseGenerator
generator: ArithmeticBaseGenerator
generator: ArithmeticBaseGenerator
generator: ArithmeticBaseGenerator
generator: ArithmeticBaseGenerator
generator: ArithmeticBaseGenerator
generator: ArithmeticBaseGenerator
generator: ArithmeticBaseGenerator
generator: ArithmeticBaseGenerator
generator: ArithmeticBaseGenerator
generator: ArithmeticBaseGenerator
generator: ArithmeticBaseGenerator
generator: ArithmeticBaseGenerator
generator: ArithmeticBaseGenerator
generator: ArithmeticBaseGenerator
generator: ArithmeticBaseGenerator
generator: ArithmeticBaseGenerator
generator: ArithmeticBaseGenerator
generator: ArithmeticBaseGenerator
generator: ArithmeticBaseGenerator
generator: ArithmeticBaseGenerator
generator: ArithmeticBaseGenerator
generator: ArithmeticBaseGenerator
generator: ArithmeticBaseGenerator
generator: ArithmeticBaseGenerator
generator: ArithmeticBaseGenerator
generator: ArithmeticBaseGenerator
generator: ArithmeticBaseGenerator
generator: BaseSplitGenerator + Base: 2
generator: ArithmeticBaseGenerator
generator: ArithmeticBaseGenerator
generator: ArithmeticBaseGenerator
generator: ArithmeticBaseGenerator
generator: ArithmeticBaseGenerator
generator: ArithmeticBaseGenerator
generator: ArithmeticBaseGenerator
generator: ArithmeticBaseGenerator
generator: ArithmeticBaseGenerator
generator: ArithmeticBaseGenerator
generator: ArithmeticBaseGenerator
generator: ArithmeticBaseGenerator
generator: ArithmeticBaseGenerator
generator: ArithmeticBaseGenerator
generator: ArithmeticBaseGenerator
generator: ArithmeticBaseGenerator
generator: ArithmeticBaseGenerator
generator: ArithmeticBaseGenerator
generator: ArithmeticBaseGenerator
generator: ArithmeticBaseGenerator
generator: BaseSplitGenerator + Base: 2
generator: ArithmeticBaseGenerator
generator: ArithmeticBaseGenerator
generator: ArithmeticBaseGenerator
generator: ArithmeticBaseGenerator
generator: ArithmeticBaseGenerator
generator: ArithmeticBaseGenerator
generator: ArithmeticBaseGenerator
generator: ArithmeticBaseGenerator
generator: ArithmeticBaseGenerator
generator: ArithmeticBaseGenerator
generator: ArithmeticBaseGenerator
generator: ArithmeticBaseGenerator
generator: ArithmeticBaseGenerator
generator: ArithmeticBaseGenerator
generator: ArithmeticBaseGenerator
generator: ArithmeticBaseGenerator
generator: ArithmeticBaseGenerator
generator: ArithmeticBaseGenerator
generator: ArithmeticBaseGenerator
generator: ArithmeticBaseGenerator
generator: ArithmeticBaseGenerator
generator: ArithmeticBaseGenerator
generator: ArithmeticBaseGenerator
generator: ArithmeticBaseGenerator
generator: ArithmeticBaseGenerator
generator: ArithmeticBaseGenerator
generator: ArithmeticBaseGenerator
generator: ArithmeticBaseGenerator
generator: ArithmeticBaseGenerator
generator: ArithmeticBaseGenerator
generator: ArithmeticBaseGenerator
generator: ArithmeticBaseGenerator
generator: ArithmeticBaseGenerator
generator: ArithmeticBaseGenerator
generator: ArithmeticBaseGenerator
generator: ArithmeticBaseGenerator
generator: ArithmeticBaseGenerator
generator: ArithmeticBaseGenerator
generator: ArithmeticBaseGenerator
generator: ArithmeticBaseGenerator
generator: BaseSplitGenerator + Base: 2
generator: ArithmeticBaseGenerator
generator: ArithmeticBaseGenerator
generator: ArithmeticBaseGenerator
generator: ArithmeticBaseGenerator
generator: ArithmeticBaseGenerator
generator: ArithmeticBaseGenerator
generator: ArithmeticBaseGenerator
generator: ArithmeticBaseGenerator
generator: ArithmeticBaseGenerator
generator: ArithmeticBaseGenerator
generator: ArithmeticBaseGenerator
generator: ArithmeticBaseGenerator
generator: ArithmeticBaseGenerator
generator: ArithmeticBaseGenerator
generator: ArithmeticBaseGenerator
generator: ArithmeticBaseGenerator
generator: ArithmeticBaseGenerator
generator: ArithmeticBaseGenerator
generator: ArithmeticBaseGenerator
generator: ArithmeticBaseGenerator
generator: BaseSplitGenerator + Base: 2
generator: BaseSplitGenerator + Base: 2
generator: BaseSplitGenerator + Base: 2
generator: BaseSplitGenerator + Base: 2
generator: BaseSplitGenerator + Base: 2
generator: BaseSplitGenerator + Base: 2
generator: BaseSplitGenerator + Base: 2
generator: BaseSplitGenerator + Base: 2
generator: BaseSplitGenerator + Base: 2
generator: BaseSplitGenerator + Base: 2
generator: BaseSplitGenerator + Base: 2
generator: BaseSplitGenerator + Base: 2
generator: BaseSplitGenerator + Base: 2
generator: BaseSplitGenerator + Base: 2
generator: BaseSplitGenerator + Base: 2
generator: BaseSplitGenerator + Base: 2
generator: ArithmeticBaseGenerator
generator: ArithmeticBaseGenerator
generator: ArithmeticBaseGenerator
generator: ArithmeticBaseGenerator
generator: ArithmeticBaseGenerator
generator: ArithmeticBaseGenerator
generator: ArithmeticBaseGenerator
generator: ArithmeticBaseGenerator
generator: ArithmeticBaseGenerator
generator: ArithmeticBaseGenerator
generator: ArithmeticBaseGenerator
generator: ArithmeticBaseGenerator
generator: ArithmeticBaseGenerator
generator: ArithmeticBaseGenerator
generator: ArithmeticBaseGenerator
generator: ArithmeticBaseGenerator
generator: ArithmeticBaseGenerator
generator: ArithmeticBaseGenerator
generator: ArithmeticBaseGenerator
generator: BaseSplitGenerator + Base: 2
generator: BaseSplitGenerator + Base: 2
generator: BaseSplitGenerator + Base: 2
generator: BaseSplitGenerator + Base: 2
generator: BaseSplitGenerator + Base: 2
generator: BaseSplitGenerator + Base: 2
generator: BaseSplitGenerator + Base: 2
generator: BaseSplitGenerator + Base: 2
generator: BaseSplitGenerator + Base: 2
generator: BaseSplitGenerator + Base: 2
generator: BaseSplitGenerator + Base: 2
generator: BaseSplitGenerator + Base: 2
generator: BaseSplitGenerator + Base: 2
generator: BaseSplitGenerator + Base: 2
generator: BaseSplitGenerator + Base: 2
generator: BaseSplitGenerator + Base: 2
generator: BaseSplitGenerator + Base: 2
generator: BaseSplitGenerator + Base: 2
generator: ArithmeticBaseGenerator
generator: ArithmeticBaseGenerator
generator: ArithmeticBaseGenerator
generator: ArithmeticBaseGenerator
generator: ArithmeticBaseGenerator
generator: ArithmeticBaseGenerator
generator: ArithmeticBaseGenerator
generator: ArithmeticBaseGenerator
generator: ArithmeticBaseGenerator
generator: ArithmeticBaseGenerator
generator: ArithmeticBaseGenerator
generator: ArithmeticBaseGenerator
generator: ArithmeticBaseGenerator
generator: BaseSplitGenerator + Base: 2
generator: ArithmeticBaseGenerator
generator: ArithmeticBaseGenerator
generator: ArithmeticBaseGenerator
generator: ArithmeticBaseGenerator
generator: ArithmeticBaseGenerator
generator: ArithmeticBaseGenerator
generator: ArithmeticBaseGenerator
generator: ArithmeticBaseGenerator
generator: ArithmeticBaseGenerator
generator: ArithmeticBaseGenerator
generator: ArithmeticBaseGenerator
generator: ArithmeticBaseGenerator
generator: ArithmeticBaseGenerator
generator: ArithmeticBaseGenerator
generator: ArithmeticBaseGenerator
generator: BaseSplitGenerator + Base: 2
generator: BaseSplitGenerator + Base: 2
generator: PoseidonGenerator
generator: PoseidonGenerator
generator: PoseidonGenerator
generator: PoseidonGenerator
generator: BaseSplitGenerator + Base: 2
generator: BaseSplitGenerator + Base: 2
generator: BaseSplitGenerator + Base: 2
generator: BaseSplitGenerator + Base: 2
generator: BaseSplitGenerator + Base: 2
generator: BaseSplitGenerator + Base: 2
generator: BaseSplitGenerator + Base: 2
generator: BaseSplitGenerator + Base: 2
generator: PoseidonGenerator
generator: PoseidonGenerator
generator: PoseidonGenerator
generator: PoseidonGenerator
generator: PoseidonGenerator
generator: PoseidonGenerator
generator: PoseidonGenerator
generator: PoseidonGenerator
generator: PoseidonGenerator
generator: PoseidonGenerator
generator: PoseidonGenerator
generator: PoseidonGenerator
generator: PoseidonGenerator
generator: PoseidonGenerator
generator: PoseidonGenerator
generator: PoseidonGenerator
generator: PoseidonGenerator
generator: PoseidonGenerator

thread 'circuits::balance::receive_transfer_circuit::tests::test_receive_transfer_circuit_serialization' panicked at src/circuits/balance/receive_transfer_circuit.rs:1033:39:
circuit to bytes: SerializationError("IoError")
note: run with `RUST_BACKTRACE=1` environment variable to display a backtrace
test circuits::balance::receive_transfer_circuit::tests::test_receive_transfer_circuit_serialization ... FAILED

failures:

failures:
    circuits::balance::receive_transfer_circuit::tests::test_receive_transfer_circuit_serialization

test result: FAILED. 0 passed; 1 failed; 0 ignored; 0 measured; 137 filtered out; finished in 32.37s

error: test failed, to rerun pass `--lib`
